2020-08-23 01:10:42,104 - Requesting data chunk https://klientiks.ru/clientix/Restapi/list/a/390b96e2763e/u/d969c9cde78c/t/073de5009f21b34afa022cfa7ca2c124/m/AppointmentClientLinks/ik/orders/rvwk/status,statuses/?date=10&offset=19450
2020-08-23 01:10:42,107 - Starting new HTTPS connection (1): klientiks.ru:443
2020-08-23 01:10:42,304 - cache directory: C:\Users\dmitry.mitrofanov\AppData\Local\Snowflake\Caches
2020-08-23 01:10:42,343 - OCSP Mode: FAIL_OPEN, OCSP response cache file name: None
2020-08-23 01:10:42,343 - ocsp_response_cache_uri: file://C:/Users/dmitry.mitrofanov/AppData/Local/Snowflake/Caches/ocsp_response_cache.json
2020-08-23 01:10:42,343 - OCSP_VALIDATION_CACHE size: 0
2020-08-23 01:10:42,343 - OCSP response cache server is enabled: http://ocsp.snowflakecomputing.com/ocsp_response_cache.json
2020-08-23 01:10:42,343 - OCSP dynamic cache server RETRY URL: None
2020-08-23 01:10:42,351 - Verifying the attached certificate is signed by the issuer. Valid Not After: 2025-05-12 23:58:59+00:00
2020-08-23 01:10:42,352 - Verifying the attached certificate is signed by the issuer. Valid Not After: 2023-06-11 20:40:26+00:00
2020-08-23 01:10:42,353 - Verifying the attached certificate is signed by the issuer. Valid Not After: 2023-06-11 20:44:21+00:00
2020-08-23 01:10:42,355 - Verifying the attached certificate is signed by the issuer. Valid Not After: 2021-12-14 07:00:00+00:00
2020-08-23 01:10:42,356 - Verifying the attached certificate is signed by the issuer. Valid Not After: 2025-05-12 23:58:59+00:00
2020-08-23 01:10:42,358 - Verifying the attached certificate is signed by the issuer. Valid Not After: 2025-05-12 23:58:59+00:00
2020-08-23 01:10:42,359 - Verifying the attached certificate is signed by the issuer. Valid Not After: 2025-05-12 23:58:59+00:00
2020-08-23 01:10:42,365 - Verifying the attached certificate is signed by the issuer. Valid Not After: 2025-05-12 23:58:59+00:00
2020-08-23 01:10:42,367 - Verifying the attached certificate is signed by the issuer. Valid Not After: 2021-04-02 17:08:26+00:00
2020-08-23 01:10:42,368 - Verifying the attached certificate is signed by the issuer. Valid Not After: 2021-04-02 17:13:33+00:00
2020-08-23 01:10:42,370 - Verifying the attached certificate is signed by the issuer. Valid Not After: 2021-04-02 16:58:09+00:00
2020-08-23 01:10:42,379 - Verifying the attached certificate is signed by the issuer. Valid Not After: 2021-04-02 17:13:33+00:00
2020-08-23 01:10:42,380 - Verifying the attached certificate is signed by the issuer. Valid Not After: 2021-04-02 17:08:26+00:00
2020-08-23 01:10:42,382 - Verifying the attached certificate is signed by the issuer. Valid Not After: 2021-04-02 17:03:51+00:00
2020-08-23 01:10:42,383 - Verifying the attached certificate is signed by the issuer. Valid Not After: 2021-04-02 16:58:09+00:00
2020-08-23 01:10:42,385 - Verifying the attached certificate is signed by the issuer. Valid Not After: 2021-04-02 17:03:51+00:00
2020-08-23 01:10:42,386 - Verifying the attached certificate is signed by the issuer. Valid Not After: 2021-04-02 17:03:51+00:00
2020-08-23 01:10:42,396 - Verifying the attached certificate is signed by the issuer. Valid Not After: 2021-04-02 17:13:33+00:00
2020-08-23 01:10:42,397 - Read OCSP response cache file: C:/Users/dmitry.mitrofanov/AppData/Local/Snowflake/Caches/ocsp_response_cache.json, count=140
2020-08-23 01:10:42,397 - validating certificate: klientiks.ru
2020-08-23 01:10:42,397 - skipping OCSP check: klientiks.ru
2020-08-23 01:10:43,403 - https://klientiks.ru:443 "GET /clientix/Restapi/list/a/390b96e2763e/u/d969c9cde78c/t/073de5009f21b34afa022cfa7ca2c124/m/AppointmentClientLinks/ik/orders/rvwk/status,statuses/?date=10&offset=19450 HTTP/1.1" 200 None
2020-08-23 01:10:43,406 - {"offset": 19500, "count": 50, "limit": 50, "statuses": [{"id": 1, "name": "scheduled"}, {"id": 2, "name": "sms_confirmation_sent"}, {"id": 3, "name": "cancelled_by_sms"}, {"id": 4, "name": "confirmed"}, {"id": 5, "name": "in_progress"}, {"id": 6, "name": "finished"}, {"id": 7, "name": "cancelled"}, {"id": 8, "name": "missed"}, {"id": 9, "name": "arrived"}], "fields": [{"id": "1", "name": "\u0418\u0441\u043f\u043e\u043b\u043d\u0438\u0442\u0435\u043b\u044c"}, {"id": "2", "name": "\u0421\u0441\u044b\u043b\u043a\u0430 \u043d\u0430 \u043a\u043b\u0438\u0435\u043d\u0442\u0430"}, {"id": "3", "name": "\u0410\u0439\u0434\u0438 \u0430\u043a\u043a\u0430\u0443\u043d\u0442\u0430"}], "orders": [{"id": 6607810, "name": "\u0410\u044d\u0440\u043e\u0439\u043e\u0433\u0430 (90 \u043c\u0438\u043d)", "account_id": 10765, "date_create": 1582872496, "status": 6, "price": "0", "client_id": 1122837, "roistat": "\u043f\u043e\u0441\u0442\u043e\u044f\u043d\u043d\u044b\u0439 \u043a\u043b\u0438\u0435\u043d\u0442", "executor": "\u0421\u043e\u0431\u0435\u043d\u043d\u0438\u043a\u043e\u0432\u0430 \u041e\u043a\u0441\u0430\u043d\u0430 \u042e\u0440\u044c\u0435\u0432\u043d\u0430", "is_sale": false, "appointment_id": 5833285, "fields": {"1": "\u0421\u043e\u0431\u0435\u043d\u043d\u0438\u043a\u043e\u0432\u0430 \u041e\u043a\u0441\u0430\u043d\u0430 \u042e\u0440\u044c\u0435\u0432\u043d\u0430", "2": "https://klientiks.ru/clientix/client/default/id/1122837", "3": 10765}}, {"id": 6607812, "name": "\u0410\u044d\u0440\u043e\u0439\u043e\u0433\u0430 (90 \u043c\u0438\u043d)", "account_id": 10765, "date_create": 1582872499, "status": 6, "price": "0", "client_id": 2877520, "roistat": "\u0438\u043d\u0442\u0435\u0440\u043d\u0435\u0442", "executor": "\u0421\u043e\u0431\u0435\u043d\u043d\u0438\u043a\u043e\u0432\u0430 \u041e\u043a\u0441\u0430\u043d\u0430 \u042e\u0440\u044c\u0435\u0432\u043d\u0430", "is_sale": false, "appointment_id": 5833285, "fields": {"1": "\u0421\u043e\u0431\u0435\u043d\u043d\u0438\u043a\u043e\u0432\u0430 \u041e\u043a\u0441\u0430\u043d\u0430 \u042e\u0440\u044c\u0435\u0432\u043d\u0430", "2": "https://klientiks.ru/clientix/client/default/id/2877520", "3": 10765}}, {"id": 6608043, "name": "\u0410\u044e\u0440\u0432\u0435\u0434\u0430 \u043a\u043e\u043d\u0441\u0443\u043b\u044c\u0442\u0430\u0446\u0438\u044f \u0432\u0440\u0430\u0447\u0430 (60 \u043c\u0438\u043d)", "account_id": 10765, "date_create": 1582873655, "status": 6, "price": "3500", "client_id": 3319006, "roistat": "\u0412\u0445\u043e\u0434\u044f\u0449\u0438\u0439 \u0437\u0432\u043e\u043d\u043e\u043a", "executor": "\u041f\u0440\u0430\u0432\u0438\u043d \u0421\u0443\u0440\u0435\u043d\u0434\u0440\u0430\u043d\u043f\u0438\u043b\u0430\u0439 \u0412\u0430\u0441\u0430\u043d\u0442\u0430\u043a\u0443\u043c\u0430\u0440\u0438", "is_sale": false, "appointment_id": 5851965, "fields": {"1": "\u041f\u0440\u0430\u0432\u0438\u043d \u0421\u0443\u0440\u0435\u043d\u0434\u0440\u0430\u043d\u043f\u0438\u043b\u0430\u0439 \u0412\u0430\u0441\u0430\u043d\u0442\u0430\u043a\u0443\u043c\u0430\u0440\u0438", "2": "https://klientiks.ru/clientix/client/default/id/3319006", "3": 10765}}, {"id": 6609060, "name": "\u0420\u043e\u0437\u043e\u0432\u044f_\u0432\u043e\u0434\u0430_Khadi", "account_id": 10765, "date_create": 1582877952, "status": 6, "price": "400", "client_id": 1108070, "roistat": "\u0438\u043d\u0442\u0435\u0440\u043d\u0435\u0442", "executor": "\u0410\u0445\u043c\u0435\u0434\u043e\u0432\u0430 \u0422\u0430\u0442\u044c\u044f\u043d\u0430 \u041b\u0435\u043e\u043d\u0438\u0434\u043e\u0432\u043d\u0430", "is_sale": true, "appointment_id": 5852875, "fields": {"1": "\u0410\u0445\u043c\u0435\u0434\u043e\u0432\u0430 \u0422\u0430\u0442\u044c\u044f\u043d\u0430 \u041b\u0435\u043e\u043d\u0438\u0434\u043e\u0432\u043d\u0430", "2": "https://klientiks.ru/clientix/client/default/id/1108070", "3": 10765}}, {"id": 6609134, "name": "\u0420\u043e\u0437\u043e\u0432\u044f_\u0432\u043e\u0434\u0430_Khadi", "account_id": 10765, "date_create": 1582878286, "status": 6, "price": "400", "client_id": 1297843, "roistat": "\u0440\u044f\u0434\u043e\u043c \u0436\u0438\u0432\u0435\u0442", "executor": "\u0410\u0445\u043c\u0435\u0434\u043e\u0432\u0430 \u0422\u0430\u0442\u044c\u044f\u043d\u0430 \u041b\u0435\u043e\u043d\u0438\u0434\u043e\u0432\u043d\u0430", "is_sale": true, "appointment_id": 5852970, "fields": {"1": "\u0410\u0445\u043c\u0435\u0434\u043e\u0432\u0430 \u0422\u0430\u0442\u044c\u044f\u043d\u0430 \u041b\u0435\u043e\u043d\u0438\u0434\u043e\u0432\u043d\u0430", "2": "https://klientiks.ru/clientix/client/default/id/1297843", "3": 10765}}, {"id": 6609341, "name": "Chyawanaprasham_Nagarjuna 500g", "account_id": 10765, "date_create": 1582879137, "status": 6, "price": "700", "client_id": 3215797, "roistat": "\u0438\u043d\u0442\u0435\u0440\u043d\u0435\u0442", "executor": "\u0410\u0445\u043c\u0435\u0434\u043e\u0432\u0430 \u0422\u0430\u0442\u044c\u044f\u043d\u0430 \u041b\u0435\u043e\u043d\u0438\u0434\u043e\u0432\u043d\u0430", "is_sale": true, "appointment_id": 5853140, "fields": {"1": "\u0410\u0445\u043c\u0435\u0434\u043e\u0432\u0430 \u0422\u0430\u0442\u044c\u044f\u043d\u0430 \u041b\u0435\u043e\u043d\u0438\u0434\u043e\u0432\u043d\u0430", "2": "https://klientiks.ru/clientix/client/default/id/3215797", "3": 10765}}, {"id": 6609378, "name": "Chyawanaprasham_Nagarjuna 500g", "account_id": 10765, "date_create": 1582879329, "status": 6, "price": "700", "client_id": 3014911, "roistat": "\u043e\u0442 \u0437\u043d\u0430\u043a\u043e\u043c\u044b\u0445", "executor": "\u0410\u0445\u043c\u0435\u0434\u043e\u0432\u0430 \u0422\u0430\u0442\u044c\u044f\u043d\u0430 \u041b\u0435\u043e\u043d\u0438\u0434\u043e\u0432\u043d\u0430", "is_sale": true, "appointment_id": 5853176, "fields": {"1": "\u0410\u0445\u043c\u0435\u0434\u043e\u0432\u0430 \u0422\u0430\u0442\u044c\u044f\u043d\u0430 \u041b\u0435\u043e\u043d\u0438\u0434\u043e\u0432\u043d\u0430", "2": "https://klientiks.ru/clientix/client/default/id/3014911", "3": 10765}}, {"id": 6609424, "name": "Itone_eye_drop_\u043a\u0430\u043f\u043b\u0438,Itone_eye_drop_\u043a\u0430\u043f\u043b\u0438,Chyawanaprasham_Nagarjuna 500g,Chyawanaprasham_Nagarjuna 500g", "account_id": 10765, "date_create": 1582879528, "status": 6, "price": "980", "client_id": 3058502, "roistat": "\u043e\u0442 \u0437\u043d\u0430\u043a\u043e\u043c\u044b\u0445", "executor": "\u0410\u0445\u043c\u0435\u0434\u043e\u0432\u0430 \u0422\u0430\u0442\u044c\u044f\u043d\u0430 \u041b\u0435\u043e\u043d\u0438\u0434\u043e\u0432\u043d\u0430", "is_sale": true, "appointment_id": 5853219, "fields": {"1": "\u0410\u0445\u043c\u0435\u0434\u043e\u0432\u0430 \u0422\u0430\u0442\u044c\u044f\u043d\u0430 \u041b\u0435\u043e\u043d\u0438\u0434\u043e\u0432\u043d\u0430", "2": "https://klientiks.ru/clientix/client/default/id/3058502", "3": 10765}}, {"id": 6609494, "name": "\u0410\u044d\u0440\u043e\u0439\u043e\u0433\u0430 (90 \u043c\u0438\u043d)", "account_id": 10765, "date_create": 1582879922, "status": 6, "price": "0", "client_id": 3144287, "roistat": "\u0438\u043d\u0442\u0435\u0440\u043d\u0435\u0442", "executor": "\u0421\u043e\u0431\u0435\u043d\u043d\u0438\u043a\u043e\u0432\u0430 \u041e\u043a\u0441\u0430\u043d\u0430 \u042e\u0440\u044c\u0435\u0432\u043d\u0430", "is_sale": false, "appointment_id": 5833242, "fields": {"1": "\u0421\u043e\u0431\u0435\u043d\u043d\u0438\u043a\u043e\u0432\u0430 \u041e\u043a\u0441\u0430\u043d\u0430 \u042e\u0440\u044c\u0435\u0432\u043d\u0430", "2": "https://klientiks.ru/clientix/client/default/id/3144287", "3": 10765}}, {"id": 6609665, "name": "\u0410\u044d\u0440\u043e\u0439\u043e\u0433\u0430 (90 \u043c\u0438\u043d)", "account_id": 10765, "date_create": 1582880922, "status": 6, "price": "0", "client_id": 1108070, "roistat": "\u0438\u043d\u0442\u0435\u0440\u043d\u0435\u0442", "executor": "\u0421\u043e\u0431\u0435\u043d\u043d\u0438\u043a\u043e\u0432\u0430 \u041e\u043a\u0441\u0430\u043d\u0430 \u042e\u0440\u044c\u0435\u0432\u043d\u0430", "is_sale": false, "appointment_id": 5833243, "fields": {"1": "\u0421\u043e\u0431\u0435\u043d\u043d\u0438\u043a\u043e\u0432\u0430 \u041e\u043a\u0441\u0430\u043d\u0430 \u042e\u0440\u044c\u0435\u0432\u043d\u0430", "2": "https://klientiks.ru/clientix/client/default/id/1108070", "3": 10765}}, {"id": 6609667, "name": "\u0410\u044d\u0440\u043e\u0439\u043e\u0433\u0430 (90 \u043c\u0438\u043d)", "account_id": 10765, "date_create": 1582880934, "status": 6, "price": "0", "client_id": 3014911, "roistat": "\u043e\u0442 \u0437\u043d\u0430\u043a\u043e\u043c\u044b\u0445", "executor": "\u0421\u043e\u0431\u0435\u043d\u043d\u0438\u043a\u043e\u0432\u0430 \u041e\u043a\u0441\u0430\u043d\u0430 \u042e\u0440\u044c\u0435\u0432\u043d\u0430", "is_sale": false, "appointment_id": 5833243, "fields": {"1": "\u0421\u043e\u0431\u0435\u043d\u043d\u0438\u043a\u043e\u0432\u0430 \u041e\u043a\u0441\u0430\u043d\u0430 \u042e\u0440\u044c\u0435\u0432\u043d\u0430", "2": "https://klientiks.ru/clientix/client/default/id/3014911", "3": 10765}}, {"id": 6609779, "name": "Drakshadi_kashayam_200ml", "account_id": 10765, "date_create": 1582881396, "status": 6, "price": "850", "client_id": 3188843, "roistat": "\u0438\u043d\u0442\u0435\u0440\u043d\u0435\u0442", "executor": "\u0410\u0445\u043c\u0435\u0434\u043e\u0432\u0430 \u0422\u0430\u0442\u044c\u044f\u043d\u0430 \u041b\u0435\u043e\u043d\u0438\u0434\u043e\u0432\u043d\u0430", "is_sale": true, "appointment_id": 5853564, "fields": {"1": "\u0410\u0445\u043c\u0435\u0434\u043e\u0432\u0430 \u0422\u0430\u0442\u044c\u044f\u043d\u0430 \u041b\u0435\u043e\u043d\u0438\u0434\u043e\u0432\u043d\u0430", "2": "https://klientiks.ru/clientix/client/default/id/3188843", "3": 10765}}, {"id": 6609863, "name": "\u0428\u0438\u0440\u043e\u0434\u0445\u0430\u0440\u0430 (60 \u043c\u0438\u043d. \u0441\u0442\u0440\u0443\u044f\u0449\u0435\u0435\u0441\u044f \u043c\u0430\u0441\u043b\u043e \u043d\u0430 \u043b\u043e\u0431),\u0423\u043c\u0430\u0441\u043b\u0438\u0432\u0430\u043d\u0438\u0435  (30 \u043c\u0438\u043d.),\u0428\u0438\u0440\u043e\u0434\u0445\u0430\u0440\u0430 (60 \u043c\u0438\u043d. \u0441\u0442\u0440\u0443\u044f\u0449\u0435\u0435\u0441\u044f \u043c\u0430\u0441\u043b\u043e \u043d\u0430 \u043b\u043e\u0431),\u0423\u043c\u0430\u0441\u043b\u0438\u0432\u0430\u043d\u0438\u0435  (30 \u043c\u0438\u043d.)", "account_id": 10765, "date_create": 1582881858, "status": 6, "price": "0", "client_id": 3058502, "roistat": "\u043e\u0442 \u0437\u043d\u0430\u043a\u043e\u043c\u044b\u0445", "executor": "\u0424\u0438\u043b\u0438\u043f \u0412\u0438\u043c\u0430\u043b\u0430 \u0412\u0438\u043f\u0438\u043d", "is_sale": false, "appointment_id": 5853640, "fields": {"1": "\u0424\u0438\u043b\u0438\u043f \u0412\u0438\u043c\u0430\u043b\u0430 \u0412\u0438\u043f\u0438\u043d", "2": "https://klientiks.ru/clientix/client/default/id/3058502", "3": 10765}}, {"id": 6610697, "name": "\u0410\u044e\u0440\u0432\u0435\u0434\u0430 \u043a\u043e\u043d\u0441\u0443\u043b\u044c\u0442\u0430\u0446\u0438\u044f \u0432\u0440\u0430\u0447\u0430 (60 \u043c\u0438\u043d)", "account_id": 10765, "date_create": 1582886384, "status": 7, "price": null, "client_id": 3321057, "roistat": "\u0432\u043a", "executor": "\u041f\u0440\u0430\u0432\u0438\u043d \u0421\u0443\u0440\u0435\u043d\u0434\u0440\u0430\u043d\u043f\u0438\u043b\u0430\u0439 \u0412\u0430\u0441\u0430\u043d\u0442\u0430\u043a\u0443\u043c\u0430\u0440\u0438", "is_sale": false, "appointment_id": 5854476, "fields": {"1": "\u041f\u0440\u0430\u0432\u0438\u043d \u0421\u0443\u0440\u0435\u043d\u0434\u0440\u0430\u043d\u043f\u0438\u043b\u0430\u0439 \u0412\u0430\u0441\u0430\u043d\u0442\u0430\u043a\u0443\u043c\u0430\u0440\u0438", "2": "https://klientiks.ru/clientix/client/default/id/3321057", "3": 10765}}, {"id": 6611326, "name": "\u0410\u044e\u0440\u0432\u0435\u0434\u0430 \u043f\u043e\u0432\u0442\u043e\u0440\u043d\u0430\u044f \u043a\u043e\u043d\u0441\u0443\u043b\u044c\u0442\u0430\u0446\u0438\u044f \u0434\u043e\u043a\u0442\u043e\u0440\u0430 \u0412\u0430\u0440\u0443\u043d (30 \u043c\u0438\u043d.)", "account_id": 10765, "date_create": 1582889618, "status": 6, "price": "2000", "client_id": 2542180, "roistat": "\u043e\u0442 \u0437\u043d\u0430\u043a\u043e\u043c\u044b\u0445", "executor": "\u0412\u0430\u0440\u0443\u043d", "is_sale": false, "appointment_id": 5855067, "fields": {"1": "\u0412\u0430\u0440\u0443\u043d", "2": "https://klientiks.ru/clientix/client/default/id/2542180", "3": 10765}}, {"id": 6611774, "name": "\u0410\u044d\u0440\u043e\u0439\u043e\u0433\u0430 (90 \u043c\u0438\u043d)", "account_id": 10765, "date_create": 1582891766, "status": 6, "price": "0", "client_id": 1122031, "roistat": "\u0441\u043e\u0442\u0440\u0443\u0434\u043d\u0438\u043a", "executor": "\u0421\u043e\u0431\u0435\u043d\u043d\u0438\u043a\u043e\u0432\u0430 \u041e\u043a\u0441\u0430\u043d\u0430 \u042e\u0440\u044c\u0435\u0432\u043d\u0430", "is_sale": false, "appointment_id": 5543994, "fields": {"1": "\u0421\u043e\u0431\u0435\u043d\u043d\u0438\u043a\u043e\u0432\u0430 \u041e\u043a\u0441\u0430\u043d\u0430 \u042e\u0440\u044c\u0435\u0432\u043d\u0430", "2": "https://klientiks.ru/clientix/client/default/id/1122031", "3": 10765}}, {"id": 6611781, "name": "\u0410\u044d\u0440\u043e\u0439\u043e\u0433\u0430 (90 \u043c\u0438\u043d)", "account_id": 10765, "date_create": 1582891793, "status": 6, "price": "0", "client_id": 1109904, "roistat": "\u0441\u043e\u0442\u0440\u0443\u0434\u043d\u0438\u043a", "executor": "\u0421\u043e\u0431\u0435\u043d\u043d\u0438\u043a\u043e\u0432\u0430 \u041e\u043a\u0441\u0430\u043d\u0430 \u042e\u0440\u044c\u0435\u0432\u043d\u0430", "is_sale": false, "appointment_id": 5833284, "fields": {"1": "\u0421\u043e\u0431\u0435\u043d\u043d\u0438\u043a\u043e\u0432\u0430 \u041e\u043a\u0441\u0430\u043d\u0430 \u042e\u0440\u044c\u0435\u0432\u043d\u0430", "2": "https://klientiks.ru/clientix/client/default/id/1109904", "3": 10765}}, {"id": 6612051, "name": "\u0410\u044e\u0440\u0432\u0435\u0434\u0430 \u043f\u043e\u0432\u0442\u043e\u0440\u043d\u0430\u044f \u043a\u043e\u043d\u0441\u0443\u043b\u044c\u0442\u0430\u0446\u0438\u044f \u0432\u0440\u0430\u0447\u0430 \u0432 \u043d\u0430\u0437\u043d\u0430\u0447\u0435\u043d\u043d\u044b\u0439 \u0441\u0440\u043e\u043a (30 \u043c\u0438\u043d)", "account_id": 10765, "date_create": 1582893369, "status": 6, "price": "2000", "client_id": 1122769, "roistat": "\u0412\u0445\u043e\u0434\u044f\u0449\u0438\u0439 \u0437\u0432\u043e\u043d\u043e\u043a", "executor": "\u041f\u0440\u0430\u0432\u0438\u043d \u0421\u0443\u0440\u0435\u043d\u0434\u0440\u0430\u043d\u043f\u0438\u043b\u0430\u0439 \u0412\u0430\u0441\u0430\u043d\u0442\u0430\u043a\u0443\u043c\u0430\u0440\u0438", "is_sale": false, "appointment_id": 5855752, "fields": {"1": "\u041f\u0440\u0430\u0432\u0438\u043d \u0421\u0443\u0440\u0435\u043d\u0434\u0440\u0430\u043d\u043f\u0438\u043b\u0430\u0439 \u0412\u0430\u0441\u0430\u043d\u0442\u0430\u043a\u0443\u043c\u0430\u0440\u0438", "2": "https://klientiks.ru/clientix/client/default/id/1122769", "3": 10765}}, {"id": 6612512, "name": "\u0410\u044e\u0440\u0432\u0435\u0434\u0430 \u043f\u043e\u0432\u0442\u043e\u0440\u043d\u0430\u044f  \u043a\u043e\u043d\u0441\u0443\u043b\u044c\u0442\u0430\u0446\u0438\u044f \u0432\u0440\u0430\u0447\u0430 (30 \u043c\u0438\u043d)", "account_id": 10765, "date_create": 1582895755, "status": 7, "price": null, "client_id": 2758536, "roistat": "\u043e\u0442 \u0437\u043d\u0430\u043a\u043e\u043c\u044b\u0445", "executor": "\u041f\u0440\u0430\u0432\u0438\u043d \u0421\u0443\u0440\u0435\u043d\u0434\u0440\u0430\u043d\u043f\u0438\u043b\u0430\u0439 \u0412\u0430\u0441\u0430\u043d\u0442\u0430\u043a\u0443\u043c\u0430\u0440\u0438", "is_sale": false, "appointment_id": 5856150, "fields": {"1": "\u041f\u0440\u0430\u0432\u0438\u043d \u0421\u0443\u0440\u0435\u043d\u0434\u0440\u0430\u043d\u043f\u0438\u043b\u0430\u0439 \u0412\u0430\u0441\u0430\u043d\u0442\u0430\u043a\u0443\u043c\u0430\u0440\u0438", "2": "https://klientiks.ru/clientix/client/default/id/2758536", "3": 10765}}, {"id": 6613111, "name": "Sukumara_Kashayam_200 ml", "account_id": 10765, "date_create": 1582899890, "status": 6, "price": "800", "client_id": 3258794, "roistat": "\u0412\u0445\u043e\u0434\u044f\u0449\u0438\u0439 \u0437\u0432\u043e\u043d\u043e\u043a", "executor": "\u0410\u0445\u043c\u0435\u0434\u043e\u0432\u0430 \u0422\u0430\u0442\u044c\u044f\u043d\u0430 \u041b\u0435\u043e\u043d\u0438\u0434\u043e\u0432\u043d\u0430", "is_sale": true, "appointment_id": 5856720, "fields": {"1": "\u0410\u0445\u043c\u0435\u0434\u043e\u0432\u0430 \u0422\u0430\u0442\u044c\u044f\u043d\u0430 \u041b\u0435\u043e\u043d\u0438\u0434\u043e\u0432\u043d\u0430", "2": "https://klientiks.ru/clientix/client/default/id/3258794", "3": 10765}}, {"id": 6613142, "name": "\u0410\u044d\u0440\u043e\u0439\u043e\u0433\u0430 (90 \u043c\u0438\u043d)", "account_id": 10765, "date_create": 1582900096, "status": 6, "price": "800", "client_id": 3244018, "roistat": "\u0438\u043d\u0442\u0435\u0440\u043d\u0435\u0442", "executor": "\u0412\u043b\u0430\u0441\u043e\u0432\u0430 \u0415\u043b\u0435\u043d\u0430 \u0421\u0435\u0440\u0433\u0435\u0435\u0432\u043d\u0430", "is_sale": false, "appointment_id": 5762040, "fields": {"1": "\u0412\u043b\u0430\u0441\u043e\u0432\u0430 \u0415\u043b\u0435\u043d\u0430 \u0421\u0435\u0440\u0433\u0435\u0435\u0432\u043d\u0430", "2": "https://klientiks.ru/clientix/client/default/id/3244018", "3": 10765}}, {"id": 6613439, "name": "\u0428\u0430\u043c\u043f\u0443\u043d\u044c_Trichup,\u041a\u0430\u0440\u0434\u043e\u043c\u043e\u043d_\u0437\u0435\u043b\u0435\u043d\u044b\u0439,Brahmarasayanam_200ml,\u041a\u0430\u0440\u0434\u043e\u043c\u043e\u043d_\u0437\u0435\u043b\u0435\u043d\u044b\u0439,\u0428\u0430\u043c\u043f\u0443\u043d\u044c_Trichup,Brahmarasayanam_200ml,\u041a\u0430\u0440\u0434\u043e\u043c\u043e\u043d_\u0437\u0435\u043b\u0435\u043d\u044b\u0439,\u0428\u0430\u043c\u043f\u0443\u043d\u044c_Trichup,Brahmarasayanam_200ml", "account_id": 10765, "date_create": 1582901878, "status": 6, "price": "1250", "client_id": 3276868, "roistat": "\u0412\u0445\u043e\u0434\u044f\u0449\u0438\u0439 \u0437\u0432\u043e\u043d\u043e\u043a", "executor": "\u0410\u0445\u043c\u0435\u0434\u043e\u0432\u0430 \u0422\u0430\u0442\u044c\u044f\u043d\u0430 \u041b\u0435\u043e\u043d\u0438\u0434\u043e\u0432\u043d\u0430", "is_sale": true, "appointment_id": 5857007, "fields": {"1": "\u0410\u0445\u043c\u0435\u0434\u043e\u0432\u0430 \u0422\u0430\u0442\u044c\u044f\u043d\u0430 \u041b\u0435\u043e\u043d\u0438\u0434\u043e\u0432\u043d\u0430", "2": "https://klientiks.ru/clientix/client/default/id/3276868", "3": 10765}}, {"id": 6613600, "name": "Arjunarishtam_450ml", "account_id": 10765, "date_create": 1582902783, "status": 6, "price": "835", "client_id": 2623071, "roistat": "\u0441\u043e\u0442\u0440\u0443\u0434\u043d\u0438\u043a", "executor": "\u0410\u0445\u043c\u0435\u0434\u043e\u0432\u0430 \u0422\u0430\u0442\u044c\u044f\u043d\u0430 \u041b\u0435\u043e\u043d\u0438\u0434\u043e\u0432\u043d\u0430", "is_sale": true, "appointment_id": 5857122, "fields": {"1": "\u0410\u0445\u043c\u0435\u0434\u043e\u0432\u0430 \u0422\u0430\u0442\u044c\u044f\u043d\u0430 \u041b\u0435\u043e\u043d\u0438\u0434\u043e\u0432\u043d\u0430", "2": "https://klientiks.ru/clientix/client/default/id/2623071", "3": 10765}}, {"id": 6614597, "name": "\u0410\u044e\u0440\u0432\u0435\u0434\u0430 \u043f\u043e\u0432\u0442\u043e\u0440\u043d\u0430\u044f \u043a\u043e\u043d\u0441\u0443\u043b\u044c\u0442\u0430\u0446\u0438\u044f \u0432\u0440\u0430\u0447\u0430 \u0432 \u043d\u0430\u0437\u043d\u0430\u0447\u0435\u043d\u043d\u044b\u0439 \u0441\u0440\u043e\u043a (30 \u043c\u0438\u043d)", "account_id": 10765, "date_create": 1582905636, "status": 6, "price": "2000", "client_id": 1383790, "roistat": "\u0421\u043e\u0432\u0435\u0442 \u0414\u0440\u0443\u0437\u0435\u0439", "executor": "\u041f\u0440\u0430\u0432\u0438\u043d \u0421\u0443\u0440\u0435\u043d\u0434\u0440\u0430\u043d\u043f\u0438\u043b\u0430\u0439 \u0412\u0430\u0441\u0430\u043d\u0442\u0430\u043a\u0443\u043c\u0430\u0440\u0438", "is_sale": false, "appointment_id": 5857428, "fields": {"1": "\u041f\u0440\u0430\u0432\u0438\u043d \u0421\u0443\u0440\u0435\u043d\u0434\u0440\u0430\u043d\u043f\u0438\u043b\u0430\u0439 \u0412\u0430\u0441\u0430\u043d\u0442\u0430\u043a\u0443\u043c\u0430\u0440\u0438", "2": "https://klientiks.ru/clientix/client/default/id/1383790", "3": 10765}}, {"id": 6614744, "name": "\u041a\u0430\u043b\u0430\u0440\u0438 \u043c\u0430\u0441\u0441\u0430\u0436 (60 \u043c\u0438\u043d. \u043d\u043e\u0436\u043d\u043e\u0439 \u043c\u0430\u0441\u043b\u044f\u043d\u044b\u0439 \u043c\u0430\u0441\u0441\u0430\u0436)", "account_id": 10765, "date_create": 1582906765, "status": 6, "price": "0", "client_id": 2936299, "roistat": "\u0412\u0445\u043e\u0434\u044f\u0449\u0438\u0439 \u0437\u0432\u043e\u043d\u043e\u043a,\u043e\u0442 \u0437\u043d\u0430\u043a\u043e\u043c\u044b\u0445", "executor": "\u0424\u0438\u043b\u0438\u043f \u0412\u0438\u043c\u0430\u043b\u0430 \u0412\u0438\u043f\u0438\u043d", "is_sale": false, "appointment_id": 5857568, "fields": {"1": "\u0424\u0438\u043b\u0438\u043f \u0412\u0438\u043c\u0430\u043b\u0430 \u0412\u0438\u043f\u0438\u043d", "2": "https://klientiks.ru/clientix/client/default/id/2936299", "3": 10765}}, {"id": 6614748, "name": "\u0410\u0431\u0445\u044a\u044f\u043d\u0433\u0430 \u043c\u0430\u0441\u0441\u0430\u0436 (60 \u043c\u0438\u043d. \u0440\u0443\u0447\u043d\u043e\u0439 \u043c\u0430\u0441\u043b\u044f\u043d\u044b\u0439 \u043c\u0430\u0441\u0441\u0430\u0436 \u0432 2 \u0440\u0443\u043a\u0438)", "account_id": 10765, "date_create": 1582906812, "status": 6, "price": "0", "client_id": 2936299, "roistat": "\u0412\u0445\u043e\u0434\u044f\u0449\u0438\u0439 \u0437\u0432\u043e\u043d\u043e\u043a,\u043e\u0442 \u0437\u043d\u0430\u043a\u043e\u043c\u044b\u0445", "executor": "\u041d\u0438\u0431\u0438\u043d \u041a\u043e\u0434\u0430\u0442 \u0414\u0438\u043d\u0435\u0441\u0430\u043d", "is_sale": false, "appointment_id": 5857573, "fields": {"1": "\u041d\u0438\u0431\u0438\u043d \u041a\u043e\u0434\u0430\u0442 \u0414\u0438\u043d\u0435\u0441\u0430\u043d", "2": "https://klientiks.ru/clientix/client/default/id/2936299", "3": 10765}}, {"id": 6614839, "name": "\u0423\u043c\u0430\u0441\u043b\u0438\u0432\u0430\u043d\u0438\u0435  (30 \u043c\u0438\u043d.)", "account_id": 10765, "date_create": 1582907560, "status": 6, "price": "1440", "client_id": 1123631, "roistat": "\u043f\u043e\u0441\u0442\u043e\u044f\u043d\u043d\u044b\u0439 \u043a\u043b\u0438\u0435\u043d\u0442", "executor": "\u0428\u0440\u0438\u0442\u0430", "is_sale": false, "appointment_id": 5857654, "fields": {"1": "\u0428\u0440\u0438\u0442\u0430", "2": "https://klientiks.ru/clientix/client/default/id/1123631", "3": 10765}}, {"id": 6614872, "name": "\u0423\u043c\u0430\u0441\u043b\u0438\u0432\u0430\u043d\u0438\u0435  (30 \u043c\u0438\u043d.)", "account_id": 10765, "date_create": 1582908126, "status": 6, "price": "1440", "client_id": 1123631, "roistat": "\u043f\u043e\u0441\u0442\u043e\u044f\u043d\u043d\u044b\u0439 \u043a\u043b\u0438\u0435\u043d\u0442", "executor": "\u0428\u0440\u0438\u0442\u0430", "is_sale": false, "appointment_id": 5857693, "fields": {"1": "\u0428\u0440\u0438\u0442\u0430", "2": "https://klientiks.ru/clientix/client/default/id/1123631", "3": 10765}}, {"id": 6614880, "name": "Koflet_1_\u043a\u043e\u043d\u0444\u0435\u0442\u0430", "account_id": 10765, "date_create": 1582908200, "status": 6, "price": "150", "client_id": 1123631, "roistat": "\u043f\u043e\u0441\u0442\u043e\u044f\u043d\u043d\u044b\u0439 \u043a\u043b\u0438\u0435\u043d\u0442", "executor": "\u0410\u0445\u043c\u0435\u0434\u043e\u0432\u0430 \u0422\u0430\u0442\u044c\u044f\u043d\u0430 \u041b\u0435\u043e\u043d\u0438\u0434\u043e\u0432\u043d\u0430", "is_sale": true, "appointment_id": 5857701, "fields": {"1": "\u0410\u0445\u043c\u0435\u0434\u043e\u0432\u0430 \u0422\u0430\u0442\u044c\u044f\u043d\u0430 \u041b\u0435\u043e\u043d\u0438\u0434\u043e\u0432\u043d\u0430", "2": "https://klientiks.ru/clientix/client/default/id/1123631", "3": 10765}}, {"id": 6614887, "name": "\u041a\u0430\u043b\u0430\u0440\u0438 \u043c\u0430\u0441\u0441\u0430\u0436 (60 \u043c\u0438\u043d. \u043d\u043e\u0436\u043d\u043e\u0439 \u043c\u0430\u0441\u043b\u044f\u043d\u044b\u0439 \u043c\u0430\u0441\u0441\u0430\u0436)", "account_id": 10765, "date_create": 1582908326, "status": 6, "price": "0", "client_id": 2936299, "roistat": "\u0412\u0445\u043e\u0434\u044f\u0449\u0438\u0439 \u0437\u0432\u043e\u043d\u043e\u043a,\u043e\u0442 \u0437\u043d\u0430\u043a\u043e\u043c\u044b\u0445", "executor": "\u0424\u0438\u043b\u0438\u043f \u0412\u0438\u043c\u0430\u043b\u0430 \u0412\u0438\u043f\u0438\u043d", "is_sale": false, "appointment_id": 5857708, "fields": {"1": "\u0424\u0438\u043b\u0438\u043f \u0412\u0438\u043c\u0430\u043b\u0430 \u0412\u0438\u043f\u0438\u043d", "2": "https://klientiks.ru/clientix/client/default/id/2936299", "3": 10765}}, {"id": 6614892, "name": "\u041a\u0430\u043b\u0430\u0440\u0438 \u043c\u0430\u0441\u0441\u0430\u0436 (60 \u043c\u0438\u043d. \u043d\u043e\u0436\u043d\u043e\u0439 \u043c\u0430\u0441\u043b\u044f\u043d\u044b\u0439 \u043c\u0430\u0441\u0441\u0430\u0436)", "account_id": 10765, "date_create": 1582908371, "status": 7, "price": null, "client_id": 2936299, "roistat": "\u0412\u0445\u043e\u0434\u044f\u0449\u0438\u0439 \u0437\u0432\u043e\u043d\u043e\u043a,\u043e\u0442 \u0437\u043d\u0430\u043a\u043e\u043c\u044b\u0445", "executor": "\u0424\u0438\u043b\u0438\u043f \u0412\u0438\u043c\u0430\u043b\u0430 \u0412\u0438\u043f\u0438\u043d", "is_sale": false, "appointment_id": 5857714, "fields": {"1": "\u0424\u0438\u043b\u0438\u043f \u0412\u0438\u043c\u0430\u043b\u0430 \u0412\u0438\u043f\u0438\u043d", "2": "https://klientiks.ru/clientix/client/default/id/2936299", "3": 10765}}, {"id": 6616355, "name": "\u0410\u0431\u0445\u044a\u044f\u043d\u0433\u0430 \u043c\u0430\u0441\u0441\u0430\u0436 (60 \u043c\u0438\u043d. \u0440\u0443\u0447\u043d\u043e\u0439 \u043c\u0430\u0441\u043b\u044f\u043d\u044b\u0439 \u043c\u0430\u0441\u0441\u0430\u0436 \u0432 2 \u0440\u0443\u043a\u0438),\u041c\u0443\u043a\u0445\u0430\u0431\u0445\u044a\u044f\u043d\u0433\u0430 (30 \u043c\u0438\u043d. \u043c\u0430\u0441\u0441\u0430\u0436 \u043b\u0438\u0446\u0430),\u0410\u0431\u0445\u044a\u044f\u043d\u0433\u0430 \u043c\u0430\u0441\u0441\u0430\u0436 (60 \u043c\u0438\u043d. \u0440\u0443\u0447\u043d\u043e\u0439 \u043c\u0430\u0441\u043b\u044f\u043d\u044b\u0439 \u043c\u0430\u0441\u0441\u0430\u0436 \u0432 2 \u0440\u0443\u043a\u0438),\u041c\u0443\u043a\u0445\u0430\u0431\u0445\u044a\u044f\u043d\u0433\u0430 (30 \u043c\u0438\u043d. \u043c\u0430\u0441\u0441\u0430\u0436 \u043b\u0438\u0446\u0430)", "account_id": 10765, "date_create": 1582958255, "status": 6, "price": "4400", "client_id": 2942716, "roistat": "\u0412\u0445\u043e\u0434\u044f\u0449\u0438\u0439 \u0437\u0432\u043e\u043d\u043e\u043a", "executor": "\u0428\u0440\u0438\u0442\u0430", "is_sale": false, "appointment_id": 5858940, "fields": {"1": "\u0428\u0440\u0438\u0442\u0430", "2": "https://klientiks.ru/clientix/client/default/id/2942716", "3": 10765}}, {"id": 6616633, "name": "\u0410\u044e\u0440\u0432\u0435\u0434\u0430 \u043a\u043e\u043d\u0441\u0443\u043b\u044c\u0442\u0430\u0446\u0438\u044f \u0432\u0440\u0430\u0447\u0430 (60 \u043c\u0438\u043d)", "account_id": 10765, "date_create": 1582960279, "status": 7, "price": null, "client_id": 3332399, "roistat": "\u0412\u0445\u043e\u0434\u044f\u0449\u0438\u0439 \u0437\u0432\u043e\u043d\u043e\u043a,\u0418\u043d\u0442\u0435\u0440\u043d\u0435\u0442", "executor": "\u041f\u0440\u0430\u0432\u0438\u043d \u0421\u0443\u0440\u0435\u043d\u0434\u0440\u0430\u043d\u043f\u0438\u043b\u0430\u0439 \u0412\u0430\u0441\u0430\u043d\u0442\u0430\u043a\u0443\u043c\u0430\u0440\u0438", "is_sale": false, "appointment_id": 5859207, "fields": {"1": "\u041f\u0440\u0430\u0432\u0438\u043d \u0421\u0443\u0440\u0435\u043d\u0434\u0440\u0430\u043d\u043f\u0438\u043b\u0430\u0439 \u0412\u0430\u0441\u0430\u043d\u0442\u0430\u043a\u0443\u043c\u0430\u0440\u0438", "2": "https://klientiks.ru/clientix/client/default/id/3332399", "3": 10765}}, {"id": 6617138, "name": "Tiktaka_Kwatham_100tab", "account_id": 10765, "date_create": 1582962755, "status": 6, "price": "1250", "client_id": 2695457, "roistat": "\u043e\u0442 \u0437\u043d\u0430\u043a\u043e\u043c\u044b\u0445", "executor": "\u0410\u0445\u043c\u0435\u0434\u043e\u0432\u0430 \u0422\u0430\u0442\u044c\u044f\u043d\u0430 \u041b\u0435\u043e\u043d\u0438\u0434\u043e\u0432\u043d\u0430", "is_sale": true, "appointment_id": 5859697, "fields": {"1": "\u0410\u0445\u043c\u0435\u0434\u043e\u0432\u0430 \u0422\u0430\u0442\u044c\u044f\u043d\u0430 \u041b\u0435\u043e\u043d\u0438\u0434\u043e\u0432\u043d\u0430", "2": "https://klientiks.ru/clientix/client/default/id/2695457", "3": 10765}}, {"id": 6617942, "name": "\u041a\u043e\u043d\u0441\u0443\u043b\u044c\u0442\u0430\u0446\u0438\u044f \u0430\u0441\u0442\u0440\u043e\u043b\u043e\u0433\u0430 \u0420\u0430\u0433\u0445\u0443\u043d\u0430\u0442\u0445  \u0441\u043a\u0430\u0439\u043f", "account_id": 10765, "date_create": 1582966621, "status": 7, "price": null, "client_id": 3325787, "roistat": "\u0412\u0445\u043e\u0434\u044f\u0449\u0438\u0439 \u0437\u0432\u043e\u043d\u043e\u043a,\u0418\u043d\u0442\u0435\u0440\u043d\u0435\u0442", "executor": "\u0420\u0430\u0433\u0445\u0443\u043d\u0430\u0442\u0445 \u041c\u0435\u043d\u043e\u043d", "is_sale": false, "appointment_id": 5860448, "fields": {"1": "\u0420\u0430\u0433\u0445\u0443\u043d\u0430\u0442\u0445 \u041c\u0435\u043d\u043e\u043d", "2": "https://klientiks.ru/clientix/client/default/id/3325787", "3": 10765}}, {"id": 6618358, "name": "\u0410\u044e\u0440\u0432\u0435\u0434\u0430 \u043a\u043e\u043d\u0441\u0443\u043b\u044c\u0442\u0430\u0446\u0438\u044f \u0432\u0440\u0430\u0447\u0430 (60 \u043c\u0438\u043d)", "account_id": 10765, "date_create": 1582968635, "status": 6, "price": "3200", "client_id": 3332878, "roistat": "\u0412\u0445\u043e\u0434\u044f\u0449\u0438\u0439 \u0437\u0432\u043e\u043d\u043e\u043a", "executor": "\u041f\u0440\u0430\u0432\u0438\u043d \u0421\u0443\u0440\u0435\u043d\u0434\u0440\u0430\u043d\u043f\u0438\u043b\u0430\u0439 \u0412\u0430\u0441\u0430\u043d\u0442\u0430\u043a\u0443\u043c\u0430\u0440\u0438", "is_sale": false, "appointment_id": 5860861, "fields": {"1": "\u041f\u0440\u0430\u0432\u0438\u043d \u0421\u0443\u0440\u0435\u043d\u0434\u0440\u0430\u043d\u043f\u0438\u043b\u0430\u0439 \u0412\u0430\u0441\u0430\u043d\u0442\u0430\u043a\u0443\u043c\u0430\u0440\u0438", "2": "https://klientiks.ru/clientix/client/default/id/3332878", "3": 10765}}, {"id": 6618409, "name": "\u0410\u044e\u0440\u0432\u0435\u0434\u0430 \u043a\u043e\u043d\u0441\u0443\u043b\u044c\u0442\u0430\u0446\u0438\u044f \u0432\u0440\u0430\u0447\u0430 (60 \u043c\u0438\u043d)", "account_id": 10765, "date_create": 1582968860, "status": 6, "price": "3200", "client_id": 3332903, "roistat": "\u0412\u0445\u043e\u0434\u044f\u0449\u0438\u0439 \u0437\u0432\u043e\u043d\u043e\u043a,\u0418\u043d\u0442\u0435\u0440\u043d\u0435\u0442", "executor": "\u041f\u0440\u0430\u0432\u0438\u043d \u0421\u0443\u0440\u0435\u043d\u0434\u0440\u0430\u043d\u043f\u0438\u043b\u0430\u0439 \u0412\u0430\u0441\u0430\u043d\u0442\u0430\u043a\u0443\u043c\u0430\u0440\u0438", "is_sale": false, "appointment_id": 5860916, "fields": {"1": "\u041f\u0440\u0430\u0432\u0438\u043d \u0421\u0443\u0440\u0435\u043d\u0434\u0440\u0430\u043d\u043f\u0438\u043b\u0430\u0439 \u0412\u0430\u0441\u0430\u043d\u0442\u0430\u043a\u0443\u043c\u0430\u0440\u0438", "2": "https://klientiks.ru/clientix/client/default/id/3332903", "3": 10765}}, {"id": 6618428, "name": "Drakshadi_kashayam_200ml,Drakshadi_kashayam_200ml,Septilin_Himalaya_60 tab,Ashwagandha_60tab_Kutir\u0425\u0423\u0419s,Avipathi_choornam_30g,\u041a\u0443\u043d\u0436\u0443\u0442\u043d\u043e\u0435_\u043c\u0430\u0441\u043b\u043e_\u041a\u0430\u043c\u0430\u043b\u0430,Drakshadi_kashayam_200ml,Septilin_Himalaya_60 tab,Ashwagandha_60tab_Kutir\u0425\u0423\u0419s,Avipathi_choornam_30g,\u041a\u0443\u043d\u0436\u0443\u0442\u043d\u043e\u0435_\u043c\u0430\u0441\u043b\u043e_\u041a\u0430\u043c\u0430\u043b\u0430,Drakshadi_kashayam_200ml,Septilin_Himalaya_60 tab,Ashwagandha_60tab_Kutir\u0425\u0423\u0419s,Avipathi_choornam_30g,\u041a\u0443\u043d\u0436\u0443\u0442\u043d\u043e\u0435_\u043c\u0430\u0441\u043b\u043e_\u041a\u0430\u043c\u0430\u043b\u0430,Septilin_Himalaya_60 tab,Ashwagandha_60tab_Kutir\u0425\u0423\u0419s,Avipathi_choornam_30g,\u041a\u0443\u043d\u0436\u0443\u0442\u043d\u043e\u0435_\u043c\u0430\u0441\u043b\u043e_\u041a\u0430\u043c\u0430\u043b\u0430,Drakshadi_kashayam_200ml,Septilin_Himalaya_60 tab,Ashwagandha_60tab_Kutir\u0425\u0423\u0419s,Avipathi_choornam_30g,\u041a\u0443\u043d\u0436\u0443\u0442\u043d\u043e\u0435_\u043c\u0430\u0441\u043b\u043e_\u041a\u0430\u043c\u0430\u043b\u0430", "account_id": 10765, "date_create": 1582968967, "status": 6, "price": "1750", "client_id": 3255176, "roistat": "\u043e\u0442 \u0437\u043d\u0430\u043a\u043e\u043c\u044b\u0445,\u0418\u043d\u0442\u0435\u0440\u043d\u0435\u0442", "executor": "\u0410\u0445\u043c\u0435\u0434\u043e\u0432\u0430 \u0422\u0430\u0442\u044c\u044f\u043d\u0430 \u041b\u0435\u043e\u043d\u0438\u0434\u043e\u0432\u043d\u0430", "is_sale": true, "appointment_id": 5860936, "fields": {"1": "\u0410\u0445\u043c\u0435\u0434\u043e\u0432\u0430 \u0422\u0430\u0442\u044c\u044f\u043d\u0430 \u041b\u0435\u043e\u043d\u0438\u0434\u043e\u0432\u043d\u0430", "2": "https://klientiks.ru/clientix/client/default/id/3255176", "3": 10765}}, {"id": 6618714, "name": "\u0410\u0431\u0445\u044a\u044f\u043d\u0433\u0430 \u043c\u0430\u0441\u0441\u0430\u0436 (60 \u043c\u0438\u043d. \u0440\u0443\u0447\u043d\u043e\u0439 \u043c\u0430\u0441\u043b\u044f\u043d\u044b\u0439 \u043c\u0430\u0441\u0441\u0430\u0436 \u0432 2 \u0440\u0443\u043a\u0438)", "account_id": 10765, "date_create": 1582970573, "status": 6, "price": "3200", "client_id": 3255176, "roistat": "\u043e\u0442 \u0437\u043d\u0430\u043a\u043e\u043c\u044b\u0445,\u0418\u043d\u0442\u0435\u0440\u043d\u0435\u0442", "executor": "\u0428\u0440\u0438\u0442\u0430", "is_sale": false, "appointment_id": 5727454, "fields": {"1": "\u0428\u0440\u0438\u0442\u0430", "2": "https://klientiks.ru/clientix/client/default/id/3255176", "3": 10765}}, {"id": 6619065, "name": "\u0410\u044e\u0440\u0432\u0435\u0434\u0430 \u043f\u043e\u0432\u0442\u043e\u0440\u043d\u0430\u044f \u043a\u043e\u043d\u0441\u0443\u043b\u044c\u0442\u0430\u0446\u0438\u044f \u0432\u0440\u0430\u0447\u0430 \u0432 \u043d\u0430\u0437\u043d\u0430\u0447\u0435\u043d\u043d\u044b\u0439 \u0441\u0440\u043e\u043a (30 \u043c\u0438\u043d)", "account_id": 10765, "date_create": 1582972818, "status": 7, "price": null, "client_id": 3255176, "roistat": "\u043e\u0442 \u0437\u043d\u0430\u043a\u043e\u043c\u044b\u0445,\u0418\u043d\u0442\u0435\u0440\u043d\u0435\u0442", "executor": "\u041f\u0440\u0430\u0432\u0438\u043d \u0421\u0443\u0440\u0435\u043d\u0434\u0440\u0430\u043d\u043f\u0438\u043b\u0430\u0439 \u0412\u0430\u0441\u0430\u043d\u0442\u0430\u043a\u0443\u043c\u0430\u0440\u0438", "is_sale": false, "appointment_id": 5861541, "fields": {"1": "\u041f\u0440\u0430\u0432\u0438\u043d \u0421\u0443\u0440\u0435\u043d\u0434\u0440\u0430\u043d\u043f\u0438\u043b\u0430\u0439 \u0412\u0430\u0441\u0430\u043d\u0442\u0430\u043a\u0443\u043c\u0430\u0440\u0438", "2": "https://klientiks.ru/clientix/client/default/id/3255176", "3": 10765}}, {"id": 6619635, "name": "\u0410\u0431\u0445\u044a\u044f\u043d\u0433\u0430 \u043c\u0430\u0441\u0441\u0430\u0436 (60 \u043c\u0438\u043d. \u0440\u0443\u0447\u043d\u043e\u0439 \u043c\u0430\u0441\u043b\u044f\u043d\u044b\u0439 \u043c\u0430\u0441\u0441\u0430\u0436 \u0432 2 \u0440\u0443\u043a\u0438)", "account_id": 10765, "date_create": 1582976474, "status": 7, "price": null, "client_id": 2319865, "roistat": "\u0412\u0445\u043e\u0434\u044f\u0449\u0438\u0439 \u0437\u0432\u043e\u043d\u043e\u043a", "executor": "\u0410\u043f\u043f\u043e", "is_sale": false, "appointment_id": 5862108, "fields": {"1": "\u0410\u043f\u043f\u043e", "2": "https://klientiks.ru/clientix/client/default/id/2319865", "3": 10765}}, {"id": 6619896, "name": "\u041a\u0438\u0436\u0438 \u043c\u0430\u0441\u0441\u0430\u0436 (60 \u043c\u0438\u043d. \u043f\u0438\u043d\u0434\u0430\u0441\u0432\u0435\u0434\u0430\u043d\u0430, \u043c\u0430\u0441\u0441\u0430\u0436 \u043c\u0435\u0448\u043e\u0447\u043a\u0430\u043c\u0438 \u0432 2 \u0440\u0443\u043a\u0438)", "account_id": 10765, "date_create": 1582978641, "status": 7, "price": null, "client_id": 3122840, "roistat": "\u0420\u043e\u0434\u0441\u0442\u0432\u0435\u043d\u043d\u0438\u043a \u043d\u0430\u0448\u0435\u0433\u043e \u043a\u043b\u0438\u0435\u043d\u0442\u0430", "executor": "\u0424\u0438\u043b\u0438\u043f \u0412\u0438\u043c\u0430\u043b\u0430 \u0412\u0438\u043f\u0438\u043d", "is_sale": false, "appointment_id": 5862352, "fields": {"1": "\u0424\u0438\u043b\u0438\u043f \u0412\u0438\u043c\u0430\u043b\u0430 \u0412\u0438\u043f\u0438\u043d", "2": "https://klientiks.ru/clientix/client/default/id/3122840", "3": 10765}}, {"id": 6620022, "name": "\u0410\u044e\u0440\u0432\u0435\u0434\u0430 \u043f\u043e\u0432\u0442\u043e\u0440\u043d\u0430\u044f  \u043a\u043e\u043d\u0441\u0443\u043b\u044c\u0442\u0430\u0446\u0438\u044f \u043f\u0440\u0438\u0433\u043b\u0430\u0448\u0435\u043d\u043d\u043e\u0433\u043e \u0441\u043f\u0435\u0446\u0438\u0430\u043b\u0438\u0441\u0442\u0430 (30 \u043c\u0438\u043d)", "account_id": 10765, "date_create": 1582979786, "status": 6, "price": "2500", "client_id": 2823274, "roistat": "\u0421\u043e\u0432\u0435\u0442 \u0414\u0440\u0443\u0437\u0435\u0439,\u0438\u043d\u0442\u0435\u0440\u043d\u0435\u0442", "executor": "\u0414\u0436\u0430\u0442\u0445\u0430\u0432 \u041f\u0430\u0440\u0435\u0448", "is_sale": false, "appointment_id": 5862466, "fields": {"1": "\u0414\u0436\u0430\u0442\u0445\u0430\u0432 \u041f\u0430\u0440\u0435\u0448", "2": "https://klientiks.ru/clientix/client/default/id/2823274", "3": 10765}}, {"id": 6620738, "name": "\u0421\u0435\u0430\u043d\u0441 \u0432 \u043a\u0435\u0434\u0440\u043e\u0432\u043e\u0439 \u0431\u043e\u0447\u043a\u0435 \u0441 \u0444\u0438\u0442\u043e\u0441\u0431\u043e\u0440\u043e\u043c,\u0410\u0431\u0445\u044a\u044f\u043d\u0433\u0430 \u043c\u0430\u0441\u0441\u0430\u0436 (60 \u043c\u0438\u043d. \u0440\u0443\u0447\u043d\u043e\u0439 \u043c\u0430\u0441\u043b\u044f\u043d\u044b\u0439 \u043c\u0430\u0441\u0441\u0430\u0436 \u0432 2 \u0440\u0443\u043a\u0438),\u0410\u0431\u0445\u044a\u044f\u043d\u0433\u0430 \u043c\u0430\u0441\u0441\u0430\u0436 (60 \u043c\u0438\u043d. \u0440\u0443\u0447\u043d\u043e\u0439 \u043c\u0430\u0441\u043b\u044f\u043d\u044b\u0439 \u043c\u0430\u0441\u0441\u0430\u0436 \u0432 2 \u0440\u0443\u043a\u0438),\u0421\u0435\u0430\u043d\u0441 \u0432 \u043a\u0435\u0434\u0440\u043e\u0432\u043e\u0439 \u0431\u043e\u0447\u043a\u0435 \u0441 \u0444\u0438\u0442\u043e\u0441\u0431\u043e\u0440\u043e\u043c", "account_id": 10765, "date_create": 1582985690, "status": 6, "price": "0", "client_id": 3263662, "roistat": "\u043f\u043e\u0441\u0442\u043e\u044f\u043d\u043d\u044b\u0439 \u043a\u043b\u0438\u0435\u043d\u0442", "executor": "\u0428\u0440\u0438\u0442\u0430", "is_sale": false, "appointment_id": 5863078, "fields": {"1": "\u0428\u0440\u0438\u0442\u0430", "2": "https://klientiks.ru/clientix/client/default/id/3263662", "3": 10765}}, {"id": 6620742, "name": "\u0412\u0438\u0440\u0435\u0447\u0430\u043d\u0430 (\u0441\u043b\u0430\u0431\u0438\u0442\u0435\u043b\u044c\u043d\u0430\u044f \u0442\u0435\u0440\u0430\u043f\u0438\u044f),\u0412\u0438\u0440\u0435\u0447\u0430\u043d\u0430 (\u0441\u043b\u0430\u0431\u0438\u0442\u0435\u043b\u044c\u043d\u0430\u044f \u0442\u0435\u0440\u0430\u043f\u0438\u044f),\u041a\u0430\u043b\u0430\u0440\u0438 \u043c\u0430\u0441\u0441\u0430\u0436 (60 \u043c\u0438\u043d. \u043d\u043e\u0436\u043d\u043e\u0439 \u043c\u0430\u0441\u043b\u044f\u043d\u044b\u0439 \u043c\u0430\u0441\u0441\u0430\u0436),\u041a\u0430\u043b\u0430\u0440\u0438 \u043c\u0430\u0441\u0441\u0430\u0436 (60 \u043c\u0438\u043d. \u043d\u043e\u0436\u043d\u043e\u0439 \u043c\u0430\u0441\u043b\u044f\u043d\u044b\u0439 \u043c\u0430\u0441\u0441\u0430\u0436)", "account_id": 10765, "date_create": 1582985730, "status": 6, "price": "0", "client_id": 3263662, "roistat": "\u043f\u043e\u0441\u0442\u043e\u044f\u043d\u043d\u044b\u0439 \u043a\u043b\u0438\u0435\u043d\u0442", "executor": "\u0428\u0440\u0438\u0442\u0430", "is_sale": false, "appointment_id": 5863080, "fields": {"1": "\u0428\u0440\u0438\u0442\u0430", "2": "https://klientiks.ru/clientix/client/default/id/3263662", "3": 10765}}, {"id": 6620748, "name": "\u041a\u0438\u0436\u0438 \u043d\u0430 \u0447\u0430\u0441\u0442\u0438 \u0442\u0435\u043b\u0430 (30 \u043c\u0438\u043d),\u0410\u0431\u0445\u044a\u044f\u043d\u0433\u0430 \u043c\u0430\u0441\u0441\u0430\u0436 (60 \u043c\u0438\u043d. \u0440\u0443\u0447\u043d\u043e\u0439 \u043c\u0430\u0441\u043b\u044f\u043d\u044b\u0439 \u043c\u0430\u0441\u0441\u0430\u0436 \u0432 2 \u0440\u0443\u043a\u0438),\u041a\u0438\u0436\u0438 \u043d\u0430 \u0447\u0430\u0441\u0442\u0438 \u0442\u0435\u043b\u0430 (30 \u043c\u0438\u043d),\u0410\u0431\u0445\u044a\u044f\u043d\u0433\u0430 \u043c\u0430\u0441\u0441\u0430\u0436 (60 \u043c\u0438\u043d. \u0440\u0443\u0447\u043d\u043e\u0439 \u043c\u0430\u0441\u043b\u044f\u043d\u044b\u0439 \u043c\u0430\u0441\u0441\u0430\u0436 \u0432 2 \u0440\u0443\u043a\u0438)", "account_id": 10765, "date_create": 1582985805, "status": 6, "price": "0", "client_id": 3263662, "roistat": "\u043f\u043e\u0441\u0442\u043e\u044f\u043d\u043d\u044b\u0439 \u043a\u043b\u0438\u0435\u043d\u0442", "executor": "\u041d\u0438\u0431\u0438\u043d \u041a\u043e\u0434\u0430\u0442 \u0414\u0438\u043d\u0435\u0441\u0430\u043d", "is_sale": false, "appointment_id": 5863085, "fields": {"1": "\u041d\u0438\u0431\u0438\u043d \u041a\u043e\u0434\u0430\u0442 \u0414\u0438\u043d\u0435\u0441\u0430\u043d", "2": "https://klientiks.ru/clientix/client/default/id/3263662", "3": 10765}}, {"id": 6620754, "name": "\u0410\u0431\u0445\u044a\u044f\u043d\u0433\u0430 \u043c\u0430\u0441\u0441\u0430\u0436 (60 \u043c\u0438\u043d. \u0440\u0443\u0447\u043d\u043e\u0439 \u043c\u0430\u0441\u043b\u044f\u043d\u044b\u0439 \u043c\u0430\u0441\u0441\u0430\u0436 \u0432 2 \u0440\u0443\u043a\u0438),\u041a\u0438\u0436\u0438 \u043d\u0430 \u0447\u0430\u0441\u0442\u0438 \u0442\u0435\u043b\u0430 (30 \u043c\u0438\u043d),\u0410\u0431\u0445\u044a\u044f\u043d\u0433\u0430 \u043c\u0430\u0441\u0441\u0430\u0436 (60 \u043c\u0438\u043d. \u0440\u0443\u0447\u043d\u043e\u0439 \u043c\u0430\u0441\u043b\u044f\u043d\u044b\u0439 \u043c\u0430\u0441\u0441\u0430\u0436 \u0432 2 \u0440\u0443\u043a\u0438),\u041a\u0438\u0436\u0438 \u043d\u0430 \u0447\u0430\u0441\u0442\u0438 \u0442\u0435\u043b\u0430 (30 \u043c\u0438\u043d)", "account_id": 10765, "date_create": 1582985849, "status": 6, "price": "0", "client_id": 3263662, "roistat": "\u043f\u043e\u0441\u0442\u043e\u044f\u043d\u043d\u044b\u0439 \u043a\u043b\u0438\u0435\u043d\u0442", "executor": "\u041d\u0438\u0431\u0438\u043d \u041a\u043e\u0434\u0430\u0442 \u0414\u0438\u043d\u0435\u0441\u0430\u043d", "is_sale": false, "appointment_id": 5863092, "fields": {"1": "\u041d\u0438\u0431\u0438\u043d \u041a\u043e\u0434\u0430\u0442 \u0414\u0438\u043d\u0435\u0441\u0430\u043d", "2": "https://klientiks.ru/clientix/client/default/id/3263662", "3": 10765}}, {"id": 6620759, "name": "\u041a\u0430\u043b\u0430\u0440\u0438 \u043c\u0430\u0441\u0441\u0430\u0436 (60 \u043c\u0438\u043d. \u043d\u043e\u0436\u043d\u043e\u0439 \u043c\u0430\u0441\u043b\u044f\u043d\u044b\u0439 \u043c\u0430\u0441\u0441\u0430\u0436),\u041f\u0438\u0447\u0443 (30 \u043c\u0438\u043d. \u043c\u0430\u0441\u043b\u044f\u043d\u0430\u044f \u0430\u043f\u043f\u043b\u0438\u043a\u0430\u0446\u0438\u044f),\u041a\u0430\u043b\u0430\u0440\u0438 \u043c\u0430\u0441\u0441\u0430\u0436 (60 \u043c\u0438\u043d. \u043d\u043e\u0436\u043d\u043e\u0439 \u043c\u0430\u0441\u043b\u044f\u043d\u044b\u0439 \u043c\u0430\u0441\u0441\u0430\u0436),\u0410\u043d\u0443\u0432\u0430\u0441\u0430\u043d\u0430 \u0411\u0430\u0441\u0442\u0438 (30 \u043c\u0438\u043d. \u043c\u0430\u0441\u043b\u044f\u043d\u0430\u044f \u0442\u0440\u0430\u0432\u044f\u043d\u0430\u044f \u043a\u043b\u0438\u0437\u043c\u0430),\u041f\u0438\u0447\u0443 (30 \u043c\u0438\u043d. \u043c\u0430\u0441\u043b\u044f\u043d\u0430\u044f \u0430\u043f\u043f\u043b\u0438\u043a\u0430\u0446\u0438\u044f),\u041a\u0430\u043b\u0430\u0440\u0438 \u043c\u0430\u0441\u0441\u0430\u0436 (60 \u043c\u0438\u043d. \u043d\u043e\u0436\u043d\u043e\u0439 \u043c\u0430\u0441\u043b\u044f\u043d\u044b\u0439 \u043c\u0430\u0441\u0441\u0430\u0436),\u0410\u043d\u0443\u0432\u0430\u0441\u0430\u043d\u0430 \u0411\u0430\u0441\u0442\u0438 (30 \u043c\u0438\u043d. \u043c\u0430\u0441\u043b\u044f\u043d\u0430\u044f \u0442\u0440\u0430\u0432\u044f\u043d\u0430\u044f \u043a\u043b\u0438\u0437\u043c\u0430),\u041f\u0438\u0447\u0443 (30 \u043c\u0438\u043d. \u043c\u0430\u0441\u043b\u044f\u043d\u0430\u044f \u0430\u043f\u043f\u043b\u0438\u043a\u0430\u0446\u0438\u044f),\u0410\u043d\u0443\u0432\u0430\u0441\u0430\u043d\u0430 \u0411\u0430\u0441\u0442\u0438 (30 \u043c\u0438\u043d. \u043c\u0430\u0441\u043b\u044f\u043d\u0430\u044f \u0442\u0440\u0430\u0432\u044f\u043d\u0430\u044f \u043a\u043b\u0438\u0437\u043c\u0430)", "account_id": 10765, "date_create": 1582985911, "status": 6, "price": "0", "client_id": 3263662, "roistat": "\u043f\u043e\u0441\u0442\u043e\u044f\u043d\u043d\u044b\u0439 \u043a\u043b\u0438\u0435\u043d\u0442", "executor": "\u0428\u0440\u0438\u0442\u0430", "is_sale": false, "appointment_id": 5863097, "fields": {"1": "\u0428\u0440\u0438\u0442\u0430", "2": "https://klientiks.ru/clientix/client/default/id/3263662", "3": 10765}}, {"id": 6620763, "name": "\u041d\u0438\u0440\u0443\u0445\u0430 \u0411\u0430\u0441\u0442\u0438 (60 \u043c\u0438\u043d. \u043a\u043b\u0438\u0437\u043c\u0430 \u0442\u0440\u0430\u0432\u044f\u043d\u044b\u043c \u043e\u0442\u0432\u0430\u0440\u043e\u043c),\u041d\u0438\u0440\u0443\u0445\u0430 \u0411\u0430\u0441\u0442\u0438 (60 \u043c\u0438\u043d. \u043a\u043b\u0438\u0437\u043c\u0430 \u0442\u0440\u0430\u0432\u044f\u043d\u044b\u043c \u043e\u0442\u0432\u0430\u0440\u043e\u043c),\u041f\u0438\u0447\u0443 (30 \u043c\u0438\u043d. \u043c\u0430\u0441\u043b\u044f\u043d\u0430\u044f \u0430\u043f\u043f\u043b\u0438\u043a\u0430\u0446\u0438\u044f),\u041d\u0438\u0440\u0443\u0445\u0430 \u0411\u0430\u0441\u0442\u0438 (60 \u043c\u0438\u043d. \u043a\u043b\u0438\u0437\u043c\u0430 \u0442\u0440\u0430\u0432\u044f\u043d\u044b\u043c \u043e\u0442\u0432\u0430\u0440\u043e\u043c),\u0410\u0431\u0445\u044a\u044f\u043d\u0433\u0430 \u043c\u0430\u0441\u0441\u0430\u0436 (60 \u043c\u0438\u043d. \u0440\u0443\u0447\u043d\u043e\u0439 \u043c\u0430\u0441\u043b\u044f\u043d\u044b\u0439 \u043c\u0430\u0441\u0441\u0430\u0436 \u0432 2 \u0440\u0443\u043a\u0438),\u041f\u0438\u0447\u0443 (30 \u043c\u0438\u043d. \u043c\u0430\u0441\u043b\u044f\u043d\u0430\u044f \u0430\u043f\u043f\u043b\u0438\u043a\u0430\u0446\u0438\u044f),\u0410\u0431\u0445\u044a\u044f\u043d\u0433\u0430 \u043c\u0430\u0441\u0441\u0430\u0436 (60 \u043c\u0438\u043d. \u0440\u0443\u0447\u043d\u043e\u0439 \u043c\u0430\u0441\u043b\u044f\u043d\u044b\u0439 \u043c\u0430\u0441\u0441\u0430\u0436 \u0432 2 \u0440\u0443\u043a\u0438),\u0410\u0431\u0445\u044a\u044f\u043d\u0433\u0430 \u043c\u0430\u0441\u0441\u0430\u0436 (60 \u043c\u0438\u043d. \u0440\u0443\u0447\u043d\u043e\u0439 \u043c\u0430\u0441\u043b\u044f\u043d\u044b\u0439 \u043c\u0430\u0441\u0441\u0430\u0436 \u0432 2 \u0440\u0443\u043a\u0438),\u041f\u0438\u0447\u0443 (30 \u043c\u0438\u043d. \u043c\u0430\u0441\u043b\u044f\u043d\u0430\u044f \u0430\u043f\u043f\u043b\u0438\u043a\u0430\u0446\u0438\u044f)", "account_id": 10765, "date_create": 1582985948, "status": 6, "price": "0", "client_id": 3263662, "roistat": "\u043f\u043e\u0441\u0442\u043e\u044f\u043d\u043d\u044b\u0439 \u043a\u043b\u0438\u0435\u043d\u0442", "executor": "\u041d\u0438\u0431\u0438\u043d \u041a\u043e\u0434\u0430\u0442 \u0414\u0438\u043d\u0435\u0441\u0430\u043d", "is_sale": false, "appointment_id": 5863101, "fields": {"1": "\u041d\u0438\u0431\u0438\u043d \u041a\u043e\u0434\u0430\u0442 \u0414\u0438\u043d\u0435\u0441\u0430\u043d", "2": "https://klientiks.ru/clientix/client/default/id/3263662", "3": 10765}}, {"id": 6620773, "name": "\u0410\u043d\u0443\u0432\u0430\u0441\u0430\u043d\u0430 \u0411\u0430\u0441\u0442\u0438 (30 \u043c\u0438\u043d. \u043c\u0430\u0441\u043b\u044f\u043d\u0430\u044f \u0442\u0440\u0430\u0432\u044f\u043d\u0430\u044f \u043a\u043b\u0438\u0437\u043c\u0430),\u0410\u0431\u0445\u044a\u044f\u043d\u0433\u0430 \u043c\u0430\u0441\u0441\u0430\u0436 (60 \u043c\u0438\u043d. \u0440\u0443\u0447\u043d\u043e\u0439 \u043c\u0430\u0441\u043b\u044f\u043d\u044b\u0439 \u043c\u0430\u0441\u0441\u0430\u0436 \u0432 2 \u0440\u0443\u043a\u0438),\u041a\u0438\u0436\u0438 \u043d\u0430 \u0447\u0430\u0441\u0442\u0438 \u0442\u0435\u043b\u0430 (30 \u043c\u0438\u043d)", "account_id": 10765, "date_create": 1582986015, "status": 7, "price": null, "client_id": 3263662, "roistat": "\u043f\u043e\u0441\u0442\u043e\u044f\u043d\u043d\u044b\u0439 \u043a\u043b\u0438\u0435\u043d\u0442", "executor": "\u0428\u0440\u0438\u0442\u0430", "is_sale": false, "appointment_id": 5863108, "fields": {"1": "\u0428\u0440\u0438\u0442\u0430", "2": "https://klientiks.ru/clientix/client/default/id/3263662", "3": 10765}}], "pagination": {"total_count": 22602, "limit": 50, "page_number": 1}, "total_count": 22602, "page_number": 1}
2020-08-23 01:10:43,406 - Snowflake Connector for Python Version: 2.2.10, Python Version: 3.8.5, Platform: Windows-10-10.0.17763-SP0
2020-08-23 01:10:43,407 - connect
2020-08-23 01:10:43,407 - __config
2020-08-23 01:10:43,407 - This connection is in OCSP Fail Open Mode. TLS Certificates would be checked for validity and revocation status. Any other Certificate Revocation related exceptions or OCSP Responder failures would be disregarded in favor of connectivity.
2020-08-23 01:10:43,407 - Setting use_openssl_only mode to False
2020-08-23 01:10:43,407 - use_numpy: False
2020-08-23 01:10:43,407 - initialized
2020-08-23 01:10:43,407 - REST API object was created: ringcentral.snowflakecomputing.com:443
2020-08-23 01:10:43,407 - authenticate
2020-08-23 01:10:43,407 - assertion content: *********
2020-08-23 01:10:43,408 - account=ringcentral, user=dmitry.mitrofanov, database=RCUSERS, schema=DMITRYMITROFANOV, warehouse=RCUSERS_WH, role=None, request_id=8437b483-199d-456e-aa6e-3874c63c2737
2020-08-23 01:10:43,408 - body['data']: {'CLIENT_APP_ID': 'PythonConnector', 'CLIENT_APP_VERSION': '2.2.10', 'SVN_REVISION': None, 'ACCOUNT_NAME': 'ringcentral', 'LOGIN_NAME': 'dmitry.mitrofanov', 'CLIENT_ENVIRONMENT': {'APPLICATION': 'PythonConnector', 'OS': 'Windows', 'OS_VERSION': 'Windows-10-10.0.17763-SP0', 'PYTHON_VERSION': '3.8.5', 'PYTHON_RUNTIME': 'CPython', 'PYTHON_COMPILER': 'MSC v.1924 64 bit (AMD64)', 'OCSP_MODE': 'FAIL_OPEN', 'TRACING': 10, 'LOGIN_TIMEOUT': 120, 'NETWORK_TIMEOUT': None, 'CLIENT_STORE_TEMPORARY_CREDENTIAL': None}, 'SESSION_PARAMETERS': {'CLIENT_SESSION_KEEP_ALIVE_HEARTBEAT_FREQUENCY': 900, 'CLIENT_PREFETCH_THREADS': 4}}
2020-08-23 01:10:43,408 - Converted retries value: 1 -> Retry(total=1, connect=None, read=None, redirect=None, status=None)
2020-08-23 01:10:43,408 - Converted retries value: 1 -> Retry(total=1, connect=None, read=None, redirect=None, status=None)
2020-08-23 01:10:43,408 - Active requests sessions: 1, idle: 0
2020-08-23 01:10:43,408 - remaining request timeout: 120, retry cnt: 1
2020-08-23 01:10:43,408 - socket timeout: 60
2020-08-23 01:10:43,410 - Starting new HTTPS connection (1): ringcentral.snowflakecomputing.com:443
2020-08-23 01:10:44,141 - OCSP Mode: FAIL_OPEN, OCSP response cache file name: None
2020-08-23 01:10:44,141 - ocsp_response_cache_uri: file://C:/Users/dmitry.mitrofanov/AppData/Local/Snowflake/Caches/ocsp_response_cache.json
2020-08-23 01:10:44,141 - OCSP_VALIDATION_CACHE size: 140
2020-08-23 01:10:44,141 - OCSP response cache server is enabled: http://ocsp.snowflakecomputing.com/ocsp_response_cache.json
2020-08-23 01:10:44,142 - OCSP dynamic cache server RETRY URL: None
2020-08-23 01:10:44,146 - Verifying the attached certificate is signed by the issuer. Valid Not After: 2025-05-12 23:58:59+00:00
2020-08-23 01:10:44,148 - Verifying the attached certificate is signed by the issuer. Valid Not After: 2025-05-12 23:58:59+00:00
2020-08-23 01:10:44,149 - Verifying the attached certificate is signed by the issuer. Valid Not After: 2023-06-11 20:40:26+00:00
2020-08-23 01:10:44,150 - Verifying the attached certificate is signed by the issuer. Valid Not After: 2023-06-11 20:40:26+00:00
2020-08-23 01:10:44,151 - Verifying the attached certificate is signed by the issuer. Valid Not After: 2023-06-11 20:44:21+00:00
2020-08-23 01:10:44,152 - Verifying the attached certificate is signed by the issuer. Valid Not After: 2023-06-11 20:44:21+00:00
2020-08-23 01:10:44,155 - Verifying the attached certificate is signed by the issuer. Valid Not After: 2021-12-14 07:00:00+00:00
2020-08-23 01:10:44,156 - Verifying the attached certificate is signed by the issuer. Valid Not After: 2021-12-14 07:00:00+00:00
2020-08-23 01:10:44,157 - Verifying the attached certificate is signed by the issuer. Valid Not After: 2025-05-12 23:58:59+00:00
2020-08-23 01:10:44,159 - Verifying the attached certificate is signed by the issuer. Valid Not After: 2025-05-12 23:58:59+00:00
2020-08-23 01:10:44,162 - Verifying the attached certificate is signed by the issuer. Valid Not After: 2025-05-12 23:58:59+00:00
2020-08-23 01:10:44,164 - Verifying the attached certificate is signed by the issuer. Valid Not After: 2025-05-12 23:58:59+00:00
2020-08-23 01:10:44,167 - Verifying the attached certificate is signed by the issuer. Valid Not After: 2025-05-12 23:58:59+00:00
2020-08-23 01:10:44,169 - Verifying the attached certificate is signed by the issuer. Valid Not After: 2025-05-12 23:58:59+00:00
2020-08-23 01:10:44,180 - Verifying the attached certificate is signed by the issuer. Valid Not After: 2025-05-12 23:58:59+00:00
2020-08-23 01:10:44,181 - Verifying the attached certificate is signed by the issuer. Valid Not After: 2025-05-12 23:58:59+00:00
2020-08-23 01:10:44,184 - Verifying the attached certificate is signed by the issuer. Valid Not After: 2021-04-02 17:08:26+00:00
2020-08-23 01:10:44,185 - Verifying the attached certificate is signed by the issuer. Valid Not After: 2021-04-02 17:08:26+00:00
2020-08-23 01:10:44,187 - Verifying the attached certificate is signed by the issuer. Valid Not After: 2021-04-02 17:13:33+00:00
2020-08-23 01:10:44,188 - Verifying the attached certificate is signed by the issuer. Valid Not After: 2021-04-02 17:13:33+00:00
2020-08-23 01:10:44,189 - Verifying the attached certificate is signed by the issuer. Valid Not After: 2021-04-02 16:58:09+00:00
2020-08-23 01:10:44,190 - Verifying the attached certificate is signed by the issuer. Valid Not After: 2021-04-02 16:58:09+00:00
2020-08-23 01:10:44,207 - Verifying the attached certificate is signed by the issuer. Valid Not After: 2021-04-02 17:13:33+00:00
2020-08-23 01:10:44,208 - Verifying the attached certificate is signed by the issuer. Valid Not After: 2021-04-02 17:13:33+00:00
2020-08-23 01:10:44,209 - Verifying the attached certificate is signed by the issuer. Valid Not After: 2021-04-02 17:08:26+00:00
2020-08-23 01:10:44,210 - Verifying the attached certificate is signed by the issuer. Valid Not After: 2021-04-02 17:08:26+00:00
2020-08-23 01:10:44,212 - Verifying the attached certificate is signed by the issuer. Valid Not After: 2021-04-02 17:03:51+00:00
2020-08-23 01:10:44,213 - Verifying the attached certificate is signed by the issuer. Valid Not After: 2021-04-02 17:03:51+00:00
2020-08-23 01:10:44,214 - Verifying the attached certificate is signed by the issuer. Valid Not After: 2021-04-02 16:58:09+00:00
2020-08-23 01:10:44,215 - Verifying the attached certificate is signed by the issuer. Valid Not After: 2021-04-02 16:58:09+00:00
2020-08-23 01:10:44,217 - Verifying the attached certificate is signed by the issuer. Valid Not After: 2021-04-02 17:03:51+00:00
2020-08-23 01:10:44,218 - Verifying the attached certificate is signed by the issuer. Valid Not After: 2021-04-02 17:03:51+00:00
2020-08-23 01:10:44,220 - Verifying the attached certificate is signed by the issuer. Valid Not After: 2021-04-02 17:03:51+00:00
2020-08-23 01:10:44,221 - Verifying the attached certificate is signed by the issuer. Valid Not After: 2021-04-02 17:03:51+00:00
2020-08-23 01:10:44,239 - Verifying the attached certificate is signed by the issuer. Valid Not After: 2021-04-02 17:13:33+00:00
2020-08-23 01:10:44,241 - Verifying the attached certificate is signed by the issuer. Valid Not After: 2021-04-02 17:13:33+00:00
2020-08-23 01:10:44,243 - Read OCSP response cache file: C:/Users/dmitry.mitrofanov/AppData/Local/Snowflake/Caches/ocsp_response_cache.json, count=140
2020-08-23 01:10:44,243 - validating certificate: ringcentral.snowflakecomputing.com
2020-08-23 01:10:44,243 - # of certificates: 4
2020-08-23 01:10:44,244 - subject: OrderedDict([('common_name', '*.us-west-2.snowflakecomputing.com')]), issuer: OrderedDict([('country_name', 'US'), ('organization_name', 'Amazon'), ('organizational_unit_name', 'Server CA 1B'), ('common_name', 'Amazon')])
2020-08-23 01:10:44,244 - subject: OrderedDict([('country_name', 'US'), ('organization_name', 'Amazon'), ('organizational_unit_name', 'Server CA 1B'), ('common_name', 'Amazon')]), issuer: OrderedDict([('country_name', 'US'), ('organization_name', 'Amazon'), ('common_name', 'Amazon Root CA 1')])
2020-08-23 01:10:44,245 - subject: OrderedDict([('country_name', 'US'), ('organization_name', 'Amazon'), ('common_name', 'Amazon Root CA 1')]), issuer: OrderedDict([('country_name', 'US'), ('state_or_province_name', 'Arizona'), ('locality_name', 'Scottsdale'), ('organization_name', 'Starfield Technologies, Inc.'), ('common_name', 'Starfield Services Root Certificate Authority - G2')])
2020-08-23 01:10:44,245 - subject: OrderedDict([('country_name', 'US'), ('state_or_province_name', 'Arizona'), ('locality_name', 'Scottsdale'), ('organization_name', 'Starfield Technologies, Inc.'), ('common_name', 'Starfield Services Root Certificate Authority - G2')]), issuer: OrderedDict([('country_name', 'US'), ('organization_name', 'Starfield Technologies, Inc.'), ('organizational_unit_name', 'Starfield Class 2 Certification Authority')])
2020-08-23 01:10:44,247 - reading certificate bundle: c:\users\dmitry.mitrofanov\codebase\kamala\.env\lib\site-packages\certifi\cacert.pem
2020-08-23 01:10:44,260 - not found issuer_der: OrderedDict([('country_name', 'US'), ('organization_name', 'Starfield Technologies, Inc.'), ('organizational_unit_name', 'Starfield Class 2 Certification Authority')])
2020-08-23 01:10:44,261 - hit cache for subject: OrderedDict([('common_name', '*.us-west-2.snowflakecomputing.com')])
2020-08-23 01:10:44,263 - Verifying the attached certificate is signed by the issuer. Valid Not After: 2023-06-11 20:40:26+00:00
2020-08-23 01:10:44,263 - hit cache for subject: OrderedDict([('country_name', 'US'), ('organization_name', 'Amazon'), ('organizational_unit_name', 'Server CA 1B'), ('common_name', 'Amazon')])
2020-08-23 01:10:44,265 - Verifying the attached certificate is signed by the issuer. Valid Not After: 2023-06-11 20:44:21+00:00
2020-08-23 01:10:44,265 - hit cache for subject: OrderedDict([('country_name', 'US'), ('organization_name', 'Amazon'), ('common_name', 'Amazon Root CA 1')])
2020-08-23 01:10:44,267 - Verifying the attached certificate is signed by the issuer. Valid Not After: 2021-12-14 07:00:00+00:00
2020-08-23 01:10:44,267 - hit cache for subject: OrderedDict([('country_name', 'US'), ('state_or_province_name', 'Arizona'), ('locality_name', 'Scottsdale'), ('organization_name', 'Starfield Technologies, Inc.'), ('common_name', 'Starfield Services Root Certificate Authority - G2')])
2020-08-23 01:10:44,268 - hit cache for subject: OrderedDict([('common_name', '*.us-west-2.snowflakecomputing.com')])
2020-08-23 01:10:44,269 - using OCSP response cache
2020-08-23 01:10:44,270 - Certificate is NOT attached in Basic OCSP Response. Using issuer's certificate
2020-08-23 01:10:44,270 - Verifying the OCSP response is signed by the issuer.
2020-08-23 01:10:44,290 - Verifying the attached certificate is signed by the issuer. Valid Not After: 2023-06-11 20:40:26+00:00
2020-08-23 01:10:44,291 - hit cache for subject: OrderedDict([('country_name', 'US'), ('organization_name', 'Amazon'), ('organizational_unit_name', 'Server CA 1B'), ('common_name', 'Amazon')])
2020-08-23 01:10:44,292 - using OCSP response cache
2020-08-23 01:10:44,293 - Certificate is attached in Basic OCSP Response
2020-08-23 01:10:44,293 - Verifying the attached certificate is signed by the issuer
2020-08-23 01:10:44,293 - Valid Not After: 2023-06-11 20:40:26+00:00
2020-08-23 01:10:44,295 - Verifying the OCSP response is signed by the issuer.
2020-08-23 01:10:44,298 - Verifying the attached certificate is signed by the issuer. Valid Not After: 2023-06-11 20:44:21+00:00
2020-08-23 01:10:44,298 - hit cache for subject: OrderedDict([('country_name', 'US'), ('organization_name', 'Amazon'), ('common_name', 'Amazon Root CA 1')])
2020-08-23 01:10:44,299 - using OCSP response cache
2020-08-23 01:10:44,300 - Certificate is attached in Basic OCSP Response
2020-08-23 01:10:44,300 - Verifying the attached certificate is signed by the issuer
2020-08-23 01:10:44,300 - Valid Not After: 2023-06-11 20:44:21+00:00
2020-08-23 01:10:44,302 - Verifying the OCSP response is signed by the issuer.
2020-08-23 01:10:44,306 - Verifying the attached certificate is signed by the issuer. Valid Not After: 2021-12-14 07:00:00+00:00
2020-08-23 01:10:44,306 - hit cache for subject: OrderedDict([('country_name', 'US'), ('state_or_province_name', 'Arizona'), ('locality_name', 'Scottsdale'), ('organization_name', 'Starfield Technologies, Inc.'), ('common_name', 'Starfield Services Root Certificate Authority - G2')])
2020-08-23 01:10:44,307 - using OCSP response cache
2020-08-23 01:10:44,309 - Certificate is attached in Basic OCSP Response
2020-08-23 01:10:44,309 - Verifying the attached certificate is signed by the issuer
2020-08-23 01:10:44,309 - Valid Not After: 2021-12-14 07:00:00+00:00
2020-08-23 01:10:44,311 - Verifying the OCSP response is signed by the issuer.
2020-08-23 01:10:44,313 - writing OCSP response cache file
2020-08-23 01:10:44,313 - encoding OCSP response cache to JSON
2020-08-23 01:10:44,331 - ok
2020-08-23 01:10:44,885 - https://ringcentral.snowflakecomputing.com:443 "POST /session/v1/login-request?request_id=8437b483-199d-456e-aa6e-3874c63c2737&databaseName=RCUSERS&schemaName=DMITRYMITROFANOV&warehouse=RCUSERS_WH&request_guid=1302c79e-af22-401a-aa40-30ac949dadd0 HTTP/1.1" 200 1405
2020-08-23 01:10:44,886 - SUCCESS
2020-08-23 01:10:44,886 - Active requests sessions: 0, idle: 1
2020-08-23 01:10:44,886 - ret[code] = None, after post request
2020-08-23 01:10:44,886 - completed authentication
2020-08-23 01:10:44,886 - token = ******
2020-08-23 01:10:44,886 - master_token = ******
2020-08-23 01:10:44,887 - id_token = NULL
2020-08-23 01:10:44,887 - no ID token is given when try to store temporary credential
2020-08-23 01:10:44,887 - cursor
2020-08-23 01:12:20,292 - Requesting data chunk https://klientiks.ru/clientix/Restapi/list/a/390b96e2763e/u/d969c9cde78c/t/073de5009f21b34afa022cfa7ca2c124/m/AppointmentClientLinks/ik/orders/rvwk/status,statuses/?date=10&offset=19450
2020-08-23 01:12:20,294 - Starting new HTTPS connection (1): klientiks.ru:443
2020-08-23 01:12:20,467 - OCSP Mode: FAIL_OPEN, OCSP response cache file name: None
2020-08-23 01:12:20,467 - ocsp_response_cache_uri: file://C:/Users/dmitry.mitrofanov/AppData/Local/Snowflake/Caches/ocsp_response_cache.json
2020-08-23 01:12:20,467 - OCSP_VALIDATION_CACHE size: 140
2020-08-23 01:12:20,468 - OCSP response cache server is enabled: http://ocsp.snowflakecomputing.com/ocsp_response_cache.json
2020-08-23 01:12:20,468 - OCSP dynamic cache server RETRY URL: None
2020-08-23 01:12:20,477 - Verifying the attached certificate is signed by the issuer. Valid Not After: 2025-05-12 23:58:59+00:00
2020-08-23 01:12:20,478 - Verifying the attached certificate is signed by the issuer. Valid Not After: 2025-05-12 23:58:59+00:00
2020-08-23 01:12:20,479 - Verifying the attached certificate is signed by the issuer. Valid Not After: 2023-06-11 20:40:26+00:00
2020-08-23 01:12:20,480 - Verifying the attached certificate is signed by the issuer. Valid Not After: 2023-06-11 20:40:26+00:00
2020-08-23 01:12:20,481 - Verifying the attached certificate is signed by the issuer. Valid Not After: 2023-06-11 20:44:21+00:00
2020-08-23 01:12:20,483 - Verifying the attached certificate is signed by the issuer. Valid Not After: 2023-06-11 20:44:21+00:00
2020-08-23 01:12:20,484 - Verifying the attached certificate is signed by the issuer. Valid Not After: 2021-12-14 07:00:00+00:00
2020-08-23 01:12:20,486 - Verifying the attached certificate is signed by the issuer. Valid Not After: 2021-12-14 07:00:00+00:00
2020-08-23 01:12:20,487 - Verifying the attached certificate is signed by the issuer. Valid Not After: 2025-05-12 23:58:59+00:00
2020-08-23 01:12:20,488 - Verifying the attached certificate is signed by the issuer. Valid Not After: 2025-05-12 23:58:59+00:00
2020-08-23 01:12:20,490 - Verifying the attached certificate is signed by the issuer. Valid Not After: 2025-05-12 23:58:59+00:00
2020-08-23 01:12:20,492 - Verifying the attached certificate is signed by the issuer. Valid Not After: 2025-05-12 23:58:59+00:00
2020-08-23 01:12:20,493 - Verifying the attached certificate is signed by the issuer. Valid Not After: 2025-05-12 23:58:59+00:00
2020-08-23 01:12:20,494 - Verifying the attached certificate is signed by the issuer. Valid Not After: 2025-05-12 23:58:59+00:00
2020-08-23 01:12:20,503 - Verifying the attached certificate is signed by the issuer. Valid Not After: 2025-05-12 23:58:59+00:00
2020-08-23 01:12:20,505 - Verifying the attached certificate is signed by the issuer. Valid Not After: 2025-05-12 23:58:59+00:00
2020-08-23 01:12:20,507 - Verifying the attached certificate is signed by the issuer. Valid Not After: 2021-04-02 17:08:26+00:00
2020-08-23 01:12:20,509 - Verifying the attached certificate is signed by the issuer. Valid Not After: 2021-04-02 17:08:26+00:00
2020-08-23 01:12:20,510 - Verifying the attached certificate is signed by the issuer. Valid Not After: 2021-04-02 17:13:33+00:00
2020-08-23 01:12:20,511 - Verifying the attached certificate is signed by the issuer. Valid Not After: 2021-04-02 17:13:33+00:00
2020-08-23 01:12:20,513 - Verifying the attached certificate is signed by the issuer. Valid Not After: 2021-04-02 16:58:09+00:00
2020-08-23 01:12:20,514 - Verifying the attached certificate is signed by the issuer. Valid Not After: 2021-04-02 16:58:09+00:00
2020-08-23 01:12:20,530 - Verifying the attached certificate is signed by the issuer. Valid Not After: 2021-04-02 17:13:33+00:00
2020-08-23 01:12:20,531 - Verifying the attached certificate is signed by the issuer. Valid Not After: 2021-04-02 17:13:33+00:00
2020-08-23 01:12:20,532 - Verifying the attached certificate is signed by the issuer. Valid Not After: 2021-04-02 17:08:26+00:00
2020-08-23 01:12:20,534 - Verifying the attached certificate is signed by the issuer. Valid Not After: 2021-04-02 17:08:26+00:00
2020-08-23 01:12:20,535 - Verifying the attached certificate is signed by the issuer. Valid Not After: 2021-04-02 17:03:51+00:00
2020-08-23 01:12:20,536 - Verifying the attached certificate is signed by the issuer. Valid Not After: 2021-04-02 17:03:51+00:00
2020-08-23 01:12:20,537 - Verifying the attached certificate is signed by the issuer. Valid Not After: 2021-04-02 16:58:09+00:00
2020-08-23 01:12:20,539 - Verifying the attached certificate is signed by the issuer. Valid Not After: 2021-04-02 16:58:09+00:00
2020-08-23 01:12:20,541 - Verifying the attached certificate is signed by the issuer. Valid Not After: 2021-04-02 17:03:51+00:00
2020-08-23 01:12:20,542 - Verifying the attached certificate is signed by the issuer. Valid Not After: 2021-04-02 17:03:51+00:00
2020-08-23 01:12:20,543 - Verifying the attached certificate is signed by the issuer. Valid Not After: 2021-04-02 17:03:51+00:00
2020-08-23 01:12:20,544 - Verifying the attached certificate is signed by the issuer. Valid Not After: 2021-04-02 17:03:51+00:00
2020-08-23 01:12:20,561 - Verifying the attached certificate is signed by the issuer. Valid Not After: 2021-04-02 17:13:33+00:00
2020-08-23 01:12:20,562 - Verifying the attached certificate is signed by the issuer. Valid Not After: 2021-04-02 17:13:33+00:00
2020-08-23 01:12:20,564 - Read OCSP response cache file: C:/Users/dmitry.mitrofanov/AppData/Local/Snowflake/Caches/ocsp_response_cache.json, count=140
2020-08-23 01:12:20,564 - validating certificate: klientiks.ru
2020-08-23 01:12:20,565 - skipping OCSP check: klientiks.ru
2020-08-23 01:12:21,456 - https://klientiks.ru:443 "GET /clientix/Restapi/list/a/390b96e2763e/u/d969c9cde78c/t/073de5009f21b34afa022cfa7ca2c124/m/AppointmentClientLinks/ik/orders/rvwk/status,statuses/?date=10&offset=19450 HTTP/1.1" 200 None
2020-08-23 01:12:21,459 - {"offset": 19500, "count": 50, "limit": 50, "statuses": [{"id": 1, "name": "scheduled"}, {"id": 2, "name": "sms_confirmation_sent"}, {"id": 3, "name": "cancelled_by_sms"}, {"id": 4, "name": "confirmed"}, {"id": 5, "name": "in_progress"}, {"id": 6, "name": "finished"}, {"id": 7, "name": "cancelled"}, {"id": 8, "name": "missed"}, {"id": 9, "name": "arrived"}], "fields": [{"id": "1", "name": "\u0418\u0441\u043f\u043e\u043b\u043d\u0438\u0442\u0435\u043b\u044c"}, {"id": "2", "name": "\u0421\u0441\u044b\u043b\u043a\u0430 \u043d\u0430 \u043a\u043b\u0438\u0435\u043d\u0442\u0430"}, {"id": "3", "name": "\u0410\u0439\u0434\u0438 \u0430\u043a\u043a\u0430\u0443\u043d\u0442\u0430"}], "orders": [{"id": 6607810, "name": "\u0410\u044d\u0440\u043e\u0439\u043e\u0433\u0430 (90 \u043c\u0438\u043d)", "account_id": 10765, "date_create": 1582872496, "status": 6, "price": "0", "client_id": 1122837, "roistat": "\u043f\u043e\u0441\u0442\u043e\u044f\u043d\u043d\u044b\u0439 \u043a\u043b\u0438\u0435\u043d\u0442", "executor": "\u0421\u043e\u0431\u0435\u043d\u043d\u0438\u043a\u043e\u0432\u0430 \u041e\u043a\u0441\u0430\u043d\u0430 \u042e\u0440\u044c\u0435\u0432\u043d\u0430", "is_sale": false, "appointment_id": 5833285, "fields": {"1": "\u0421\u043e\u0431\u0435\u043d\u043d\u0438\u043a\u043e\u0432\u0430 \u041e\u043a\u0441\u0430\u043d\u0430 \u042e\u0440\u044c\u0435\u0432\u043d\u0430", "2": "https://klientiks.ru/clientix/client/default/id/1122837", "3": 10765}}, {"id": 6607812, "name": "\u0410\u044d\u0440\u043e\u0439\u043e\u0433\u0430 (90 \u043c\u0438\u043d)", "account_id": 10765, "date_create": 1582872499, "status": 6, "price": "0", "client_id": 2877520, "roistat": "\u0438\u043d\u0442\u0435\u0440\u043d\u0435\u0442", "executor": "\u0421\u043e\u0431\u0435\u043d\u043d\u0438\u043a\u043e\u0432\u0430 \u041e\u043a\u0441\u0430\u043d\u0430 \u042e\u0440\u044c\u0435\u0432\u043d\u0430", "is_sale": false, "appointment_id": 5833285, "fields": {"1": "\u0421\u043e\u0431\u0435\u043d\u043d\u0438\u043a\u043e\u0432\u0430 \u041e\u043a\u0441\u0430\u043d\u0430 \u042e\u0440\u044c\u0435\u0432\u043d\u0430", "2": "https://klientiks.ru/clientix/client/default/id/2877520", "3": 10765}}, {"id": 6608043, "name": "\u0410\u044e\u0440\u0432\u0435\u0434\u0430 \u043a\u043e\u043d\u0441\u0443\u043b\u044c\u0442\u0430\u0446\u0438\u044f \u0432\u0440\u0430\u0447\u0430 (60 \u043c\u0438\u043d)", "account_id": 10765, "date_create": 1582873655, "status": 6, "price": "3500", "client_id": 3319006, "roistat": "\u0412\u0445\u043e\u0434\u044f\u0449\u0438\u0439 \u0437\u0432\u043e\u043d\u043e\u043a", "executor": "\u041f\u0440\u0430\u0432\u0438\u043d \u0421\u0443\u0440\u0435\u043d\u0434\u0440\u0430\u043d\u043f\u0438\u043b\u0430\u0439 \u0412\u0430\u0441\u0430\u043d\u0442\u0430\u043a\u0443\u043c\u0430\u0440\u0438", "is_sale": false, "appointment_id": 5851965, "fields": {"1": "\u041f\u0440\u0430\u0432\u0438\u043d \u0421\u0443\u0440\u0435\u043d\u0434\u0440\u0430\u043d\u043f\u0438\u043b\u0430\u0439 \u0412\u0430\u0441\u0430\u043d\u0442\u0430\u043a\u0443\u043c\u0430\u0440\u0438", "2": "https://klientiks.ru/clientix/client/default/id/3319006", "3": 10765}}, {"id": 6609060, "name": "\u0420\u043e\u0437\u043e\u0432\u044f_\u0432\u043e\u0434\u0430_Khadi", "account_id": 10765, "date_create": 1582877952, "status": 6, "price": "400", "client_id": 1108070, "roistat": "\u0438\u043d\u0442\u0435\u0440\u043d\u0435\u0442", "executor": "\u0410\u0445\u043c\u0435\u0434\u043e\u0432\u0430 \u0422\u0430\u0442\u044c\u044f\u043d\u0430 \u041b\u0435\u043e\u043d\u0438\u0434\u043e\u0432\u043d\u0430", "is_sale": true, "appointment_id": 5852875, "fields": {"1": "\u0410\u0445\u043c\u0435\u0434\u043e\u0432\u0430 \u0422\u0430\u0442\u044c\u044f\u043d\u0430 \u041b\u0435\u043e\u043d\u0438\u0434\u043e\u0432\u043d\u0430", "2": "https://klientiks.ru/clientix/client/default/id/1108070", "3": 10765}}, {"id": 6609134, "name": "\u0420\u043e\u0437\u043e\u0432\u044f_\u0432\u043e\u0434\u0430_Khadi", "account_id": 10765, "date_create": 1582878286, "status": 6, "price": "400", "client_id": 1297843, "roistat": "\u0440\u044f\u0434\u043e\u043c \u0436\u0438\u0432\u0435\u0442", "executor": "\u0410\u0445\u043c\u0435\u0434\u043e\u0432\u0430 \u0422\u0430\u0442\u044c\u044f\u043d\u0430 \u041b\u0435\u043e\u043d\u0438\u0434\u043e\u0432\u043d\u0430", "is_sale": true, "appointment_id": 5852970, "fields": {"1": "\u0410\u0445\u043c\u0435\u0434\u043e\u0432\u0430 \u0422\u0430\u0442\u044c\u044f\u043d\u0430 \u041b\u0435\u043e\u043d\u0438\u0434\u043e\u0432\u043d\u0430", "2": "https://klientiks.ru/clientix/client/default/id/1297843", "3": 10765}}, {"id": 6609341, "name": "Chyawanaprasham_Nagarjuna 500g", "account_id": 10765, "date_create": 1582879137, "status": 6, "price": "700", "client_id": 3215797, "roistat": "\u0438\u043d\u0442\u0435\u0440\u043d\u0435\u0442", "executor": "\u0410\u0445\u043c\u0435\u0434\u043e\u0432\u0430 \u0422\u0430\u0442\u044c\u044f\u043d\u0430 \u041b\u0435\u043e\u043d\u0438\u0434\u043e\u0432\u043d\u0430", "is_sale": true, "appointment_id": 5853140, "fields": {"1": "\u0410\u0445\u043c\u0435\u0434\u043e\u0432\u0430 \u0422\u0430\u0442\u044c\u044f\u043d\u0430 \u041b\u0435\u043e\u043d\u0438\u0434\u043e\u0432\u043d\u0430", "2": "https://klientiks.ru/clientix/client/default/id/3215797", "3": 10765}}, {"id": 6609378, "name": "Chyawanaprasham_Nagarjuna 500g", "account_id": 10765, "date_create": 1582879329, "status": 6, "price": "700", "client_id": 3014911, "roistat": "\u043e\u0442 \u0437\u043d\u0430\u043a\u043e\u043c\u044b\u0445", "executor": "\u0410\u0445\u043c\u0435\u0434\u043e\u0432\u0430 \u0422\u0430\u0442\u044c\u044f\u043d\u0430 \u041b\u0435\u043e\u043d\u0438\u0434\u043e\u0432\u043d\u0430", "is_sale": true, "appointment_id": 5853176, "fields": {"1": "\u0410\u0445\u043c\u0435\u0434\u043e\u0432\u0430 \u0422\u0430\u0442\u044c\u044f\u043d\u0430 \u041b\u0435\u043e\u043d\u0438\u0434\u043e\u0432\u043d\u0430", "2": "https://klientiks.ru/clientix/client/default/id/3014911", "3": 10765}}, {"id": 6609424, "name": "Itone_eye_drop_\u043a\u0430\u043f\u043b\u0438,Chyawanaprasham_Nagarjuna 500g,Itone_eye_drop_\u043a\u0430\u043f\u043b\u0438,Chyawanaprasham_Nagarjuna 500g", "account_id": 10765, "date_create": 1582879528, "status": 6, "price": "980", "client_id": 3058502, "roistat": "\u043e\u0442 \u0437\u043d\u0430\u043a\u043e\u043c\u044b\u0445", "executor": "\u0410\u0445\u043c\u0435\u0434\u043e\u0432\u0430 \u0422\u0430\u0442\u044c\u044f\u043d\u0430 \u041b\u0435\u043e\u043d\u0438\u0434\u043e\u0432\u043d\u0430", "is_sale": true, "appointment_id": 5853219, "fields": {"1": "\u0410\u0445\u043c\u0435\u0434\u043e\u0432\u0430 \u0422\u0430\u0442\u044c\u044f\u043d\u0430 \u041b\u0435\u043e\u043d\u0438\u0434\u043e\u0432\u043d\u0430", "2": "https://klientiks.ru/clientix/client/default/id/3058502", "3": 10765}}, {"id": 6609494, "name": "\u0410\u044d\u0440\u043e\u0439\u043e\u0433\u0430 (90 \u043c\u0438\u043d)", "account_id": 10765, "date_create": 1582879922, "status": 6, "price": "0", "client_id": 3144287, "roistat": "\u0438\u043d\u0442\u0435\u0440\u043d\u0435\u0442", "executor": "\u0421\u043e\u0431\u0435\u043d\u043d\u0438\u043a\u043e\u0432\u0430 \u041e\u043a\u0441\u0430\u043d\u0430 \u042e\u0440\u044c\u0435\u0432\u043d\u0430", "is_sale": false, "appointment_id": 5833242, "fields": {"1": "\u0421\u043e\u0431\u0435\u043d\u043d\u0438\u043a\u043e\u0432\u0430 \u041e\u043a\u0441\u0430\u043d\u0430 \u042e\u0440\u044c\u0435\u0432\u043d\u0430", "2": "https://klientiks.ru/clientix/client/default/id/3144287", "3": 10765}}, {"id": 6609665, "name": "\u0410\u044d\u0440\u043e\u0439\u043e\u0433\u0430 (90 \u043c\u0438\u043d)", "account_id": 10765, "date_create": 1582880922, "status": 6, "price": "0", "client_id": 1108070, "roistat": "\u0438\u043d\u0442\u0435\u0440\u043d\u0435\u0442", "executor": "\u0421\u043e\u0431\u0435\u043d\u043d\u0438\u043a\u043e\u0432\u0430 \u041e\u043a\u0441\u0430\u043d\u0430 \u042e\u0440\u044c\u0435\u0432\u043d\u0430", "is_sale": false, "appointment_id": 5833243, "fields": {"1": "\u0421\u043e\u0431\u0435\u043d\u043d\u0438\u043a\u043e\u0432\u0430 \u041e\u043a\u0441\u0430\u043d\u0430 \u042e\u0440\u044c\u0435\u0432\u043d\u0430", "2": "https://klientiks.ru/clientix/client/default/id/1108070", "3": 10765}}, {"id": 6609667, "name": "\u0410\u044d\u0440\u043e\u0439\u043e\u0433\u0430 (90 \u043c\u0438\u043d)", "account_id": 10765, "date_create": 1582880934, "status": 6, "price": "0", "client_id": 3014911, "roistat": "\u043e\u0442 \u0437\u043d\u0430\u043a\u043e\u043c\u044b\u0445", "executor": "\u0421\u043e\u0431\u0435\u043d\u043d\u0438\u043a\u043e\u0432\u0430 \u041e\u043a\u0441\u0430\u043d\u0430 \u042e\u0440\u044c\u0435\u0432\u043d\u0430", "is_sale": false, "appointment_id": 5833243, "fields": {"1": "\u0421\u043e\u0431\u0435\u043d\u043d\u0438\u043a\u043e\u0432\u0430 \u041e\u043a\u0441\u0430\u043d\u0430 \u042e\u0440\u044c\u0435\u0432\u043d\u0430", "2": "https://klientiks.ru/clientix/client/default/id/3014911", "3": 10765}}, {"id": 6609779, "name": "Drakshadi_kashayam_200ml", "account_id": 10765, "date_create": 1582881396, "status": 6, "price": "850", "client_id": 3188843, "roistat": "\u0438\u043d\u0442\u0435\u0440\u043d\u0435\u0442", "executor": "\u0410\u0445\u043c\u0435\u0434\u043e\u0432\u0430 \u0422\u0430\u0442\u044c\u044f\u043d\u0430 \u041b\u0435\u043e\u043d\u0438\u0434\u043e\u0432\u043d\u0430", "is_sale": true, "appointment_id": 5853564, "fields": {"1": "\u0410\u0445\u043c\u0435\u0434\u043e\u0432\u0430 \u0422\u0430\u0442\u044c\u044f\u043d\u0430 \u041b\u0435\u043e\u043d\u0438\u0434\u043e\u0432\u043d\u0430", "2": "https://klientiks.ru/clientix/client/default/id/3188843", "3": 10765}}, {"id": 6609863, "name": "\u0423\u043c\u0430\u0441\u043b\u0438\u0432\u0430\u043d\u0438\u0435  (30 \u043c\u0438\u043d.),\u0428\u0438\u0440\u043e\u0434\u0445\u0430\u0440\u0430 (60 \u043c\u0438\u043d. \u0441\u0442\u0440\u0443\u044f\u0449\u0435\u0435\u0441\u044f \u043c\u0430\u0441\u043b\u043e \u043d\u0430 \u043b\u043e\u0431),\u0428\u0438\u0440\u043e\u0434\u0445\u0430\u0440\u0430 (60 \u043c\u0438\u043d. \u0441\u0442\u0440\u0443\u044f\u0449\u0435\u0435\u0441\u044f \u043c\u0430\u0441\u043b\u043e \u043d\u0430 \u043b\u043e\u0431),\u0423\u043c\u0430\u0441\u043b\u0438\u0432\u0430\u043d\u0438\u0435  (30 \u043c\u0438\u043d.)", "account_id": 10765, "date_create": 1582881858, "status": 6, "price": "0", "client_id": 3058502, "roistat": "\u043e\u0442 \u0437\u043d\u0430\u043a\u043e\u043c\u044b\u0445", "executor": "\u0424\u0438\u043b\u0438\u043f \u0412\u0438\u043c\u0430\u043b\u0430 \u0412\u0438\u043f\u0438\u043d", "is_sale": false, "appointment_id": 5853640, "fields": {"1": "\u0424\u0438\u043b\u0438\u043f \u0412\u0438\u043c\u0430\u043b\u0430 \u0412\u0438\u043f\u0438\u043d", "2": "https://klientiks.ru/clientix/client/default/id/3058502", "3": 10765}}, {"id": 6610697, "name": "\u0410\u044e\u0440\u0432\u0435\u0434\u0430 \u043a\u043e\u043d\u0441\u0443\u043b\u044c\u0442\u0430\u0446\u0438\u044f \u0432\u0440\u0430\u0447\u0430 (60 \u043c\u0438\u043d)", "account_id": 10765, "date_create": 1582886384, "status": 7, "price": null, "client_id": 3321057, "roistat": "\u0432\u043a", "executor": "\u041f\u0440\u0430\u0432\u0438\u043d \u0421\u0443\u0440\u0435\u043d\u0434\u0440\u0430\u043d\u043f\u0438\u043b\u0430\u0439 \u0412\u0430\u0441\u0430\u043d\u0442\u0430\u043a\u0443\u043c\u0430\u0440\u0438", "is_sale": false, "appointment_id": 5854476, "fields": {"1": "\u041f\u0440\u0430\u0432\u0438\u043d \u0421\u0443\u0440\u0435\u043d\u0434\u0440\u0430\u043d\u043f\u0438\u043b\u0430\u0439 \u0412\u0430\u0441\u0430\u043d\u0442\u0430\u043a\u0443\u043c\u0430\u0440\u0438", "2": "https://klientiks.ru/clientix/client/default/id/3321057", "3": 10765}}, {"id": 6611326, "name": "\u0410\u044e\u0440\u0432\u0435\u0434\u0430 \u043f\u043e\u0432\u0442\u043e\u0440\u043d\u0430\u044f \u043a\u043e\u043d\u0441\u0443\u043b\u044c\u0442\u0430\u0446\u0438\u044f \u0434\u043e\u043a\u0442\u043e\u0440\u0430 \u0412\u0430\u0440\u0443\u043d (30 \u043c\u0438\u043d.)", "account_id": 10765, "date_create": 1582889618, "status": 6, "price": "2000", "client_id": 2542180, "roistat": "\u043e\u0442 \u0437\u043d\u0430\u043a\u043e\u043c\u044b\u0445", "executor": "\u0412\u0430\u0440\u0443\u043d", "is_sale": false, "appointment_id": 5855067, "fields": {"1": "\u0412\u0430\u0440\u0443\u043d", "2": "https://klientiks.ru/clientix/client/default/id/2542180", "3": 10765}}, {"id": 6611774, "name": "\u0410\u044d\u0440\u043e\u0439\u043e\u0433\u0430 (90 \u043c\u0438\u043d)", "account_id": 10765, "date_create": 1582891766, "status": 6, "price": "0", "client_id": 1122031, "roistat": "\u0441\u043e\u0442\u0440\u0443\u0434\u043d\u0438\u043a", "executor": "\u0421\u043e\u0431\u0435\u043d\u043d\u0438\u043a\u043e\u0432\u0430 \u041e\u043a\u0441\u0430\u043d\u0430 \u042e\u0440\u044c\u0435\u0432\u043d\u0430", "is_sale": false, "appointment_id": 5543994, "fields": {"1": "\u0421\u043e\u0431\u0435\u043d\u043d\u0438\u043a\u043e\u0432\u0430 \u041e\u043a\u0441\u0430\u043d\u0430 \u042e\u0440\u044c\u0435\u0432\u043d\u0430", "2": "https://klientiks.ru/clientix/client/default/id/1122031", "3": 10765}}, {"id": 6611781, "name": "\u0410\u044d\u0440\u043e\u0439\u043e\u0433\u0430 (90 \u043c\u0438\u043d)", "account_id": 10765, "date_create": 1582891793, "status": 6, "price": "0", "client_id": 1109904, "roistat": "\u0441\u043e\u0442\u0440\u0443\u0434\u043d\u0438\u043a", "executor": "\u0421\u043e\u0431\u0435\u043d\u043d\u0438\u043a\u043e\u0432\u0430 \u041e\u043a\u0441\u0430\u043d\u0430 \u042e\u0440\u044c\u0435\u0432\u043d\u0430", "is_sale": false, "appointment_id": 5833284, "fields": {"1": "\u0421\u043e\u0431\u0435\u043d\u043d\u0438\u043a\u043e\u0432\u0430 \u041e\u043a\u0441\u0430\u043d\u0430 \u042e\u0440\u044c\u0435\u0432\u043d\u0430", "2": "https://klientiks.ru/clientix/client/default/id/1109904", "3": 10765}}, {"id": 6612051, "name": "\u0410\u044e\u0440\u0432\u0435\u0434\u0430 \u043f\u043e\u0432\u0442\u043e\u0440\u043d\u0430\u044f \u043a\u043e\u043d\u0441\u0443\u043b\u044c\u0442\u0430\u0446\u0438\u044f \u0432\u0440\u0430\u0447\u0430 \u0432 \u043d\u0430\u0437\u043d\u0430\u0447\u0435\u043d\u043d\u044b\u0439 \u0441\u0440\u043e\u043a (30 \u043c\u0438\u043d)", "account_id": 10765, "date_create": 1582893369, "status": 6, "price": "2000", "client_id": 1122769, "roistat": "\u0412\u0445\u043e\u0434\u044f\u0449\u0438\u0439 \u0437\u0432\u043e\u043d\u043e\u043a", "executor": "\u041f\u0440\u0430\u0432\u0438\u043d \u0421\u0443\u0440\u0435\u043d\u0434\u0440\u0430\u043d\u043f\u0438\u043b\u0430\u0439 \u0412\u0430\u0441\u0430\u043d\u0442\u0430\u043a\u0443\u043c\u0430\u0440\u0438", "is_sale": false, "appointment_id": 5855752, "fields": {"1": "\u041f\u0440\u0430\u0432\u0438\u043d \u0421\u0443\u0440\u0435\u043d\u0434\u0440\u0430\u043d\u043f\u0438\u043b\u0430\u0439 \u0412\u0430\u0441\u0430\u043d\u0442\u0430\u043a\u0443\u043c\u0430\u0440\u0438", "2": "https://klientiks.ru/clientix/client/default/id/1122769", "3": 10765}}, {"id": 6612512, "name": "\u0410\u044e\u0440\u0432\u0435\u0434\u0430 \u043f\u043e\u0432\u0442\u043e\u0440\u043d\u0430\u044f  \u043a\u043e\u043d\u0441\u0443\u043b\u044c\u0442\u0430\u0446\u0438\u044f \u0432\u0440\u0430\u0447\u0430 (30 \u043c\u0438\u043d)", "account_id": 10765, "date_create": 1582895755, "status": 7, "price": null, "client_id": 2758536, "roistat": "\u043e\u0442 \u0437\u043d\u0430\u043a\u043e\u043c\u044b\u0445", "executor": "\u041f\u0440\u0430\u0432\u0438\u043d \u0421\u0443\u0440\u0435\u043d\u0434\u0440\u0430\u043d\u043f\u0438\u043b\u0430\u0439 \u0412\u0430\u0441\u0430\u043d\u0442\u0430\u043a\u0443\u043c\u0430\u0440\u0438", "is_sale": false, "appointment_id": 5856150, "fields": {"1": "\u041f\u0440\u0430\u0432\u0438\u043d \u0421\u0443\u0440\u0435\u043d\u0434\u0440\u0430\u043d\u043f\u0438\u043b\u0430\u0439 \u0412\u0430\u0441\u0430\u043d\u0442\u0430\u043a\u0443\u043c\u0430\u0440\u0438", "2": "https://klientiks.ru/clientix/client/default/id/2758536", "3": 10765}}, {"id": 6613111, "name": "Sukumara_Kashayam_200 ml", "account_id": 10765, "date_create": 1582899890, "status": 6, "price": "800", "client_id": 3258794, "roistat": "\u0412\u0445\u043e\u0434\u044f\u0449\u0438\u0439 \u0437\u0432\u043e\u043d\u043e\u043a", "executor": "\u0410\u0445\u043c\u0435\u0434\u043e\u0432\u0430 \u0422\u0430\u0442\u044c\u044f\u043d\u0430 \u041b\u0435\u043e\u043d\u0438\u0434\u043e\u0432\u043d\u0430", "is_sale": true, "appointment_id": 5856720, "fields": {"1": "\u0410\u0445\u043c\u0435\u0434\u043e\u0432\u0430 \u0422\u0430\u0442\u044c\u044f\u043d\u0430 \u041b\u0435\u043e\u043d\u0438\u0434\u043e\u0432\u043d\u0430", "2": "https://klientiks.ru/clientix/client/default/id/3258794", "3": 10765}}, {"id": 6613142, "name": "\u0410\u044d\u0440\u043e\u0439\u043e\u0433\u0430 (90 \u043c\u0438\u043d)", "account_id": 10765, "date_create": 1582900096, "status": 6, "price": "800", "client_id": 3244018, "roistat": "\u0438\u043d\u0442\u0435\u0440\u043d\u0435\u0442", "executor": "\u0412\u043b\u0430\u0441\u043e\u0432\u0430 \u0415\u043b\u0435\u043d\u0430 \u0421\u0435\u0440\u0433\u0435\u0435\u0432\u043d\u0430", "is_sale": false, "appointment_id": 5762040, "fields": {"1": "\u0412\u043b\u0430\u0441\u043e\u0432\u0430 \u0415\u043b\u0435\u043d\u0430 \u0421\u0435\u0440\u0433\u0435\u0435\u0432\u043d\u0430", "2": "https://klientiks.ru/clientix/client/default/id/3244018", "3": 10765}}, {"id": 6613439, "name": "\u0428\u0430\u043c\u043f\u0443\u043d\u044c_Trichup,\u0428\u0430\u043c\u043f\u0443\u043d\u044c_Trichup,\u041a\u0430\u0440\u0434\u043e\u043c\u043e\u043d_\u0437\u0435\u043b\u0435\u043d\u044b\u0439,\u041a\u0430\u0440\u0434\u043e\u043c\u043e\u043d_\u0437\u0435\u043b\u0435\u043d\u044b\u0439,\u0428\u0430\u043c\u043f\u0443\u043d\u044c_Trichup,\u041a\u0430\u0440\u0434\u043e\u043c\u043e\u043d_\u0437\u0435\u043b\u0435\u043d\u044b\u0439,Brahmarasayanam_200ml,Brahmarasayanam_200ml,Brahmarasayanam_200ml", "account_id": 10765, "date_create": 1582901878, "status": 6, "price": "1250", "client_id": 3276868, "roistat": "\u0412\u0445\u043e\u0434\u044f\u0449\u0438\u0439 \u0437\u0432\u043e\u043d\u043e\u043a", "executor": "\u0410\u0445\u043c\u0435\u0434\u043e\u0432\u0430 \u0422\u0430\u0442\u044c\u044f\u043d\u0430 \u041b\u0435\u043e\u043d\u0438\u0434\u043e\u0432\u043d\u0430", "is_sale": true, "appointment_id": 5857007, "fields": {"1": "\u0410\u0445\u043c\u0435\u0434\u043e\u0432\u0430 \u0422\u0430\u0442\u044c\u044f\u043d\u0430 \u041b\u0435\u043e\u043d\u0438\u0434\u043e\u0432\u043d\u0430", "2": "https://klientiks.ru/clientix/client/default/id/3276868", "3": 10765}}, {"id": 6613600, "name": "Arjunarishtam_450ml", "account_id": 10765, "date_create": 1582902783, "status": 6, "price": "835", "client_id": 2623071, "roistat": "\u0441\u043e\u0442\u0440\u0443\u0434\u043d\u0438\u043a", "executor": "\u0410\u0445\u043c\u0435\u0434\u043e\u0432\u0430 \u0422\u0430\u0442\u044c\u044f\u043d\u0430 \u041b\u0435\u043e\u043d\u0438\u0434\u043e\u0432\u043d\u0430", "is_sale": true, "appointment_id": 5857122, "fields": {"1": "\u0410\u0445\u043c\u0435\u0434\u043e\u0432\u0430 \u0422\u0430\u0442\u044c\u044f\u043d\u0430 \u041b\u0435\u043e\u043d\u0438\u0434\u043e\u0432\u043d\u0430", "2": "https://klientiks.ru/clientix/client/default/id/2623071", "3": 10765}}, {"id": 6614597, "name": "\u0410\u044e\u0440\u0432\u0435\u0434\u0430 \u043f\u043e\u0432\u0442\u043e\u0440\u043d\u0430\u044f \u043a\u043e\u043d\u0441\u0443\u043b\u044c\u0442\u0430\u0446\u0438\u044f \u0432\u0440\u0430\u0447\u0430 \u0432 \u043d\u0430\u0437\u043d\u0430\u0447\u0435\u043d\u043d\u044b\u0439 \u0441\u0440\u043e\u043a (30 \u043c\u0438\u043d)", "account_id": 10765, "date_create": 1582905636, "status": 6, "price": "2000", "client_id": 1383790, "roistat": "\u0421\u043e\u0432\u0435\u0442 \u0414\u0440\u0443\u0437\u0435\u0439", "executor": "\u041f\u0440\u0430\u0432\u0438\u043d \u0421\u0443\u0440\u0435\u043d\u0434\u0440\u0430\u043d\u043f\u0438\u043b\u0430\u0439 \u0412\u0430\u0441\u0430\u043d\u0442\u0430\u043a\u0443\u043c\u0430\u0440\u0438", "is_sale": false, "appointment_id": 5857428, "fields": {"1": "\u041f\u0440\u0430\u0432\u0438\u043d \u0421\u0443\u0440\u0435\u043d\u0434\u0440\u0430\u043d\u043f\u0438\u043b\u0430\u0439 \u0412\u0430\u0441\u0430\u043d\u0442\u0430\u043a\u0443\u043c\u0430\u0440\u0438", "2": "https://klientiks.ru/clientix/client/default/id/1383790", "3": 10765}}, {"id": 6614744, "name": "\u041a\u0430\u043b\u0430\u0440\u0438 \u043c\u0430\u0441\u0441\u0430\u0436 (60 \u043c\u0438\u043d. \u043d\u043e\u0436\u043d\u043e\u0439 \u043c\u0430\u0441\u043b\u044f\u043d\u044b\u0439 \u043c\u0430\u0441\u0441\u0430\u0436)", "account_id": 10765, "date_create": 1582906765, "status": 6, "price": "0", "client_id": 2936299, "roistat": "\u0412\u0445\u043e\u0434\u044f\u0449\u0438\u0439 \u0437\u0432\u043e\u043d\u043e\u043a,\u043e\u0442 \u0437\u043d\u0430\u043a\u043e\u043c\u044b\u0445", "executor": "\u0424\u0438\u043b\u0438\u043f \u0412\u0438\u043c\u0430\u043b\u0430 \u0412\u0438\u043f\u0438\u043d", "is_sale": false, "appointment_id": 5857568, "fields": {"1": "\u0424\u0438\u043b\u0438\u043f \u0412\u0438\u043c\u0430\u043b\u0430 \u0412\u0438\u043f\u0438\u043d", "2": "https://klientiks.ru/clientix/client/default/id/2936299", "3": 10765}}, {"id": 6614748, "name": "\u0410\u0431\u0445\u044a\u044f\u043d\u0433\u0430 \u043c\u0430\u0441\u0441\u0430\u0436 (60 \u043c\u0438\u043d. \u0440\u0443\u0447\u043d\u043e\u0439 \u043c\u0430\u0441\u043b\u044f\u043d\u044b\u0439 \u043c\u0430\u0441\u0441\u0430\u0436 \u0432 2 \u0440\u0443\u043a\u0438)", "account_id": 10765, "date_create": 1582906812, "status": 6, "price": "0", "client_id": 2936299, "roistat": "\u0412\u0445\u043e\u0434\u044f\u0449\u0438\u0439 \u0437\u0432\u043e\u043d\u043e\u043a,\u043e\u0442 \u0437\u043d\u0430\u043a\u043e\u043c\u044b\u0445", "executor": "\u041d\u0438\u0431\u0438\u043d \u041a\u043e\u0434\u0430\u0442 \u0414\u0438\u043d\u0435\u0441\u0430\u043d", "is_sale": false, "appointment_id": 5857573, "fields": {"1": "\u041d\u0438\u0431\u0438\u043d \u041a\u043e\u0434\u0430\u0442 \u0414\u0438\u043d\u0435\u0441\u0430\u043d", "2": "https://klientiks.ru/clientix/client/default/id/2936299", "3": 10765}}, {"id": 6614839, "name": "\u0423\u043c\u0430\u0441\u043b\u0438\u0432\u0430\u043d\u0438\u0435  (30 \u043c\u0438\u043d.)", "account_id": 10765, "date_create": 1582907560, "status": 6, "price": "1440", "client_id": 1123631, "roistat": "\u043f\u043e\u0441\u0442\u043e\u044f\u043d\u043d\u044b\u0439 \u043a\u043b\u0438\u0435\u043d\u0442", "executor": "\u0428\u0440\u0438\u0442\u0430", "is_sale": false, "appointment_id": 5857654, "fields": {"1": "\u0428\u0440\u0438\u0442\u0430", "2": "https://klientiks.ru/clientix/client/default/id/1123631", "3": 10765}}, {"id": 6614872, "name": "\u0423\u043c\u0430\u0441\u043b\u0438\u0432\u0430\u043d\u0438\u0435  (30 \u043c\u0438\u043d.)", "account_id": 10765, "date_create": 1582908126, "status": 6, "price": "1440", "client_id": 1123631, "roistat": "\u043f\u043e\u0441\u0442\u043e\u044f\u043d\u043d\u044b\u0439 \u043a\u043b\u0438\u0435\u043d\u0442", "executor": "\u0428\u0440\u0438\u0442\u0430", "is_sale": false, "appointment_id": 5857693, "fields": {"1": "\u0428\u0440\u0438\u0442\u0430", "2": "https://klientiks.ru/clientix/client/default/id/1123631", "3": 10765}}, {"id": 6614880, "name": "Koflet_1_\u043a\u043e\u043d\u0444\u0435\u0442\u0430", "account_id": 10765, "date_create": 1582908200, "status": 6, "price": "150", "client_id": 1123631, "roistat": "\u043f\u043e\u0441\u0442\u043e\u044f\u043d\u043d\u044b\u0439 \u043a\u043b\u0438\u0435\u043d\u0442", "executor": "\u0410\u0445\u043c\u0435\u0434\u043e\u0432\u0430 \u0422\u0430\u0442\u044c\u044f\u043d\u0430 \u041b\u0435\u043e\u043d\u0438\u0434\u043e\u0432\u043d\u0430", "is_sale": true, "appointment_id": 5857701, "fields": {"1": "\u0410\u0445\u043c\u0435\u0434\u043e\u0432\u0430 \u0422\u0430\u0442\u044c\u044f\u043d\u0430 \u041b\u0435\u043e\u043d\u0438\u0434\u043e\u0432\u043d\u0430", "2": "https://klientiks.ru/clientix/client/default/id/1123631", "3": 10765}}, {"id": 6614887, "name": "\u041a\u0430\u043b\u0430\u0440\u0438 \u043c\u0430\u0441\u0441\u0430\u0436 (60 \u043c\u0438\u043d. \u043d\u043e\u0436\u043d\u043e\u0439 \u043c\u0430\u0441\u043b\u044f\u043d\u044b\u0439 \u043c\u0430\u0441\u0441\u0430\u0436)", "account_id": 10765, "date_create": 1582908326, "status": 6, "price": "0", "client_id": 2936299, "roistat": "\u0412\u0445\u043e\u0434\u044f\u0449\u0438\u0439 \u0437\u0432\u043e\u043d\u043e\u043a,\u043e\u0442 \u0437\u043d\u0430\u043a\u043e\u043c\u044b\u0445", "executor": "\u0424\u0438\u043b\u0438\u043f \u0412\u0438\u043c\u0430\u043b\u0430 \u0412\u0438\u043f\u0438\u043d", "is_sale": false, "appointment_id": 5857708, "fields": {"1": "\u0424\u0438\u043b\u0438\u043f \u0412\u0438\u043c\u0430\u043b\u0430 \u0412\u0438\u043f\u0438\u043d", "2": "https://klientiks.ru/clientix/client/default/id/2936299", "3": 10765}}, {"id": 6614892, "name": "\u041a\u0430\u043b\u0430\u0440\u0438 \u043c\u0430\u0441\u0441\u0430\u0436 (60 \u043c\u0438\u043d. \u043d\u043e\u0436\u043d\u043e\u0439 \u043c\u0430\u0441\u043b\u044f\u043d\u044b\u0439 \u043c\u0430\u0441\u0441\u0430\u0436)", "account_id": 10765, "date_create": 1582908371, "status": 7, "price": null, "client_id": 2936299, "roistat": "\u0412\u0445\u043e\u0434\u044f\u0449\u0438\u0439 \u0437\u0432\u043e\u043d\u043e\u043a,\u043e\u0442 \u0437\u043d\u0430\u043a\u043e\u043c\u044b\u0445", "executor": "\u0424\u0438\u043b\u0438\u043f \u0412\u0438\u043c\u0430\u043b\u0430 \u0412\u0438\u043f\u0438\u043d", "is_sale": false, "appointment_id": 5857714, "fields": {"1": "\u0424\u0438\u043b\u0438\u043f \u0412\u0438\u043c\u0430\u043b\u0430 \u0412\u0438\u043f\u0438\u043d", "2": "https://klientiks.ru/clientix/client/default/id/2936299", "3": 10765}}, {"id": 6616355, "name": "\u0410\u0431\u0445\u044a\u044f\u043d\u0433\u0430 \u043c\u0430\u0441\u0441\u0430\u0436 (60 \u043c\u0438\u043d. \u0440\u0443\u0447\u043d\u043e\u0439 \u043c\u0430\u0441\u043b\u044f\u043d\u044b\u0439 \u043c\u0430\u0441\u0441\u0430\u0436 \u0432 2 \u0440\u0443\u043a\u0438),\u0410\u0431\u0445\u044a\u044f\u043d\u0433\u0430 \u043c\u0430\u0441\u0441\u0430\u0436 (60 \u043c\u0438\u043d. \u0440\u0443\u0447\u043d\u043e\u0439 \u043c\u0430\u0441\u043b\u044f\u043d\u044b\u0439 \u043c\u0430\u0441\u0441\u0430\u0436 \u0432 2 \u0440\u0443\u043a\u0438),\u041c\u0443\u043a\u0445\u0430\u0431\u0445\u044a\u044f\u043d\u0433\u0430 (30 \u043c\u0438\u043d. \u043c\u0430\u0441\u0441\u0430\u0436 \u043b\u0438\u0446\u0430),\u041c\u0443\u043a\u0445\u0430\u0431\u0445\u044a\u044f\u043d\u0433\u0430 (30 \u043c\u0438\u043d. \u043c\u0430\u0441\u0441\u0430\u0436 \u043b\u0438\u0446\u0430)", "account_id": 10765, "date_create": 1582958255, "status": 6, "price": "4400", "client_id": 2942716, "roistat": "\u0412\u0445\u043e\u0434\u044f\u0449\u0438\u0439 \u0437\u0432\u043e\u043d\u043e\u043a", "executor": "\u0428\u0440\u0438\u0442\u0430", "is_sale": false, "appointment_id": 5858940, "fields": {"1": "\u0428\u0440\u0438\u0442\u0430", "2": "https://klientiks.ru/clientix/client/default/id/2942716", "3": 10765}}, {"id": 6616633, "name": "\u0410\u044e\u0440\u0432\u0435\u0434\u0430 \u043a\u043e\u043d\u0441\u0443\u043b\u044c\u0442\u0430\u0446\u0438\u044f \u0432\u0440\u0430\u0447\u0430 (60 \u043c\u0438\u043d)", "account_id": 10765, "date_create": 1582960279, "status": 7, "price": null, "client_id": 3332399, "roistat": "\u0412\u0445\u043e\u0434\u044f\u0449\u0438\u0439 \u0437\u0432\u043e\u043d\u043e\u043a,\u0418\u043d\u0442\u0435\u0440\u043d\u0435\u0442", "executor": "\u041f\u0440\u0430\u0432\u0438\u043d \u0421\u0443\u0440\u0435\u043d\u0434\u0440\u0430\u043d\u043f\u0438\u043b\u0430\u0439 \u0412\u0430\u0441\u0430\u043d\u0442\u0430\u043a\u0443\u043c\u0430\u0440\u0438", "is_sale": false, "appointment_id": 5859207, "fields": {"1": "\u041f\u0440\u0430\u0432\u0438\u043d \u0421\u0443\u0440\u0435\u043d\u0434\u0440\u0430\u043d\u043f\u0438\u043b\u0430\u0439 \u0412\u0430\u0441\u0430\u043d\u0442\u0430\u043a\u0443\u043c\u0430\u0440\u0438", "2": "https://klientiks.ru/clientix/client/default/id/3332399", "3": 10765}}, {"id": 6617138, "name": "Tiktaka_Kwatham_100tab", "account_id": 10765, "date_create": 1582962755, "status": 6, "price": "1250", "client_id": 2695457, "roistat": "\u043e\u0442 \u0437\u043d\u0430\u043a\u043e\u043c\u044b\u0445", "executor": "\u0410\u0445\u043c\u0435\u0434\u043e\u0432\u0430 \u0422\u0430\u0442\u044c\u044f\u043d\u0430 \u041b\u0435\u043e\u043d\u0438\u0434\u043e\u0432\u043d\u0430", "is_sale": true, "appointment_id": 5859697, "fields": {"1": "\u0410\u0445\u043c\u0435\u0434\u043e\u0432\u0430 \u0422\u0430\u0442\u044c\u044f\u043d\u0430 \u041b\u0435\u043e\u043d\u0438\u0434\u043e\u0432\u043d\u0430", "2": "https://klientiks.ru/clientix/client/default/id/2695457", "3": 10765}}, {"id": 6617942, "name": "\u041a\u043e\u043d\u0441\u0443\u043b\u044c\u0442\u0430\u0446\u0438\u044f \u0430\u0441\u0442\u0440\u043e\u043b\u043e\u0433\u0430 \u0420\u0430\u0433\u0445\u0443\u043d\u0430\u0442\u0445  \u0441\u043a\u0430\u0439\u043f", "account_id": 10765, "date_create": 1582966621, "status": 7, "price": null, "client_id": 3325787, "roistat": "\u0412\u0445\u043e\u0434\u044f\u0449\u0438\u0439 \u0437\u0432\u043e\u043d\u043e\u043a,\u0418\u043d\u0442\u0435\u0440\u043d\u0435\u0442", "executor": "\u0420\u0430\u0433\u0445\u0443\u043d\u0430\u0442\u0445 \u041c\u0435\u043d\u043e\u043d", "is_sale": false, "appointment_id": 5860448, "fields": {"1": "\u0420\u0430\u0433\u0445\u0443\u043d\u0430\u0442\u0445 \u041c\u0435\u043d\u043e\u043d", "2": "https://klientiks.ru/clientix/client/default/id/3325787", "3": 10765}}, {"id": 6618358, "name": "\u0410\u044e\u0440\u0432\u0435\u0434\u0430 \u043a\u043e\u043d\u0441\u0443\u043b\u044c\u0442\u0430\u0446\u0438\u044f \u0432\u0440\u0430\u0447\u0430 (60 \u043c\u0438\u043d)", "account_id": 10765, "date_create": 1582968635, "status": 6, "price": "3200", "client_id": 3332878, "roistat": "\u0412\u0445\u043e\u0434\u044f\u0449\u0438\u0439 \u0437\u0432\u043e\u043d\u043e\u043a", "executor": "\u041f\u0440\u0430\u0432\u0438\u043d \u0421\u0443\u0440\u0435\u043d\u0434\u0440\u0430\u043d\u043f\u0438\u043b\u0430\u0439 \u0412\u0430\u0441\u0430\u043d\u0442\u0430\u043a\u0443\u043c\u0430\u0440\u0438", "is_sale": false, "appointment_id": 5860861, "fields": {"1": "\u041f\u0440\u0430\u0432\u0438\u043d \u0421\u0443\u0440\u0435\u043d\u0434\u0440\u0430\u043d\u043f\u0438\u043b\u0430\u0439 \u0412\u0430\u0441\u0430\u043d\u0442\u0430\u043a\u0443\u043c\u0430\u0440\u0438", "2": "https://klientiks.ru/clientix/client/default/id/3332878", "3": 10765}}, {"id": 6618409, "name": "\u0410\u044e\u0440\u0432\u0435\u0434\u0430 \u043a\u043e\u043d\u0441\u0443\u043b\u044c\u0442\u0430\u0446\u0438\u044f \u0432\u0440\u0430\u0447\u0430 (60 \u043c\u0438\u043d)", "account_id": 10765, "date_create": 1582968860, "status": 6, "price": "3200", "client_id": 3332903, "roistat": "\u0412\u0445\u043e\u0434\u044f\u0449\u0438\u0439 \u0437\u0432\u043e\u043d\u043e\u043a,\u0418\u043d\u0442\u0435\u0440\u043d\u0435\u0442", "executor": "\u041f\u0440\u0430\u0432\u0438\u043d \u0421\u0443\u0440\u0435\u043d\u0434\u0440\u0430\u043d\u043f\u0438\u043b\u0430\u0439 \u0412\u0430\u0441\u0430\u043d\u0442\u0430\u043a\u0443\u043c\u0430\u0440\u0438", "is_sale": false, "appointment_id": 5860916, "fields": {"1": "\u041f\u0440\u0430\u0432\u0438\u043d \u0421\u0443\u0440\u0435\u043d\u0434\u0440\u0430\u043d\u043f\u0438\u043b\u0430\u0439 \u0412\u0430\u0441\u0430\u043d\u0442\u0430\u043a\u0443\u043c\u0430\u0440\u0438", "2": "https://klientiks.ru/clientix/client/default/id/3332903", "3": 10765}}, {"id": 6618428, "name": "Ashwagandha_60tab_Kutir\u0425\u0423\u0419s,Drakshadi_kashayam_200ml,\u041a\u0443\u043d\u0436\u0443\u0442\u043d\u043e\u0435_\u043c\u0430\u0441\u043b\u043e_\u041a\u0430\u043c\u0430\u043b\u0430,\u041a\u0443\u043d\u0436\u0443\u0442\u043d\u043e\u0435_\u043c\u0430\u0441\u043b\u043e_\u041a\u0430\u043c\u0430\u043b\u0430,Avipathi_choornam_30g,Ashwagandha_60tab_Kutir\u0425\u0423\u0419s,Drakshadi_kashayam_200ml,Septilin_Himalaya_60 tab,Drakshadi_kashayam_200ml,\u041a\u0443\u043d\u0436\u0443\u0442\u043d\u043e\u0435_\u043c\u0430\u0441\u043b\u043e_\u041a\u0430\u043c\u0430\u043b\u0430,Avipathi_choornam_30g,Drakshadi_kashayam_200ml,Septilin_Himalaya_60 tab,Ashwagandha_60tab_Kutir\u0425\u0423\u0419s,Septilin_Himalaya_60 tab,Avipathi_choornam_30g,Ashwagandha_60tab_Kutir\u0425\u0423\u0419s,Septilin_Himalaya_60 tab,Drakshadi_kashayam_200ml,\u041a\u0443\u043d\u0436\u0443\u0442\u043d\u043e\u0435_\u043c\u0430\u0441\u043b\u043e_\u041a\u0430\u043c\u0430\u043b\u0430,Avipathi_choornam_30g,\u041a\u0443\u043d\u0436\u0443\u0442\u043d\u043e\u0435_\u043c\u0430\u0441\u043b\u043e_\u041a\u0430\u043c\u0430\u043b\u0430,Avipathi_choornam_30g,Ashwagandha_60tab_Kutir\u0425\u0423\u0419s,Septilin_Himalaya_60 tab", "account_id": 10765, "date_create": 1582968967, "status": 6, "price": "1750", "client_id": 3255176, "roistat": "\u043e\u0442 \u0437\u043d\u0430\u043a\u043e\u043c\u044b\u0445,\u0418\u043d\u0442\u0435\u0440\u043d\u0435\u0442", "executor": "\u0410\u0445\u043c\u0435\u0434\u043e\u0432\u0430 \u0422\u0430\u0442\u044c\u044f\u043d\u0430 \u041b\u0435\u043e\u043d\u0438\u0434\u043e\u0432\u043d\u0430", "is_sale": true, "appointment_id": 5860936, "fields": {"1": "\u0410\u0445\u043c\u0435\u0434\u043e\u0432\u0430 \u0422\u0430\u0442\u044c\u044f\u043d\u0430 \u041b\u0435\u043e\u043d\u0438\u0434\u043e\u0432\u043d\u0430", "2": "https://klientiks.ru/clientix/client/default/id/3255176", "3": 10765}}, {"id": 6618714, "name": "\u0410\u0431\u0445\u044a\u044f\u043d\u0433\u0430 \u043c\u0430\u0441\u0441\u0430\u0436 (60 \u043c\u0438\u043d. \u0440\u0443\u0447\u043d\u043e\u0439 \u043c\u0430\u0441\u043b\u044f\u043d\u044b\u0439 \u043c\u0430\u0441\u0441\u0430\u0436 \u0432 2 \u0440\u0443\u043a\u0438)", "account_id": 10765, "date_create": 1582970573, "status": 6, "price": "3200", "client_id": 3255176, "roistat": "\u043e\u0442 \u0437\u043d\u0430\u043a\u043e\u043c\u044b\u0445,\u0418\u043d\u0442\u0435\u0440\u043d\u0435\u0442", "executor": "\u0428\u0440\u0438\u0442\u0430", "is_sale": false, "appointment_id": 5727454, "fields": {"1": "\u0428\u0440\u0438\u0442\u0430", "2": "https://klientiks.ru/clientix/client/default/id/3255176", "3": 10765}}, {"id": 6619065, "name": "\u0410\u044e\u0440\u0432\u0435\u0434\u0430 \u043f\u043e\u0432\u0442\u043e\u0440\u043d\u0430\u044f \u043a\u043e\u043d\u0441\u0443\u043b\u044c\u0442\u0430\u0446\u0438\u044f \u0432\u0440\u0430\u0447\u0430 \u0432 \u043d\u0430\u0437\u043d\u0430\u0447\u0435\u043d\u043d\u044b\u0439 \u0441\u0440\u043e\u043a (30 \u043c\u0438\u043d)", "account_id": 10765, "date_create": 1582972818, "status": 7, "price": null, "client_id": 3255176, "roistat": "\u043e\u0442 \u0437\u043d\u0430\u043a\u043e\u043c\u044b\u0445,\u0418\u043d\u0442\u0435\u0440\u043d\u0435\u0442", "executor": "\u041f\u0440\u0430\u0432\u0438\u043d \u0421\u0443\u0440\u0435\u043d\u0434\u0440\u0430\u043d\u043f\u0438\u043b\u0430\u0439 \u0412\u0430\u0441\u0430\u043d\u0442\u0430\u043a\u0443\u043c\u0430\u0440\u0438", "is_sale": false, "appointment_id": 5861541, "fields": {"1": "\u041f\u0440\u0430\u0432\u0438\u043d \u0421\u0443\u0440\u0435\u043d\u0434\u0440\u0430\u043d\u043f\u0438\u043b\u0430\u0439 \u0412\u0430\u0441\u0430\u043d\u0442\u0430\u043a\u0443\u043c\u0430\u0440\u0438", "2": "https://klientiks.ru/clientix/client/default/id/3255176", "3": 10765}}, {"id": 6619635, "name": "\u0410\u0431\u0445\u044a\u044f\u043d\u0433\u0430 \u043c\u0430\u0441\u0441\u0430\u0436 (60 \u043c\u0438\u043d. \u0440\u0443\u0447\u043d\u043e\u0439 \u043c\u0430\u0441\u043b\u044f\u043d\u044b\u0439 \u043c\u0430\u0441\u0441\u0430\u0436 \u0432 2 \u0440\u0443\u043a\u0438)", "account_id": 10765, "date_create": 1582976474, "status": 7, "price": null, "client_id": 2319865, "roistat": "\u0412\u0445\u043e\u0434\u044f\u0449\u0438\u0439 \u0437\u0432\u043e\u043d\u043e\u043a", "executor": "\u0410\u043f\u043f\u043e", "is_sale": false, "appointment_id": 5862108, "fields": {"1": "\u0410\u043f\u043f\u043e", "2": "https://klientiks.ru/clientix/client/default/id/2319865", "3": 10765}}, {"id": 6619896, "name": "\u041a\u0438\u0436\u0438 \u043c\u0430\u0441\u0441\u0430\u0436 (60 \u043c\u0438\u043d. \u043f\u0438\u043d\u0434\u0430\u0441\u0432\u0435\u0434\u0430\u043d\u0430, \u043c\u0430\u0441\u0441\u0430\u0436 \u043c\u0435\u0448\u043e\u0447\u043a\u0430\u043c\u0438 \u0432 2 \u0440\u0443\u043a\u0438)", "account_id": 10765, "date_create": 1582978641, "status": 7, "price": null, "client_id": 3122840, "roistat": "\u0420\u043e\u0434\u0441\u0442\u0432\u0435\u043d\u043d\u0438\u043a \u043d\u0430\u0448\u0435\u0433\u043e \u043a\u043b\u0438\u0435\u043d\u0442\u0430", "executor": "\u0424\u0438\u043b\u0438\u043f \u0412\u0438\u043c\u0430\u043b\u0430 \u0412\u0438\u043f\u0438\u043d", "is_sale": false, "appointment_id": 5862352, "fields": {"1": "\u0424\u0438\u043b\u0438\u043f \u0412\u0438\u043c\u0430\u043b\u0430 \u0412\u0438\u043f\u0438\u043d", "2": "https://klientiks.ru/clientix/client/default/id/3122840", "3": 10765}}, {"id": 6620022, "name": "\u0410\u044e\u0440\u0432\u0435\u0434\u0430 \u043f\u043e\u0432\u0442\u043e\u0440\u043d\u0430\u044f  \u043a\u043e\u043d\u0441\u0443\u043b\u044c\u0442\u0430\u0446\u0438\u044f \u043f\u0440\u0438\u0433\u043b\u0430\u0448\u0435\u043d\u043d\u043e\u0433\u043e \u0441\u043f\u0435\u0446\u0438\u0430\u043b\u0438\u0441\u0442\u0430 (30 \u043c\u0438\u043d)", "account_id": 10765, "date_create": 1582979786, "status": 6, "price": "2500", "client_id": 2823274, "roistat": "\u0421\u043e\u0432\u0435\u0442 \u0414\u0440\u0443\u0437\u0435\u0439,\u0438\u043d\u0442\u0435\u0440\u043d\u0435\u0442", "executor": "\u0414\u0436\u0430\u0442\u0445\u0430\u0432 \u041f\u0430\u0440\u0435\u0448", "is_sale": false, "appointment_id": 5862466, "fields": {"1": "\u0414\u0436\u0430\u0442\u0445\u0430\u0432 \u041f\u0430\u0440\u0435\u0448", "2": "https://klientiks.ru/clientix/client/default/id/2823274", "3": 10765}}, {"id": 6620738, "name": "\u0421\u0435\u0430\u043d\u0441 \u0432 \u043a\u0435\u0434\u0440\u043e\u0432\u043e\u0439 \u0431\u043e\u0447\u043a\u0435 \u0441 \u0444\u0438\u0442\u043e\u0441\u0431\u043e\u0440\u043e\u043c,\u0421\u0435\u0430\u043d\u0441 \u0432 \u043a\u0435\u0434\u0440\u043e\u0432\u043e\u0439 \u0431\u043e\u0447\u043a\u0435 \u0441 \u0444\u0438\u0442\u043e\u0441\u0431\u043e\u0440\u043e\u043c,\u0410\u0431\u0445\u044a\u044f\u043d\u0433\u0430 \u043c\u0430\u0441\u0441\u0430\u0436 (60 \u043c\u0438\u043d. \u0440\u0443\u0447\u043d\u043e\u0439 \u043c\u0430\u0441\u043b\u044f\u043d\u044b\u0439 \u043c\u0430\u0441\u0441\u0430\u0436 \u0432 2 \u0440\u0443\u043a\u0438),\u0410\u0431\u0445\u044a\u044f\u043d\u0433\u0430 \u043c\u0430\u0441\u0441\u0430\u0436 (60 \u043c\u0438\u043d. \u0440\u0443\u0447\u043d\u043e\u0439 \u043c\u0430\u0441\u043b\u044f\u043d\u044b\u0439 \u043c\u0430\u0441\u0441\u0430\u0436 \u0432 2 \u0440\u0443\u043a\u0438)", "account_id": 10765, "date_create": 1582985690, "status": 6, "price": "0", "client_id": 3263662, "roistat": "\u043f\u043e\u0441\u0442\u043e\u044f\u043d\u043d\u044b\u0439 \u043a\u043b\u0438\u0435\u043d\u0442", "executor": "\u0428\u0440\u0438\u0442\u0430", "is_sale": false, "appointment_id": 5863078, "fields": {"1": "\u0428\u0440\u0438\u0442\u0430", "2": "https://klientiks.ru/clientix/client/default/id/3263662", "3": 10765}}, {"id": 6620742, "name": "\u041a\u0430\u043b\u0430\u0440\u0438 \u043c\u0430\u0441\u0441\u0430\u0436 (60 \u043c\u0438\u043d. \u043d\u043e\u0436\u043d\u043e\u0439 \u043c\u0430\u0441\u043b\u044f\u043d\u044b\u0439 \u043c\u0430\u0441\u0441\u0430\u0436),\u041a\u0430\u043b\u0430\u0440\u0438 \u043c\u0430\u0441\u0441\u0430\u0436 (60 \u043c\u0438\u043d. \u043d\u043e\u0436\u043d\u043e\u0439 \u043c\u0430\u0441\u043b\u044f\u043d\u044b\u0439 \u043c\u0430\u0441\u0441\u0430\u0436),\u0412\u0438\u0440\u0435\u0447\u0430\u043d\u0430 (\u0441\u043b\u0430\u0431\u0438\u0442\u0435\u043b\u044c\u043d\u0430\u044f \u0442\u0435\u0440\u0430\u043f\u0438\u044f),\u0412\u0438\u0440\u0435\u0447\u0430\u043d\u0430 (\u0441\u043b\u0430\u0431\u0438\u0442\u0435\u043b\u044c\u043d\u0430\u044f \u0442\u0435\u0440\u0430\u043f\u0438\u044f)", "account_id": 10765, "date_create": 1582985730, "status": 6, "price": "0", "client_id": 3263662, "roistat": "\u043f\u043e\u0441\u0442\u043e\u044f\u043d\u043d\u044b\u0439 \u043a\u043b\u0438\u0435\u043d\u0442", "executor": "\u0428\u0440\u0438\u0442\u0430", "is_sale": false, "appointment_id": 5863080, "fields": {"1": "\u0428\u0440\u0438\u0442\u0430", "2": "https://klientiks.ru/clientix/client/default/id/3263662", "3": 10765}}, {"id": 6620748, "name": "\u0410\u0431\u0445\u044a\u044f\u043d\u0433\u0430 \u043c\u0430\u0441\u0441\u0430\u0436 (60 \u043c\u0438\u043d. \u0440\u0443\u0447\u043d\u043e\u0439 \u043c\u0430\u0441\u043b\u044f\u043d\u044b\u0439 \u043c\u0430\u0441\u0441\u0430\u0436 \u0432 2 \u0440\u0443\u043a\u0438),\u0410\u0431\u0445\u044a\u044f\u043d\u0433\u0430 \u043c\u0430\u0441\u0441\u0430\u0436 (60 \u043c\u0438\u043d. \u0440\u0443\u0447\u043d\u043e\u0439 \u043c\u0430\u0441\u043b\u044f\u043d\u044b\u0439 \u043c\u0430\u0441\u0441\u0430\u0436 \u0432 2 \u0440\u0443\u043a\u0438),\u041a\u0438\u0436\u0438 \u043d\u0430 \u0447\u0430\u0441\u0442\u0438 \u0442\u0435\u043b\u0430 (30 \u043c\u0438\u043d),\u041a\u0438\u0436\u0438 \u043d\u0430 \u0447\u0430\u0441\u0442\u0438 \u0442\u0435\u043b\u0430 (30 \u043c\u0438\u043d)", "account_id": 10765, "date_create": 1582985805, "status": 6, "price": "0", "client_id": 3263662, "roistat": "\u043f\u043e\u0441\u0442\u043e\u044f\u043d\u043d\u044b\u0439 \u043a\u043b\u0438\u0435\u043d\u0442", "executor": "\u041d\u0438\u0431\u0438\u043d \u041a\u043e\u0434\u0430\u0442 \u0414\u0438\u043d\u0435\u0441\u0430\u043d", "is_sale": false, "appointment_id": 5863085, "fields": {"1": "\u041d\u0438\u0431\u0438\u043d \u041a\u043e\u0434\u0430\u0442 \u0414\u0438\u043d\u0435\u0441\u0430\u043d", "2": "https://klientiks.ru/clientix/client/default/id/3263662", "3": 10765}}, {"id": 6620754, "name": "\u041a\u0438\u0436\u0438 \u043d\u0430 \u0447\u0430\u0441\u0442\u0438 \u0442\u0435\u043b\u0430 (30 \u043c\u0438\u043d),\u041a\u0438\u0436\u0438 \u043d\u0430 \u0447\u0430\u0441\u0442\u0438 \u0442\u0435\u043b\u0430 (30 \u043c\u0438\u043d),\u0410\u0431\u0445\u044a\u044f\u043d\u0433\u0430 \u043c\u0430\u0441\u0441\u0430\u0436 (60 \u043c\u0438\u043d. \u0440\u0443\u0447\u043d\u043e\u0439 \u043c\u0430\u0441\u043b\u044f\u043d\u044b\u0439 \u043c\u0430\u0441\u0441\u0430\u0436 \u0432 2 \u0440\u0443\u043a\u0438),\u0410\u0431\u0445\u044a\u044f\u043d\u0433\u0430 \u043c\u0430\u0441\u0441\u0430\u0436 (60 \u043c\u0438\u043d. \u0440\u0443\u0447\u043d\u043e\u0439 \u043c\u0430\u0441\u043b\u044f\u043d\u044b\u0439 \u043c\u0430\u0441\u0441\u0430\u0436 \u0432 2 \u0440\u0443\u043a\u0438)", "account_id": 10765, "date_create": 1582985849, "status": 6, "price": "0", "client_id": 3263662, "roistat": "\u043f\u043e\u0441\u0442\u043e\u044f\u043d\u043d\u044b\u0439 \u043a\u043b\u0438\u0435\u043d\u0442", "executor": "\u041d\u0438\u0431\u0438\u043d \u041a\u043e\u0434\u0430\u0442 \u0414\u0438\u043d\u0435\u0441\u0430\u043d", "is_sale": false, "appointment_id": 5863092, "fields": {"1": "\u041d\u0438\u0431\u0438\u043d \u041a\u043e\u0434\u0430\u0442 \u0414\u0438\u043d\u0435\u0441\u0430\u043d", "2": "https://klientiks.ru/clientix/client/default/id/3263662", "3": 10765}}, {"id": 6620759, "name": "\u041a\u0430\u043b\u0430\u0440\u0438 \u043c\u0430\u0441\u0441\u0430\u0436 (60 \u043c\u0438\u043d. \u043d\u043e\u0436\u043d\u043e\u0439 \u043c\u0430\u0441\u043b\u044f\u043d\u044b\u0439 \u043c\u0430\u0441\u0441\u0430\u0436),\u0410\u043d\u0443\u0432\u0430\u0441\u0430\u043d\u0430 \u0411\u0430\u0441\u0442\u0438 (30 \u043c\u0438\u043d. \u043c\u0430\u0441\u043b\u044f\u043d\u0430\u044f \u0442\u0440\u0430\u0432\u044f\u043d\u0430\u044f \u043a\u043b\u0438\u0437\u043c\u0430),\u041f\u0438\u0447\u0443 (30 \u043c\u0438\u043d. \u043c\u0430\u0441\u043b\u044f\u043d\u0430\u044f \u0430\u043f\u043f\u043b\u0438\u043a\u0430\u0446\u0438\u044f),\u041a\u0430\u043b\u0430\u0440\u0438 \u043c\u0430\u0441\u0441\u0430\u0436 (60 \u043c\u0438\u043d. \u043d\u043e\u0436\u043d\u043e\u0439 \u043c\u0430\u0441\u043b\u044f\u043d\u044b\u0439 \u043c\u0430\u0441\u0441\u0430\u0436),\u0410\u043d\u0443\u0432\u0430\u0441\u0430\u043d\u0430 \u0411\u0430\u0441\u0442\u0438 (30 \u043c\u0438\u043d. \u043c\u0430\u0441\u043b\u044f\u043d\u0430\u044f \u0442\u0440\u0430\u0432\u044f\u043d\u0430\u044f \u043a\u043b\u0438\u0437\u043c\u0430),\u041f\u0438\u0447\u0443 (30 \u043c\u0438\u043d. \u043c\u0430\u0441\u043b\u044f\u043d\u0430\u044f \u0430\u043f\u043f\u043b\u0438\u043a\u0430\u0446\u0438\u044f),\u041a\u0430\u043b\u0430\u0440\u0438 \u043c\u0430\u0441\u0441\u0430\u0436 (60 \u043c\u0438\u043d. \u043d\u043e\u0436\u043d\u043e\u0439 \u043c\u0430\u0441\u043b\u044f\u043d\u044b\u0439 \u043c\u0430\u0441\u0441\u0430\u0436),\u0410\u043d\u0443\u0432\u0430\u0441\u0430\u043d\u0430 \u0411\u0430\u0441\u0442\u0438 (30 \u043c\u0438\u043d. \u043c\u0430\u0441\u043b\u044f\u043d\u0430\u044f \u0442\u0440\u0430\u0432\u044f\u043d\u0430\u044f \u043a\u043b\u0438\u0437\u043c\u0430),\u041f\u0438\u0447\u0443 (30 \u043c\u0438\u043d. \u043c\u0430\u0441\u043b\u044f\u043d\u0430\u044f \u0430\u043f\u043f\u043b\u0438\u043a\u0430\u0446\u0438\u044f)", "account_id": 10765, "date_create": 1582985911, "status": 6, "price": "0", "client_id": 3263662, "roistat": "\u043f\u043e\u0441\u0442\u043e\u044f\u043d\u043d\u044b\u0439 \u043a\u043b\u0438\u0435\u043d\u0442", "executor": "\u0428\u0440\u0438\u0442\u0430", "is_sale": false, "appointment_id": 5863097, "fields": {"1": "\u0428\u0440\u0438\u0442\u0430", "2": "https://klientiks.ru/clientix/client/default/id/3263662", "3": 10765}}, {"id": 6620763, "name": "\u041d\u0438\u0440\u0443\u0445\u0430 \u0411\u0430\u0441\u0442\u0438 (60 \u043c\u0438\u043d. \u043a\u043b\u0438\u0437\u043c\u0430 \u0442\u0440\u0430\u0432\u044f\u043d\u044b\u043c \u043e\u0442\u0432\u0430\u0440\u043e\u043c),\u041d\u0438\u0440\u0443\u0445\u0430 \u0411\u0430\u0441\u0442\u0438 (60 \u043c\u0438\u043d. \u043a\u043b\u0438\u0437\u043c\u0430 \u0442\u0440\u0430\u0432\u044f\u043d\u044b\u043c \u043e\u0442\u0432\u0430\u0440\u043e\u043c),\u0410\u0431\u0445\u044a\u044f\u043d\u0433\u0430 \u043c\u0430\u0441\u0441\u0430\u0436 (60 \u043c\u0438\u043d. \u0440\u0443\u0447\u043d\u043e\u0439 \u043c\u0430\u0441\u043b\u044f\u043d\u044b\u0439 \u043c\u0430\u0441\u0441\u0430\u0436 \u0432 2 \u0440\u0443\u043a\u0438),\u041f\u0438\u0447\u0443 (30 \u043c\u0438\u043d. \u043c\u0430\u0441\u043b\u044f\u043d\u0430\u044f \u0430\u043f\u043f\u043b\u0438\u043a\u0430\u0446\u0438\u044f),\u041f\u0438\u0447\u0443 (30 \u043c\u0438\u043d. \u043c\u0430\u0441\u043b\u044f\u043d\u0430\u044f \u0430\u043f\u043f\u043b\u0438\u043a\u0430\u0446\u0438\u044f),\u0410\u0431\u0445\u044a\u044f\u043d\u0433\u0430 \u043c\u0430\u0441\u0441\u0430\u0436 (60 \u043c\u0438\u043d. \u0440\u0443\u0447\u043d\u043e\u0439 \u043c\u0430\u0441\u043b\u044f\u043d\u044b\u0439 \u043c\u0430\u0441\u0441\u0430\u0436 \u0432 2 \u0440\u0443\u043a\u0438),\u041f\u0438\u0447\u0443 (30 \u043c\u0438\u043d. \u043c\u0430\u0441\u043b\u044f\u043d\u0430\u044f \u0430\u043f\u043f\u043b\u0438\u043a\u0430\u0446\u0438\u044f),\u0410\u0431\u0445\u044a\u044f\u043d\u0433\u0430 \u043c\u0430\u0441\u0441\u0430\u0436 (60 \u043c\u0438\u043d. \u0440\u0443\u0447\u043d\u043e\u0439 \u043c\u0430\u0441\u043b\u044f\u043d\u044b\u0439 \u043c\u0430\u0441\u0441\u0430\u0436 \u0432 2 \u0440\u0443\u043a\u0438),\u041d\u0438\u0440\u0443\u0445\u0430 \u0411\u0430\u0441\u0442\u0438 (60 \u043c\u0438\u043d. \u043a\u043b\u0438\u0437\u043c\u0430 \u0442\u0440\u0430\u0432\u044f\u043d\u044b\u043c \u043e\u0442\u0432\u0430\u0440\u043e\u043c)", "account_id": 10765, "date_create": 1582985948, "status": 6, "price": "0", "client_id": 3263662, "roistat": "\u043f\u043e\u0441\u0442\u043e\u044f\u043d\u043d\u044b\u0439 \u043a\u043b\u0438\u0435\u043d\u0442", "executor": "\u041d\u0438\u0431\u0438\u043d \u041a\u043e\u0434\u0430\u0442 \u0414\u0438\u043d\u0435\u0441\u0430\u043d", "is_sale": false, "appointment_id": 5863101, "fields": {"1": "\u041d\u0438\u0431\u0438\u043d \u041a\u043e\u0434\u0430\u0442 \u0414\u0438\u043d\u0435\u0441\u0430\u043d", "2": "https://klientiks.ru/clientix/client/default/id/3263662", "3": 10765}}, {"id": 6620773, "name": "\u0410\u0431\u0445\u044a\u044f\u043d\u0433\u0430 \u043c\u0430\u0441\u0441\u0430\u0436 (60 \u043c\u0438\u043d. \u0440\u0443\u0447\u043d\u043e\u0439 \u043c\u0430\u0441\u043b\u044f\u043d\u044b\u0439 \u043c\u0430\u0441\u0441\u0430\u0436 \u0432 2 \u0440\u0443\u043a\u0438),\u0410\u043d\u0443\u0432\u0430\u0441\u0430\u043d\u0430 \u0411\u0430\u0441\u0442\u0438 (30 \u043c\u0438\u043d. \u043c\u0430\u0441\u043b\u044f\u043d\u0430\u044f \u0442\u0440\u0430\u0432\u044f\u043d\u0430\u044f \u043a\u043b\u0438\u0437\u043c\u0430),\u041a\u0438\u0436\u0438 \u043d\u0430 \u0447\u0430\u0441\u0442\u0438 \u0442\u0435\u043b\u0430 (30 \u043c\u0438\u043d)", "account_id": 10765, "date_create": 1582986015, "status": 7, "price": null, "client_id": 3263662, "roistat": "\u043f\u043e\u0441\u0442\u043e\u044f\u043d\u043d\u044b\u0439 \u043a\u043b\u0438\u0435\u043d\u0442", "executor": "\u0428\u0440\u0438\u0442\u0430", "is_sale": false, "appointment_id": 5863108, "fields": {"1": "\u0428\u0440\u0438\u0442\u0430", "2": "https://klientiks.ru/clientix/client/default/id/3263662", "3": 10765}}], "pagination": {"total_count": 22602, "limit": 50, "page_number": 1}, "total_count": 22602, "page_number": 1}
2020-08-23 01:12:21,460 - Snowflake Connector for Python Version: 2.2.10, Python Version: 3.8.5, Platform: Windows-10-10.0.17763-SP0
2020-08-23 01:12:21,460 - connect
2020-08-23 01:12:21,460 - __config
2020-08-23 01:12:21,460 - This connection is in OCSP Fail Open Mode. TLS Certificates would be checked for validity and revocation status. Any other Certificate Revocation related exceptions or OCSP Responder failures would be disregarded in favor of connectivity.
2020-08-23 01:12:21,460 - use_numpy: False
2020-08-23 01:12:21,460 - initialized
2020-08-23 01:12:21,461 - REST API object was created: ringcentral.snowflakecomputing.com:443
2020-08-23 01:12:21,461 - authenticate
2020-08-23 01:12:21,461 - assertion content: *********
2020-08-23 01:12:21,461 - account=ringcentral, user=dmitry.mitrofanov, database=RCUSERS, schema=DMITRYMITROFANOV, warehouse=RCUSERS_WH, role=None, request_id=b5c2142a-ef33-4830-ade8-01b5a9446929
2020-08-23 01:12:21,461 - body['data']: {'CLIENT_APP_ID': 'PythonConnector', 'CLIENT_APP_VERSION': '2.2.10', 'SVN_REVISION': None, 'ACCOUNT_NAME': 'ringcentral', 'LOGIN_NAME': 'dmitry.mitrofanov', 'CLIENT_ENVIRONMENT': {'APPLICATION': 'PythonConnector', 'OS': 'Windows', 'OS_VERSION': 'Windows-10-10.0.17763-SP0', 'PYTHON_VERSION': '3.8.5', 'PYTHON_RUNTIME': 'CPython', 'PYTHON_COMPILER': 'MSC v.1924 64 bit (AMD64)', 'OCSP_MODE': 'FAIL_OPEN', 'TRACING': 10, 'LOGIN_TIMEOUT': 120, 'NETWORK_TIMEOUT': None, 'CLIENT_STORE_TEMPORARY_CREDENTIAL': None}, 'SESSION_PARAMETERS': {'CLIENT_SESSION_KEEP_ALIVE_HEARTBEAT_FREQUENCY': 900, 'CLIENT_PREFETCH_THREADS': 4}}
2020-08-23 01:12:21,461 - Converted retries value: 1 -> Retry(total=1, connect=None, read=None, redirect=None, status=None)
2020-08-23 01:12:21,461 - Converted retries value: 1 -> Retry(total=1, connect=None, read=None, redirect=None, status=None)
2020-08-23 01:12:21,461 - Active requests sessions: 1, idle: 0
2020-08-23 01:12:21,461 - remaining request timeout: 120, retry cnt: 1
2020-08-23 01:12:21,462 - socket timeout: 60
2020-08-23 01:12:21,463 - Starting new HTTPS connection (1): ringcentral.snowflakecomputing.com:443
2020-08-23 01:12:22,233 - OCSP Mode: FAIL_OPEN, OCSP response cache file name: None
2020-08-23 01:12:22,234 - ocsp_response_cache_uri: file://C:/Users/dmitry.mitrofanov/AppData/Local/Snowflake/Caches/ocsp_response_cache.json
2020-08-23 01:12:22,234 - OCSP_VALIDATION_CACHE size: 140
2020-08-23 01:12:22,234 - OCSP response cache server is enabled: http://ocsp.snowflakecomputing.com/ocsp_response_cache.json
2020-08-23 01:12:22,235 - OCSP dynamic cache server RETRY URL: None
2020-08-23 01:12:22,247 - Verifying the attached certificate is signed by the issuer. Valid Not After: 2025-05-12 23:58:59+00:00
2020-08-23 01:12:22,249 - Verifying the attached certificate is signed by the issuer. Valid Not After: 2025-05-12 23:58:59+00:00
2020-08-23 01:12:22,250 - Verifying the attached certificate is signed by the issuer. Valid Not After: 2023-06-11 20:40:26+00:00
2020-08-23 01:12:22,251 - Verifying the attached certificate is signed by the issuer. Valid Not After: 2023-06-11 20:40:26+00:00
2020-08-23 01:12:22,252 - Verifying the attached certificate is signed by the issuer. Valid Not After: 2023-06-11 20:44:21+00:00
2020-08-23 01:12:22,253 - Verifying the attached certificate is signed by the issuer. Valid Not After: 2023-06-11 20:44:21+00:00
2020-08-23 01:12:22,255 - Verifying the attached certificate is signed by the issuer. Valid Not After: 2021-12-14 07:00:00+00:00
2020-08-23 01:12:22,256 - Verifying the attached certificate is signed by the issuer. Valid Not After: 2021-12-14 07:00:00+00:00
2020-08-23 01:12:22,257 - Verifying the attached certificate is signed by the issuer. Valid Not After: 2025-05-12 23:58:59+00:00
2020-08-23 01:12:22,259 - Verifying the attached certificate is signed by the issuer. Valid Not After: 2025-05-12 23:58:59+00:00
2020-08-23 01:12:22,261 - Verifying the attached certificate is signed by the issuer. Valid Not After: 2025-05-12 23:58:59+00:00
2020-08-23 01:12:22,262 - Verifying the attached certificate is signed by the issuer. Valid Not After: 2025-05-12 23:58:59+00:00
2020-08-23 01:12:22,264 - Verifying the attached certificate is signed by the issuer. Valid Not After: 2025-05-12 23:58:59+00:00
2020-08-23 01:12:22,265 - Verifying the attached certificate is signed by the issuer. Valid Not After: 2025-05-12 23:58:59+00:00
2020-08-23 01:12:22,275 - Verifying the attached certificate is signed by the issuer. Valid Not After: 2025-05-12 23:58:59+00:00
2020-08-23 01:12:22,277 - Verifying the attached certificate is signed by the issuer. Valid Not After: 2025-05-12 23:58:59+00:00
2020-08-23 01:12:22,280 - Verifying the attached certificate is signed by the issuer. Valid Not After: 2021-04-02 17:08:26+00:00
2020-08-23 01:12:22,282 - Verifying the attached certificate is signed by the issuer. Valid Not After: 2021-04-02 17:08:26+00:00
2020-08-23 01:12:22,283 - Verifying the attached certificate is signed by the issuer. Valid Not After: 2021-04-02 17:13:33+00:00
2020-08-23 01:12:22,284 - Verifying the attached certificate is signed by the issuer. Valid Not After: 2021-04-02 17:13:33+00:00
2020-08-23 01:12:22,286 - Verifying the attached certificate is signed by the issuer. Valid Not After: 2021-04-02 16:58:09+00:00
2020-08-23 01:12:22,287 - Verifying the attached certificate is signed by the issuer. Valid Not After: 2021-04-02 16:58:09+00:00
2020-08-23 01:12:22,303 - Verifying the attached certificate is signed by the issuer. Valid Not After: 2021-04-02 17:13:33+00:00
2020-08-23 01:12:22,304 - Verifying the attached certificate is signed by the issuer. Valid Not After: 2021-04-02 17:13:33+00:00
2020-08-23 01:12:22,306 - Verifying the attached certificate is signed by the issuer. Valid Not After: 2021-04-02 17:08:26+00:00
2020-08-23 01:12:22,307 - Verifying the attached certificate is signed by the issuer. Valid Not After: 2021-04-02 17:08:26+00:00
2020-08-23 01:12:22,309 - Verifying the attached certificate is signed by the issuer. Valid Not After: 2021-04-02 17:03:51+00:00
2020-08-23 01:12:22,310 - Verifying the attached certificate is signed by the issuer. Valid Not After: 2021-04-02 17:03:51+00:00
2020-08-23 01:12:22,311 - Verifying the attached certificate is signed by the issuer. Valid Not After: 2021-04-02 16:58:09+00:00
2020-08-23 01:12:22,312 - Verifying the attached certificate is signed by the issuer. Valid Not After: 2021-04-02 16:58:09+00:00
2020-08-23 01:12:22,314 - Verifying the attached certificate is signed by the issuer. Valid Not After: 2021-04-02 17:03:51+00:00
2020-08-23 01:12:22,316 - Verifying the attached certificate is signed by the issuer. Valid Not After: 2021-04-02 17:03:51+00:00
2020-08-23 01:12:22,317 - Verifying the attached certificate is signed by the issuer. Valid Not After: 2021-04-02 17:03:51+00:00
2020-08-23 01:12:22,318 - Verifying the attached certificate is signed by the issuer. Valid Not After: 2021-04-02 17:03:51+00:00
2020-08-23 01:12:22,334 - Verifying the attached certificate is signed by the issuer. Valid Not After: 2021-04-02 17:13:33+00:00
2020-08-23 01:12:22,335 - Verifying the attached certificate is signed by the issuer. Valid Not After: 2021-04-02 17:13:33+00:00
2020-08-23 01:12:22,337 - Read OCSP response cache file: C:/Users/dmitry.mitrofanov/AppData/Local/Snowflake/Caches/ocsp_response_cache.json, count=140
2020-08-23 01:12:22,337 - validating certificate: ringcentral.snowflakecomputing.com
2020-08-23 01:12:22,337 - # of certificates: 4
2020-08-23 01:12:22,338 - subject: OrderedDict([('common_name', '*.us-west-2.snowflakecomputing.com')]), issuer: OrderedDict([('country_name', 'US'), ('organization_name', 'Amazon'), ('organizational_unit_name', 'Server CA 1B'), ('common_name', 'Amazon')])
2020-08-23 01:12:22,338 - subject: OrderedDict([('country_name', 'US'), ('organization_name', 'Amazon'), ('organizational_unit_name', 'Server CA 1B'), ('common_name', 'Amazon')]), issuer: OrderedDict([('country_name', 'US'), ('organization_name', 'Amazon'), ('common_name', 'Amazon Root CA 1')])
2020-08-23 01:12:22,339 - subject: OrderedDict([('country_name', 'US'), ('organization_name', 'Amazon'), ('common_name', 'Amazon Root CA 1')]), issuer: OrderedDict([('country_name', 'US'), ('state_or_province_name', 'Arizona'), ('locality_name', 'Scottsdale'), ('organization_name', 'Starfield Technologies, Inc.'), ('common_name', 'Starfield Services Root Certificate Authority - G2')])
2020-08-23 01:12:22,339 - subject: OrderedDict([('country_name', 'US'), ('state_or_province_name', 'Arizona'), ('locality_name', 'Scottsdale'), ('organization_name', 'Starfield Technologies, Inc.'), ('common_name', 'Starfield Services Root Certificate Authority - G2')]), issuer: OrderedDict([('country_name', 'US'), ('organization_name', 'Starfield Technologies, Inc.'), ('organizational_unit_name', 'Starfield Class 2 Certification Authority')])
2020-08-23 01:12:22,341 - not found issuer_der: OrderedDict([('country_name', 'US'), ('organization_name', 'Starfield Technologies, Inc.'), ('organizational_unit_name', 'Starfield Class 2 Certification Authority')])
2020-08-23 01:12:22,342 - hit cache for subject: OrderedDict([('common_name', '*.us-west-2.snowflakecomputing.com')])
2020-08-23 01:12:22,343 - Verifying the attached certificate is signed by the issuer. Valid Not After: 2023-06-11 20:40:26+00:00
2020-08-23 01:12:22,344 - hit cache for subject: OrderedDict([('country_name', 'US'), ('organization_name', 'Amazon'), ('organizational_unit_name', 'Server CA 1B'), ('common_name', 'Amazon')])
2020-08-23 01:12:22,345 - Verifying the attached certificate is signed by the issuer. Valid Not After: 2023-06-11 20:44:21+00:00
2020-08-23 01:12:22,345 - hit cache for subject: OrderedDict([('country_name', 'US'), ('organization_name', 'Amazon'), ('common_name', 'Amazon Root CA 1')])
2020-08-23 01:12:22,347 - Verifying the attached certificate is signed by the issuer. Valid Not After: 2021-12-14 07:00:00+00:00
2020-08-23 01:12:22,347 - hit cache for subject: OrderedDict([('country_name', 'US'), ('state_or_province_name', 'Arizona'), ('locality_name', 'Scottsdale'), ('organization_name', 'Starfield Technologies, Inc.'), ('common_name', 'Starfield Services Root Certificate Authority - G2')])
2020-08-23 01:12:22,348 - hit cache for subject: OrderedDict([('common_name', '*.us-west-2.snowflakecomputing.com')])
2020-08-23 01:12:22,349 - using OCSP response cache
2020-08-23 01:12:22,349 - Certificate is NOT attached in Basic OCSP Response. Using issuer's certificate
2020-08-23 01:12:22,349 - Verifying the OCSP response is signed by the issuer.
2020-08-23 01:12:22,353 - Verifying the attached certificate is signed by the issuer. Valid Not After: 2023-06-11 20:40:26+00:00
2020-08-23 01:12:22,353 - hit cache for subject: OrderedDict([('country_name', 'US'), ('organization_name', 'Amazon'), ('organizational_unit_name', 'Server CA 1B'), ('common_name', 'Amazon')])
2020-08-23 01:12:22,354 - using OCSP response cache
2020-08-23 01:12:22,355 - Certificate is attached in Basic OCSP Response
2020-08-23 01:12:22,355 - Verifying the attached certificate is signed by the issuer
2020-08-23 01:12:22,355 - Valid Not After: 2023-06-11 20:40:26+00:00
2020-08-23 01:12:22,357 - Verifying the OCSP response is signed by the issuer.
2020-08-23 01:12:22,360 - Verifying the attached certificate is signed by the issuer. Valid Not After: 2023-06-11 20:44:21+00:00
2020-08-23 01:12:22,360 - hit cache for subject: OrderedDict([('country_name', 'US'), ('organization_name', 'Amazon'), ('common_name', 'Amazon Root CA 1')])
2020-08-23 01:12:22,361 - using OCSP response cache
2020-08-23 01:12:22,362 - Certificate is attached in Basic OCSP Response
2020-08-23 01:12:22,362 - Verifying the attached certificate is signed by the issuer
2020-08-23 01:12:22,362 - Valid Not After: 2023-06-11 20:44:21+00:00
2020-08-23 01:12:22,364 - Verifying the OCSP response is signed by the issuer.
2020-08-23 01:12:22,367 - Verifying the attached certificate is signed by the issuer. Valid Not After: 2021-12-14 07:00:00+00:00
2020-08-23 01:12:22,368 - hit cache for subject: OrderedDict([('country_name', 'US'), ('state_or_province_name', 'Arizona'), ('locality_name', 'Scottsdale'), ('organization_name', 'Starfield Technologies, Inc.'), ('common_name', 'Starfield Services Root Certificate Authority - G2')])
2020-08-23 01:12:22,369 - using OCSP response cache
2020-08-23 01:12:22,370 - Certificate is attached in Basic OCSP Response
2020-08-23 01:12:22,370 - Verifying the attached certificate is signed by the issuer
2020-08-23 01:12:22,371 - Valid Not After: 2021-12-14 07:00:00+00:00
2020-08-23 01:12:22,372 - Verifying the OCSP response is signed by the issuer.
2020-08-23 01:12:22,374 - writing OCSP response cache file
2020-08-23 01:12:22,374 - encoding OCSP response cache to JSON
2020-08-23 01:12:22,391 - ok
2020-08-23 01:12:22,885 - https://ringcentral.snowflakecomputing.com:443 "POST /session/v1/login-request?request_id=b5c2142a-ef33-4830-ade8-01b5a9446929&databaseName=RCUSERS&schemaName=DMITRYMITROFANOV&warehouse=RCUSERS_WH&request_guid=4c5a9eba-9644-4055-b5e7-f30ab0012cc8 HTTP/1.1" 200 1404
2020-08-23 01:12:22,886 - SUCCESS
2020-08-23 01:12:22,886 - Active requests sessions: 0, idle: 1
2020-08-23 01:12:22,886 - ret[code] = None, after post request
2020-08-23 01:12:22,886 - completed authentication
2020-08-23 01:12:22,886 - token = ******
2020-08-23 01:12:22,886 - master_token = ******
2020-08-23 01:12:22,886 - id_token = NULL
2020-08-23 01:12:22,887 - no ID token is given when try to store temporary credential
2020-08-23 01:12:22,887 - cursor
2020-08-23 01:12:22,887 - merge into KAMALA_ACL t using (select parse_json('{'offset': 19500, 'count': 50, 'limit': 50, 'statuses': [{'id': 1, 'name': 'scheduled'}, {'id': 2, 'name': 'sms_confirmation_sent'}, {'id': 3, 'name': 'cancelled_by_sms'}, {'id': 4, 'name': 'confirmed'}, {'id': 5, 'name': 'in_progress'}, {'id': 6, 'name': 'finished'}, {'id': 7, 'name': 'cancelled'}, {'id': 8, 'name': 'missed'}, {'id': 9, 'name': 'arrived'}], 'fields': [{'id': '1', 'name': 'Исполнитель'}, {'id': '2', 'name': 'Ссылка на клиента'}, {'id': '3', 'name': 'Айди аккаунта'}], 'orders': [{'id': 6607810, 'name': 'Аэройога (90 мин)', 'account_id': 10765, 'date_create': 1582872496, 'status': 6, 'price': '0', 'client_id': 1122837, 'roistat': 'постоянный клиент', 'executor': 'Собенникова Оксана Юрьевна', 'is_sale': False, 'appointment_id': 5833285, 'fields': {'1': 'Собенникова Оксана Юрьевна', '2': 'https://klientiks.ru/clientix/client/default/id/1122837', '3': 10765}}, {'id': 6607812, 'name': 'Аэройога (90 мин)', 'account_id': 10765, 'date_create': 1582872499, 'status': 6, 'price': '0', 'client_id': 2877520, 'roistat': 'интернет', 'executor': 'Собенникова Оксана Юрьевна', 'is_sale': False, 'appointment_id': 5833285, 'fields': {'1': 'Собенникова Оксана Юрьевна', '2': 'https://klientiks.ru/clientix/client/default/id/2877520', '3': 10765}}, {'id': 6608043, 'name': 'Аюрведа консультация врача (60 мин)', 'account_id': 10765, 'date_create': 1582873655, 'status': 6, 'price': '3500', 'client_id': 3319006, 'roistat': 'Входящий звонок', 'executor': 'Правин Сурендранпилай Васантакумари', 'is_sale': False, 'appointment_id': 5851965, 'fields': {'1': 'Правин Сурендранпилай Васантакумари', '2': 'https://klientiks.ru/clientix/client/default/id/3319006', '3': 10765}}, {'id': 6609060, 'name': 'Розовя_вода_Khadi', 'account_id': 10765, 'date_create': 1582877952, 'status': 6, 'price': '400', 'client_id': 1108070, 'roistat': 'интернет', 'executor': 'Ахмедова Татьяна Леонидовна', 'is_sale': True, 'appointment_id': 5852875, 'fields': {'1': 'Ахмедова Татьяна Леонидовна', '2': 'https://klientiks.ru/clientix/client/default/id/1108070', '3': 10765}}, {'id': 6609134, 'name': 'Розовя_вода_Khadi', 'account_id': 10765, 'date_create': 1582878286, 'status': 6, 'price': '400', 'client_id': 1297843, 'roistat': 'рядом живет', 'executor': 'Ахмедова Татьяна Леонидовна', 'is_sale': True, 'appointment_id': 5852970, 'fields': {'1': 'Ахмедова Татьяна Леонидовна', '2': 'https://klientiks.ru/clientix/client/default/id/1297843', '3': 10765}}, {'id': 6609341, 'name': 'Chyawanaprasham_Nagarjuna 500g', 'account_id': 10765, 'date_create': 1582879137, 'status': 6, 'price': '700', 'client_id': 3215797, 'roistat': 'интернет', 'executor': 'Ахмедова Татьяна Леонидовна', 'is_sale': True, 'appointment_id': 5853140, 'fields': {'1': 'Ахмедова Татьяна Леонидовна', '2': 'https://klientiks.ru/clientix/client/default/id/3215797', '3': 10765}}, {'id': 6609378, 'name': 'Chyawanaprasham_Nagarjuna 500g', 'account_id': 10765, 'date_create': 1582879329, 'status': 6, 'price': '700', 'client_id': 3014911, 'roistat': 'от знакомых', 'executor': 'Ахмедова Татьяна Леонидовна', 'is_sale': True, 'appointment_id': 5853176, 'fields': {'1': 'Ахмедова Татьяна Леонидовна', '2': 'https://klientiks.ru/clientix/client/default/id/3014911', '3': 10765}}, {'id': 6609424, 'name': 'Itone_eye_drop_капли,Chyawanaprasham_Nagarjuna 500g,Itone_eye_drop_капли,Chyawanaprasham_Nagarjuna 500g', 'account_id': 10765, 'date_create': 1582879528, 'status': 6, 'price': '980', 'client_id': 3058502, 'roistat': 'от знакомых', 'executor': 'Ахмедова Татьяна Леонидовна', 'is_sale': True, 'appointment_id': 5853219, 'fields': {'1': 'Ахмедова Татьяна Леонидовна', '2': 'https://klientiks.ru/clientix/client/default/id/3058502', '3': 10765}}, {'id': 6609494, 'name': 'Аэройога (90 мин)', 'account_id': 10765, 'date_create': 1582879922, 'status': 6, 'price': '0', 'client_id': 3144287, 'roistat': 'интернет', 'executor': 'Собенникова Оксана Юрьевна', 'is_sale': False, 'appointment_id': 5833242, 'fields': {'1': 'Собенникова Оксана Юрьевна', '2': 'https://klientiks.ru/clientix/client/default/id/3144287', '3': 10765}}, {'id': 6609665, 'name': 'Аэройога (90 мин)', 'account_id': 10765, 'date_create': 1582880922, 'status': 6, 'price': '0', 'client_id': 1108070, 'roistat': 'интернет', 'executor': 'Собенникова Оксана Юрьевна', 'is_sale': False, 'appointment_id': 5833243, 'fields': {'1': 'Собенникова Оксана Юрьевна', '2': 'https://klientiks.ru/clientix/client/default/id/1108070', '3': 10765}}, {'id': 6609667, 'name': 'Аэройога (90 мин)', 'account_id': 10765, 'date_create': 1582880934, 'status': 6, 'price': '0', 'client_id': 3014911, 'roistat': 'от знакомых', 'executor': 'Собенникова Оксана Юрьевна', 'is_sale': False, 'appointment_id': 5833243, 'fields': {'1': 'Собенникова Оксана Юрьевна', '2': 'https://klientiks.ru/clientix/client/default/id/3014911', '3': 10765}}, {'id': 6609779, 'name': 'Drakshadi_kashayam_200ml', 'account_id': 10765, 'date_create': 1582881396, 'status': 6, 'price': '850', 'client_id': 3188843, 'roistat': 'интернет', 'executor': 'Ахмедова Татьяна Леонидовна', 'is_sale': True, 'appointment_id': 5853564, 'fields': {'1': 'Ахмедова Татьяна Леонидовна', '2': 'https://klientiks.ru/clientix/client/default/id/3188843', '3': 10765}}, {'id': 6609863, 'name': 'Умасливание  (30 мин.),Широдхара (60 мин. струящееся масло на лоб),Широдхара (60 мин. струящееся масло на лоб),Умасливание  (30 мин.)', 'account_id': 10765, 'date_create': 1582881858, 'status': 6, 'price': '0', 'client_id': 3058502, 'roistat': 'от знакомых', 'executor': 'Филип Вимала Випин', 'is_sale': False, 'appointment_id': 5853640, 'fields': {'1': 'Филип Вимала Випин', '2': 'https://klientiks.ru/clientix/client/default/id/3058502', '3': 10765}}, {'id': 6610697, 'name': 'Аюрведа консультация врача (60 мин)', 'account_id': 10765, 'date_create': 1582886384, 'status': 7, 'price': None, 'client_id': 3321057, 'roistat': 'вк', 'executor': 'Правин Сурендранпилай Васантакумари', 'is_sale': False, 'appointment_id': 5854476, 'fields': {'1': 'Правин Сурендранпилай Васантакумари', '2': 'https://klientiks.ru/clientix/client/default/id/3321057', '3': 10765}}, {'id': 6611326, 'name': 'Аюрведа повторная консультация доктора Варун (30 мин.)', 'account_id': 10765, 'date_create': 1582889618, 'status': 6, 'price': '2000', 'client_id': 2542180, 'roistat': 'от знакомых', 'executor': 'Варун', 'is_sale': False, 'appointment_id': 5855067, 'fields': {'1': 'Варун', '2': 'https://klientiks.ru/clientix/client/default/id/2542180', '3': 10765}}, {'id': 6611774, 'name': 'Аэройога (90 мин)', 'account_id': 10765, 'date_create': 1582891766, 'status': 6, 'price': '0', 'client_id': 1122031, 'roistat': 'сотрудник', 'executor': 'Собенникова Оксана Юрьевна', 'is_sale': False, 'appointment_id': 5543994, 'fields': {'1': 'Собенникова Оксана Юрьевна', '2': 'https://klientiks.ru/clientix/client/default/id/1122031', '3': 10765}}, {'id': 6611781, 'name': 'Аэройога (90 мин)', 'account_id': 10765, 'date_create': 1582891793, 'status': 6, 'price': '0', 'client_id': 1109904, 'roistat': 'сотрудник', 'executor': 'Собенникова Оксана Юрьевна', 'is_sale': False, 'appointment_id': 5833284, 'fields': {'1': 'Собенникова Оксана Юрьевна', '2': 'https://klientiks.ru/clientix/client/default/id/1109904', '3': 10765}}, {'id': 6612051, 'name': 'Аюрведа повторная консультация врача в назначенный срок (30 мин)', 'account_id': 10765, 'date_create': 1582893369, 'status': 6, 'price': '2000', 'client_id': 1122769, 'roistat': 'Входящий звонок', 'executor': 'Правин Сурендранпилай Васантакумари', 'is_sale': False, 'appointment_id': 5855752, 'fields': {'1': 'Правин Сурендранпилай Васантакумари', '2': 'https://klientiks.ru/clientix/client/default/id/1122769', '3': 10765}}, {'id': 6612512, 'name': 'Аюрведа повторная  консультация врача (30 мин)', 'account_id': 10765, 'date_create': 1582895755, 'status': 7, 'price': None, 'client_id': 2758536, 'roistat': 'от знакомых', 'executor': 'Правин Сурендранпилай Васантакумари', 'is_sale': False, 'appointment_id': 5856150, 'fields': {'1': 'Правин Сурендранпилай Васантакумари', '2': 'https://klientiks.ru/clientix/client/default/id/2758536', '3': 10765}}, {'id': 6613111, 'name': 'Sukumara_Kashayam_200 ml', 'account_id': 10765, 'date_create': 1582899890, 'status': 6, 'price': '800', 'client_id': 3258794, 'roistat': 'Входящий звонок', 'executor': 'Ахмедова Татьяна Леонидовна', 'is_sale': True, 'appointment_id': 5856720, 'fields': {'1': 'Ахмедова Татьяна Леонидовна', '2': 'https://klientiks.ru/clientix/client/default/id/3258794', '3': 10765}}, {'id': 6613142, 'name': 'Аэройога (90 мин)', 'account_id': 10765, 'date_create': 1582900096, 'status': 6, 'price': '800', 'client_id': 3244018, 'roistat': 'интернет', 'executor': 'Власова Елена Сергеевна', 'is_sale': False, 'appointment_id': 5762040, 'fields': {'1': 'Власова Елена Сергеевна', '2': 'https://klientiks.ru/clientix/client/default/id/3244018', '3': 10765}}, {'id': 6613439, 'name': 'Шампунь_Trichup,Шампунь_Trichup,Кардомон_зеленый,Кардомон_зеленый,Шампунь_Trichup,Кардомон_зеленый,Brahmarasayanam_200ml,Brahmarasayanam_200ml,Brahmarasayanam_200ml', 'account_id': 10765, 'date_create': 1582901878, 'status': 6, 'price': '1250', 'client_id': 3276868, 'roistat': 'Входящий звонок', 'executor': 'Ахмедова Татьяна Леонидовна', 'is_sale': True, 'appointment_id': 5857007, 'fields': {'1': 'Ахмедова Татьяна Леонидовна', '2': 'https://klientiks.ru/clientix/client/default/id/3276868', '3': 10765}}, {'id': 6613600, 'name': 'Arjunarishtam_450ml', 'account_id': 10765, 'date_create': 1582902783, 'status': 6, 'price': '835', 'client_id': 2623071, 'roistat': 'сотрудник', 'executor': 'Ахмедова Татьяна Леонидовна', 'is_sale': True, 'appointment_id': 5857122, 'fields': {'1': 'Ахмедова Татьяна Леонидовна', '2': 'https://klientiks.ru/clientix/client/default/id/2623071', '3': 10765}}, {'id': 6614597, 'name': 'Аюрведа повторная консультация врача в назначенный срок (30 мин)', 'account_id': 10765, 'date_create': 1582905636, 'status': 6, 'price': '2000', 'client_id': 1383790, 'roistat': 'Совет Друзей', 'executor': 'Правин Сурендранпилай Васантакумари', 'is_sale': False, 'appointment_id': 5857428, 'fields': {'1': 'Правин Сурендранпилай Васантакумари', '2': 'https://klientiks.ru/clientix/client/default/id/1383790', '3': 10765}}, {'id': 6614744, 'name': 'Калари массаж (60 мин. ножной масляный массаж)', 'account_id': 10765, 'date_create': 1582906765, 'status': 6, 'price': '0', 'client_id': 2936299, 'roistat': 'Входящий звонок,от знакомых', 'executor': 'Филип Вимала Випин', 'is_sale': False, 'appointment_id': 5857568, 'fields': {'1': 'Филип Вимала Випин', '2': 'https://klientiks.ru/clientix/client/default/id/2936299', '3': 10765}}, {'id': 6614748, 'name': 'Абхъянга массаж (60 мин. ручной масляный массаж в 2 руки)', 'account_id': 10765, 'date_create': 1582906812, 'status': 6, 'price': '0', 'client_id': 2936299, 'roistat': 'Входящий звонок,от знакомых', 'executor': 'Нибин Кодат Динесан', 'is_sale': False, 'appointment_id': 5857573, 'fields': {'1': 'Нибин Кодат Динесан', '2': 'https://klientiks.ru/clientix/client/default/id/2936299', '3': 10765}}, {'id': 6614839, 'name': 'Умасливание  (30 мин.)', 'account_id': 10765, 'date_create': 1582907560, 'status': 6, 'price': '1440', 'client_id': 1123631, 'roistat': 'постоянный клиент', 'executor': 'Шрита', 'is_sale': False, 'appointment_id': 5857654, 'fields': {'1': 'Шрита', '2': 'https://klientiks.ru/clientix/client/default/id/1123631', '3': 10765}}, {'id': 6614872, 'name': 'Умасливание  (30 мин.)', 'account_id': 10765, 'date_create': 1582908126, 'status': 6, 'price': '1440', 'client_id': 1123631, 'roistat': 'постоянный клиент', 'executor': 'Шрита', 'is_sale': False, 'appointment_id': 5857693, 'fields': {'1': 'Шрита', '2': 'https://klientiks.ru/clientix/client/default/id/1123631', '3': 10765}}, {'id': 6614880, 'name': 'Koflet_1_конфета', 'account_id': 10765, 'date_create': 1582908200, 'status': 6, 'price': '150', 'client_id': 1123631, 'roistat': 'постоянный клиент', 'executor': 'Ахмедова Татьяна Леонидовна', 'is_sale': True, 'appointment_id': 5857701, 'fields': {'1': 'Ахмедова Татьяна Леонидовна', '2': 'https://klientiks.ru/clientix/client/default/id/1123631', '3': 10765}}, {'id': 6614887, 'name': 'Калари массаж (60 мин. ножной масляный массаж)', 'account_id': 10765, 'date_create': 1582908326, 'status': 6, 'price': '0', 'client_id': 2936299, 'roistat': 'Входящий звонок,от знакомых', 'executor': 'Филип Вимала Випин', 'is_sale': False, 'appointment_id': 5857708, 'fields': {'1': 'Филип Вимала Випин', '2': 'https://klientiks.ru/clientix/client/default/id/2936299', '3': 10765}}, {'id': 6614892, 'name': 'Калари массаж (60 мин. ножной масляный массаж)', 'account_id': 10765, 'date_create': 1582908371, 'status': 7, 'price': None, 'client_id': 2936299, 'roistat': 'Входящий звонок,от знакомых', 'executor': 'Филип Вимала Випин', 'is_sale': False, 'appointment_id': 5857714, 'fields': {'1': 'Филип Вимала Випин', '2': 'https://klientiks.ru/clientix/client/default/id/2936299', '3': 10765}}, {'id': 6616355, 'name': 'Абхъянга массаж (60 мин. ручной масляный массаж в 2 руки),Абхъянга массаж (60 мин. ручной масляный массаж в 2 руки),Мукхабхъянга (30 мин. массаж лица),Мукхабхъянга (30 мин. массаж лица)', 'account_id': 10765, 'date_create': 1582958255, 'status': 6, 'price': '4400', 'client_id': 2942716, 'roistat': 'Входящий звонок', 'executor': 'Шрита', 'is_sale': False, 'appointment_id': 5858940, 'fields': {'1': 'Шрита', '2': 'https://klientiks.ru/clientix/client/default/id/2942716', '3': 10765}}, {'id': 6616633, 'name': 'Аюрведа консультация врача (60 мин)', 'account_id': 10765, 'date_create': 1582960279, 'status': 7, 'price': None, 'client_id': 3332399, 'roistat': 'Входящий звонок,Интернет', 'executor': 'Правин Сурендранпилай Васантакумари', 'is_sale': False, 'appointment_id': 5859207, 'fields': {'1': 'Правин Сурендранпилай Васантакумари', '2': 'https://klientiks.ru/clientix/client/default/id/3332399', '3': 10765}}, {'id': 6617138, 'name': 'Tiktaka_Kwatham_100tab', 'account_id': 10765, 'date_create': 1582962755, 'status': 6, 'price': '1250', 'client_id': 2695457, 'roistat': 'от знакомых', 'executor': 'Ахмедова Татьяна Леонидовна', 'is_sale': True, 'appointment_id': 5859697, 'fields': {'1': 'Ахмедова Татьяна Леонидовна', '2': 'https://klientiks.ru/clientix/client/default/id/2695457', '3': 10765}}, {'id': 6617942, 'name': 'Консультация астролога Рагхунатх  скайп', 'account_id': 10765, 'date_create': 1582966621, 'status': 7, 'price': None, 'client_id': 3325787, 'roistat': 'Входящий звонок,Интернет', 'executor': 'Рагхунатх Менон', 'is_sale': False, 'appointment_id': 5860448, 'fields': {'1': 'Рагхунатх Менон', '2': 'https://klientiks.ru/clientix/client/default/id/3325787', '3': 10765}}, {'id': 6618358, 'name': 'Аюрведа консультация врача (60 мин)', 'account_id': 10765, 'date_create': 1582968635, 'status': 6, 'price': '3200', 'client_id': 3332878, 'roistat': 'Входящий звонок', 'executor': 'Правин Сурендранпилай Васантакумари', 'is_sale': False, 'appointment_id': 5860861, 'fields': {'1': 'Правин Сурендранпилай Васантакумари', '2': 'https://klientiks.ru/clientix/client/default/id/3332878', '3': 10765}}, {'id': 6618409, 'name': 'Аюрведа консультация врача (60 мин)', 'account_id': 10765, 'date_create': 1582968860, 'status': 6, 'price': '3200', 'client_id': 3332903, 'roistat': 'Входящий звонок,Интернет', 'executor': 'Правин Сурендранпилай Васантакумари', 'is_sale': False, 'appointment_id': 5860916, 'fields': {'1': 'Правин Сурендранпилай Васантакумари', '2': 'https://klientiks.ru/clientix/client/default/id/3332903', '3': 10765}}, {'id': 6618428, 'name': 'Ashwagandha_60tab_KutirХУЙs,Drakshadi_kashayam_200ml,Кунжутное_масло_Камала,Кунжутное_масло_Камала,Avipathi_choornam_30g,Ashwagandha_60tab_KutirХУЙs,Drakshadi_kashayam_200ml,Septilin_Himalaya_60 tab,Drakshadi_kashayam_200ml,Кунжутное_масло_Камала,Avipathi_choornam_30g,Drakshadi_kashayam_200ml,Septilin_Himalaya_60 tab,Ashwagandha_60tab_KutirХУЙs,Septilin_Himalaya_60 tab,Avipathi_choornam_30g,Ashwagandha_60tab_KutirХУЙs,Septilin_Himalaya_60 tab,Drakshadi_kashayam_200ml,Кунжутное_масло_Камала,Avipathi_choornam_30g,Кунжутное_масло_Камала,Avipathi_choornam_30g,Ashwagandha_60tab_KutirХУЙs,Septilin_Himalaya_60 tab', 'account_id': 10765, 'date_create': 1582968967, 'status': 6, 'price': '1750', 'client_id': 3255176, 'roistat': 'от знакомых,Интернет', 'executor': 'Ахмедова Татьяна Леонидовна', 'is_sale': True, 'appointment_id': 5860936, 'fields': {'1': 'Ахмедова Татьяна Леонидовна', '2': 'https://klientiks.ru/clientix/client/default/id/3255176', '3': 10765}}, {'id': 6618714, 'name': 'Абхъянга массаж (60 мин. ручной масляный массаж в 2 руки)', 'account_id': 10765, 'date_create': 1582970573, 'status': 6, 'price': '3200', 'client_id': 3255176, 'roistat': 'от знакомых,Интернет', 'executor': 'Шрита', 'is_sale': False, 'appointment_id': 5727454, 'fields': {'1': 'Шрита', '2': 'https://klientiks.ru/clientix/client/default/id/3255176', '3': 10765}}, {'id': 6619065, 'name': 'Аюрведа повторная консультация врача в назначенный срок (30 мин)', 'account_id': 10765, 'date_create': 1582972818, 'status': 7, 'price': None, 'client_id': 3255176, 'roistat': 'от знакомых,Интернет', 'executor': 'Правин Сурендранпилай Васантакумари', 'is_sale': False, 'appointment_id': 5861541, 'fields': {'1': 'Правин Сурендранпилай Васантакумари', '2': 'https://klientiks.ru/clientix/client/default/id/3255176', '3': 10765}}, {'id': 6619635, 'name': 'Абхъянга массаж (60 мин. ручной масляный массаж в 2 руки)', 'account_id': 10765, 'date_create': 1582976474, 'status': 7, 'price': None, 'client_id': 2319865, 'roistat': 'Входящий звонок', 'executor': 'Аппо', 'is_sale': False, 'appointment_id': 5862108, 'fields': {'1': 'Аппо', '2': 'https://klientiks.ru/clientix/client/default/id/2319865', '3': 10765}}, {'id': 6619896, 'name': 'Кижи массаж (60 мин. пиндасведана, массаж мешочками в 2 руки)', 'account_id': 10765, 'date_create': 1582978641, 'status': 7, 'price': None, 'client_id': 3122840, 'roistat': 'Родственник нашего клиента', 'executor': 'Филип Вимала Випин', 'is_sale': False, 'appointment_id': 5862352, 'fields': {'1': 'Филип Вимала Випин', '2': 'https://klientiks.ru/clientix/client/default/id/3122840', '3': 10765}}, {'id': 6620022, 'name': 'Аюрведа повторная  консультация приглашенного специалиста (30 мин)', 'account_id': 10765, 'date_create': 1582979786, 'status': 6, 'price': '2500', 'client_id': 2823274, 'roistat': 'Совет Друзей,интернет', 'executor': 'Джатхав Пареш', 'is_sale': False, 'appointment_id': 5862466, 'fields': {'1': 'Джатхав Пареш', '2': 'https://klientiks.ru/clientix/client/default/id/2823274', '3': 10765}}, {'id': 6620738, 'name': 'Сеанс в кедровой бочке с фитосбором,Сеанс в кедровой бочке с фитосбором,Абхъянга массаж (60 мин. ручной масляный массаж в 2 руки),Абхъянга массаж (60 мин. ручной масляный массаж в 2 руки)', 'account_id': 10765, 'date_create': 1582985690, 'status': 6, 'price': '0', 'client_id': 3263662, 'roistat': 'постоянный клиент', 'executor': 'Шрита', 'is_sale': False, 'appointment_id': 5863078, 'fields': {'1': 'Шрита', '2': 'https://klientiks.ru/clientix/client/default/id/3263662', '3': 10765}}, {'id': 6620742, 'name': 'Калари массаж (60 мин. ножной масляный массаж),Калари массаж (60 мин. ножной масляный массаж),Виречана (слабительная терапия),Виречана (слабительная терапия)', 'account_id': 10765, 'date_create': 1582985730, 'status': 6, 'price': '0', 'client_id': 3263662, 'roistat': 'постоянный клиент', 'executor': 'Шрита', 'is_sale': False, 'appointment_id': 5863080, 'fields': {'1': 'Шрита', '2': 'https://klientiks.ru/clientix/client/default/id/3263662', '3': 10765}}, {'id': 6620748, 'name': 'Абхъянга массаж (60 мин. ручной масляный массаж в 2 руки),Абхъянга массаж (60 мин. ручной масляный массаж в 2 руки),Кижи на части тела (30 мин),Кижи на части тела (30 мин)', 'account_id': 10765, 'date_create': 1582985805, 'status': 6, 'price': '0', 'client_id': 3263662, 'roistat': 'постоянный клиент', 'executor': 'Нибин Кодат Динесан', 'is_sale': False, 'appointment_id': 5863085, 'fields': {'1': 'Нибин Кодат Динесан', '2': 'https://klientiks.ru/clientix/client/default/id/3263662', '3': 10765}}, {'id': 6620754, 'name': 'Кижи на части тела (30 мин),Кижи на части тела (30 мин),Абхъянга массаж (60 мин. ручной масляный массаж в 2 руки),Абхъянга массаж (60 мин. ручной масляный массаж в 2 руки)', 'account_id': 10765, 'date_create': 1582985849, 'status': 6, 'price': '0', 'client_id': 3263662, 'roistat': 'постоянный клиент', 'executor': 'Нибин Кодат Динесан', 'is_sale': False, 'appointment_id': 5863092, 'fields': {'1': 'Нибин Кодат Динесан', '2': 'https://klientiks.ru/clientix/client/default/id/3263662', '3': 10765}}, {'id': 6620759, 'name': 'Калари массаж (60 мин. ножной масляный массаж),Анувасана Басти (30 мин. масляная травяная клизма),Пичу (30 мин. масляная аппликация),Калари массаж (60 мин. ножной масляный массаж),Анувасана Басти (30 мин. масляная травяная клизма),Пичу (30 мин. масляная аппликация),Калари массаж (60 мин. ножной масляный массаж),Анувасана Басти (30 мин. масляная травяная клизма),Пичу (30 мин. масляная аппликация)', 'account_id': 10765, 'date_create': 1582985911, 'status': 6, 'price': '0', 'client_id': 3263662, 'roistat': 'постоянный клиент', 'executor': 'Шрита', 'is_sale': False, 'appointment_id': 5863097, 'fields': {'1': 'Шрита', '2': 'https://klientiks.ru/clientix/client/default/id/3263662', '3': 10765}}, {'id': 6620763, 'name': 'Нируха Басти (60 мин. клизма травяным отваром),Нируха Басти (60 мин. клизма травяным отваром),Абхъянга массаж (60 мин. ручной масляный массаж в 2 руки),Пичу (30 мин. масляная аппликация),Пичу (30 мин. масляная аппликация),Абхъянга массаж (60 мин. ручной масляный массаж в 2 руки),Пичу (30 мин. масляная аппликация),Абхъянга массаж (60 мин. ручной масляный массаж в 2 руки),Нируха Басти (60 мин. клизма травяным отваром)', 'account_id': 10765, 'date_create': 1582985948, 'status': 6, 'price': '0', 'client_id': 3263662, 'roistat': 'постоянный клиент', 'executor': 'Нибин Кодат Динесан', 'is_sale': False, 'appointment_id': 5863101, 'fields': {'1': 'Нибин Кодат Динесан', '2': 'https://klientiks.ru/clientix/client/default/id/3263662', '3': 10765}}, {'id': 6620773, 'name': 'Абхъянга массаж (60 мин. ручной масляный массаж в 2 руки),Анувасана Басти (30 мин. масляная травяная клизма),Кижи на части тела (30 мин)', 'account_id': 10765, 'date_create': 1582986015, 'status': 7, 'price': None, 'client_id': 3263662, 'roistat': 'постоянный клиент', 'executor': 'Шрита', 'is_sale': False, 'appointment_id': 5863108, 'fields': {'1': 'Шрита', '2': 'https://klientiks.ru/clientix/client/default/id/3263662', '3': 10765}}], 'pagination': {'total_count': 22602, 'limit': 50, 'page_number': 1}, 'total_count': 22602, 'page_number': 1}') v, current_timestamp ts) s on s.v = parse_json(t.v) when not matched then insert (t.v, changed_at) values (s.v, s.ts)
2020-08-23 01:12:22,888 - executing SQL/command
2020-08-23 01:12:22,888 - binding: [merge into KAMALA_ACL t using (select parse_json('{'offset': 19500, 'count': 50,...] with input=[None], processed=[{}]
2020-08-23 01:12:22,888 - query: [merge into KAMALA_ACL t using (select parse_json('{'offset': 19500, 'count': 50,...]
2020-08-23 01:12:22,888 - Cannot use arrow result format, fallback to json format
2020-08-23 01:12:22,888 - sequence counter: 1
2020-08-23 01:12:22,888 - running query [merge into KAMALA_ACL t using (select parse_json('{'offset': 19500, 'count': 50,...]
2020-08-23 01:12:22,888 - is_file_transfer: False
2020-08-23 01:12:22,888 - _cmd_query
2020-08-23 01:12:22,888 - sql=[merge into KAMALA_ACL t using (select parse_json('{'offset': 19500, 'count': 50,...], sequence_id=[1], is_file_transfer=[None]
2020-08-23 01:12:22,888 - Active requests sessions: 1, idle: 0
2020-08-23 01:12:22,889 - remaining request timeout: None, retry cnt: 1
2020-08-23 01:12:22,889 - socket timeout: 60
2020-08-23 01:12:23,165 - https://ringcentral.snowflakecomputing.com:443 "POST /queries/v1/query-request?requestId=42f805f0-fb3f-4a01-a073-cf179d441a3b&request_guid=4dbf38ab-fc55-49fe-b89e-9761bd11d5a9 HTTP/1.1" 200 301
2020-08-23 01:12:23,166 - SUCCESS
2020-08-23 01:12:23,166 - Active requests sessions: 0, idle: 1
2020-08-23 01:12:23,166 - ret[code] = 001003, after post request
2020-08-23 01:12:23,166 - sfqid: 01966d34-02a5-ba9e-0003-e00300531046
2020-08-23 01:12:23,166 - query execution done
2020-08-23 01:12:23,166 - {'code': '001003', 'data': {'internalError': False, 'errorCode': '001003', 'age': 0, 'sqlState': '42000', 'queryId': '01966d34-02a5-ba9e-0003-e00300531046', 'line': -1, 'pos': -1, 'type': 'COMPILATION'}, 'message': "SQL compilation error:\nsyntax error line 1 at position 52 unexpected 'offset'.\nsyntax error line 1 at position 69 unexpected 'count'.\nparse error line 1 at position 22,885 near '<EOF>'.", 'success': False, 'headers': None}
2020-08-23 01:12:43,325 - Requesting data chunk https://klientiks.ru/clientix/Restapi/list/a/390b96e2763e/u/d969c9cde78c/t/073de5009f21b34afa022cfa7ca2c124/m/AppointmentClientLinks/ik/orders/rvwk/status,statuses/?date=10&offset=19450
2020-08-23 01:12:43,327 - Starting new HTTPS connection (1): klientiks.ru:443
2020-08-23 01:12:43,353 - OCSP Mode: FAIL_OPEN, OCSP response cache file name: None
2020-08-23 01:12:43,353 - ocsp_response_cache_uri: file://C:/Users/dmitry.mitrofanov/AppData/Local/Snowflake/Caches/ocsp_response_cache.json
2020-08-23 01:12:43,353 - OCSP_VALIDATION_CACHE size: 140
2020-08-23 01:12:43,354 - OCSP response cache server is enabled: http://ocsp.snowflakecomputing.com/ocsp_response_cache.json
2020-08-23 01:12:43,354 - OCSP dynamic cache server RETRY URL: None
2020-08-23 01:12:43,359 - Verifying the attached certificate is signed by the issuer. Valid Not After: 2025-05-12 23:58:59+00:00
2020-08-23 01:12:43,361 - Verifying the attached certificate is signed by the issuer. Valid Not After: 2025-05-12 23:58:59+00:00
2020-08-23 01:12:43,363 - Verifying the attached certificate is signed by the issuer. Valid Not After: 2023-06-11 20:40:26+00:00
2020-08-23 01:12:43,364 - Verifying the attached certificate is signed by the issuer. Valid Not After: 2023-06-11 20:40:26+00:00
2020-08-23 01:12:43,365 - Verifying the attached certificate is signed by the issuer. Valid Not After: 2023-06-11 20:44:21+00:00
2020-08-23 01:12:43,366 - Verifying the attached certificate is signed by the issuer. Valid Not After: 2023-06-11 20:44:21+00:00
2020-08-23 01:12:43,369 - Verifying the attached certificate is signed by the issuer. Valid Not After: 2021-12-14 07:00:00+00:00
2020-08-23 01:12:43,371 - Verifying the attached certificate is signed by the issuer. Valid Not After: 2021-12-14 07:00:00+00:00
2020-08-23 01:12:43,374 - Verifying the attached certificate is signed by the issuer. Valid Not After: 2025-05-12 23:58:59+00:00
2020-08-23 01:12:43,376 - Verifying the attached certificate is signed by the issuer. Valid Not After: 2025-05-12 23:58:59+00:00
2020-08-23 01:12:43,380 - Verifying the attached certificate is signed by the issuer. Valid Not After: 2025-05-12 23:58:59+00:00
2020-08-23 01:12:43,383 - Verifying the attached certificate is signed by the issuer. Valid Not After: 2025-05-12 23:58:59+00:00
2020-08-23 01:12:43,385 - Verifying the attached certificate is signed by the issuer. Valid Not After: 2025-05-12 23:58:59+00:00
2020-08-23 01:12:43,387 - Verifying the attached certificate is signed by the issuer. Valid Not After: 2025-05-12 23:58:59+00:00
2020-08-23 01:12:43,396 - Verifying the attached certificate is signed by the issuer. Valid Not After: 2025-05-12 23:58:59+00:00
2020-08-23 01:12:43,397 - Verifying the attached certificate is signed by the issuer. Valid Not After: 2025-05-12 23:58:59+00:00
2020-08-23 01:12:43,402 - Verifying the attached certificate is signed by the issuer. Valid Not After: 2021-04-02 17:08:26+00:00
2020-08-23 01:12:43,405 - Verifying the attached certificate is signed by the issuer. Valid Not After: 2021-04-02 17:08:26+00:00
2020-08-23 01:12:43,408 - Verifying the attached certificate is signed by the issuer. Valid Not After: 2021-04-02 17:13:33+00:00
2020-08-23 01:12:43,410 - Verifying the attached certificate is signed by the issuer. Valid Not After: 2021-04-02 17:13:33+00:00
2020-08-23 01:12:43,411 - Verifying the attached certificate is signed by the issuer. Valid Not After: 2021-04-02 16:58:09+00:00
2020-08-23 01:12:43,413 - Verifying the attached certificate is signed by the issuer. Valid Not After: 2021-04-02 16:58:09+00:00
2020-08-23 01:12:43,431 - Verifying the attached certificate is signed by the issuer. Valid Not After: 2021-04-02 17:13:33+00:00
2020-08-23 01:12:43,433 - Verifying the attached certificate is signed by the issuer. Valid Not After: 2021-04-02 17:13:33+00:00
2020-08-23 01:12:43,434 - Verifying the attached certificate is signed by the issuer. Valid Not After: 2021-04-02 17:08:26+00:00
2020-08-23 01:12:43,435 - Verifying the attached certificate is signed by the issuer. Valid Not After: 2021-04-02 17:08:26+00:00
2020-08-23 01:12:43,437 - Verifying the attached certificate is signed by the issuer. Valid Not After: 2021-04-02 17:03:51+00:00
2020-08-23 01:12:43,438 - Verifying the attached certificate is signed by the issuer. Valid Not After: 2021-04-02 17:03:51+00:00
2020-08-23 01:12:43,439 - Verifying the attached certificate is signed by the issuer. Valid Not After: 2021-04-02 16:58:09+00:00
2020-08-23 01:12:43,441 - Verifying the attached certificate is signed by the issuer. Valid Not After: 2021-04-02 16:58:09+00:00
2020-08-23 01:12:43,443 - Verifying the attached certificate is signed by the issuer. Valid Not After: 2021-04-02 17:03:51+00:00
2020-08-23 01:12:43,445 - Verifying the attached certificate is signed by the issuer. Valid Not After: 2021-04-02 17:03:51+00:00
2020-08-23 01:12:43,446 - Verifying the attached certificate is signed by the issuer. Valid Not After: 2021-04-02 17:03:51+00:00
2020-08-23 01:12:43,447 - Verifying the attached certificate is signed by the issuer. Valid Not After: 2021-04-02 17:03:51+00:00
2020-08-23 01:12:43,464 - Verifying the attached certificate is signed by the issuer. Valid Not After: 2021-04-02 17:13:33+00:00
2020-08-23 01:12:43,465 - Verifying the attached certificate is signed by the issuer. Valid Not After: 2021-04-02 17:13:33+00:00
2020-08-23 01:12:43,467 - Read OCSP response cache file: C:/Users/dmitry.mitrofanov/AppData/Local/Snowflake/Caches/ocsp_response_cache.json, count=140
2020-08-23 01:12:43,467 - validating certificate: klientiks.ru
2020-08-23 01:12:43,467 - skipping OCSP check: klientiks.ru
2020-08-23 01:12:44,304 - https://klientiks.ru:443 "GET /clientix/Restapi/list/a/390b96e2763e/u/d969c9cde78c/t/073de5009f21b34afa022cfa7ca2c124/m/AppointmentClientLinks/ik/orders/rvwk/status,statuses/?date=10&offset=19450 HTTP/1.1" 200 None
2020-08-23 01:12:44,318 - {"offset": 19500, "count": 50, "limit": 50, "statuses": [{"id": 1, "name": "scheduled"}, {"id": 2, "name": "sms_confirmation_sent"}, {"id": 3, "name": "cancelled_by_sms"}, {"id": 4, "name": "confirmed"}, {"id": 5, "name": "in_progress"}, {"id": 6, "name": "finished"}, {"id": 7, "name": "cancelled"}, {"id": 8, "name": "missed"}, {"id": 9, "name": "arrived"}], "fields": [{"id": "1", "name": "\u0418\u0441\u043f\u043e\u043b\u043d\u0438\u0442\u0435\u043b\u044c"}, {"id": "2", "name": "\u0421\u0441\u044b\u043b\u043a\u0430 \u043d\u0430 \u043a\u043b\u0438\u0435\u043d\u0442\u0430"}, {"id": "3", "name": "\u0410\u0439\u0434\u0438 \u0430\u043a\u043a\u0430\u0443\u043d\u0442\u0430"}], "orders": [{"id": 6607810, "name": "\u0410\u044d\u0440\u043e\u0439\u043e\u0433\u0430 (90 \u043c\u0438\u043d)", "account_id": 10765, "date_create": 1582872496, "status": 6, "price": "0", "client_id": 1122837, "roistat": "\u043f\u043e\u0441\u0442\u043e\u044f\u043d\u043d\u044b\u0439 \u043a\u043b\u0438\u0435\u043d\u0442", "executor": "\u0421\u043e\u0431\u0435\u043d\u043d\u0438\u043a\u043e\u0432\u0430 \u041e\u043a\u0441\u0430\u043d\u0430 \u042e\u0440\u044c\u0435\u0432\u043d\u0430", "is_sale": false, "appointment_id": 5833285, "fields": {"1": "\u0421\u043e\u0431\u0435\u043d\u043d\u0438\u043a\u043e\u0432\u0430 \u041e\u043a\u0441\u0430\u043d\u0430 \u042e\u0440\u044c\u0435\u0432\u043d\u0430", "2": "https://klientiks.ru/clientix/client/default/id/1122837", "3": 10765}}, {"id": 6607812, "name": "\u0410\u044d\u0440\u043e\u0439\u043e\u0433\u0430 (90 \u043c\u0438\u043d)", "account_id": 10765, "date_create": 1582872499, "status": 6, "price": "0", "client_id": 2877520, "roistat": "\u0438\u043d\u0442\u0435\u0440\u043d\u0435\u0442", "executor": "\u0421\u043e\u0431\u0435\u043d\u043d\u0438\u043a\u043e\u0432\u0430 \u041e\u043a\u0441\u0430\u043d\u0430 \u042e\u0440\u044c\u0435\u0432\u043d\u0430", "is_sale": false, "appointment_id": 5833285, "fields": {"1": "\u0421\u043e\u0431\u0435\u043d\u043d\u0438\u043a\u043e\u0432\u0430 \u041e\u043a\u0441\u0430\u043d\u0430 \u042e\u0440\u044c\u0435\u0432\u043d\u0430", "2": "https://klientiks.ru/clientix/client/default/id/2877520", "3": 10765}}, {"id": 6608043, "name": "\u0410\u044e\u0440\u0432\u0435\u0434\u0430 \u043a\u043e\u043d\u0441\u0443\u043b\u044c\u0442\u0430\u0446\u0438\u044f \u0432\u0440\u0430\u0447\u0430 (60 \u043c\u0438\u043d)", "account_id": 10765, "date_create": 1582873655, "status": 6, "price": "3500", "client_id": 3319006, "roistat": "\u0412\u0445\u043e\u0434\u044f\u0449\u0438\u0439 \u0437\u0432\u043e\u043d\u043e\u043a", "executor": "\u041f\u0440\u0430\u0432\u0438\u043d \u0421\u0443\u0440\u0435\u043d\u0434\u0440\u0430\u043d\u043f\u0438\u043b\u0430\u0439 \u0412\u0430\u0441\u0430\u043d\u0442\u0430\u043a\u0443\u043c\u0430\u0440\u0438", "is_sale": false, "appointment_id": 5851965, "fields": {"1": "\u041f\u0440\u0430\u0432\u0438\u043d \u0421\u0443\u0440\u0435\u043d\u0434\u0440\u0430\u043d\u043f\u0438\u043b\u0430\u0439 \u0412\u0430\u0441\u0430\u043d\u0442\u0430\u043a\u0443\u043c\u0430\u0440\u0438", "2": "https://klientiks.ru/clientix/client/default/id/3319006", "3": 10765}}, {"id": 6609060, "name": "\u0420\u043e\u0437\u043e\u0432\u044f_\u0432\u043e\u0434\u0430_Khadi", "account_id": 10765, "date_create": 1582877952, "status": 6, "price": "400", "client_id": 1108070, "roistat": "\u0438\u043d\u0442\u0435\u0440\u043d\u0435\u0442", "executor": "\u0410\u0445\u043c\u0435\u0434\u043e\u0432\u0430 \u0422\u0430\u0442\u044c\u044f\u043d\u0430 \u041b\u0435\u043e\u043d\u0438\u0434\u043e\u0432\u043d\u0430", "is_sale": true, "appointment_id": 5852875, "fields": {"1": "\u0410\u0445\u043c\u0435\u0434\u043e\u0432\u0430 \u0422\u0430\u0442\u044c\u044f\u043d\u0430 \u041b\u0435\u043e\u043d\u0438\u0434\u043e\u0432\u043d\u0430", "2": "https://klientiks.ru/clientix/client/default/id/1108070", "3": 10765}}, {"id": 6609134, "name": "\u0420\u043e\u0437\u043e\u0432\u044f_\u0432\u043e\u0434\u0430_Khadi", "account_id": 10765, "date_create": 1582878286, "status": 6, "price": "400", "client_id": 1297843, "roistat": "\u0440\u044f\u0434\u043e\u043c \u0436\u0438\u0432\u0435\u0442", "executor": "\u0410\u0445\u043c\u0435\u0434\u043e\u0432\u0430 \u0422\u0430\u0442\u044c\u044f\u043d\u0430 \u041b\u0435\u043e\u043d\u0438\u0434\u043e\u0432\u043d\u0430", "is_sale": true, "appointment_id": 5852970, "fields": {"1": "\u0410\u0445\u043c\u0435\u0434\u043e\u0432\u0430 \u0422\u0430\u0442\u044c\u044f\u043d\u0430 \u041b\u0435\u043e\u043d\u0438\u0434\u043e\u0432\u043d\u0430", "2": "https://klientiks.ru/clientix/client/default/id/1297843", "3": 10765}}, {"id": 6609341, "name": "Chyawanaprasham_Nagarjuna 500g", "account_id": 10765, "date_create": 1582879137, "status": 6, "price": "700", "client_id": 3215797, "roistat": "\u0438\u043d\u0442\u0435\u0440\u043d\u0435\u0442", "executor": "\u0410\u0445\u043c\u0435\u0434\u043e\u0432\u0430 \u0422\u0430\u0442\u044c\u044f\u043d\u0430 \u041b\u0435\u043e\u043d\u0438\u0434\u043e\u0432\u043d\u0430", "is_sale": true, "appointment_id": 5853140, "fields": {"1": "\u0410\u0445\u043c\u0435\u0434\u043e\u0432\u0430 \u0422\u0430\u0442\u044c\u044f\u043d\u0430 \u041b\u0435\u043e\u043d\u0438\u0434\u043e\u0432\u043d\u0430", "2": "https://klientiks.ru/clientix/client/default/id/3215797", "3": 10765}}, {"id": 6609378, "name": "Chyawanaprasham_Nagarjuna 500g", "account_id": 10765, "date_create": 1582879329, "status": 6, "price": "700", "client_id": 3014911, "roistat": "\u043e\u0442 \u0437\u043d\u0430\u043a\u043e\u043c\u044b\u0445", "executor": "\u0410\u0445\u043c\u0435\u0434\u043e\u0432\u0430 \u0422\u0430\u0442\u044c\u044f\u043d\u0430 \u041b\u0435\u043e\u043d\u0438\u0434\u043e\u0432\u043d\u0430", "is_sale": true, "appointment_id": 5853176, "fields": {"1": "\u0410\u0445\u043c\u0435\u0434\u043e\u0432\u0430 \u0422\u0430\u0442\u044c\u044f\u043d\u0430 \u041b\u0435\u043e\u043d\u0438\u0434\u043e\u0432\u043d\u0430", "2": "https://klientiks.ru/clientix/client/default/id/3014911", "3": 10765}}, {"id": 6609424, "name": "Itone_eye_drop_\u043a\u0430\u043f\u043b\u0438,Chyawanaprasham_Nagarjuna 500g,Itone_eye_drop_\u043a\u0430\u043f\u043b\u0438,Chyawanaprasham_Nagarjuna 500g", "account_id": 10765, "date_create": 1582879528, "status": 6, "price": "980", "client_id": 3058502, "roistat": "\u043e\u0442 \u0437\u043d\u0430\u043a\u043e\u043c\u044b\u0445", "executor": "\u0410\u0445\u043c\u0435\u0434\u043e\u0432\u0430 \u0422\u0430\u0442\u044c\u044f\u043d\u0430 \u041b\u0435\u043e\u043d\u0438\u0434\u043e\u0432\u043d\u0430", "is_sale": true, "appointment_id": 5853219, "fields": {"1": "\u0410\u0445\u043c\u0435\u0434\u043e\u0432\u0430 \u0422\u0430\u0442\u044c\u044f\u043d\u0430 \u041b\u0435\u043e\u043d\u0438\u0434\u043e\u0432\u043d\u0430", "2": "https://klientiks.ru/clientix/client/default/id/3058502", "3": 10765}}, {"id": 6609494, "name": "\u0410\u044d\u0440\u043e\u0439\u043e\u0433\u0430 (90 \u043c\u0438\u043d)", "account_id": 10765, "date_create": 1582879922, "status": 6, "price": "0", "client_id": 3144287, "roistat": "\u0438\u043d\u0442\u0435\u0440\u043d\u0435\u0442", "executor": "\u0421\u043e\u0431\u0435\u043d\u043d\u0438\u043a\u043e\u0432\u0430 \u041e\u043a\u0441\u0430\u043d\u0430 \u042e\u0440\u044c\u0435\u0432\u043d\u0430", "is_sale": false, "appointment_id": 5833242, "fields": {"1": "\u0421\u043e\u0431\u0435\u043d\u043d\u0438\u043a\u043e\u0432\u0430 \u041e\u043a\u0441\u0430\u043d\u0430 \u042e\u0440\u044c\u0435\u0432\u043d\u0430", "2": "https://klientiks.ru/clientix/client/default/id/3144287", "3": 10765}}, {"id": 6609665, "name": "\u0410\u044d\u0440\u043e\u0439\u043e\u0433\u0430 (90 \u043c\u0438\u043d)", "account_id": 10765, "date_create": 1582880922, "status": 6, "price": "0", "client_id": 1108070, "roistat": "\u0438\u043d\u0442\u0435\u0440\u043d\u0435\u0442", "executor": "\u0421\u043e\u0431\u0435\u043d\u043d\u0438\u043a\u043e\u0432\u0430 \u041e\u043a\u0441\u0430\u043d\u0430 \u042e\u0440\u044c\u0435\u0432\u043d\u0430", "is_sale": false, "appointment_id": 5833243, "fields": {"1": "\u0421\u043e\u0431\u0435\u043d\u043d\u0438\u043a\u043e\u0432\u0430 \u041e\u043a\u0441\u0430\u043d\u0430 \u042e\u0440\u044c\u0435\u0432\u043d\u0430", "2": "https://klientiks.ru/clientix/client/default/id/1108070", "3": 10765}}, {"id": 6609667, "name": "\u0410\u044d\u0440\u043e\u0439\u043e\u0433\u0430 (90 \u043c\u0438\u043d)", "account_id": 10765, "date_create": 1582880934, "status": 6, "price": "0", "client_id": 3014911, "roistat": "\u043e\u0442 \u0437\u043d\u0430\u043a\u043e\u043c\u044b\u0445", "executor": "\u0421\u043e\u0431\u0435\u043d\u043d\u0438\u043a\u043e\u0432\u0430 \u041e\u043a\u0441\u0430\u043d\u0430 \u042e\u0440\u044c\u0435\u0432\u043d\u0430", "is_sale": false, "appointment_id": 5833243, "fields": {"1": "\u0421\u043e\u0431\u0435\u043d\u043d\u0438\u043a\u043e\u0432\u0430 \u041e\u043a\u0441\u0430\u043d\u0430 \u042e\u0440\u044c\u0435\u0432\u043d\u0430", "2": "https://klientiks.ru/clientix/client/default/id/3014911", "3": 10765}}, {"id": 6609779, "name": "Drakshadi_kashayam_200ml", "account_id": 10765, "date_create": 1582881396, "status": 6, "price": "850", "client_id": 3188843, "roistat": "\u0438\u043d\u0442\u0435\u0440\u043d\u0435\u0442", "executor": "\u0410\u0445\u043c\u0435\u0434\u043e\u0432\u0430 \u0422\u0430\u0442\u044c\u044f\u043d\u0430 \u041b\u0435\u043e\u043d\u0438\u0434\u043e\u0432\u043d\u0430", "is_sale": true, "appointment_id": 5853564, "fields": {"1": "\u0410\u0445\u043c\u0435\u0434\u043e\u0432\u0430 \u0422\u0430\u0442\u044c\u044f\u043d\u0430 \u041b\u0435\u043e\u043d\u0438\u0434\u043e\u0432\u043d\u0430", "2": "https://klientiks.ru/clientix/client/default/id/3188843", "3": 10765}}, {"id": 6609863, "name": "\u0428\u0438\u0440\u043e\u0434\u0445\u0430\u0440\u0430 (60 \u043c\u0438\u043d. \u0441\u0442\u0440\u0443\u044f\u0449\u0435\u0435\u0441\u044f \u043c\u0430\u0441\u043b\u043e \u043d\u0430 \u043b\u043e\u0431),\u0428\u0438\u0440\u043e\u0434\u0445\u0430\u0440\u0430 (60 \u043c\u0438\u043d. \u0441\u0442\u0440\u0443\u044f\u0449\u0435\u0435\u0441\u044f \u043c\u0430\u0441\u043b\u043e \u043d\u0430 \u043b\u043e\u0431),\u0423\u043c\u0430\u0441\u043b\u0438\u0432\u0430\u043d\u0438\u0435  (30 \u043c\u0438\u043d.),\u0423\u043c\u0430\u0441\u043b\u0438\u0432\u0430\u043d\u0438\u0435  (30 \u043c\u0438\u043d.)", "account_id": 10765, "date_create": 1582881858, "status": 6, "price": "0", "client_id": 3058502, "roistat": "\u043e\u0442 \u0437\u043d\u0430\u043a\u043e\u043c\u044b\u0445", "executor": "\u0424\u0438\u043b\u0438\u043f \u0412\u0438\u043c\u0430\u043b\u0430 \u0412\u0438\u043f\u0438\u043d", "is_sale": false, "appointment_id": 5853640, "fields": {"1": "\u0424\u0438\u043b\u0438\u043f \u0412\u0438\u043c\u0430\u043b\u0430 \u0412\u0438\u043f\u0438\u043d", "2": "https://klientiks.ru/clientix/client/default/id/3058502", "3": 10765}}, {"id": 6610697, "name": "\u0410\u044e\u0440\u0432\u0435\u0434\u0430 \u043a\u043e\u043d\u0441\u0443\u043b\u044c\u0442\u0430\u0446\u0438\u044f \u0432\u0440\u0430\u0447\u0430 (60 \u043c\u0438\u043d)", "account_id": 10765, "date_create": 1582886384, "status": 7, "price": null, "client_id": 3321057, "roistat": "\u0432\u043a", "executor": "\u041f\u0440\u0430\u0432\u0438\u043d \u0421\u0443\u0440\u0435\u043d\u0434\u0440\u0430\u043d\u043f\u0438\u043b\u0430\u0439 \u0412\u0430\u0441\u0430\u043d\u0442\u0430\u043a\u0443\u043c\u0430\u0440\u0438", "is_sale": false, "appointment_id": 5854476, "fields": {"1": "\u041f\u0440\u0430\u0432\u0438\u043d \u0421\u0443\u0440\u0435\u043d\u0434\u0440\u0430\u043d\u043f\u0438\u043b\u0430\u0439 \u0412\u0430\u0441\u0430\u043d\u0442\u0430\u043a\u0443\u043c\u0430\u0440\u0438", "2": "https://klientiks.ru/clientix/client/default/id/3321057", "3": 10765}}, {"id": 6611326, "name": "\u0410\u044e\u0440\u0432\u0435\u0434\u0430 \u043f\u043e\u0432\u0442\u043e\u0440\u043d\u0430\u044f \u043a\u043e\u043d\u0441\u0443\u043b\u044c\u0442\u0430\u0446\u0438\u044f \u0434\u043e\u043a\u0442\u043e\u0440\u0430 \u0412\u0430\u0440\u0443\u043d (30 \u043c\u0438\u043d.)", "account_id": 10765, "date_create": 1582889618, "status": 6, "price": "2000", "client_id": 2542180, "roistat": "\u043e\u0442 \u0437\u043d\u0430\u043a\u043e\u043c\u044b\u0445", "executor": "\u0412\u0430\u0440\u0443\u043d", "is_sale": false, "appointment_id": 5855067, "fields": {"1": "\u0412\u0430\u0440\u0443\u043d", "2": "https://klientiks.ru/clientix/client/default/id/2542180", "3": 10765}}, {"id": 6611774, "name": "\u0410\u044d\u0440\u043e\u0439\u043e\u0433\u0430 (90 \u043c\u0438\u043d)", "account_id": 10765, "date_create": 1582891766, "status": 6, "price": "0", "client_id": 1122031, "roistat": "\u0441\u043e\u0442\u0440\u0443\u0434\u043d\u0438\u043a", "executor": "\u0421\u043e\u0431\u0435\u043d\u043d\u0438\u043a\u043e\u0432\u0430 \u041e\u043a\u0441\u0430\u043d\u0430 \u042e\u0440\u044c\u0435\u0432\u043d\u0430", "is_sale": false, "appointment_id": 5543994, "fields": {"1": "\u0421\u043e\u0431\u0435\u043d\u043d\u0438\u043a\u043e\u0432\u0430 \u041e\u043a\u0441\u0430\u043d\u0430 \u042e\u0440\u044c\u0435\u0432\u043d\u0430", "2": "https://klientiks.ru/clientix/client/default/id/1122031", "3": 10765}}, {"id": 6611781, "name": "\u0410\u044d\u0440\u043e\u0439\u043e\u0433\u0430 (90 \u043c\u0438\u043d)", "account_id": 10765, "date_create": 1582891793, "status": 6, "price": "0", "client_id": 1109904, "roistat": "\u0441\u043e\u0442\u0440\u0443\u0434\u043d\u0438\u043a", "executor": "\u0421\u043e\u0431\u0435\u043d\u043d\u0438\u043a\u043e\u0432\u0430 \u041e\u043a\u0441\u0430\u043d\u0430 \u042e\u0440\u044c\u0435\u0432\u043d\u0430", "is_sale": false, "appointment_id": 5833284, "fields": {"1": "\u0421\u043e\u0431\u0435\u043d\u043d\u0438\u043a\u043e\u0432\u0430 \u041e\u043a\u0441\u0430\u043d\u0430 \u042e\u0440\u044c\u0435\u0432\u043d\u0430", "2": "https://klientiks.ru/clientix/client/default/id/1109904", "3": 10765}}, {"id": 6612051, "name": "\u0410\u044e\u0440\u0432\u0435\u0434\u0430 \u043f\u043e\u0432\u0442\u043e\u0440\u043d\u0430\u044f \u043a\u043e\u043d\u0441\u0443\u043b\u044c\u0442\u0430\u0446\u0438\u044f \u0432\u0440\u0430\u0447\u0430 \u0432 \u043d\u0430\u0437\u043d\u0430\u0447\u0435\u043d\u043d\u044b\u0439 \u0441\u0440\u043e\u043a (30 \u043c\u0438\u043d)", "account_id": 10765, "date_create": 1582893369, "status": 6, "price": "2000", "client_id": 1122769, "roistat": "\u0412\u0445\u043e\u0434\u044f\u0449\u0438\u0439 \u0437\u0432\u043e\u043d\u043e\u043a", "executor": "\u041f\u0440\u0430\u0432\u0438\u043d \u0421\u0443\u0440\u0435\u043d\u0434\u0440\u0430\u043d\u043f\u0438\u043b\u0430\u0439 \u0412\u0430\u0441\u0430\u043d\u0442\u0430\u043a\u0443\u043c\u0430\u0440\u0438", "is_sale": false, "appointment_id": 5855752, "fields": {"1": "\u041f\u0440\u0430\u0432\u0438\u043d \u0421\u0443\u0440\u0435\u043d\u0434\u0440\u0430\u043d\u043f\u0438\u043b\u0430\u0439 \u0412\u0430\u0441\u0430\u043d\u0442\u0430\u043a\u0443\u043c\u0430\u0440\u0438", "2": "https://klientiks.ru/clientix/client/default/id/1122769", "3": 10765}}, {"id": 6612512, "name": "\u0410\u044e\u0440\u0432\u0435\u0434\u0430 \u043f\u043e\u0432\u0442\u043e\u0440\u043d\u0430\u044f  \u043a\u043e\u043d\u0441\u0443\u043b\u044c\u0442\u0430\u0446\u0438\u044f \u0432\u0440\u0430\u0447\u0430 (30 \u043c\u0438\u043d)", "account_id": 10765, "date_create": 1582895755, "status": 7, "price": null, "client_id": 2758536, "roistat": "\u043e\u0442 \u0437\u043d\u0430\u043a\u043e\u043c\u044b\u0445", "executor": "\u041f\u0440\u0430\u0432\u0438\u043d \u0421\u0443\u0440\u0435\u043d\u0434\u0440\u0430\u043d\u043f\u0438\u043b\u0430\u0439 \u0412\u0430\u0441\u0430\u043d\u0442\u0430\u043a\u0443\u043c\u0430\u0440\u0438", "is_sale": false, "appointment_id": 5856150, "fields": {"1": "\u041f\u0440\u0430\u0432\u0438\u043d \u0421\u0443\u0440\u0435\u043d\u0434\u0440\u0430\u043d\u043f\u0438\u043b\u0430\u0439 \u0412\u0430\u0441\u0430\u043d\u0442\u0430\u043a\u0443\u043c\u0430\u0440\u0438", "2": "https://klientiks.ru/clientix/client/default/id/2758536", "3": 10765}}, {"id": 6613111, "name": "Sukumara_Kashayam_200 ml", "account_id": 10765, "date_create": 1582899890, "status": 6, "price": "800", "client_id": 3258794, "roistat": "\u0412\u0445\u043e\u0434\u044f\u0449\u0438\u0439 \u0437\u0432\u043e\u043d\u043e\u043a", "executor": "\u0410\u0445\u043c\u0435\u0434\u043e\u0432\u0430 \u0422\u0430\u0442\u044c\u044f\u043d\u0430 \u041b\u0435\u043e\u043d\u0438\u0434\u043e\u0432\u043d\u0430", "is_sale": true, "appointment_id": 5856720, "fields": {"1": "\u0410\u0445\u043c\u0435\u0434\u043e\u0432\u0430 \u0422\u0430\u0442\u044c\u044f\u043d\u0430 \u041b\u0435\u043e\u043d\u0438\u0434\u043e\u0432\u043d\u0430", "2": "https://klientiks.ru/clientix/client/default/id/3258794", "3": 10765}}, {"id": 6613142, "name": "\u0410\u044d\u0440\u043e\u0439\u043e\u0433\u0430 (90 \u043c\u0438\u043d)", "account_id": 10765, "date_create": 1582900096, "status": 6, "price": "800", "client_id": 3244018, "roistat": "\u0438\u043d\u0442\u0435\u0440\u043d\u0435\u0442", "executor": "\u0412\u043b\u0430\u0441\u043e\u0432\u0430 \u0415\u043b\u0435\u043d\u0430 \u0421\u0435\u0440\u0433\u0435\u0435\u0432\u043d\u0430", "is_sale": false, "appointment_id": 5762040, "fields": {"1": "\u0412\u043b\u0430\u0441\u043e\u0432\u0430 \u0415\u043b\u0435\u043d\u0430 \u0421\u0435\u0440\u0433\u0435\u0435\u0432\u043d\u0430", "2": "https://klientiks.ru/clientix/client/default/id/3244018", "3": 10765}}, {"id": 6613439, "name": "Brahmarasayanam_200ml,\u041a\u0430\u0440\u0434\u043e\u043c\u043e\u043d_\u0437\u0435\u043b\u0435\u043d\u044b\u0439,\u041a\u0430\u0440\u0434\u043e\u043c\u043e\u043d_\u0437\u0435\u043b\u0435\u043d\u044b\u0439,Brahmarasayanam_200ml,\u041a\u0430\u0440\u0434\u043e\u043c\u043e\u043d_\u0437\u0435\u043b\u0435\u043d\u044b\u0439,\u0428\u0430\u043c\u043f\u0443\u043d\u044c_Trichup,\u0428\u0430\u043c\u043f\u0443\u043d\u044c_Trichup,\u0428\u0430\u043c\u043f\u0443\u043d\u044c_Trichup,Brahmarasayanam_200ml", "account_id": 10765, "date_create": 1582901878, "status": 6, "price": "1250", "client_id": 3276868, "roistat": "\u0412\u0445\u043e\u0434\u044f\u0449\u0438\u0439 \u0437\u0432\u043e\u043d\u043e\u043a", "executor": "\u0410\u0445\u043c\u0435\u0434\u043e\u0432\u0430 \u0422\u0430\u0442\u044c\u044f\u043d\u0430 \u041b\u0435\u043e\u043d\u0438\u0434\u043e\u0432\u043d\u0430", "is_sale": true, "appointment_id": 5857007, "fields": {"1": "\u0410\u0445\u043c\u0435\u0434\u043e\u0432\u0430 \u0422\u0430\u0442\u044c\u044f\u043d\u0430 \u041b\u0435\u043e\u043d\u0438\u0434\u043e\u0432\u043d\u0430", "2": "https://klientiks.ru/clientix/client/default/id/3276868", "3": 10765}}, {"id": 6613600, "name": "Arjunarishtam_450ml", "account_id": 10765, "date_create": 1582902783, "status": 6, "price": "835", "client_id": 2623071, "roistat": "\u0441\u043e\u0442\u0440\u0443\u0434\u043d\u0438\u043a", "executor": "\u0410\u0445\u043c\u0435\u0434\u043e\u0432\u0430 \u0422\u0430\u0442\u044c\u044f\u043d\u0430 \u041b\u0435\u043e\u043d\u0438\u0434\u043e\u0432\u043d\u0430", "is_sale": true, "appointment_id": 5857122, "fields": {"1": "\u0410\u0445\u043c\u0435\u0434\u043e\u0432\u0430 \u0422\u0430\u0442\u044c\u044f\u043d\u0430 \u041b\u0435\u043e\u043d\u0438\u0434\u043e\u0432\u043d\u0430", "2": "https://klientiks.ru/clientix/client/default/id/2623071", "3": 10765}}, {"id": 6614597, "name": "\u0410\u044e\u0440\u0432\u0435\u0434\u0430 \u043f\u043e\u0432\u0442\u043e\u0440\u043d\u0430\u044f \u043a\u043e\u043d\u0441\u0443\u043b\u044c\u0442\u0430\u0446\u0438\u044f \u0432\u0440\u0430\u0447\u0430 \u0432 \u043d\u0430\u0437\u043d\u0430\u0447\u0435\u043d\u043d\u044b\u0439 \u0441\u0440\u043e\u043a (30 \u043c\u0438\u043d)", "account_id": 10765, "date_create": 1582905636, "status": 6, "price": "2000", "client_id": 1383790, "roistat": "\u0421\u043e\u0432\u0435\u0442 \u0414\u0440\u0443\u0437\u0435\u0439", "executor": "\u041f\u0440\u0430\u0432\u0438\u043d \u0421\u0443\u0440\u0435\u043d\u0434\u0440\u0430\u043d\u043f\u0438\u043b\u0430\u0439 \u0412\u0430\u0441\u0430\u043d\u0442\u0430\u043a\u0443\u043c\u0430\u0440\u0438", "is_sale": false, "appointment_id": 5857428, "fields": {"1": "\u041f\u0440\u0430\u0432\u0438\u043d \u0421\u0443\u0440\u0435\u043d\u0434\u0440\u0430\u043d\u043f\u0438\u043b\u0430\u0439 \u0412\u0430\u0441\u0430\u043d\u0442\u0430\u043a\u0443\u043c\u0430\u0440\u0438", "2": "https://klientiks.ru/clientix/client/default/id/1383790", "3": 10765}}, {"id": 6614744, "name": "\u041a\u0430\u043b\u0430\u0440\u0438 \u043c\u0430\u0441\u0441\u0430\u0436 (60 \u043c\u0438\u043d. \u043d\u043e\u0436\u043d\u043e\u0439 \u043c\u0430\u0441\u043b\u044f\u043d\u044b\u0439 \u043c\u0430\u0441\u0441\u0430\u0436)", "account_id": 10765, "date_create": 1582906765, "status": 6, "price": "0", "client_id": 2936299, "roistat": "\u0412\u0445\u043e\u0434\u044f\u0449\u0438\u0439 \u0437\u0432\u043e\u043d\u043e\u043a,\u043e\u0442 \u0437\u043d\u0430\u043a\u043e\u043c\u044b\u0445", "executor": "\u0424\u0438\u043b\u0438\u043f \u0412\u0438\u043c\u0430\u043b\u0430 \u0412\u0438\u043f\u0438\u043d", "is_sale": false, "appointment_id": 5857568, "fields": {"1": "\u0424\u0438\u043b\u0438\u043f \u0412\u0438\u043c\u0430\u043b\u0430 \u0412\u0438\u043f\u0438\u043d", "2": "https://klientiks.ru/clientix/client/default/id/2936299", "3": 10765}}, {"id": 6614748, "name": "\u0410\u0431\u0445\u044a\u044f\u043d\u0433\u0430 \u043c\u0430\u0441\u0441\u0430\u0436 (60 \u043c\u0438\u043d. \u0440\u0443\u0447\u043d\u043e\u0439 \u043c\u0430\u0441\u043b\u044f\u043d\u044b\u0439 \u043c\u0430\u0441\u0441\u0430\u0436 \u0432 2 \u0440\u0443\u043a\u0438)", "account_id": 10765, "date_create": 1582906812, "status": 6, "price": "0", "client_id": 2936299, "roistat": "\u0412\u0445\u043e\u0434\u044f\u0449\u0438\u0439 \u0437\u0432\u043e\u043d\u043e\u043a,\u043e\u0442 \u0437\u043d\u0430\u043a\u043e\u043c\u044b\u0445", "executor": "\u041d\u0438\u0431\u0438\u043d \u041a\u043e\u0434\u0430\u0442 \u0414\u0438\u043d\u0435\u0441\u0430\u043d", "is_sale": false, "appointment_id": 5857573, "fields": {"1": "\u041d\u0438\u0431\u0438\u043d \u041a\u043e\u0434\u0430\u0442 \u0414\u0438\u043d\u0435\u0441\u0430\u043d", "2": "https://klientiks.ru/clientix/client/default/id/2936299", "3": 10765}}, {"id": 6614839, "name": "\u0423\u043c\u0430\u0441\u043b\u0438\u0432\u0430\u043d\u0438\u0435  (30 \u043c\u0438\u043d.)", "account_id": 10765, "date_create": 1582907560, "status": 6, "price": "1440", "client_id": 1123631, "roistat": "\u043f\u043e\u0441\u0442\u043e\u044f\u043d\u043d\u044b\u0439 \u043a\u043b\u0438\u0435\u043d\u0442", "executor": "\u0428\u0440\u0438\u0442\u0430", "is_sale": false, "appointment_id": 5857654, "fields": {"1": "\u0428\u0440\u0438\u0442\u0430", "2": "https://klientiks.ru/clientix/client/default/id/1123631", "3": 10765}}, {"id": 6614872, "name": "\u0423\u043c\u0430\u0441\u043b\u0438\u0432\u0430\u043d\u0438\u0435  (30 \u043c\u0438\u043d.)", "account_id": 10765, "date_create": 1582908126, "status": 6, "price": "1440", "client_id": 1123631, "roistat": "\u043f\u043e\u0441\u0442\u043e\u044f\u043d\u043d\u044b\u0439 \u043a\u043b\u0438\u0435\u043d\u0442", "executor": "\u0428\u0440\u0438\u0442\u0430", "is_sale": false, "appointment_id": 5857693, "fields": {"1": "\u0428\u0440\u0438\u0442\u0430", "2": "https://klientiks.ru/clientix/client/default/id/1123631", "3": 10765}}, {"id": 6614880, "name": "Koflet_1_\u043a\u043e\u043d\u0444\u0435\u0442\u0430", "account_id": 10765, "date_create": 1582908200, "status": 6, "price": "150", "client_id": 1123631, "roistat": "\u043f\u043e\u0441\u0442\u043e\u044f\u043d\u043d\u044b\u0439 \u043a\u043b\u0438\u0435\u043d\u0442", "executor": "\u0410\u0445\u043c\u0435\u0434\u043e\u0432\u0430 \u0422\u0430\u0442\u044c\u044f\u043d\u0430 \u041b\u0435\u043e\u043d\u0438\u0434\u043e\u0432\u043d\u0430", "is_sale": true, "appointment_id": 5857701, "fields": {"1": "\u0410\u0445\u043c\u0435\u0434\u043e\u0432\u0430 \u0422\u0430\u0442\u044c\u044f\u043d\u0430 \u041b\u0435\u043e\u043d\u0438\u0434\u043e\u0432\u043d\u0430", "2": "https://klientiks.ru/clientix/client/default/id/1123631", "3": 10765}}, {"id": 6614887, "name": "\u041a\u0430\u043b\u0430\u0440\u0438 \u043c\u0430\u0441\u0441\u0430\u0436 (60 \u043c\u0438\u043d. \u043d\u043e\u0436\u043d\u043e\u0439 \u043c\u0430\u0441\u043b\u044f\u043d\u044b\u0439 \u043c\u0430\u0441\u0441\u0430\u0436)", "account_id": 10765, "date_create": 1582908326, "status": 6, "price": "0", "client_id": 2936299, "roistat": "\u0412\u0445\u043e\u0434\u044f\u0449\u0438\u0439 \u0437\u0432\u043e\u043d\u043e\u043a,\u043e\u0442 \u0437\u043d\u0430\u043a\u043e\u043c\u044b\u0445", "executor": "\u0424\u0438\u043b\u0438\u043f \u0412\u0438\u043c\u0430\u043b\u0430 \u0412\u0438\u043f\u0438\u043d", "is_sale": false, "appointment_id": 5857708, "fields": {"1": "\u0424\u0438\u043b\u0438\u043f \u0412\u0438\u043c\u0430\u043b\u0430 \u0412\u0438\u043f\u0438\u043d", "2": "https://klientiks.ru/clientix/client/default/id/2936299", "3": 10765}}, {"id": 6614892, "name": "\u041a\u0430\u043b\u0430\u0440\u0438 \u043c\u0430\u0441\u0441\u0430\u0436 (60 \u043c\u0438\u043d. \u043d\u043e\u0436\u043d\u043e\u0439 \u043c\u0430\u0441\u043b\u044f\u043d\u044b\u0439 \u043c\u0430\u0441\u0441\u0430\u0436)", "account_id": 10765, "date_create": 1582908371, "status": 7, "price": null, "client_id": 2936299, "roistat": "\u0412\u0445\u043e\u0434\u044f\u0449\u0438\u0439 \u0437\u0432\u043e\u043d\u043e\u043a,\u043e\u0442 \u0437\u043d\u0430\u043a\u043e\u043c\u044b\u0445", "executor": "\u0424\u0438\u043b\u0438\u043f \u0412\u0438\u043c\u0430\u043b\u0430 \u0412\u0438\u043f\u0438\u043d", "is_sale": false, "appointment_id": 5857714, "fields": {"1": "\u0424\u0438\u043b\u0438\u043f \u0412\u0438\u043c\u0430\u043b\u0430 \u0412\u0438\u043f\u0438\u043d", "2": "https://klientiks.ru/clientix/client/default/id/2936299", "3": 10765}}, {"id": 6616355, "name": "\u0410\u0431\u0445\u044a\u044f\u043d\u0433\u0430 \u043c\u0430\u0441\u0441\u0430\u0436 (60 \u043c\u0438\u043d. \u0440\u0443\u0447\u043d\u043e\u0439 \u043c\u0430\u0441\u043b\u044f\u043d\u044b\u0439 \u043c\u0430\u0441\u0441\u0430\u0436 \u0432 2 \u0440\u0443\u043a\u0438),\u0410\u0431\u0445\u044a\u044f\u043d\u0433\u0430 \u043c\u0430\u0441\u0441\u0430\u0436 (60 \u043c\u0438\u043d. \u0440\u0443\u0447\u043d\u043e\u0439 \u043c\u0430\u0441\u043b\u044f\u043d\u044b\u0439 \u043c\u0430\u0441\u0441\u0430\u0436 \u0432 2 \u0440\u0443\u043a\u0438),\u041c\u0443\u043a\u0445\u0430\u0431\u0445\u044a\u044f\u043d\u0433\u0430 (30 \u043c\u0438\u043d. \u043c\u0430\u0441\u0441\u0430\u0436 \u043b\u0438\u0446\u0430),\u041c\u0443\u043a\u0445\u0430\u0431\u0445\u044a\u044f\u043d\u0433\u0430 (30 \u043c\u0438\u043d. \u043c\u0430\u0441\u0441\u0430\u0436 \u043b\u0438\u0446\u0430)", "account_id": 10765, "date_create": 1582958255, "status": 6, "price": "4400", "client_id": 2942716, "roistat": "\u0412\u0445\u043e\u0434\u044f\u0449\u0438\u0439 \u0437\u0432\u043e\u043d\u043e\u043a", "executor": "\u0428\u0440\u0438\u0442\u0430", "is_sale": false, "appointment_id": 5858940, "fields": {"1": "\u0428\u0440\u0438\u0442\u0430", "2": "https://klientiks.ru/clientix/client/default/id/2942716", "3": 10765}}, {"id": 6616633, "name": "\u0410\u044e\u0440\u0432\u0435\u0434\u0430 \u043a\u043e\u043d\u0441\u0443\u043b\u044c\u0442\u0430\u0446\u0438\u044f \u0432\u0440\u0430\u0447\u0430 (60 \u043c\u0438\u043d)", "account_id": 10765, "date_create": 1582960279, "status": 7, "price": null, "client_id": 3332399, "roistat": "\u0412\u0445\u043e\u0434\u044f\u0449\u0438\u0439 \u0437\u0432\u043e\u043d\u043e\u043a,\u0418\u043d\u0442\u0435\u0440\u043d\u0435\u0442", "executor": "\u041f\u0440\u0430\u0432\u0438\u043d \u0421\u0443\u0440\u0435\u043d\u0434\u0440\u0430\u043d\u043f\u0438\u043b\u0430\u0439 \u0412\u0430\u0441\u0430\u043d\u0442\u0430\u043a\u0443\u043c\u0430\u0440\u0438", "is_sale": false, "appointment_id": 5859207, "fields": {"1": "\u041f\u0440\u0430\u0432\u0438\u043d \u0421\u0443\u0440\u0435\u043d\u0434\u0440\u0430\u043d\u043f\u0438\u043b\u0430\u0439 \u0412\u0430\u0441\u0430\u043d\u0442\u0430\u043a\u0443\u043c\u0430\u0440\u0438", "2": "https://klientiks.ru/clientix/client/default/id/3332399", "3": 10765}}, {"id": 6617138, "name": "Tiktaka_Kwatham_100tab", "account_id": 10765, "date_create": 1582962755, "status": 6, "price": "1250", "client_id": 2695457, "roistat": "\u043e\u0442 \u0437\u043d\u0430\u043a\u043e\u043c\u044b\u0445", "executor": "\u0410\u0445\u043c\u0435\u0434\u043e\u0432\u0430 \u0422\u0430\u0442\u044c\u044f\u043d\u0430 \u041b\u0435\u043e\u043d\u0438\u0434\u043e\u0432\u043d\u0430", "is_sale": true, "appointment_id": 5859697, "fields": {"1": "\u0410\u0445\u043c\u0435\u0434\u043e\u0432\u0430 \u0422\u0430\u0442\u044c\u044f\u043d\u0430 \u041b\u0435\u043e\u043d\u0438\u0434\u043e\u0432\u043d\u0430", "2": "https://klientiks.ru/clientix/client/default/id/2695457", "3": 10765}}, {"id": 6617942, "name": "\u041a\u043e\u043d\u0441\u0443\u043b\u044c\u0442\u0430\u0446\u0438\u044f \u0430\u0441\u0442\u0440\u043e\u043b\u043e\u0433\u0430 \u0420\u0430\u0433\u0445\u0443\u043d\u0430\u0442\u0445  \u0441\u043a\u0430\u0439\u043f", "account_id": 10765, "date_create": 1582966621, "status": 7, "price": null, "client_id": 3325787, "roistat": "\u0412\u0445\u043e\u0434\u044f\u0449\u0438\u0439 \u0437\u0432\u043e\u043d\u043e\u043a,\u0418\u043d\u0442\u0435\u0440\u043d\u0435\u0442", "executor": "\u0420\u0430\u0433\u0445\u0443\u043d\u0430\u0442\u0445 \u041c\u0435\u043d\u043e\u043d", "is_sale": false, "appointment_id": 5860448, "fields": {"1": "\u0420\u0430\u0433\u0445\u0443\u043d\u0430\u0442\u0445 \u041c\u0435\u043d\u043e\u043d", "2": "https://klientiks.ru/clientix/client/default/id/3325787", "3": 10765}}, {"id": 6618358, "name": "\u0410\u044e\u0440\u0432\u0435\u0434\u0430 \u043a\u043e\u043d\u0441\u0443\u043b\u044c\u0442\u0430\u0446\u0438\u044f \u0432\u0440\u0430\u0447\u0430 (60 \u043c\u0438\u043d)", "account_id": 10765, "date_create": 1582968635, "status": 6, "price": "3200", "client_id": 3332878, "roistat": "\u0412\u0445\u043e\u0434\u044f\u0449\u0438\u0439 \u0437\u0432\u043e\u043d\u043e\u043a", "executor": "\u041f\u0440\u0430\u0432\u0438\u043d \u0421\u0443\u0440\u0435\u043d\u0434\u0440\u0430\u043d\u043f\u0438\u043b\u0430\u0439 \u0412\u0430\u0441\u0430\u043d\u0442\u0430\u043a\u0443\u043c\u0430\u0440\u0438", "is_sale": false, "appointment_id": 5860861, "fields": {"1": "\u041f\u0440\u0430\u0432\u0438\u043d \u0421\u0443\u0440\u0435\u043d\u0434\u0440\u0430\u043d\u043f\u0438\u043b\u0430\u0439 \u0412\u0430\u0441\u0430\u043d\u0442\u0430\u043a\u0443\u043c\u0430\u0440\u0438", "2": "https://klientiks.ru/clientix/client/default/id/3332878", "3": 10765}}, {"id": 6618409, "name": "\u0410\u044e\u0440\u0432\u0435\u0434\u0430 \u043a\u043e\u043d\u0441\u0443\u043b\u044c\u0442\u0430\u0446\u0438\u044f \u0432\u0440\u0430\u0447\u0430 (60 \u043c\u0438\u043d)", "account_id": 10765, "date_create": 1582968860, "status": 6, "price": "3200", "client_id": 3332903, "roistat": "\u0412\u0445\u043e\u0434\u044f\u0449\u0438\u0439 \u0437\u0432\u043e\u043d\u043e\u043a,\u0418\u043d\u0442\u0435\u0440\u043d\u0435\u0442", "executor": "\u041f\u0440\u0430\u0432\u0438\u043d \u0421\u0443\u0440\u0435\u043d\u0434\u0440\u0430\u043d\u043f\u0438\u043b\u0430\u0439 \u0412\u0430\u0441\u0430\u043d\u0442\u0430\u043a\u0443\u043c\u0430\u0440\u0438", "is_sale": false, "appointment_id": 5860916, "fields": {"1": "\u041f\u0440\u0430\u0432\u0438\u043d \u0421\u0443\u0440\u0435\u043d\u0434\u0440\u0430\u043d\u043f\u0438\u043b\u0430\u0439 \u0412\u0430\u0441\u0430\u043d\u0442\u0430\u043a\u0443\u043c\u0430\u0440\u0438", "2": "https://klientiks.ru/clientix/client/default/id/3332903", "3": 10765}}, {"id": 6618428, "name": "Drakshadi_kashayam_200ml,\u041a\u0443\u043d\u0436\u0443\u0442\u043d\u043e\u0435_\u043c\u0430\u0441\u043b\u043e_\u041a\u0430\u043c\u0430\u043b\u0430,Ashwagandha_60tab_Kutir\u0425\u0423\u0419s,\u041a\u0443\u043d\u0436\u0443\u0442\u043d\u043e\u0435_\u043c\u0430\u0441\u043b\u043e_\u041a\u0430\u043c\u0430\u043b\u0430,Avipathi_choornam_30g,Ashwagandha_60tab_Kutir\u0425\u0423\u0419s,Septilin_Himalaya_60 tab,Drakshadi_kashayam_200ml,\u041a\u0443\u043d\u0436\u0443\u0442\u043d\u043e\u0435_\u043c\u0430\u0441\u043b\u043e_\u041a\u0430\u043c\u0430\u043b\u0430,Avipathi_choornam_30g,Ashwagandha_60tab_Kutir\u0425\u0423\u0419s,Septilin_Himalaya_60 tab,Drakshadi_kashayam_200ml,\u041a\u0443\u043d\u0436\u0443\u0442\u043d\u043e\u0435_\u043c\u0430\u0441\u043b\u043e_\u041a\u0430\u043c\u0430\u043b\u0430,Avipathi_choornam_30g,Ashwagandha_60tab_Kutir\u0425\u0423\u0419s,Septilin_Himalaya_60 tab,Drakshadi_kashayam_200ml,Septilin_Himalaya_60 tab,Ashwagandha_60tab_Kutir\u0425\u0423\u0419s,Avipathi_choornam_30g,\u041a\u0443\u043d\u0436\u0443\u0442\u043d\u043e\u0435_\u043c\u0430\u0441\u043b\u043e_\u041a\u0430\u043c\u0430\u043b\u0430,Drakshadi_kashayam_200ml,Septilin_Himalaya_60 tab,Avipathi_choornam_30g", "account_id": 10765, "date_create": 1582968967, "status": 6, "price": "1750", "client_id": 3255176, "roistat": "\u043e\u0442 \u0437\u043d\u0430\u043a\u043e\u043c\u044b\u0445,\u0418\u043d\u0442\u0435\u0440\u043d\u0435\u0442", "executor": "\u0410\u0445\u043c\u0435\u0434\u043e\u0432\u0430 \u0422\u0430\u0442\u044c\u044f\u043d\u0430 \u041b\u0435\u043e\u043d\u0438\u0434\u043e\u0432\u043d\u0430", "is_sale": true, "appointment_id": 5860936, "fields": {"1": "\u0410\u0445\u043c\u0435\u0434\u043e\u0432\u0430 \u0422\u0430\u0442\u044c\u044f\u043d\u0430 \u041b\u0435\u043e\u043d\u0438\u0434\u043e\u0432\u043d\u0430", "2": "https://klientiks.ru/clientix/client/default/id/3255176", "3": 10765}}, {"id": 6618714, "name": "\u0410\u0431\u0445\u044a\u044f\u043d\u0433\u0430 \u043c\u0430\u0441\u0441\u0430\u0436 (60 \u043c\u0438\u043d. \u0440\u0443\u0447\u043d\u043e\u0439 \u043c\u0430\u0441\u043b\u044f\u043d\u044b\u0439 \u043c\u0430\u0441\u0441\u0430\u0436 \u0432 2 \u0440\u0443\u043a\u0438)", "account_id": 10765, "date_create": 1582970573, "status": 6, "price": "3200", "client_id": 3255176, "roistat": "\u043e\u0442 \u0437\u043d\u0430\u043a\u043e\u043c\u044b\u0445,\u0418\u043d\u0442\u0435\u0440\u043d\u0435\u0442", "executor": "\u0428\u0440\u0438\u0442\u0430", "is_sale": false, "appointment_id": 5727454, "fields": {"1": "\u0428\u0440\u0438\u0442\u0430", "2": "https://klientiks.ru/clientix/client/default/id/3255176", "3": 10765}}, {"id": 6619065, "name": "\u0410\u044e\u0440\u0432\u0435\u0434\u0430 \u043f\u043e\u0432\u0442\u043e\u0440\u043d\u0430\u044f \u043a\u043e\u043d\u0441\u0443\u043b\u044c\u0442\u0430\u0446\u0438\u044f \u0432\u0440\u0430\u0447\u0430 \u0432 \u043d\u0430\u0437\u043d\u0430\u0447\u0435\u043d\u043d\u044b\u0439 \u0441\u0440\u043e\u043a (30 \u043c\u0438\u043d)", "account_id": 10765, "date_create": 1582972818, "status": 7, "price": null, "client_id": 3255176, "roistat": "\u043e\u0442 \u0437\u043d\u0430\u043a\u043e\u043c\u044b\u0445,\u0418\u043d\u0442\u0435\u0440\u043d\u0435\u0442", "executor": "\u041f\u0440\u0430\u0432\u0438\u043d \u0421\u0443\u0440\u0435\u043d\u0434\u0440\u0430\u043d\u043f\u0438\u043b\u0430\u0439 \u0412\u0430\u0441\u0430\u043d\u0442\u0430\u043a\u0443\u043c\u0430\u0440\u0438", "is_sale": false, "appointment_id": 5861541, "fields": {"1": "\u041f\u0440\u0430\u0432\u0438\u043d \u0421\u0443\u0440\u0435\u043d\u0434\u0440\u0430\u043d\u043f\u0438\u043b\u0430\u0439 \u0412\u0430\u0441\u0430\u043d\u0442\u0430\u043a\u0443\u043c\u0430\u0440\u0438", "2": "https://klientiks.ru/clientix/client/default/id/3255176", "3": 10765}}, {"id": 6619635, "name": "\u0410\u0431\u0445\u044a\u044f\u043d\u0433\u0430 \u043c\u0430\u0441\u0441\u0430\u0436 (60 \u043c\u0438\u043d. \u0440\u0443\u0447\u043d\u043e\u0439 \u043c\u0430\u0441\u043b\u044f\u043d\u044b\u0439 \u043c\u0430\u0441\u0441\u0430\u0436 \u0432 2 \u0440\u0443\u043a\u0438)", "account_id": 10765, "date_create": 1582976474, "status": 7, "price": null, "client_id": 2319865, "roistat": "\u0412\u0445\u043e\u0434\u044f\u0449\u0438\u0439 \u0437\u0432\u043e\u043d\u043e\u043a", "executor": "\u0410\u043f\u043f\u043e", "is_sale": false, "appointment_id": 5862108, "fields": {"1": "\u0410\u043f\u043f\u043e", "2": "https://klientiks.ru/clientix/client/default/id/2319865", "3": 10765}}, {"id": 6619896, "name": "\u041a\u0438\u0436\u0438 \u043c\u0430\u0441\u0441\u0430\u0436 (60 \u043c\u0438\u043d. \u043f\u0438\u043d\u0434\u0430\u0441\u0432\u0435\u0434\u0430\u043d\u0430, \u043c\u0430\u0441\u0441\u0430\u0436 \u043c\u0435\u0448\u043e\u0447\u043a\u0430\u043c\u0438 \u0432 2 \u0440\u0443\u043a\u0438)", "account_id": 10765, "date_create": 1582978641, "status": 7, "price": null, "client_id": 3122840, "roistat": "\u0420\u043e\u0434\u0441\u0442\u0432\u0435\u043d\u043d\u0438\u043a \u043d\u0430\u0448\u0435\u0433\u043e \u043a\u043b\u0438\u0435\u043d\u0442\u0430", "executor": "\u0424\u0438\u043b\u0438\u043f \u0412\u0438\u043c\u0430\u043b\u0430 \u0412\u0438\u043f\u0438\u043d", "is_sale": false, "appointment_id": 5862352, "fields": {"1": "\u0424\u0438\u043b\u0438\u043f \u0412\u0438\u043c\u0430\u043b\u0430 \u0412\u0438\u043f\u0438\u043d", "2": "https://klientiks.ru/clientix/client/default/id/3122840", "3": 10765}}, {"id": 6620022, "name": "\u0410\u044e\u0440\u0432\u0435\u0434\u0430 \u043f\u043e\u0432\u0442\u043e\u0440\u043d\u0430\u044f  \u043a\u043e\u043d\u0441\u0443\u043b\u044c\u0442\u0430\u0446\u0438\u044f \u043f\u0440\u0438\u0433\u043b\u0430\u0448\u0435\u043d\u043d\u043e\u0433\u043e \u0441\u043f\u0435\u0446\u0438\u0430\u043b\u0438\u0441\u0442\u0430 (30 \u043c\u0438\u043d)", "account_id": 10765, "date_create": 1582979786, "status": 6, "price": "2500", "client_id": 2823274, "roistat": "\u0421\u043e\u0432\u0435\u0442 \u0414\u0440\u0443\u0437\u0435\u0439,\u0438\u043d\u0442\u0435\u0440\u043d\u0435\u0442", "executor": "\u0414\u0436\u0430\u0442\u0445\u0430\u0432 \u041f\u0430\u0440\u0435\u0448", "is_sale": false, "appointment_id": 5862466, "fields": {"1": "\u0414\u0436\u0430\u0442\u0445\u0430\u0432 \u041f\u0430\u0440\u0435\u0448", "2": "https://klientiks.ru/clientix/client/default/id/2823274", "3": 10765}}, {"id": 6620738, "name": "\u0410\u0431\u0445\u044a\u044f\u043d\u0433\u0430 \u043c\u0430\u0441\u0441\u0430\u0436 (60 \u043c\u0438\u043d. \u0440\u0443\u0447\u043d\u043e\u0439 \u043c\u0430\u0441\u043b\u044f\u043d\u044b\u0439 \u043c\u0430\u0441\u0441\u0430\u0436 \u0432 2 \u0440\u0443\u043a\u0438),\u0421\u0435\u0430\u043d\u0441 \u0432 \u043a\u0435\u0434\u0440\u043e\u0432\u043e\u0439 \u0431\u043e\u0447\u043a\u0435 \u0441 \u0444\u0438\u0442\u043e\u0441\u0431\u043e\u0440\u043e\u043c,\u0410\u0431\u0445\u044a\u044f\u043d\u0433\u0430 \u043c\u0430\u0441\u0441\u0430\u0436 (60 \u043c\u0438\u043d. \u0440\u0443\u0447\u043d\u043e\u0439 \u043c\u0430\u0441\u043b\u044f\u043d\u044b\u0439 \u043c\u0430\u0441\u0441\u0430\u0436 \u0432 2 \u0440\u0443\u043a\u0438),\u0421\u0435\u0430\u043d\u0441 \u0432 \u043a\u0435\u0434\u0440\u043e\u0432\u043e\u0439 \u0431\u043e\u0447\u043a\u0435 \u0441 \u0444\u0438\u0442\u043e\u0441\u0431\u043e\u0440\u043e\u043c", "account_id": 10765, "date_create": 1582985690, "status": 6, "price": "0", "client_id": 3263662, "roistat": "\u043f\u043e\u0441\u0442\u043e\u044f\u043d\u043d\u044b\u0439 \u043a\u043b\u0438\u0435\u043d\u0442", "executor": "\u0428\u0440\u0438\u0442\u0430", "is_sale": false, "appointment_id": 5863078, "fields": {"1": "\u0428\u0440\u0438\u0442\u0430", "2": "https://klientiks.ru/clientix/client/default/id/3263662", "3": 10765}}, {"id": 6620742, "name": "\u0412\u0438\u0440\u0435\u0447\u0430\u043d\u0430 (\u0441\u043b\u0430\u0431\u0438\u0442\u0435\u043b\u044c\u043d\u0430\u044f \u0442\u0435\u0440\u0430\u043f\u0438\u044f),\u041a\u0430\u043b\u0430\u0440\u0438 \u043c\u0430\u0441\u0441\u0430\u0436 (60 \u043c\u0438\u043d. \u043d\u043e\u0436\u043d\u043e\u0439 \u043c\u0430\u0441\u043b\u044f\u043d\u044b\u0439 \u043c\u0430\u0441\u0441\u0430\u0436),\u0412\u0438\u0440\u0435\u0447\u0430\u043d\u0430 (\u0441\u043b\u0430\u0431\u0438\u0442\u0435\u043b\u044c\u043d\u0430\u044f \u0442\u0435\u0440\u0430\u043f\u0438\u044f),\u041a\u0430\u043b\u0430\u0440\u0438 \u043c\u0430\u0441\u0441\u0430\u0436 (60 \u043c\u0438\u043d. \u043d\u043e\u0436\u043d\u043e\u0439 \u043c\u0430\u0441\u043b\u044f\u043d\u044b\u0439 \u043c\u0430\u0441\u0441\u0430\u0436)", "account_id": 10765, "date_create": 1582985730, "status": 6, "price": "0", "client_id": 3263662, "roistat": "\u043f\u043e\u0441\u0442\u043e\u044f\u043d\u043d\u044b\u0439 \u043a\u043b\u0438\u0435\u043d\u0442", "executor": "\u0428\u0440\u0438\u0442\u0430", "is_sale": false, "appointment_id": 5863080, "fields": {"1": "\u0428\u0440\u0438\u0442\u0430", "2": "https://klientiks.ru/clientix/client/default/id/3263662", "3": 10765}}, {"id": 6620748, "name": "\u0410\u0431\u0445\u044a\u044f\u043d\u0433\u0430 \u043c\u0430\u0441\u0441\u0430\u0436 (60 \u043c\u0438\u043d. \u0440\u0443\u0447\u043d\u043e\u0439 \u043c\u0430\u0441\u043b\u044f\u043d\u044b\u0439 \u043c\u0430\u0441\u0441\u0430\u0436 \u0432 2 \u0440\u0443\u043a\u0438),\u041a\u0438\u0436\u0438 \u043d\u0430 \u0447\u0430\u0441\u0442\u0438 \u0442\u0435\u043b\u0430 (30 \u043c\u0438\u043d),\u0410\u0431\u0445\u044a\u044f\u043d\u0433\u0430 \u043c\u0430\u0441\u0441\u0430\u0436 (60 \u043c\u0438\u043d. \u0440\u0443\u0447\u043d\u043e\u0439 \u043c\u0430\u0441\u043b\u044f\u043d\u044b\u0439 \u043c\u0430\u0441\u0441\u0430\u0436 \u0432 2 \u0440\u0443\u043a\u0438),\u041a\u0438\u0436\u0438 \u043d\u0430 \u0447\u0430\u0441\u0442\u0438 \u0442\u0435\u043b\u0430 (30 \u043c\u0438\u043d)", "account_id": 10765, "date_create": 1582985805, "status": 6, "price": "0", "client_id": 3263662, "roistat": "\u043f\u043e\u0441\u0442\u043e\u044f\u043d\u043d\u044b\u0439 \u043a\u043b\u0438\u0435\u043d\u0442", "executor": "\u041d\u0438\u0431\u0438\u043d \u041a\u043e\u0434\u0430\u0442 \u0414\u0438\u043d\u0435\u0441\u0430\u043d", "is_sale": false, "appointment_id": 5863085, "fields": {"1": "\u041d\u0438\u0431\u0438\u043d \u041a\u043e\u0434\u0430\u0442 \u0414\u0438\u043d\u0435\u0441\u0430\u043d", "2": "https://klientiks.ru/clientix/client/default/id/3263662", "3": 10765}}, {"id": 6620754, "name": "\u0410\u0431\u0445\u044a\u044f\u043d\u0433\u0430 \u043c\u0430\u0441\u0441\u0430\u0436 (60 \u043c\u0438\u043d. \u0440\u0443\u0447\u043d\u043e\u0439 \u043c\u0430\u0441\u043b\u044f\u043d\u044b\u0439 \u043c\u0430\u0441\u0441\u0430\u0436 \u0432 2 \u0440\u0443\u043a\u0438),\u0410\u0431\u0445\u044a\u044f\u043d\u0433\u0430 \u043c\u0430\u0441\u0441\u0430\u0436 (60 \u043c\u0438\u043d. \u0440\u0443\u0447\u043d\u043e\u0439 \u043c\u0430\u0441\u043b\u044f\u043d\u044b\u0439 \u043c\u0430\u0441\u0441\u0430\u0436 \u0432 2 \u0440\u0443\u043a\u0438),\u041a\u0438\u0436\u0438 \u043d\u0430 \u0447\u0430\u0441\u0442\u0438 \u0442\u0435\u043b\u0430 (30 \u043c\u0438\u043d),\u041a\u0438\u0436\u0438 \u043d\u0430 \u0447\u0430\u0441\u0442\u0438 \u0442\u0435\u043b\u0430 (30 \u043c\u0438\u043d)", "account_id": 10765, "date_create": 1582985849, "status": 6, "price": "0", "client_id": 3263662, "roistat": "\u043f\u043e\u0441\u0442\u043e\u044f\u043d\u043d\u044b\u0439 \u043a\u043b\u0438\u0435\u043d\u0442", "executor": "\u041d\u0438\u0431\u0438\u043d \u041a\u043e\u0434\u0430\u0442 \u0414\u0438\u043d\u0435\u0441\u0430\u043d", "is_sale": false, "appointment_id": 5863092, "fields": {"1": "\u041d\u0438\u0431\u0438\u043d \u041a\u043e\u0434\u0430\u0442 \u0414\u0438\u043d\u0435\u0441\u0430\u043d", "2": "https://klientiks.ru/clientix/client/default/id/3263662", "3": 10765}}, {"id": 6620759, "name": "\u0410\u043d\u0443\u0432\u0430\u0441\u0430\u043d\u0430 \u0411\u0430\u0441\u0442\u0438 (30 \u043c\u0438\u043d. \u043c\u0430\u0441\u043b\u044f\u043d\u0430\u044f \u0442\u0440\u0430\u0432\u044f\u043d\u0430\u044f \u043a\u043b\u0438\u0437\u043c\u0430),\u041f\u0438\u0447\u0443 (30 \u043c\u0438\u043d. \u043c\u0430\u0441\u043b\u044f\u043d\u0430\u044f \u0430\u043f\u043f\u043b\u0438\u043a\u0430\u0446\u0438\u044f),\u041a\u0430\u043b\u0430\u0440\u0438 \u043c\u0430\u0441\u0441\u0430\u0436 (60 \u043c\u0438\u043d. \u043d\u043e\u0436\u043d\u043e\u0439 \u043c\u0430\u0441\u043b\u044f\u043d\u044b\u0439 \u043c\u0430\u0441\u0441\u0430\u0436),\u041f\u0438\u0447\u0443 (30 \u043c\u0438\u043d. \u043c\u0430\u0441\u043b\u044f\u043d\u0430\u044f \u0430\u043f\u043f\u043b\u0438\u043a\u0430\u0446\u0438\u044f),\u0410\u043d\u0443\u0432\u0430\u0441\u0430\u043d\u0430 \u0411\u0430\u0441\u0442\u0438 (30 \u043c\u0438\u043d. \u043c\u0430\u0441\u043b\u044f\u043d\u0430\u044f \u0442\u0440\u0430\u0432\u044f\u043d\u0430\u044f \u043a\u043b\u0438\u0437\u043c\u0430),\u041a\u0430\u043b\u0430\u0440\u0438 \u043c\u0430\u0441\u0441\u0430\u0436 (60 \u043c\u0438\u043d. \u043d\u043e\u0436\u043d\u043e\u0439 \u043c\u0430\u0441\u043b\u044f\u043d\u044b\u0439 \u043c\u0430\u0441\u0441\u0430\u0436),\u041f\u0438\u0447\u0443 (30 \u043c\u0438\u043d. \u043c\u0430\u0441\u043b\u044f\u043d\u0430\u044f \u0430\u043f\u043f\u043b\u0438\u043a\u0430\u0446\u0438\u044f),\u041a\u0430\u043b\u0430\u0440\u0438 \u043c\u0430\u0441\u0441\u0430\u0436 (60 \u043c\u0438\u043d. \u043d\u043e\u0436\u043d\u043e\u0439 \u043c\u0430\u0441\u043b\u044f\u043d\u044b\u0439 \u043c\u0430\u0441\u0441\u0430\u0436),\u0410\u043d\u0443\u0432\u0430\u0441\u0430\u043d\u0430 \u0411\u0430\u0441\u0442\u0438 (30 \u043c\u0438\u043d. \u043c\u0430\u0441\u043b\u044f\u043d\u0430\u044f \u0442\u0440\u0430\u0432\u044f\u043d\u0430\u044f \u043a\u043b\u0438\u0437\u043c\u0430)", "account_id": 10765, "date_create": 1582985911, "status": 6, "price": "0", "client_id": 3263662, "roistat": "\u043f\u043e\u0441\u0442\u043e\u044f\u043d\u043d\u044b\u0439 \u043a\u043b\u0438\u0435\u043d\u0442", "executor": "\u0428\u0440\u0438\u0442\u0430", "is_sale": false, "appointment_id": 5863097, "fields": {"1": "\u0428\u0440\u0438\u0442\u0430", "2": "https://klientiks.ru/clientix/client/default/id/3263662", "3": 10765}}, {"id": 6620763, "name": "\u041f\u0438\u0447\u0443 (30 \u043c\u0438\u043d. \u043c\u0430\u0441\u043b\u044f\u043d\u0430\u044f \u0430\u043f\u043f\u043b\u0438\u043a\u0430\u0446\u0438\u044f),\u041d\u0438\u0440\u0443\u0445\u0430 \u0411\u0430\u0441\u0442\u0438 (60 \u043c\u0438\u043d. \u043a\u043b\u0438\u0437\u043c\u0430 \u0442\u0440\u0430\u0432\u044f\u043d\u044b\u043c \u043e\u0442\u0432\u0430\u0440\u043e\u043c),\u0410\u0431\u0445\u044a\u044f\u043d\u0433\u0430 \u043c\u0430\u0441\u0441\u0430\u0436 (60 \u043c\u0438\u043d. \u0440\u0443\u0447\u043d\u043e\u0439 \u043c\u0430\u0441\u043b\u044f\u043d\u044b\u0439 \u043c\u0430\u0441\u0441\u0430\u0436 \u0432 2 \u0440\u0443\u043a\u0438),\u041f\u0438\u0447\u0443 (30 \u043c\u0438\u043d. \u043c\u0430\u0441\u043b\u044f\u043d\u0430\u044f \u0430\u043f\u043f\u043b\u0438\u043a\u0430\u0446\u0438\u044f),\u0410\u0431\u0445\u044a\u044f\u043d\u0433\u0430 \u043c\u0430\u0441\u0441\u0430\u0436 (60 \u043c\u0438\u043d. \u0440\u0443\u0447\u043d\u043e\u0439 \u043c\u0430\u0441\u043b\u044f\u043d\u044b\u0439 \u043c\u0430\u0441\u0441\u0430\u0436 \u0432 2 \u0440\u0443\u043a\u0438),\u041f\u0438\u0447\u0443 (30 \u043c\u0438\u043d. \u043c\u0430\u0441\u043b\u044f\u043d\u0430\u044f \u0430\u043f\u043f\u043b\u0438\u043a\u0430\u0446\u0438\u044f),\u041d\u0438\u0440\u0443\u0445\u0430 \u0411\u0430\u0441\u0442\u0438 (60 \u043c\u0438\u043d. \u043a\u043b\u0438\u0437\u043c\u0430 \u0442\u0440\u0430\u0432\u044f\u043d\u044b\u043c \u043e\u0442\u0432\u0430\u0440\u043e\u043c),\u0410\u0431\u0445\u044a\u044f\u043d\u0433\u0430 \u043c\u0430\u0441\u0441\u0430\u0436 (60 \u043c\u0438\u043d. \u0440\u0443\u0447\u043d\u043e\u0439 \u043c\u0430\u0441\u043b\u044f\u043d\u044b\u0439 \u043c\u0430\u0441\u0441\u0430\u0436 \u0432 2 \u0440\u0443\u043a\u0438),\u041d\u0438\u0440\u0443\u0445\u0430 \u0411\u0430\u0441\u0442\u0438 (60 \u043c\u0438\u043d. \u043a\u043b\u0438\u0437\u043c\u0430 \u0442\u0440\u0430\u0432\u044f\u043d\u044b\u043c \u043e\u0442\u0432\u0430\u0440\u043e\u043c)", "account_id": 10765, "date_create": 1582985948, "status": 6, "price": "0", "client_id": 3263662, "roistat": "\u043f\u043e\u0441\u0442\u043e\u044f\u043d\u043d\u044b\u0439 \u043a\u043b\u0438\u0435\u043d\u0442", "executor": "\u041d\u0438\u0431\u0438\u043d \u041a\u043e\u0434\u0430\u0442 \u0414\u0438\u043d\u0435\u0441\u0430\u043d", "is_sale": false, "appointment_id": 5863101, "fields": {"1": "\u041d\u0438\u0431\u0438\u043d \u041a\u043e\u0434\u0430\u0442 \u0414\u0438\u043d\u0435\u0441\u0430\u043d", "2": "https://klientiks.ru/clientix/client/default/id/3263662", "3": 10765}}, {"id": 6620773, "name": "\u0410\u0431\u0445\u044a\u044f\u043d\u0433\u0430 \u043c\u0430\u0441\u0441\u0430\u0436 (60 \u043c\u0438\u043d. \u0440\u0443\u0447\u043d\u043e\u0439 \u043c\u0430\u0441\u043b\u044f\u043d\u044b\u0439 \u043c\u0430\u0441\u0441\u0430\u0436 \u0432 2 \u0440\u0443\u043a\u0438),\u041a\u0438\u0436\u0438 \u043d\u0430 \u0447\u0430\u0441\u0442\u0438 \u0442\u0435\u043b\u0430 (30 \u043c\u0438\u043d),\u0410\u043d\u0443\u0432\u0430\u0441\u0430\u043d\u0430 \u0411\u0430\u0441\u0442\u0438 (30 \u043c\u0438\u043d. \u043c\u0430\u0441\u043b\u044f\u043d\u0430\u044f \u0442\u0440\u0430\u0432\u044f\u043d\u0430\u044f \u043a\u043b\u0438\u0437\u043c\u0430)", "account_id": 10765, "date_create": 1582986015, "status": 7, "price": null, "client_id": 3263662, "roistat": "\u043f\u043e\u0441\u0442\u043e\u044f\u043d\u043d\u044b\u0439 \u043a\u043b\u0438\u0435\u043d\u0442", "executor": "\u0428\u0440\u0438\u0442\u0430", "is_sale": false, "appointment_id": 5863108, "fields": {"1": "\u0428\u0440\u0438\u0442\u0430", "2": "https://klientiks.ru/clientix/client/default/id/3263662", "3": 10765}}], "pagination": {"total_count": 22602, "limit": 50, "page_number": 1}, "total_count": 22602, "page_number": 1}
2020-08-23 01:12:44,319 - Snowflake Connector for Python Version: 2.2.10, Python Version: 3.8.5, Platform: Windows-10-10.0.17763-SP0
2020-08-23 01:12:44,319 - connect
2020-08-23 01:12:44,319 - __config
2020-08-23 01:12:44,320 - This connection is in OCSP Fail Open Mode. TLS Certificates would be checked for validity and revocation status. Any other Certificate Revocation related exceptions or OCSP Responder failures would be disregarded in favor of connectivity.
2020-08-23 01:12:44,320 - use_numpy: False
2020-08-23 01:12:44,320 - initialized
2020-08-23 01:12:44,320 - REST API object was created: ringcentral.snowflakecomputing.com:443
2020-08-23 01:12:44,320 - authenticate
2020-08-23 01:12:44,321 - assertion content: *********
2020-08-23 01:12:44,321 - account=ringcentral, user=dmitry.mitrofanov, database=RCUSERS, schema=DMITRYMITROFANOV, warehouse=RCUSERS_WH, role=None, request_id=5c3a773f-bdcb-4ad9-9916-6ad21b387e5b
2020-08-23 01:12:44,321 - body['data']: {'CLIENT_APP_ID': 'PythonConnector', 'CLIENT_APP_VERSION': '2.2.10', 'SVN_REVISION': None, 'ACCOUNT_NAME': 'ringcentral', 'LOGIN_NAME': 'dmitry.mitrofanov', 'CLIENT_ENVIRONMENT': {'APPLICATION': 'PythonConnector', 'OS': 'Windows', 'OS_VERSION': 'Windows-10-10.0.17763-SP0', 'PYTHON_VERSION': '3.8.5', 'PYTHON_RUNTIME': 'CPython', 'PYTHON_COMPILER': 'MSC v.1924 64 bit (AMD64)', 'OCSP_MODE': 'FAIL_OPEN', 'TRACING': 10, 'LOGIN_TIMEOUT': 120, 'NETWORK_TIMEOUT': None, 'CLIENT_STORE_TEMPORARY_CREDENTIAL': None}, 'SESSION_PARAMETERS': {'CLIENT_SESSION_KEEP_ALIVE_HEARTBEAT_FREQUENCY': 900, 'CLIENT_PREFETCH_THREADS': 4}}
2020-08-23 01:12:44,321 - Converted retries value: 1 -> Retry(total=1, connect=None, read=None, redirect=None, status=None)
2020-08-23 01:12:44,322 - Converted retries value: 1 -> Retry(total=1, connect=None, read=None, redirect=None, status=None)
2020-08-23 01:12:44,322 - Active requests sessions: 1, idle: 0
2020-08-23 01:12:44,322 - remaining request timeout: 120, retry cnt: 1
2020-08-23 01:12:44,322 - socket timeout: 60
2020-08-23 01:12:44,325 - Starting new HTTPS connection (1): ringcentral.snowflakecomputing.com:443
2020-08-23 01:12:44,938 - OCSP Mode: FAIL_OPEN, OCSP response cache file name: None
2020-08-23 01:12:44,938 - ocsp_response_cache_uri: file://C:/Users/dmitry.mitrofanov/AppData/Local/Snowflake/Caches/ocsp_response_cache.json
2020-08-23 01:12:44,939 - OCSP_VALIDATION_CACHE size: 140
2020-08-23 01:12:44,939 - OCSP response cache server is enabled: http://ocsp.snowflakecomputing.com/ocsp_response_cache.json
2020-08-23 01:12:44,939 - OCSP dynamic cache server RETRY URL: None
2020-08-23 01:12:44,943 - Verifying the attached certificate is signed by the issuer. Valid Not After: 2025-05-12 23:58:59+00:00
2020-08-23 01:12:44,945 - Verifying the attached certificate is signed by the issuer. Valid Not After: 2025-05-12 23:58:59+00:00
2020-08-23 01:12:44,946 - Verifying the attached certificate is signed by the issuer. Valid Not After: 2023-06-11 20:40:26+00:00
2020-08-23 01:12:44,947 - Verifying the attached certificate is signed by the issuer. Valid Not After: 2023-06-11 20:40:26+00:00
2020-08-23 01:12:44,949 - Verifying the attached certificate is signed by the issuer. Valid Not After: 2023-06-11 20:44:21+00:00
2020-08-23 01:12:44,951 - Verifying the attached certificate is signed by the issuer. Valid Not After: 2023-06-11 20:44:21+00:00
2020-08-23 01:12:44,952 - Verifying the attached certificate is signed by the issuer. Valid Not After: 2021-12-14 07:00:00+00:00
2020-08-23 01:12:44,954 - Verifying the attached certificate is signed by the issuer. Valid Not After: 2021-12-14 07:00:00+00:00
2020-08-23 01:12:44,955 - Verifying the attached certificate is signed by the issuer. Valid Not After: 2025-05-12 23:58:59+00:00
2020-08-23 01:12:44,957 - Verifying the attached certificate is signed by the issuer. Valid Not After: 2025-05-12 23:58:59+00:00
2020-08-23 01:12:44,960 - Verifying the attached certificate is signed by the issuer. Valid Not After: 2025-05-12 23:58:59+00:00
2020-08-23 01:12:44,961 - Verifying the attached certificate is signed by the issuer. Valid Not After: 2025-05-12 23:58:59+00:00
2020-08-23 01:12:44,963 - Verifying the attached certificate is signed by the issuer. Valid Not After: 2025-05-12 23:58:59+00:00
2020-08-23 01:12:44,964 - Verifying the attached certificate is signed by the issuer. Valid Not After: 2025-05-12 23:58:59+00:00
2020-08-23 01:12:44,976 - Verifying the attached certificate is signed by the issuer. Valid Not After: 2025-05-12 23:58:59+00:00
2020-08-23 01:12:44,977 - Verifying the attached certificate is signed by the issuer. Valid Not After: 2025-05-12 23:58:59+00:00
2020-08-23 01:12:44,981 - Verifying the attached certificate is signed by the issuer. Valid Not After: 2021-04-02 17:08:26+00:00
2020-08-23 01:12:44,982 - Verifying the attached certificate is signed by the issuer. Valid Not After: 2021-04-02 17:08:26+00:00
2020-08-23 01:12:44,984 - Verifying the attached certificate is signed by the issuer. Valid Not After: 2021-04-02 17:13:33+00:00
2020-08-23 01:12:44,986 - Verifying the attached certificate is signed by the issuer. Valid Not After: 2021-04-02 17:13:33+00:00
2020-08-23 01:12:44,987 - Verifying the attached certificate is signed by the issuer. Valid Not After: 2021-04-02 16:58:09+00:00
2020-08-23 01:12:44,989 - Verifying the attached certificate is signed by the issuer. Valid Not After: 2021-04-02 16:58:09+00:00
2020-08-23 01:12:45,008 - Verifying the attached certificate is signed by the issuer. Valid Not After: 2021-04-02 17:13:33+00:00
2020-08-23 01:12:45,010 - Verifying the attached certificate is signed by the issuer. Valid Not After: 2021-04-02 17:13:33+00:00
2020-08-23 01:12:45,011 - Verifying the attached certificate is signed by the issuer. Valid Not After: 2021-04-02 17:08:26+00:00
2020-08-23 01:12:45,012 - Verifying the attached certificate is signed by the issuer. Valid Not After: 2021-04-02 17:08:26+00:00
2020-08-23 01:12:45,014 - Verifying the attached certificate is signed by the issuer. Valid Not After: 2021-04-02 17:03:51+00:00
2020-08-23 01:12:45,015 - Verifying the attached certificate is signed by the issuer. Valid Not After: 2021-04-02 17:03:51+00:00
2020-08-23 01:12:45,016 - Verifying the attached certificate is signed by the issuer. Valid Not After: 2021-04-02 16:58:09+00:00
2020-08-23 01:12:45,017 - Verifying the attached certificate is signed by the issuer. Valid Not After: 2021-04-02 16:58:09+00:00
2020-08-23 01:12:45,019 - Verifying the attached certificate is signed by the issuer. Valid Not After: 2021-04-02 17:03:51+00:00
2020-08-23 01:12:45,020 - Verifying the attached certificate is signed by the issuer. Valid Not After: 2021-04-02 17:03:51+00:00
2020-08-23 01:12:45,022 - Verifying the attached certificate is signed by the issuer. Valid Not After: 2021-04-02 17:03:51+00:00
2020-08-23 01:12:45,023 - Verifying the attached certificate is signed by the issuer. Valid Not After: 2021-04-02 17:03:51+00:00
2020-08-23 01:12:45,039 - Verifying the attached certificate is signed by the issuer. Valid Not After: 2021-04-02 17:13:33+00:00
2020-08-23 01:12:45,040 - Verifying the attached certificate is signed by the issuer. Valid Not After: 2021-04-02 17:13:33+00:00
2020-08-23 01:12:45,042 - Read OCSP response cache file: C:/Users/dmitry.mitrofanov/AppData/Local/Snowflake/Caches/ocsp_response_cache.json, count=140
2020-08-23 01:12:45,043 - validating certificate: ringcentral.snowflakecomputing.com
2020-08-23 01:12:45,043 - # of certificates: 4
2020-08-23 01:12:45,043 - subject: OrderedDict([('common_name', '*.us-west-2.snowflakecomputing.com')]), issuer: OrderedDict([('country_name', 'US'), ('organization_name', 'Amazon'), ('organizational_unit_name', 'Server CA 1B'), ('common_name', 'Amazon')])
2020-08-23 01:12:45,044 - subject: OrderedDict([('country_name', 'US'), ('organization_name', 'Amazon'), ('organizational_unit_name', 'Server CA 1B'), ('common_name', 'Amazon')]), issuer: OrderedDict([('country_name', 'US'), ('organization_name', 'Amazon'), ('common_name', 'Amazon Root CA 1')])
2020-08-23 01:12:45,044 - subject: OrderedDict([('country_name', 'US'), ('organization_name', 'Amazon'), ('common_name', 'Amazon Root CA 1')]), issuer: OrderedDict([('country_name', 'US'), ('state_or_province_name', 'Arizona'), ('locality_name', 'Scottsdale'), ('organization_name', 'Starfield Technologies, Inc.'), ('common_name', 'Starfield Services Root Certificate Authority - G2')])
2020-08-23 01:12:45,045 - subject: OrderedDict([('country_name', 'US'), ('state_or_province_name', 'Arizona'), ('locality_name', 'Scottsdale'), ('organization_name', 'Starfield Technologies, Inc.'), ('common_name', 'Starfield Services Root Certificate Authority - G2')]), issuer: OrderedDict([('country_name', 'US'), ('organization_name', 'Starfield Technologies, Inc.'), ('organizational_unit_name', 'Starfield Class 2 Certification Authority')])
2020-08-23 01:12:45,046 - not found issuer_der: OrderedDict([('country_name', 'US'), ('organization_name', 'Starfield Technologies, Inc.'), ('organizational_unit_name', 'Starfield Class 2 Certification Authority')])
2020-08-23 01:12:45,047 - hit cache for subject: OrderedDict([('common_name', '*.us-west-2.snowflakecomputing.com')])
2020-08-23 01:12:45,049 - Verifying the attached certificate is signed by the issuer. Valid Not After: 2023-06-11 20:40:26+00:00
2020-08-23 01:12:45,049 - hit cache for subject: OrderedDict([('country_name', 'US'), ('organization_name', 'Amazon'), ('organizational_unit_name', 'Server CA 1B'), ('common_name', 'Amazon')])
2020-08-23 01:12:45,051 - Verifying the attached certificate is signed by the issuer. Valid Not After: 2023-06-11 20:44:21+00:00
2020-08-23 01:12:45,051 - hit cache for subject: OrderedDict([('country_name', 'US'), ('organization_name', 'Amazon'), ('common_name', 'Amazon Root CA 1')])
2020-08-23 01:12:45,053 - Verifying the attached certificate is signed by the issuer. Valid Not After: 2021-12-14 07:00:00+00:00
2020-08-23 01:12:45,053 - hit cache for subject: OrderedDict([('country_name', 'US'), ('state_or_province_name', 'Arizona'), ('locality_name', 'Scottsdale'), ('organization_name', 'Starfield Technologies, Inc.'), ('common_name', 'Starfield Services Root Certificate Authority - G2')])
2020-08-23 01:12:45,054 - hit cache for subject: OrderedDict([('common_name', '*.us-west-2.snowflakecomputing.com')])
2020-08-23 01:12:45,055 - using OCSP response cache
2020-08-23 01:12:45,055 - Certificate is NOT attached in Basic OCSP Response. Using issuer's certificate
2020-08-23 01:12:45,055 - Verifying the OCSP response is signed by the issuer.
2020-08-23 01:12:45,058 - Verifying the attached certificate is signed by the issuer. Valid Not After: 2023-06-11 20:40:26+00:00
2020-08-23 01:12:45,058 - hit cache for subject: OrderedDict([('country_name', 'US'), ('organization_name', 'Amazon'), ('organizational_unit_name', 'Server CA 1B'), ('common_name', 'Amazon')])
2020-08-23 01:12:45,059 - using OCSP response cache
2020-08-23 01:12:45,060 - Certificate is attached in Basic OCSP Response
2020-08-23 01:12:45,060 - Verifying the attached certificate is signed by the issuer
2020-08-23 01:12:45,060 - Valid Not After: 2023-06-11 20:40:26+00:00
2020-08-23 01:12:45,062 - Verifying the OCSP response is signed by the issuer.
2020-08-23 01:12:45,065 - Verifying the attached certificate is signed by the issuer. Valid Not After: 2023-06-11 20:44:21+00:00
2020-08-23 01:12:45,066 - hit cache for subject: OrderedDict([('country_name', 'US'), ('organization_name', 'Amazon'), ('common_name', 'Amazon Root CA 1')])
2020-08-23 01:12:45,067 - using OCSP response cache
2020-08-23 01:12:45,068 - Certificate is attached in Basic OCSP Response
2020-08-23 01:12:45,068 - Verifying the attached certificate is signed by the issuer
2020-08-23 01:12:45,068 - Valid Not After: 2023-06-11 20:44:21+00:00
2020-08-23 01:12:45,070 - Verifying the OCSP response is signed by the issuer.
2020-08-23 01:12:45,073 - Verifying the attached certificate is signed by the issuer. Valid Not After: 2021-12-14 07:00:00+00:00
2020-08-23 01:12:45,074 - hit cache for subject: OrderedDict([('country_name', 'US'), ('state_or_province_name', 'Arizona'), ('locality_name', 'Scottsdale'), ('organization_name', 'Starfield Technologies, Inc.'), ('common_name', 'Starfield Services Root Certificate Authority - G2')])
2020-08-23 01:12:45,075 - using OCSP response cache
2020-08-23 01:12:45,076 - Certificate is attached in Basic OCSP Response
2020-08-23 01:12:45,076 - Verifying the attached certificate is signed by the issuer
2020-08-23 01:12:45,076 - Valid Not After: 2021-12-14 07:00:00+00:00
2020-08-23 01:12:45,078 - Verifying the OCSP response is signed by the issuer.
2020-08-23 01:12:45,080 - writing OCSP response cache file
2020-08-23 01:12:45,080 - encoding OCSP response cache to JSON
2020-08-23 01:12:45,097 - ok
2020-08-23 01:12:45,501 - https://ringcentral.snowflakecomputing.com:443 "POST /session/v1/login-request?request_id=5c3a773f-bdcb-4ad9-9916-6ad21b387e5b&databaseName=RCUSERS&schemaName=DMITRYMITROFANOV&warehouse=RCUSERS_WH&request_guid=54253c83-7b54-4dab-9d73-58449ac315eb HTTP/1.1" 200 1403
2020-08-23 01:12:45,501 - SUCCESS
2020-08-23 01:12:45,502 - Active requests sessions: 0, idle: 1
2020-08-23 01:12:45,502 - ret[code] = None, after post request
2020-08-23 01:12:45,502 - completed authentication
2020-08-23 01:12:45,502 - token = ******
2020-08-23 01:12:45,502 - master_token = ******
2020-08-23 01:12:45,502 - id_token = NULL
2020-08-23 01:12:45,502 - no ID token is given when try to store temporary credential
2020-08-23 01:12:45,502 - cursor
2020-08-23 01:12:45,503 - merge into KAMALA_ACL t using (select parse_json('{"offset": 19500, "count": 50, "limit": 50, "statuses": [{"id": 1, "name": "scheduled"}, {"id": 2, "name": "sms_confirmation_sent"}, {"id": 3, "name": "cancelled_by_sms"}, {"id": 4, "name": "confirmed"}, {"id": 5, "name": "in_progress"}, {"id": 6, "name": "finished"}, {"id": 7, "name": "cancelled"}, {"id": 8, "name": "missed"}, {"id": 9, "name": "arrived"}], "fields": [{"id": "1", "name": "\u0418\u0441\u043f\u043e\u043b\u043d\u0438\u0442\u0435\u043b\u044c"}, {"id": "2", "name": "\u0421\u0441\u044b\u043b\u043a\u0430 \u043d\u0430 \u043a\u043b\u0438\u0435\u043d\u0442\u0430"}, {"id": "3", "name": "\u0410\u0439\u0434\u0438 \u0430\u043a\u043a\u0430\u0443\u043d\u0442\u0430"}], "orders": [{"id": 6607810, "name": "\u0410\u044d\u0440\u043e\u0439\u043e\u0433\u0430 (90 \u043c\u0438\u043d)", "account_id": 10765, "date_create": 1582872496, "status": 6, "price": "0", "client_id": 1122837, "roistat": "\u043f\u043e\u0441\u0442\u043e\u044f\u043d\u043d\u044b\u0439 \u043a\u043b\u0438\u0435\u043d\u0442", "executor": "\u0421\u043e\u0431\u0435\u043d\u043d\u0438\u043a\u043e\u0432\u0430 \u041e\u043a\u0441\u0430\u043d\u0430 \u042e\u0440\u044c\u0435\u0432\u043d\u0430", "is_sale": false, "appointment_id": 5833285, "fields": {"1": "\u0421\u043e\u0431\u0435\u043d\u043d\u0438\u043a\u043e\u0432\u0430 \u041e\u043a\u0441\u0430\u043d\u0430 \u042e\u0440\u044c\u0435\u0432\u043d\u0430", "2": "https://klientiks.ru/clientix/client/default/id/1122837", "3": 10765}}, {"id": 6607812, "name": "\u0410\u044d\u0440\u043e\u0439\u043e\u0433\u0430 (90 \u043c\u0438\u043d)", "account_id": 10765, "date_create": 1582872499, "status": 6, "price": "0", "client_id": 2877520, "roistat": "\u0438\u043d\u0442\u0435\u0440\u043d\u0435\u0442", "executor": "\u0421\u043e\u0431\u0435\u043d\u043d\u0438\u043a\u043e\u0432\u0430 \u041e\u043a\u0441\u0430\u043d\u0430 \u042e\u0440\u044c\u0435\u0432\u043d\u0430", "is_sale": false, "appointment_id": 5833285, "fields": {"1": "\u0421\u043e\u0431\u0435\u043d\u043d\u0438\u043a\u043e\u0432\u0430 \u041e\u043a\u0441\u0430\u043d\u0430 \u042e\u0440\u044c\u0435\u0432\u043d\u0430", "2": "https://klientiks.ru/clientix/client/default/id/2877520", "3": 10765}}, {"id": 6608043, "name": "\u0410\u044e\u0440\u0432\u0435\u0434\u0430 \u043a\u043e\u043d\u0441\u0443\u043b\u044c\u0442\u0430\u0446\u0438\u044f \u0432\u0440\u0430\u0447\u0430 (60 \u043c\u0438\u043d)", "account_id": 10765, "date_create": 1582873655, "status": 6, "price": "3500", "client_id": 3319006, "roistat": "\u0412\u0445\u043e\u0434\u044f\u0449\u0438\u0439 \u0437\u0432\u043e\u043d\u043e\u043a", "executor": "\u041f\u0440\u0430\u0432\u0438\u043d \u0421\u0443\u0440\u0435\u043d\u0434\u0440\u0430\u043d\u043f\u0438\u043b\u0430\u0439 \u0412\u0430\u0441\u0430\u043d\u0442\u0430\u043a\u0443\u043c\u0430\u0440\u0438", "is_sale": false, "appointment_id": 5851965, "fields": {"1": "\u041f\u0440\u0430\u0432\u0438\u043d \u0421\u0443\u0440\u0435\u043d\u0434\u0440\u0430\u043d\u043f\u0438\u043b\u0430\u0439 \u0412\u0430\u0441\u0430\u043d\u0442\u0430\u043a\u0443\u043c\u0430\u0440\u0438", "2": "https://klientiks.ru/clientix/client/default/id/3319006", "3": 10765}}, {"id": 6609060, "name": "\u0420\u043e\u0437\u043e\u0432\u044f_\u0432\u043e\u0434\u0430_Khadi", "account_id": 10765, "date_create": 1582877952, "status": 6, "price": "400", "client_id": 1108070, "roistat": "\u0438\u043d\u0442\u0435\u0440\u043d\u0435\u0442", "executor": "\u0410\u0445\u043c\u0435\u0434\u043e\u0432\u0430 \u0422\u0430\u0442\u044c\u044f\u043d\u0430 \u041b\u0435\u043e\u043d\u0438\u0434\u043e\u0432\u043d\u0430", "is_sale": true, "appointment_id": 5852875, "fields": {"1": "\u0410\u0445\u043c\u0435\u0434\u043e\u0432\u0430 \u0422\u0430\u0442\u044c\u044f\u043d\u0430 \u041b\u0435\u043e\u043d\u0438\u0434\u043e\u0432\u043d\u0430", "2": "https://klientiks.ru/clientix/client/default/id/1108070", "3": 10765}}, {"id": 6609134, "name": "\u0420\u043e\u0437\u043e\u0432\u044f_\u0432\u043e\u0434\u0430_Khadi", "account_id": 10765, "date_create": 1582878286, "status": 6, "price": "400", "client_id": 1297843, "roistat": "\u0440\u044f\u0434\u043e\u043c \u0436\u0438\u0432\u0435\u0442", "executor": "\u0410\u0445\u043c\u0435\u0434\u043e\u0432\u0430 \u0422\u0430\u0442\u044c\u044f\u043d\u0430 \u041b\u0435\u043e\u043d\u0438\u0434\u043e\u0432\u043d\u0430", "is_sale": true, "appointment_id": 5852970, "fields": {"1": "\u0410\u0445\u043c\u0435\u0434\u043e\u0432\u0430 \u0422\u0430\u0442\u044c\u044f\u043d\u0430 \u041b\u0435\u043e\u043d\u0438\u0434\u043e\u0432\u043d\u0430", "2": "https://klientiks.ru/clientix/client/default/id/1297843", "3": 10765}}, {"id": 6609341, "name": "Chyawanaprasham_Nagarjuna 500g", "account_id": 10765, "date_create": 1582879137, "status": 6, "price": "700", "client_id": 3215797, "roistat": "\u0438\u043d\u0442\u0435\u0440\u043d\u0435\u0442", "executor": "\u0410\u0445\u043c\u0435\u0434\u043e\u0432\u0430 \u0422\u0430\u0442\u044c\u044f\u043d\u0430 \u041b\u0435\u043e\u043d\u0438\u0434\u043e\u0432\u043d\u0430", "is_sale": true, "appointment_id": 5853140, "fields": {"1": "\u0410\u0445\u043c\u0435\u0434\u043e\u0432\u0430 \u0422\u0430\u0442\u044c\u044f\u043d\u0430 \u041b\u0435\u043e\u043d\u0438\u0434\u043e\u0432\u043d\u0430", "2": "https://klientiks.ru/clientix/client/default/id/3215797", "3": 10765}}, {"id": 6609378, "name": "Chyawanaprasham_Nagarjuna 500g", "account_id": 10765, "date_create": 1582879329, "status": 6, "price": "700", "client_id": 3014911, "roistat": "\u043e\u0442 \u0437\u043d\u0430\u043a\u043e\u043c\u044b\u0445", "executor": "\u0410\u0445\u043c\u0435\u0434\u043e\u0432\u0430 \u0422\u0430\u0442\u044c\u044f\u043d\u0430 \u041b\u0435\u043e\u043d\u0438\u0434\u043e\u0432\u043d\u0430", "is_sale": true, "appointment_id": 5853176, "fields": {"1": "\u0410\u0445\u043c\u0435\u0434\u043e\u0432\u0430 \u0422\u0430\u0442\u044c\u044f\u043d\u0430 \u041b\u0435\u043e\u043d\u0438\u0434\u043e\u0432\u043d\u0430", "2": "https://klientiks.ru/clientix/client/default/id/3014911", "3": 10765}}, {"id": 6609424, "name": "Itone_eye_drop_\u043a\u0430\u043f\u043b\u0438,Chyawanaprasham_Nagarjuna 500g,Itone_eye_drop_\u043a\u0430\u043f\u043b\u0438,Chyawanaprasham_Nagarjuna 500g", "account_id": 10765, "date_create": 1582879528, "status": 6, "price": "980", "client_id": 3058502, "roistat": "\u043e\u0442 \u0437\u043d\u0430\u043a\u043e\u043c\u044b\u0445", "executor": "\u0410\u0445\u043c\u0435\u0434\u043e\u0432\u0430 \u0422\u0430\u0442\u044c\u044f\u043d\u0430 \u041b\u0435\u043e\u043d\u0438\u0434\u043e\u0432\u043d\u0430", "is_sale": true, "appointment_id": 5853219, "fields": {"1": "\u0410\u0445\u043c\u0435\u0434\u043e\u0432\u0430 \u0422\u0430\u0442\u044c\u044f\u043d\u0430 \u041b\u0435\u043e\u043d\u0438\u0434\u043e\u0432\u043d\u0430", "2": "https://klientiks.ru/clientix/client/default/id/3058502", "3": 10765}}, {"id": 6609494, "name": "\u0410\u044d\u0440\u043e\u0439\u043e\u0433\u0430 (90 \u043c\u0438\u043d)", "account_id": 10765, "date_create": 1582879922, "status": 6, "price": "0", "client_id": 3144287, "roistat": "\u0438\u043d\u0442\u0435\u0440\u043d\u0435\u0442", "executor": "\u0421\u043e\u0431\u0435\u043d\u043d\u0438\u043a\u043e\u0432\u0430 \u041e\u043a\u0441\u0430\u043d\u0430 \u042e\u0440\u044c\u0435\u0432\u043d\u0430", "is_sale": false, "appointment_id": 5833242, "fields": {"1": "\u0421\u043e\u0431\u0435\u043d\u043d\u0438\u043a\u043e\u0432\u0430 \u041e\u043a\u0441\u0430\u043d\u0430 \u042e\u0440\u044c\u0435\u0432\u043d\u0430", "2": "https://klientiks.ru/clientix/client/default/id/3144287", "3": 10765}}, {"id": 6609665, "name": "\u0410\u044d\u0440\u043e\u0439\u043e\u0433\u0430 (90 \u043c\u0438\u043d)", "account_id": 10765, "date_create": 1582880922, "status": 6, "price": "0", "client_id": 1108070, "roistat": "\u0438\u043d\u0442\u0435\u0440\u043d\u0435\u0442", "executor": "\u0421\u043e\u0431\u0435\u043d\u043d\u0438\u043a\u043e\u0432\u0430 \u041e\u043a\u0441\u0430\u043d\u0430 \u042e\u0440\u044c\u0435\u0432\u043d\u0430", "is_sale": false, "appointment_id": 5833243, "fields": {"1": "\u0421\u043e\u0431\u0435\u043d\u043d\u0438\u043a\u043e\u0432\u0430 \u041e\u043a\u0441\u0430\u043d\u0430 \u042e\u0440\u044c\u0435\u0432\u043d\u0430", "2": "https://klientiks.ru/clientix/client/default/id/1108070", "3": 10765}}, {"id": 6609667, "name": "\u0410\u044d\u0440\u043e\u0439\u043e\u0433\u0430 (90 \u043c\u0438\u043d)", "account_id": 10765, "date_create": 1582880934, "status": 6, "price": "0", "client_id": 3014911, "roistat": "\u043e\u0442 \u0437\u043d\u0430\u043a\u043e\u043c\u044b\u0445", "executor": "\u0421\u043e\u0431\u0435\u043d\u043d\u0438\u043a\u043e\u0432\u0430 \u041e\u043a\u0441\u0430\u043d\u0430 \u042e\u0440\u044c\u0435\u0432\u043d\u0430", "is_sale": false, "appointment_id": 5833243, "fields": {"1": "\u0421\u043e\u0431\u0435\u043d\u043d\u0438\u043a\u043e\u0432\u0430 \u041e\u043a\u0441\u0430\u043d\u0430 \u042e\u0440\u044c\u0435\u0432\u043d\u0430", "2": "https://klientiks.ru/clientix/client/default/id/3014911", "3": 10765}}, {"id": 6609779, "name": "Drakshadi_kashayam_200ml", "account_id": 10765, "date_create": 1582881396, "status": 6, "price": "850", "client_id": 3188843, "roistat": "\u0438\u043d\u0442\u0435\u0440\u043d\u0435\u0442", "executor": "\u0410\u0445\u043c\u0435\u0434\u043e\u0432\u0430 \u0422\u0430\u0442\u044c\u044f\u043d\u0430 \u041b\u0435\u043e\u043d\u0438\u0434\u043e\u0432\u043d\u0430", "is_sale": true, "appointment_id": 5853564, "fields": {"1": "\u0410\u0445\u043c\u0435\u0434\u043e\u0432\u0430 \u0422\u0430\u0442\u044c\u044f\u043d\u0430 \u041b\u0435\u043e\u043d\u0438\u0434\u043e\u0432\u043d\u0430", "2": "https://klientiks.ru/clientix/client/default/id/3188843", "3": 10765}}, {"id": 6609863, "name": "\u0428\u0438\u0440\u043e\u0434\u0445\u0430\u0440\u0430 (60 \u043c\u0438\u043d. \u0441\u0442\u0440\u0443\u044f\u0449\u0435\u0435\u0441\u044f \u043c\u0430\u0441\u043b\u043e \u043d\u0430 \u043b\u043e\u0431),\u0428\u0438\u0440\u043e\u0434\u0445\u0430\u0440\u0430 (60 \u043c\u0438\u043d. \u0441\u0442\u0440\u0443\u044f\u0449\u0435\u0435\u0441\u044f \u043c\u0430\u0441\u043b\u043e \u043d\u0430 \u043b\u043e\u0431),\u0423\u043c\u0430\u0441\u043b\u0438\u0432\u0430\u043d\u0438\u0435  (30 \u043c\u0438\u043d.),\u0423\u043c\u0430\u0441\u043b\u0438\u0432\u0430\u043d\u0438\u0435  (30 \u043c\u0438\u043d.)", "account_id": 10765, "date_create": 1582881858, "status": 6, "price": "0", "client_id": 3058502, "roistat": "\u043e\u0442 \u0437\u043d\u0430\u043a\u043e\u043c\u044b\u0445", "executor": "\u0424\u0438\u043b\u0438\u043f \u0412\u0438\u043c\u0430\u043b\u0430 \u0412\u0438\u043f\u0438\u043d", "is_sale": false, "appointment_id": 5853640, "fields": {"1": "\u0424\u0438\u043b\u0438\u043f \u0412\u0438\u043c\u0430\u043b\u0430 \u0412\u0438\u043f\u0438\u043d", "2": "https://klientiks.ru/clientix/client/default/id/3058502", "3": 10765}}, {"id": 6610697, "name": "\u0410\u044e\u0440\u0432\u0435\u0434\u0430 \u043a\u043e\u043d\u0441\u0443\u043b\u044c\u0442\u0430\u0446\u0438\u044f \u0432\u0440\u0430\u0447\u0430 (60 \u043c\u0438\u043d)", "account_id": 10765, "date_create": 1582886384, "status": 7, "price": null, "client_id": 3321057, "roistat": "\u0432\u043a", "executor": "\u041f\u0440\u0430\u0432\u0438\u043d \u0421\u0443\u0440\u0435\u043d\u0434\u0440\u0430\u043d\u043f\u0438\u043b\u0430\u0439 \u0412\u0430\u0441\u0430\u043d\u0442\u0430\u043a\u0443\u043c\u0430\u0440\u0438", "is_sale": false, "appointment_id": 5854476, "fields": {"1": "\u041f\u0440\u0430\u0432\u0438\u043d \u0421\u0443\u0440\u0435\u043d\u0434\u0440\u0430\u043d\u043f\u0438\u043b\u0430\u0439 \u0412\u0430\u0441\u0430\u043d\u0442\u0430\u043a\u0443\u043c\u0430\u0440\u0438", "2": "https://klientiks.ru/clientix/client/default/id/3321057", "3": 10765}}, {"id": 6611326, "name": "\u0410\u044e\u0440\u0432\u0435\u0434\u0430 \u043f\u043e\u0432\u0442\u043e\u0440\u043d\u0430\u044f \u043a\u043e\u043d\u0441\u0443\u043b\u044c\u0442\u0430\u0446\u0438\u044f \u0434\u043e\u043a\u0442\u043e\u0440\u0430 \u0412\u0430\u0440\u0443\u043d (30 \u043c\u0438\u043d.)", "account_id": 10765, "date_create": 1582889618, "status": 6, "price": "2000", "client_id": 2542180, "roistat": "\u043e\u0442 \u0437\u043d\u0430\u043a\u043e\u043c\u044b\u0445", "executor": "\u0412\u0430\u0440\u0443\u043d", "is_sale": false, "appointment_id": 5855067, "fields": {"1": "\u0412\u0430\u0440\u0443\u043d", "2": "https://klientiks.ru/clientix/client/default/id/2542180", "3": 10765}}, {"id": 6611774, "name": "\u0410\u044d\u0440\u043e\u0439\u043e\u0433\u0430 (90 \u043c\u0438\u043d)", "account_id": 10765, "date_create": 1582891766, "status": 6, "price": "0", "client_id": 1122031, "roistat": "\u0441\u043e\u0442\u0440\u0443\u0434\u043d\u0438\u043a", "executor": "\u0421\u043e\u0431\u0435\u043d\u043d\u0438\u043a\u043e\u0432\u0430 \u041e\u043a\u0441\u0430\u043d\u0430 \u042e\u0440\u044c\u0435\u0432\u043d\u0430", "is_sale": false, "appointment_id": 5543994, "fields": {"1": "\u0421\u043e\u0431\u0435\u043d\u043d\u0438\u043a\u043e\u0432\u0430 \u041e\u043a\u0441\u0430\u043d\u0430 \u042e\u0440\u044c\u0435\u0432\u043d\u0430", "2": "https://klientiks.ru/clientix/client/default/id/1122031", "3": 10765}}, {"id": 6611781, "name": "\u0410\u044d\u0440\u043e\u0439\u043e\u0433\u0430 (90 \u043c\u0438\u043d)", "account_id": 10765, "date_create": 1582891793, "status": 6, "price": "0", "client_id": 1109904, "roistat": "\u0441\u043e\u0442\u0440\u0443\u0434\u043d\u0438\u043a", "executor": "\u0421\u043e\u0431\u0435\u043d\u043d\u0438\u043a\u043e\u0432\u0430 \u041e\u043a\u0441\u0430\u043d\u0430 \u042e\u0440\u044c\u0435\u0432\u043d\u0430", "is_sale": false, "appointment_id": 5833284, "fields": {"1": "\u0421\u043e\u0431\u0435\u043d\u043d\u0438\u043a\u043e\u0432\u0430 \u041e\u043a\u0441\u0430\u043d\u0430 \u042e\u0440\u044c\u0435\u0432\u043d\u0430", "2": "https://klientiks.ru/clientix/client/default/id/1109904", "3": 10765}}, {"id": 6612051, "name": "\u0410\u044e\u0440\u0432\u0435\u0434\u0430 \u043f\u043e\u0432\u0442\u043e\u0440\u043d\u0430\u044f \u043a\u043e\u043d\u0441\u0443\u043b\u044c\u0442\u0430\u0446\u0438\u044f \u0432\u0440\u0430\u0447\u0430 \u0432 \u043d\u0430\u0437\u043d\u0430\u0447\u0435\u043d\u043d\u044b\u0439 \u0441\u0440\u043e\u043a (30 \u043c\u0438\u043d)", "account_id": 10765, "date_create": 1582893369, "status": 6, "price": "2000", "client_id": 1122769, "roistat": "\u0412\u0445\u043e\u0434\u044f\u0449\u0438\u0439 \u0437\u0432\u043e\u043d\u043e\u043a", "executor": "\u041f\u0440\u0430\u0432\u0438\u043d \u0421\u0443\u0440\u0435\u043d\u0434\u0440\u0430\u043d\u043f\u0438\u043b\u0430\u0439 \u0412\u0430\u0441\u0430\u043d\u0442\u0430\u043a\u0443\u043c\u0430\u0440\u0438", "is_sale": false, "appointment_id": 5855752, "fields": {"1": "\u041f\u0440\u0430\u0432\u0438\u043d \u0421\u0443\u0440\u0435\u043d\u0434\u0440\u0430\u043d\u043f\u0438\u043b\u0430\u0439 \u0412\u0430\u0441\u0430\u043d\u0442\u0430\u043a\u0443\u043c\u0430\u0440\u0438", "2": "https://klientiks.ru/clientix/client/default/id/1122769", "3": 10765}}, {"id": 6612512, "name": "\u0410\u044e\u0440\u0432\u0435\u0434\u0430 \u043f\u043e\u0432\u0442\u043e\u0440\u043d\u0430\u044f  \u043a\u043e\u043d\u0441\u0443\u043b\u044c\u0442\u0430\u0446\u0438\u044f \u0432\u0440\u0430\u0447\u0430 (30 \u043c\u0438\u043d)", "account_id": 10765, "date_create": 1582895755, "status": 7, "price": null, "client_id": 2758536, "roistat": "\u043e\u0442 \u0437\u043d\u0430\u043a\u043e\u043c\u044b\u0445", "executor": "\u041f\u0440\u0430\u0432\u0438\u043d \u0421\u0443\u0440\u0435\u043d\u0434\u0440\u0430\u043d\u043f\u0438\u043b\u0430\u0439 \u0412\u0430\u0441\u0430\u043d\u0442\u0430\u043a\u0443\u043c\u0430\u0440\u0438", "is_sale": false, "appointment_id": 5856150, "fields": {"1": "\u041f\u0440\u0430\u0432\u0438\u043d \u0421\u0443\u0440\u0435\u043d\u0434\u0440\u0430\u043d\u043f\u0438\u043b\u0430\u0439 \u0412\u0430\u0441\u0430\u043d\u0442\u0430\u043a\u0443\u043c\u0430\u0440\u0438", "2": "https://klientiks.ru/clientix/client/default/id/2758536", "3": 10765}}, {"id": 6613111, "name": "Sukumara_Kashayam_200 ml", "account_id": 10765, "date_create": 1582899890, "status": 6, "price": "800", "client_id": 3258794, "roistat": "\u0412\u0445\u043e\u0434\u044f\u0449\u0438\u0439 \u0437\u0432\u043e\u043d\u043e\u043a", "executor": "\u0410\u0445\u043c\u0435\u0434\u043e\u0432\u0430 \u0422\u0430\u0442\u044c\u044f\u043d\u0430 \u041b\u0435\u043e\u043d\u0438\u0434\u043e\u0432\u043d\u0430", "is_sale": true, "appointment_id": 5856720, "fields": {"1": "\u0410\u0445\u043c\u0435\u0434\u043e\u0432\u0430 \u0422\u0430\u0442\u044c\u044f\u043d\u0430 \u041b\u0435\u043e\u043d\u0438\u0434\u043e\u0432\u043d\u0430", "2": "https://klientiks.ru/clientix/client/default/id/3258794", "3": 10765}}, {"id": 6613142, "name": "\u0410\u044d\u0440\u043e\u0439\u043e\u0433\u0430 (90 \u043c\u0438\u043d)", "account_id": 10765, "date_create": 1582900096, "status": 6, "price": "800", "client_id": 3244018, "roistat": "\u0438\u043d\u0442\u0435\u0440\u043d\u0435\u0442", "executor": "\u0412\u043b\u0430\u0441\u043e\u0432\u0430 \u0415\u043b\u0435\u043d\u0430 \u0421\u0435\u0440\u0433\u0435\u0435\u0432\u043d\u0430", "is_sale": false, "appointment_id": 5762040, "fields": {"1": "\u0412\u043b\u0430\u0441\u043e\u0432\u0430 \u0415\u043b\u0435\u043d\u0430 \u0421\u0435\u0440\u0433\u0435\u0435\u0432\u043d\u0430", "2": "https://klientiks.ru/clientix/client/default/id/3244018", "3": 10765}}, {"id": 6613439, "name": "Brahmarasayanam_200ml,\u041a\u0430\u0440\u0434\u043e\u043c\u043e\u043d_\u0437\u0435\u043b\u0435\u043d\u044b\u0439,\u041a\u0430\u0440\u0434\u043e\u043c\u043e\u043d_\u0437\u0435\u043b\u0435\u043d\u044b\u0439,Brahmarasayanam_200ml,\u041a\u0430\u0440\u0434\u043e\u043c\u043e\u043d_\u0437\u0435\u043b\u0435\u043d\u044b\u0439,\u0428\u0430\u043c\u043f\u0443\u043d\u044c_Trichup,\u0428\u0430\u043c\u043f\u0443\u043d\u044c_Trichup,\u0428\u0430\u043c\u043f\u0443\u043d\u044c_Trichup,Brahmarasayanam_200ml", "account_id": 10765, "date_create": 1582901878, "status": 6, "price": "1250", "client_id": 3276868, "roistat": "\u0412\u0445\u043e\u0434\u044f\u0449\u0438\u0439 \u0437\u0432\u043e\u043d\u043e\u043a", "executor": "\u0410\u0445\u043c\u0435\u0434\u043e\u0432\u0430 \u0422\u0430\u0442\u044c\u044f\u043d\u0430 \u041b\u0435\u043e\u043d\u0438\u0434\u043e\u0432\u043d\u0430", "is_sale": true, "appointment_id": 5857007, "fields": {"1": "\u0410\u0445\u043c\u0435\u0434\u043e\u0432\u0430 \u0422\u0430\u0442\u044c\u044f\u043d\u0430 \u041b\u0435\u043e\u043d\u0438\u0434\u043e\u0432\u043d\u0430", "2": "https://klientiks.ru/clientix/client/default/id/3276868", "3": 10765}}, {"id": 6613600, "name": "Arjunarishtam_450ml", "account_id": 10765, "date_create": 1582902783, "status": 6, "price": "835", "client_id": 2623071, "roistat": "\u0441\u043e\u0442\u0440\u0443\u0434\u043d\u0438\u043a", "executor": "\u0410\u0445\u043c\u0435\u0434\u043e\u0432\u0430 \u0422\u0430\u0442\u044c\u044f\u043d\u0430 \u041b\u0435\u043e\u043d\u0438\u0434\u043e\u0432\u043d\u0430", "is_sale": true, "appointment_id": 5857122, "fields": {"1": "\u0410\u0445\u043c\u0435\u0434\u043e\u0432\u0430 \u0422\u0430\u0442\u044c\u044f\u043d\u0430 \u041b\u0435\u043e\u043d\u0438\u0434\u043e\u0432\u043d\u0430", "2": "https://klientiks.ru/clientix/client/default/id/2623071", "3": 10765}}, {"id": 6614597, "name": "\u0410\u044e\u0440\u0432\u0435\u0434\u0430 \u043f\u043e\u0432\u0442\u043e\u0440\u043d\u0430\u044f \u043a\u043e\u043d\u0441\u0443\u043b\u044c\u0442\u0430\u0446\u0438\u044f \u0432\u0440\u0430\u0447\u0430 \u0432 \u043d\u0430\u0437\u043d\u0430\u0447\u0435\u043d\u043d\u044b\u0439 \u0441\u0440\u043e\u043a (30 \u043c\u0438\u043d)", "account_id": 10765, "date_create": 1582905636, "status": 6, "price": "2000", "client_id": 1383790, "roistat": "\u0421\u043e\u0432\u0435\u0442 \u0414\u0440\u0443\u0437\u0435\u0439", "executor": "\u041f\u0440\u0430\u0432\u0438\u043d \u0421\u0443\u0440\u0435\u043d\u0434\u0440\u0430\u043d\u043f\u0438\u043b\u0430\u0439 \u0412\u0430\u0441\u0430\u043d\u0442\u0430\u043a\u0443\u043c\u0430\u0440\u0438", "is_sale": false, "appointment_id": 5857428, "fields": {"1": "\u041f\u0440\u0430\u0432\u0438\u043d \u0421\u0443\u0440\u0435\u043d\u0434\u0440\u0430\u043d\u043f\u0438\u043b\u0430\u0439 \u0412\u0430\u0441\u0430\u043d\u0442\u0430\u043a\u0443\u043c\u0430\u0440\u0438", "2": "https://klientiks.ru/clientix/client/default/id/1383790", "3": 10765}}, {"id": 6614744, "name": "\u041a\u0430\u043b\u0430\u0440\u0438 \u043c\u0430\u0441\u0441\u0430\u0436 (60 \u043c\u0438\u043d. \u043d\u043e\u0436\u043d\u043e\u0439 \u043c\u0430\u0441\u043b\u044f\u043d\u044b\u0439 \u043c\u0430\u0441\u0441\u0430\u0436)", "account_id": 10765, "date_create": 1582906765, "status": 6, "price": "0", "client_id": 2936299, "roistat": "\u0412\u0445\u043e\u0434\u044f\u0449\u0438\u0439 \u0437\u0432\u043e\u043d\u043e\u043a,\u043e\u0442 \u0437\u043d\u0430\u043a\u043e\u043c\u044b\u0445", "executor": "\u0424\u0438\u043b\u0438\u043f \u0412\u0438\u043c\u0430\u043b\u0430 \u0412\u0438\u043f\u0438\u043d", "is_sale": false, "appointment_id": 5857568, "fields": {"1": "\u0424\u0438\u043b\u0438\u043f \u0412\u0438\u043c\u0430\u043b\u0430 \u0412\u0438\u043f\u0438\u043d", "2": "https://klientiks.ru/clientix/client/default/id/2936299", "3": 10765}}, {"id": 6614748, "name": "\u0410\u0431\u0445\u044a\u044f\u043d\u0433\u0430 \u043c\u0430\u0441\u0441\u0430\u0436 (60 \u043c\u0438\u043d. \u0440\u0443\u0447\u043d\u043e\u0439 \u043c\u0430\u0441\u043b\u044f\u043d\u044b\u0439 \u043c\u0430\u0441\u0441\u0430\u0436 \u0432 2 \u0440\u0443\u043a\u0438)", "account_id": 10765, "date_create": 1582906812, "status": 6, "price": "0", "client_id": 2936299, "roistat": "\u0412\u0445\u043e\u0434\u044f\u0449\u0438\u0439 \u0437\u0432\u043e\u043d\u043e\u043a,\u043e\u0442 \u0437\u043d\u0430\u043a\u043e\u043c\u044b\u0445", "executor": "\u041d\u0438\u0431\u0438\u043d \u041a\u043e\u0434\u0430\u0442 \u0414\u0438\u043d\u0435\u0441\u0430\u043d", "is_sale": false, "appointment_id": 5857573, "fields": {"1": "\u041d\u0438\u0431\u0438\u043d \u041a\u043e\u0434\u0430\u0442 \u0414\u0438\u043d\u0435\u0441\u0430\u043d", "2": "https://klientiks.ru/clientix/client/default/id/2936299", "3": 10765}}, {"id": 6614839, "name": "\u0423\u043c\u0430\u0441\u043b\u0438\u0432\u0430\u043d\u0438\u0435  (30 \u043c\u0438\u043d.)", "account_id": 10765, "date_create": 1582907560, "status": 6, "price": "1440", "client_id": 1123631, "roistat": "\u043f\u043e\u0441\u0442\u043e\u044f\u043d\u043d\u044b\u0439 \u043a\u043b\u0438\u0435\u043d\u0442", "executor": "\u0428\u0440\u0438\u0442\u0430", "is_sale": false, "appointment_id": 5857654, "fields": {"1": "\u0428\u0440\u0438\u0442\u0430", "2": "https://klientiks.ru/clientix/client/default/id/1123631", "3": 10765}}, {"id": 6614872, "name": "\u0423\u043c\u0430\u0441\u043b\u0438\u0432\u0430\u043d\u0438\u0435  (30 \u043c\u0438\u043d.)", "account_id": 10765, "date_create": 1582908126, "status": 6, "price": "1440", "client_id": 1123631, "roistat": "\u043f\u043e\u0441\u0442\u043e\u044f\u043d\u043d\u044b\u0439 \u043a\u043b\u0438\u0435\u043d\u0442", "executor": "\u0428\u0440\u0438\u0442\u0430", "is_sale": false, "appointment_id": 5857693, "fields": {"1": "\u0428\u0440\u0438\u0442\u0430", "2": "https://klientiks.ru/clientix/client/default/id/1123631", "3": 10765}}, {"id": 6614880, "name": "Koflet_1_\u043a\u043e\u043d\u0444\u0435\u0442\u0430", "account_id": 10765, "date_create": 1582908200, "status": 6, "price": "150", "client_id": 1123631, "roistat": "\u043f\u043e\u0441\u0442\u043e\u044f\u043d\u043d\u044b\u0439 \u043a\u043b\u0438\u0435\u043d\u0442", "executor": "\u0410\u0445\u043c\u0435\u0434\u043e\u0432\u0430 \u0422\u0430\u0442\u044c\u044f\u043d\u0430 \u041b\u0435\u043e\u043d\u0438\u0434\u043e\u0432\u043d\u0430", "is_sale": true, "appointment_id": 5857701, "fields": {"1": "\u0410\u0445\u043c\u0435\u0434\u043e\u0432\u0430 \u0422\u0430\u0442\u044c\u044f\u043d\u0430 \u041b\u0435\u043e\u043d\u0438\u0434\u043e\u0432\u043d\u0430", "2": "https://klientiks.ru/clientix/client/default/id/1123631", "3": 10765}}, {"id": 6614887, "name": "\u041a\u0430\u043b\u0430\u0440\u0438 \u043c\u0430\u0441\u0441\u0430\u0436 (60 \u043c\u0438\u043d. \u043d\u043e\u0436\u043d\u043e\u0439 \u043c\u0430\u0441\u043b\u044f\u043d\u044b\u0439 \u043c\u0430\u0441\u0441\u0430\u0436)", "account_id": 10765, "date_create": 1582908326, "status": 6, "price": "0", "client_id": 2936299, "roistat": "\u0412\u0445\u043e\u0434\u044f\u0449\u0438\u0439 \u0437\u0432\u043e\u043d\u043e\u043a,\u043e\u0442 \u0437\u043d\u0430\u043a\u043e\u043c\u044b\u0445", "executor": "\u0424\u0438\u043b\u0438\u043f \u0412\u0438\u043c\u0430\u043b\u0430 \u0412\u0438\u043f\u0438\u043d", "is_sale": false, "appointment_id": 5857708, "fields": {"1": "\u0424\u0438\u043b\u0438\u043f \u0412\u0438\u043c\u0430\u043b\u0430 \u0412\u0438\u043f\u0438\u043d", "2": "https://klientiks.ru/clientix/client/default/id/2936299", "3": 10765}}, {"id": 6614892, "name": "\u041a\u0430\u043b\u0430\u0440\u0438 \u043c\u0430\u0441\u0441\u0430\u0436 (60 \u043c\u0438\u043d. \u043d\u043e\u0436\u043d\u043e\u0439 \u043c\u0430\u0441\u043b\u044f\u043d\u044b\u0439 \u043c\u0430\u0441\u0441\u0430\u0436)", "account_id": 10765, "date_create": 1582908371, "status": 7, "price": null, "client_id": 2936299, "roistat": "\u0412\u0445\u043e\u0434\u044f\u0449\u0438\u0439 \u0437\u0432\u043e\u043d\u043e\u043a,\u043e\u0442 \u0437\u043d\u0430\u043a\u043e\u043c\u044b\u0445", "executor": "\u0424\u0438\u043b\u0438\u043f \u0412\u0438\u043c\u0430\u043b\u0430 \u0412\u0438\u043f\u0438\u043d", "is_sale": false, "appointment_id": 5857714, "fields": {"1": "\u0424\u0438\u043b\u0438\u043f \u0412\u0438\u043c\u0430\u043b\u0430 \u0412\u0438\u043f\u0438\u043d", "2": "https://klientiks.ru/clientix/client/default/id/2936299", "3": 10765}}, {"id": 6616355, "name": "\u0410\u0431\u0445\u044a\u044f\u043d\u0433\u0430 \u043c\u0430\u0441\u0441\u0430\u0436 (60 \u043c\u0438\u043d. \u0440\u0443\u0447\u043d\u043e\u0439 \u043c\u0430\u0441\u043b\u044f\u043d\u044b\u0439 \u043c\u0430\u0441\u0441\u0430\u0436 \u0432 2 \u0440\u0443\u043a\u0438),\u0410\u0431\u0445\u044a\u044f\u043d\u0433\u0430 \u043c\u0430\u0441\u0441\u0430\u0436 (60 \u043c\u0438\u043d. \u0440\u0443\u0447\u043d\u043e\u0439 \u043c\u0430\u0441\u043b\u044f\u043d\u044b\u0439 \u043c\u0430\u0441\u0441\u0430\u0436 \u0432 2 \u0440\u0443\u043a\u0438),\u041c\u0443\u043a\u0445\u0430\u0431\u0445\u044a\u044f\u043d\u0433\u0430 (30 \u043c\u0438\u043d. \u043c\u0430\u0441\u0441\u0430\u0436 \u043b\u0438\u0446\u0430),\u041c\u0443\u043a\u0445\u0430\u0431\u0445\u044a\u044f\u043d\u0433\u0430 (30 \u043c\u0438\u043d. \u043c\u0430\u0441\u0441\u0430\u0436 \u043b\u0438\u0446\u0430)", "account_id": 10765, "date_create": 1582958255, "status": 6, "price": "4400", "client_id": 2942716, "roistat": "\u0412\u0445\u043e\u0434\u044f\u0449\u0438\u0439 \u0437\u0432\u043e\u043d\u043e\u043a", "executor": "\u0428\u0440\u0438\u0442\u0430", "is_sale": false, "appointment_id": 5858940, "fields": {"1": "\u0428\u0440\u0438\u0442\u0430", "2": "https://klientiks.ru/clientix/client/default/id/2942716", "3": 10765}}, {"id": 6616633, "name": "\u0410\u044e\u0440\u0432\u0435\u0434\u0430 \u043a\u043e\u043d\u0441\u0443\u043b\u044c\u0442\u0430\u0446\u0438\u044f \u0432\u0440\u0430\u0447\u0430 (60 \u043c\u0438\u043d)", "account_id": 10765, "date_create": 1582960279, "status": 7, "price": null, "client_id": 3332399, "roistat": "\u0412\u0445\u043e\u0434\u044f\u0449\u0438\u0439 \u0437\u0432\u043e\u043d\u043e\u043a,\u0418\u043d\u0442\u0435\u0440\u043d\u0435\u0442", "executor": "\u041f\u0440\u0430\u0432\u0438\u043d \u0421\u0443\u0440\u0435\u043d\u0434\u0440\u0430\u043d\u043f\u0438\u043b\u0430\u0439 \u0412\u0430\u0441\u0430\u043d\u0442\u0430\u043a\u0443\u043c\u0430\u0440\u0438", "is_sale": false, "appointment_id": 5859207, "fields": {"1": "\u041f\u0440\u0430\u0432\u0438\u043d \u0421\u0443\u0440\u0435\u043d\u0434\u0440\u0430\u043d\u043f\u0438\u043b\u0430\u0439 \u0412\u0430\u0441\u0430\u043d\u0442\u0430\u043a\u0443\u043c\u0430\u0440\u0438", "2": "https://klientiks.ru/clientix/client/default/id/3332399", "3": 10765}}, {"id": 6617138, "name": "Tiktaka_Kwatham_100tab", "account_id": 10765, "date_create": 1582962755, "status": 6, "price": "1250", "client_id": 2695457, "roistat": "\u043e\u0442 \u0437\u043d\u0430\u043a\u043e\u043c\u044b\u0445", "executor": "\u0410\u0445\u043c\u0435\u0434\u043e\u0432\u0430 \u0422\u0430\u0442\u044c\u044f\u043d\u0430 \u041b\u0435\u043e\u043d\u0438\u0434\u043e\u0432\u043d\u0430", "is_sale": true, "appointment_id": 5859697, "fields": {"1": "\u0410\u0445\u043c\u0435\u0434\u043e\u0432\u0430 \u0422\u0430\u0442\u044c\u044f\u043d\u0430 \u041b\u0435\u043e\u043d\u0438\u0434\u043e\u0432\u043d\u0430", "2": "https://klientiks.ru/clientix/client/default/id/2695457", "3": 10765}}, {"id": 6617942, "name": "\u041a\u043e\u043d\u0441\u0443\u043b\u044c\u0442\u0430\u0446\u0438\u044f \u0430\u0441\u0442\u0440\u043e\u043b\u043e\u0433\u0430 \u0420\u0430\u0433\u0445\u0443\u043d\u0430\u0442\u0445  \u0441\u043a\u0430\u0439\u043f", "account_id": 10765, "date_create": 1582966621, "status": 7, "price": null, "client_id": 3325787, "roistat": "\u0412\u0445\u043e\u0434\u044f\u0449\u0438\u0439 \u0437\u0432\u043e\u043d\u043e\u043a,\u0418\u043d\u0442\u0435\u0440\u043d\u0435\u0442", "executor": "\u0420\u0430\u0433\u0445\u0443\u043d\u0430\u0442\u0445 \u041c\u0435\u043d\u043e\u043d", "is_sale": false, "appointment_id": 5860448, "fields": {"1": "\u0420\u0430\u0433\u0445\u0443\u043d\u0430\u0442\u0445 \u041c\u0435\u043d\u043e\u043d", "2": "https://klientiks.ru/clientix/client/default/id/3325787", "3": 10765}}, {"id": 6618358, "name": "\u0410\u044e\u0440\u0432\u0435\u0434\u0430 \u043a\u043e\u043d\u0441\u0443\u043b\u044c\u0442\u0430\u0446\u0438\u044f \u0432\u0440\u0430\u0447\u0430 (60 \u043c\u0438\u043d)", "account_id": 10765, "date_create": 1582968635, "status": 6, "price": "3200", "client_id": 3332878, "roistat": "\u0412\u0445\u043e\u0434\u044f\u0449\u0438\u0439 \u0437\u0432\u043e\u043d\u043e\u043a", "executor": "\u041f\u0440\u0430\u0432\u0438\u043d \u0421\u0443\u0440\u0435\u043d\u0434\u0440\u0430\u043d\u043f\u0438\u043b\u0430\u0439 \u0412\u0430\u0441\u0430\u043d\u0442\u0430\u043a\u0443\u043c\u0430\u0440\u0438", "is_sale": false, "appointment_id": 5860861, "fields": {"1": "\u041f\u0440\u0430\u0432\u0438\u043d \u0421\u0443\u0440\u0435\u043d\u0434\u0440\u0430\u043d\u043f\u0438\u043b\u0430\u0439 \u0412\u0430\u0441\u0430\u043d\u0442\u0430\u043a\u0443\u043c\u0430\u0440\u0438", "2": "https://klientiks.ru/clientix/client/default/id/3332878", "3": 10765}}, {"id": 6618409, "name": "\u0410\u044e\u0440\u0432\u0435\u0434\u0430 \u043a\u043e\u043d\u0441\u0443\u043b\u044c\u0442\u0430\u0446\u0438\u044f \u0432\u0440\u0430\u0447\u0430 (60 \u043c\u0438\u043d)", "account_id": 10765, "date_create": 1582968860, "status": 6, "price": "3200", "client_id": 3332903, "roistat": "\u0412\u0445\u043e\u0434\u044f\u0449\u0438\u0439 \u0437\u0432\u043e\u043d\u043e\u043a,\u0418\u043d\u0442\u0435\u0440\u043d\u0435\u0442", "executor": "\u041f\u0440\u0430\u0432\u0438\u043d \u0421\u0443\u0440\u0435\u043d\u0434\u0440\u0430\u043d\u043f\u0438\u043b\u0430\u0439 \u0412\u0430\u0441\u0430\u043d\u0442\u0430\u043a\u0443\u043c\u0430\u0440\u0438", "is_sale": false, "appointment_id": 5860916, "fields": {"1": "\u041f\u0440\u0430\u0432\u0438\u043d \u0421\u0443\u0440\u0435\u043d\u0434\u0440\u0430\u043d\u043f\u0438\u043b\u0430\u0439 \u0412\u0430\u0441\u0430\u043d\u0442\u0430\u043a\u0443\u043c\u0430\u0440\u0438", "2": "https://klientiks.ru/clientix/client/default/id/3332903", "3": 10765}}, {"id": 6618428, "name": "Drakshadi_kashayam_200ml,\u041a\u0443\u043d\u0436\u0443\u0442\u043d\u043e\u0435_\u043c\u0430\u0441\u043b\u043e_\u041a\u0430\u043c\u0430\u043b\u0430,Ashwagandha_60tab_Kutir\u0425\u0423\u0419s,\u041a\u0443\u043d\u0436\u0443\u0442\u043d\u043e\u0435_\u043c\u0430\u0441\u043b\u043e_\u041a\u0430\u043c\u0430\u043b\u0430,Avipathi_choornam_30g,Ashwagandha_60tab_Kutir\u0425\u0423\u0419s,Septilin_Himalaya_60 tab,Drakshadi_kashayam_200ml,\u041a\u0443\u043d\u0436\u0443\u0442\u043d\u043e\u0435_\u043c\u0430\u0441\u043b\u043e_\u041a\u0430\u043c\u0430\u043b\u0430,Avipathi_choornam_30g,Ashwagandha_60tab_Kutir\u0425\u0423\u0419s,Septilin_Himalaya_60 tab,Drakshadi_kashayam_200ml,\u041a\u0443\u043d\u0436\u0443\u0442\u043d\u043e\u0435_\u043c\u0430\u0441\u043b\u043e_\u041a\u0430\u043c\u0430\u043b\u0430,Avipathi_choornam_30g,Ashwagandha_60tab_Kutir\u0425\u0423\u0419s,Septilin_Himalaya_60 tab,Drakshadi_kashayam_200ml,Septilin_Himalaya_60 tab,Ashwagandha_60tab_Kutir\u0425\u0423\u0419s,Avipathi_choornam_30g,\u041a\u0443\u043d\u0436\u0443\u0442\u043d\u043e\u0435_\u043c\u0430\u0441\u043b\u043e_\u041a\u0430\u043c\u0430\u043b\u0430,Drakshadi_kashayam_200ml,Septilin_Himalaya_60 tab,Avipathi_choornam_30g", "account_id": 10765, "date_create": 1582968967, "status": 6, "price": "1750", "client_id": 3255176, "roistat": "\u043e\u0442 \u0437\u043d\u0430\u043a\u043e\u043c\u044b\u0445,\u0418\u043d\u0442\u0435\u0440\u043d\u0435\u0442", "executor": "\u0410\u0445\u043c\u0435\u0434\u043e\u0432\u0430 \u0422\u0430\u0442\u044c\u044f\u043d\u0430 \u041b\u0435\u043e\u043d\u0438\u0434\u043e\u0432\u043d\u0430", "is_sale": true, "appointment_id": 5860936, "fields": {"1": "\u0410\u0445\u043c\u0435\u0434\u043e\u0432\u0430 \u0422\u0430\u0442\u044c\u044f\u043d\u0430 \u041b\u0435\u043e\u043d\u0438\u0434\u043e\u0432\u043d\u0430", "2": "https://klientiks.ru/clientix/client/default/id/3255176", "3": 10765}}, {"id": 6618714, "name": "\u0410\u0431\u0445\u044a\u044f\u043d\u0433\u0430 \u043c\u0430\u0441\u0441\u0430\u0436 (60 \u043c\u0438\u043d. \u0440\u0443\u0447\u043d\u043e\u0439 \u043c\u0430\u0441\u043b\u044f\u043d\u044b\u0439 \u043c\u0430\u0441\u0441\u0430\u0436 \u0432 2 \u0440\u0443\u043a\u0438)", "account_id": 10765, "date_create": 1582970573, "status": 6, "price": "3200", "client_id": 3255176, "roistat": "\u043e\u0442 \u0437\u043d\u0430\u043a\u043e\u043c\u044b\u0445,\u0418\u043d\u0442\u0435\u0440\u043d\u0435\u0442", "executor": "\u0428\u0440\u0438\u0442\u0430", "is_sale": false, "appointment_id": 5727454, "fields": {"1": "\u0428\u0440\u0438\u0442\u0430", "2": "https://klientiks.ru/clientix/client/default/id/3255176", "3": 10765}}, {"id": 6619065, "name": "\u0410\u044e\u0440\u0432\u0435\u0434\u0430 \u043f\u043e\u0432\u0442\u043e\u0440\u043d\u0430\u044f \u043a\u043e\u043d\u0441\u0443\u043b\u044c\u0442\u0430\u0446\u0438\u044f \u0432\u0440\u0430\u0447\u0430 \u0432 \u043d\u0430\u0437\u043d\u0430\u0447\u0435\u043d\u043d\u044b\u0439 \u0441\u0440\u043e\u043a (30 \u043c\u0438\u043d)", "account_id": 10765, "date_create": 1582972818, "status": 7, "price": null, "client_id": 3255176, "roistat": "\u043e\u0442 \u0437\u043d\u0430\u043a\u043e\u043c\u044b\u0445,\u0418\u043d\u0442\u0435\u0440\u043d\u0435\u0442", "executor": "\u041f\u0440\u0430\u0432\u0438\u043d \u0421\u0443\u0440\u0435\u043d\u0434\u0440\u0430\u043d\u043f\u0438\u043b\u0430\u0439 \u0412\u0430\u0441\u0430\u043d\u0442\u0430\u043a\u0443\u043c\u0430\u0440\u0438", "is_sale": false, "appointment_id": 5861541, "fields": {"1": "\u041f\u0440\u0430\u0432\u0438\u043d \u0421\u0443\u0440\u0435\u043d\u0434\u0440\u0430\u043d\u043f\u0438\u043b\u0430\u0439 \u0412\u0430\u0441\u0430\u043d\u0442\u0430\u043a\u0443\u043c\u0430\u0440\u0438", "2": "https://klientiks.ru/clientix/client/default/id/3255176", "3": 10765}}, {"id": 6619635, "name": "\u0410\u0431\u0445\u044a\u044f\u043d\u0433\u0430 \u043c\u0430\u0441\u0441\u0430\u0436 (60 \u043c\u0438\u043d. \u0440\u0443\u0447\u043d\u043e\u0439 \u043c\u0430\u0441\u043b\u044f\u043d\u044b\u0439 \u043c\u0430\u0441\u0441\u0430\u0436 \u0432 2 \u0440\u0443\u043a\u0438)", "account_id": 10765, "date_create": 1582976474, "status": 7, "price": null, "client_id": 2319865, "roistat": "\u0412\u0445\u043e\u0434\u044f\u0449\u0438\u0439 \u0437\u0432\u043e\u043d\u043e\u043a", "executor": "\u0410\u043f\u043f\u043e", "is_sale": false, "appointment_id": 5862108, "fields": {"1": "\u0410\u043f\u043f\u043e", "2": "https://klientiks.ru/clientix/client/default/id/2319865", "3": 10765}}, {"id": 6619896, "name": "\u041a\u0438\u0436\u0438 \u043c\u0430\u0441\u0441\u0430\u0436 (60 \u043c\u0438\u043d. \u043f\u0438\u043d\u0434\u0430\u0441\u0432\u0435\u0434\u0430\u043d\u0430, \u043c\u0430\u0441\u0441\u0430\u0436 \u043c\u0435\u0448\u043e\u0447\u043a\u0430\u043c\u0438 \u0432 2 \u0440\u0443\u043a\u0438)", "account_id": 10765, "date_create": 1582978641, "status": 7, "price": null, "client_id": 3122840, "roistat": "\u0420\u043e\u0434\u0441\u0442\u0432\u0435\u043d\u043d\u0438\u043a \u043d\u0430\u0448\u0435\u0433\u043e \u043a\u043b\u0438\u0435\u043d\u0442\u0430", "executor": "\u0424\u0438\u043b\u0438\u043f \u0412\u0438\u043c\u0430\u043b\u0430 \u0412\u0438\u043f\u0438\u043d", "is_sale": false, "appointment_id": 5862352, "fields": {"1": "\u0424\u0438\u043b\u0438\u043f \u0412\u0438\u043c\u0430\u043b\u0430 \u0412\u0438\u043f\u0438\u043d", "2": "https://klientiks.ru/clientix/client/default/id/3122840", "3": 10765}}, {"id": 6620022, "name": "\u0410\u044e\u0440\u0432\u0435\u0434\u0430 \u043f\u043e\u0432\u0442\u043e\u0440\u043d\u0430\u044f  \u043a\u043e\u043d\u0441\u0443\u043b\u044c\u0442\u0430\u0446\u0438\u044f \u043f\u0440\u0438\u0433\u043b\u0430\u0448\u0435\u043d\u043d\u043e\u0433\u043e \u0441\u043f\u0435\u0446\u0438\u0430\u043b\u0438\u0441\u0442\u0430 (30 \u043c\u0438\u043d)", "account_id": 10765, "date_create": 1582979786, "status": 6, "price": "2500", "client_id": 2823274, "roistat": "\u0421\u043e\u0432\u0435\u0442 \u0414\u0440\u0443\u0437\u0435\u0439,\u0438\u043d\u0442\u0435\u0440\u043d\u0435\u0442", "executor": "\u0414\u0436\u0430\u0442\u0445\u0430\u0432 \u041f\u0430\u0440\u0435\u0448", "is_sale": false, "appointment_id": 5862466, "fields": {"1": "\u0414\u0436\u0430\u0442\u0445\u0430\u0432 \u041f\u0430\u0440\u0435\u0448", "2": "https://klientiks.ru/clientix/client/default/id/2823274", "3": 10765}}, {"id": 6620738, "name": "\u0410\u0431\u0445\u044a\u044f\u043d\u0433\u0430 \u043c\u0430\u0441\u0441\u0430\u0436 (60 \u043c\u0438\u043d. \u0440\u0443\u0447\u043d\u043e\u0439 \u043c\u0430\u0441\u043b\u044f\u043d\u044b\u0439 \u043c\u0430\u0441\u0441\u0430\u0436 \u0432 2 \u0440\u0443\u043a\u0438),\u0421\u0435\u0430\u043d\u0441 \u0432 \u043a\u0435\u0434\u0440\u043e\u0432\u043e\u0439 \u0431\u043e\u0447\u043a\u0435 \u0441 \u0444\u0438\u0442\u043e\u0441\u0431\u043e\u0440\u043e\u043c,\u0410\u0431\u0445\u044a\u044f\u043d\u0433\u0430 \u043c\u0430\u0441\u0441\u0430\u0436 (60 \u043c\u0438\u043d. \u0440\u0443\u0447\u043d\u043e\u0439 \u043c\u0430\u0441\u043b\u044f\u043d\u044b\u0439 \u043c\u0430\u0441\u0441\u0430\u0436 \u0432 2 \u0440\u0443\u043a\u0438),\u0421\u0435\u0430\u043d\u0441 \u0432 \u043a\u0435\u0434\u0440\u043e\u0432\u043e\u0439 \u0431\u043e\u0447\u043a\u0435 \u0441 \u0444\u0438\u0442\u043e\u0441\u0431\u043e\u0440\u043e\u043c", "account_id": 10765, "date_create": 1582985690, "status": 6, "price": "0", "client_id": 3263662, "roistat": "\u043f\u043e\u0441\u0442\u043e\u044f\u043d\u043d\u044b\u0439 \u043a\u043b\u0438\u0435\u043d\u0442", "executor": "\u0428\u0440\u0438\u0442\u0430", "is_sale": false, "appointment_id": 5863078, "fields": {"1": "\u0428\u0440\u0438\u0442\u0430", "2": "https://klientiks.ru/clientix/client/default/id/3263662", "3": 10765}}, {"id": 6620742, "name": "\u0412\u0438\u0440\u0435\u0447\u0430\u043d\u0430 (\u0441\u043b\u0430\u0431\u0438\u0442\u0435\u043b\u044c\u043d\u0430\u044f \u0442\u0435\u0440\u0430\u043f\u0438\u044f),\u041a\u0430\u043b\u0430\u0440\u0438 \u043c\u0430\u0441\u0441\u0430\u0436 (60 \u043c\u0438\u043d. \u043d\u043e\u0436\u043d\u043e\u0439 \u043c\u0430\u0441\u043b\u044f\u043d\u044b\u0439 \u043c\u0430\u0441\u0441\u0430\u0436),\u0412\u0438\u0440\u0435\u0447\u0430\u043d\u0430 (\u0441\u043b\u0430\u0431\u0438\u0442\u0435\u043b\u044c\u043d\u0430\u044f \u0442\u0435\u0440\u0430\u043f\u0438\u044f),\u041a\u0430\u043b\u0430\u0440\u0438 \u043c\u0430\u0441\u0441\u0430\u0436 (60 \u043c\u0438\u043d. \u043d\u043e\u0436\u043d\u043e\u0439 \u043c\u0430\u0441\u043b\u044f\u043d\u044b\u0439 \u043c\u0430\u0441\u0441\u0430\u0436)", "account_id": 10765, "date_create": 1582985730, "status": 6, "price": "0", "client_id": 3263662, "roistat": "\u043f\u043e\u0441\u0442\u043e\u044f\u043d\u043d\u044b\u0439 \u043a\u043b\u0438\u0435\u043d\u0442", "executor": "\u0428\u0440\u0438\u0442\u0430", "is_sale": false, "appointment_id": 5863080, "fields": {"1": "\u0428\u0440\u0438\u0442\u0430", "2": "https://klientiks.ru/clientix/client/default/id/3263662", "3": 10765}}, {"id": 6620748, "name": "\u0410\u0431\u0445\u044a\u044f\u043d\u0433\u0430 \u043c\u0430\u0441\u0441\u0430\u0436 (60 \u043c\u0438\u043d. \u0440\u0443\u0447\u043d\u043e\u0439 \u043c\u0430\u0441\u043b\u044f\u043d\u044b\u0439 \u043c\u0430\u0441\u0441\u0430\u0436 \u0432 2 \u0440\u0443\u043a\u0438),\u041a\u0438\u0436\u0438 \u043d\u0430 \u0447\u0430\u0441\u0442\u0438 \u0442\u0435\u043b\u0430 (30 \u043c\u0438\u043d),\u0410\u0431\u0445\u044a\u044f\u043d\u0433\u0430 \u043c\u0430\u0441\u0441\u0430\u0436 (60 \u043c\u0438\u043d. \u0440\u0443\u0447\u043d\u043e\u0439 \u043c\u0430\u0441\u043b\u044f\u043d\u044b\u0439 \u043c\u0430\u0441\u0441\u0430\u0436 \u0432 2 \u0440\u0443\u043a\u0438),\u041a\u0438\u0436\u0438 \u043d\u0430 \u0447\u0430\u0441\u0442\u0438 \u0442\u0435\u043b\u0430 (30 \u043c\u0438\u043d)", "account_id": 10765, "date_create": 1582985805, "status": 6, "price": "0", "client_id": 3263662, "roistat": "\u043f\u043e\u0441\u0442\u043e\u044f\u043d\u043d\u044b\u0439 \u043a\u043b\u0438\u0435\u043d\u0442", "executor": "\u041d\u0438\u0431\u0438\u043d \u041a\u043e\u0434\u0430\u0442 \u0414\u0438\u043d\u0435\u0441\u0430\u043d", "is_sale": false, "appointment_id": 5863085, "fields": {"1": "\u041d\u0438\u0431\u0438\u043d \u041a\u043e\u0434\u0430\u0442 \u0414\u0438\u043d\u0435\u0441\u0430\u043d", "2": "https://klientiks.ru/clientix/client/default/id/3263662", "3": 10765}}, {"id": 6620754, "name": "\u0410\u0431\u0445\u044a\u044f\u043d\u0433\u0430 \u043c\u0430\u0441\u0441\u0430\u0436 (60 \u043c\u0438\u043d. \u0440\u0443\u0447\u043d\u043e\u0439 \u043c\u0430\u0441\u043b\u044f\u043d\u044b\u0439 \u043c\u0430\u0441\u0441\u0430\u0436 \u0432 2 \u0440\u0443\u043a\u0438),\u0410\u0431\u0445\u044a\u044f\u043d\u0433\u0430 \u043c\u0430\u0441\u0441\u0430\u0436 (60 \u043c\u0438\u043d. \u0440\u0443\u0447\u043d\u043e\u0439 \u043c\u0430\u0441\u043b\u044f\u043d\u044b\u0439 \u043c\u0430\u0441\u0441\u0430\u0436 \u0432 2 \u0440\u0443\u043a\u0438),\u041a\u0438\u0436\u0438 \u043d\u0430 \u0447\u0430\u0441\u0442\u0438 \u0442\u0435\u043b\u0430 (30 \u043c\u0438\u043d),\u041a\u0438\u0436\u0438 \u043d\u0430 \u0447\u0430\u0441\u0442\u0438 \u0442\u0435\u043b\u0430 (30 \u043c\u0438\u043d)", "account_id": 10765, "date_create": 1582985849, "status": 6, "price": "0", "client_id": 3263662, "roistat": "\u043f\u043e\u0441\u0442\u043e\u044f\u043d\u043d\u044b\u0439 \u043a\u043b\u0438\u0435\u043d\u0442", "executor": "\u041d\u0438\u0431\u0438\u043d \u041a\u043e\u0434\u0430\u0442 \u0414\u0438\u043d\u0435\u0441\u0430\u043d", "is_sale": false, "appointment_id": 5863092, "fields": {"1": "\u041d\u0438\u0431\u0438\u043d \u041a\u043e\u0434\u0430\u0442 \u0414\u0438\u043d\u0435\u0441\u0430\u043d", "2": "https://klientiks.ru/clientix/client/default/id/3263662", "3": 10765}}, {"id": 6620759, "name": "\u0410\u043d\u0443\u0432\u0430\u0441\u0430\u043d\u0430 \u0411\u0430\u0441\u0442\u0438 (30 \u043c\u0438\u043d. \u043c\u0430\u0441\u043b\u044f\u043d\u0430\u044f \u0442\u0440\u0430\u0432\u044f\u043d\u0430\u044f \u043a\u043b\u0438\u0437\u043c\u0430),\u041f\u0438\u0447\u0443 (30 \u043c\u0438\u043d. \u043c\u0430\u0441\u043b\u044f\u043d\u0430\u044f \u0430\u043f\u043f\u043b\u0438\u043a\u0430\u0446\u0438\u044f),\u041a\u0430\u043b\u0430\u0440\u0438 \u043c\u0430\u0441\u0441\u0430\u0436 (60 \u043c\u0438\u043d. \u043d\u043e\u0436\u043d\u043e\u0439 \u043c\u0430\u0441\u043b\u044f\u043d\u044b\u0439 \u043c\u0430\u0441\u0441\u0430\u0436),\u041f\u0438\u0447\u0443 (30 \u043c\u0438\u043d. \u043c\u0430\u0441\u043b\u044f\u043d\u0430\u044f \u0430\u043f\u043f\u043b\u0438\u043a\u0430\u0446\u0438\u044f),\u0410\u043d\u0443\u0432\u0430\u0441\u0430\u043d\u0430 \u0411\u0430\u0441\u0442\u0438 (30 \u043c\u0438\u043d. \u043c\u0430\u0441\u043b\u044f\u043d\u0430\u044f \u0442\u0440\u0430\u0432\u044f\u043d\u0430\u044f \u043a\u043b\u0438\u0437\u043c\u0430),\u041a\u0430\u043b\u0430\u0440\u0438 \u043c\u0430\u0441\u0441\u0430\u0436 (60 \u043c\u0438\u043d. \u043d\u043e\u0436\u043d\u043e\u0439 \u043c\u0430\u0441\u043b\u044f\u043d\u044b\u0439 \u043c\u0430\u0441\u0441\u0430\u0436),\u041f\u0438\u0447\u0443 (30 \u043c\u0438\u043d. \u043c\u0430\u0441\u043b\u044f\u043d\u0430\u044f \u0430\u043f\u043f\u043b\u0438\u043a\u0430\u0446\u0438\u044f),\u041a\u0430\u043b\u0430\u0440\u0438 \u043c\u0430\u0441\u0441\u0430\u0436 (60 \u043c\u0438\u043d. \u043d\u043e\u0436\u043d\u043e\u0439 \u043c\u0430\u0441\u043b\u044f\u043d\u044b\u0439 \u043c\u0430\u0441\u0441\u0430\u0436),\u0410\u043d\u0443\u0432\u0430\u0441\u0430\u043d\u0430 \u0411\u0430\u0441\u0442\u0438 (30 \u043c\u0438\u043d. \u043c\u0430\u0441\u043b\u044f\u043d\u0430\u044f \u0442\u0440\u0430\u0432\u044f\u043d\u0430\u044f \u043a\u043b\u0438\u0437\u043c\u0430)", "account_id": 10765, "date_create": 1582985911, "status": 6, "price": "0", "client_id": 3263662, "roistat": "\u043f\u043e\u0441\u0442\u043e\u044f\u043d\u043d\u044b\u0439 \u043a\u043b\u0438\u0435\u043d\u0442", "executor": "\u0428\u0440\u0438\u0442\u0430", "is_sale": false, "appointment_id": 5863097, "fields": {"1": "\u0428\u0440\u0438\u0442\u0430", "2": "https://klientiks.ru/clientix/client/default/id/3263662", "3": 10765}}, {"id": 6620763, "name": "\u041f\u0438\u0447\u0443 (30 \u043c\u0438\u043d. \u043c\u0430\u0441\u043b\u044f\u043d\u0430\u044f \u0430\u043f\u043f\u043b\u0438\u043a\u0430\u0446\u0438\u044f),\u041d\u0438\u0440\u0443\u0445\u0430 \u0411\u0430\u0441\u0442\u0438 (60 \u043c\u0438\u043d. \u043a\u043b\u0438\u0437\u043c\u0430 \u0442\u0440\u0430\u0432\u044f\u043d\u044b\u043c \u043e\u0442\u0432\u0430\u0440\u043e\u043c),\u0410\u0431\u0445\u044a\u044f\u043d\u0433\u0430 \u043c\u0430\u0441\u0441\u0430\u0436 (60 \u043c\u0438\u043d. \u0440\u0443\u0447\u043d\u043e\u0439 \u043c\u0430\u0441\u043b\u044f\u043d\u044b\u0439 \u043c\u0430\u0441\u0441\u0430\u0436 \u0432 2 \u0440\u0443\u043a\u0438),\u041f\u0438\u0447\u0443 (30 \u043c\u0438\u043d. \u043c\u0430\u0441\u043b\u044f\u043d\u0430\u044f \u0430\u043f\u043f\u043b\u0438\u043a\u0430\u0446\u0438\u044f),\u0410\u0431\u0445\u044a\u044f\u043d\u0433\u0430 \u043c\u0430\u0441\u0441\u0430\u0436 (60 \u043c\u0438\u043d. \u0440\u0443\u0447\u043d\u043e\u0439 \u043c\u0430\u0441\u043b\u044f\u043d\u044b\u0439 \u043c\u0430\u0441\u0441\u0430\u0436 \u0432 2 \u0440\u0443\u043a\u0438),\u041f\u0438\u0447\u0443 (30 \u043c\u0438\u043d. \u043c\u0430\u0441\u043b\u044f\u043d\u0430\u044f \u0430\u043f\u043f\u043b\u0438\u043a\u0430\u0446\u0438\u044f),\u041d\u0438\u0440\u0443\u0445\u0430 \u0411\u0430\u0441\u0442\u0438 (60 \u043c\u0438\u043d. \u043a\u043b\u0438\u0437\u043c\u0430 \u0442\u0440\u0430\u0432\u044f\u043d\u044b\u043c \u043e\u0442\u0432\u0430\u0440\u043e\u043c),\u0410\u0431\u0445\u044a\u044f\u043d\u0433\u0430 \u043c\u0430\u0441\u0441\u0430\u0436 (60 \u043c\u0438\u043d. \u0440\u0443\u0447\u043d\u043e\u0439 \u043c\u0430\u0441\u043b\u044f\u043d\u044b\u0439 \u043c\u0430\u0441\u0441\u0430\u0436 \u0432 2 \u0440\u0443\u043a\u0438),\u041d\u0438\u0440\u0443\u0445\u0430 \u0411\u0430\u0441\u0442\u0438 (60 \u043c\u0438\u043d. \u043a\u043b\u0438\u0437\u043c\u0430 \u0442\u0440\u0430\u0432\u044f\u043d\u044b\u043c \u043e\u0442\u0432\u0430\u0440\u043e\u043c)", "account_id": 10765, "date_create": 1582985948, "status": 6, "price": "0", "client_id": 3263662, "roistat": "\u043f\u043e\u0441\u0442\u043e\u044f\u043d\u043d\u044b\u0439 \u043a\u043b\u0438\u0435\u043d\u0442", "executor": "\u041d\u0438\u0431\u0438\u043d \u041a\u043e\u0434\u0430\u0442 \u0414\u0438\u043d\u0435\u0441\u0430\u043d", "is_sale": false, "appointment_id": 5863101, "fields": {"1": "\u041d\u0438\u0431\u0438\u043d \u041a\u043e\u0434\u0430\u0442 \u0414\u0438\u043d\u0435\u0441\u0430\u043d", "2": "https://klientiks.ru/clientix/client/default/id/3263662", "3": 10765}}, {"id": 6620773, "name": "\u0410\u0431\u0445\u044a\u044f\u043d\u0433\u0430 \u043c\u0430\u0441\u0441\u0430\u0436 (60 \u043c\u0438\u043d. \u0440\u0443\u0447\u043d\u043e\u0439 \u043c\u0430\u0441\u043b\u044f\u043d\u044b\u0439 \u043c\u0430\u0441\u0441\u0430\u0436 \u0432 2 \u0440\u0443\u043a\u0438),\u041a\u0438\u0436\u0438 \u043d\u0430 \u0447\u0430\u0441\u0442\u0438 \u0442\u0435\u043b\u0430 (30 \u043c\u0438\u043d),\u0410\u043d\u0443\u0432\u0430\u0441\u0430\u043d\u0430 \u0411\u0430\u0441\u0442\u0438 (30 \u043c\u0438\u043d. \u043c\u0430\u0441\u043b\u044f\u043d\u0430\u044f \u0442\u0440\u0430\u0432\u044f\u043d\u0430\u044f \u043a\u043b\u0438\u0437\u043c\u0430)", "account_id": 10765, "date_create": 1582986015, "status": 7, "price": null, "client_id": 3263662, "roistat": "\u043f\u043e\u0441\u0442\u043e\u044f\u043d\u043d\u044b\u0439 \u043a\u043b\u0438\u0435\u043d\u0442", "executor": "\u0428\u0440\u0438\u0442\u0430", "is_sale": false, "appointment_id": 5863108, "fields": {"1": "\u0428\u0440\u0438\u0442\u0430", "2": "https://klientiks.ru/clientix/client/default/id/3263662", "3": 10765}}], "pagination": {"total_count": 22602, "limit": 50, "page_number": 1}, "total_count": 22602, "page_number": 1}') v, current_timestamp ts) s on s.v = parse_json(t.v) when not matched then insert (t.v, changed_at) values (s.v, s.ts)
2020-08-23 01:12:45,503 - executing SQL/command
2020-08-23 01:12:45,503 - binding: [merge into KAMALA_ACL t using (select parse_json('{"offset": 19500, "count": 50,...] with input=[None], processed=[{}]
2020-08-23 01:12:45,503 - query: [merge into KAMALA_ACL t using (select parse_json('{"offset": 19500, "count": 50,...]
2020-08-23 01:12:45,503 - Cannot use arrow result format, fallback to json format
2020-08-23 01:12:45,503 - sequence counter: 1
2020-08-23 01:12:45,503 - running query [merge into KAMALA_ACL t using (select parse_json('{"offset": 19500, "count": 50,...]
2020-08-23 01:12:45,503 - is_file_transfer: False
2020-08-23 01:12:45,503 - _cmd_query
2020-08-23 01:12:45,504 - sql=[merge into KAMALA_ACL t using (select parse_json('{"offset": 19500, "count": 50,...], sequence_id=[1], is_file_transfer=[None]
2020-08-23 01:12:45,504 - Active requests sessions: 1, idle: 0
2020-08-23 01:12:45,504 - remaining request timeout: None, retry cnt: 1
2020-08-23 01:12:45,504 - socket timeout: 60
2020-08-23 01:12:46,532 - https://ringcentral.snowflakecomputing.com:443 "POST /queries/v1/query-request?requestId=5b751aff-dff7-48ef-afd3-26a4c9e67698&request_guid=f2b0c74f-54b5-427b-8dd4-d111e60b7aa6 HTTP/1.1" 200 1044
2020-08-23 01:12:46,532 - SUCCESS
2020-08-23 01:12:46,533 - Active requests sessions: 0, idle: 1
2020-08-23 01:12:46,533 - ret[code] = None, after post request
2020-08-23 01:12:46,533 - sfqid: 01966d34-025e-2957-0003-e00300530aee
2020-08-23 01:12:46,533 - query execution done
2020-08-23 01:12:46,533 - SUCCESS
2020-08-23 01:12:46,533 - PUT OR GET: None
2020-08-23 01:12:46,533 - Query result format: json
2020-08-23 01:13:35,920 - Requesting data chunk https://klientiks.ru/clientix/Restapi/list/a/390b96e2763e/u/d969c9cde78c/t/073de5009f21b34afa022cfa7ca2c124/m/AppointmentClientLinks/ik/orders/rvwk/status,statuses/?date=10&offset=19450
2020-08-23 01:13:35,923 - Starting new HTTPS connection (1): klientiks.ru:443
2020-08-23 01:13:36,084 - OCSP Mode: FAIL_OPEN, OCSP response cache file name: None
2020-08-23 01:13:36,084 - ocsp_response_cache_uri: file://C:/Users/dmitry.mitrofanov/AppData/Local/Snowflake/Caches/ocsp_response_cache.json
2020-08-23 01:13:36,084 - OCSP_VALIDATION_CACHE size: 140
2020-08-23 01:13:36,084 - OCSP response cache server is enabled: http://ocsp.snowflakecomputing.com/ocsp_response_cache.json
2020-08-23 01:13:36,084 - OCSP dynamic cache server RETRY URL: None
2020-08-23 01:13:36,093 - Verifying the attached certificate is signed by the issuer. Valid Not After: 2025-05-12 23:58:59+00:00
2020-08-23 01:13:36,094 - Verifying the attached certificate is signed by the issuer. Valid Not After: 2025-05-12 23:58:59+00:00
2020-08-23 01:13:36,095 - Verifying the attached certificate is signed by the issuer. Valid Not After: 2023-06-11 20:40:26+00:00
2020-08-23 01:13:36,096 - Verifying the attached certificate is signed by the issuer. Valid Not After: 2023-06-11 20:40:26+00:00
2020-08-23 01:13:36,098 - Verifying the attached certificate is signed by the issuer. Valid Not After: 2023-06-11 20:44:21+00:00
2020-08-23 01:13:36,099 - Verifying the attached certificate is signed by the issuer. Valid Not After: 2023-06-11 20:44:21+00:00
2020-08-23 01:13:36,101 - Verifying the attached certificate is signed by the issuer. Valid Not After: 2021-12-14 07:00:00+00:00
2020-08-23 01:13:36,102 - Verifying the attached certificate is signed by the issuer. Valid Not After: 2021-12-14 07:00:00+00:00
2020-08-23 01:13:36,103 - Verifying the attached certificate is signed by the issuer. Valid Not After: 2025-05-12 23:58:59+00:00
2020-08-23 01:13:36,105 - Verifying the attached certificate is signed by the issuer. Valid Not After: 2025-05-12 23:58:59+00:00
2020-08-23 01:13:36,107 - Verifying the attached certificate is signed by the issuer. Valid Not After: 2025-05-12 23:58:59+00:00
2020-08-23 01:13:36,109 - Verifying the attached certificate is signed by the issuer. Valid Not After: 2025-05-12 23:58:59+00:00
2020-08-23 01:13:36,110 - Verifying the attached certificate is signed by the issuer. Valid Not After: 2025-05-12 23:58:59+00:00
2020-08-23 01:13:36,111 - Verifying the attached certificate is signed by the issuer. Valid Not After: 2025-05-12 23:58:59+00:00
2020-08-23 01:13:36,120 - Verifying the attached certificate is signed by the issuer. Valid Not After: 2025-05-12 23:58:59+00:00
2020-08-23 01:13:36,122 - Verifying the attached certificate is signed by the issuer. Valid Not After: 2025-05-12 23:58:59+00:00
2020-08-23 01:13:36,125 - Verifying the attached certificate is signed by the issuer. Valid Not After: 2021-04-02 17:08:26+00:00
2020-08-23 01:13:36,126 - Verifying the attached certificate is signed by the issuer. Valid Not After: 2021-04-02 17:08:26+00:00
2020-08-23 01:13:36,128 - Verifying the attached certificate is signed by the issuer. Valid Not After: 2021-04-02 17:13:33+00:00
2020-08-23 01:13:36,129 - Verifying the attached certificate is signed by the issuer. Valid Not After: 2021-04-02 17:13:33+00:00
2020-08-23 01:13:36,130 - Verifying the attached certificate is signed by the issuer. Valid Not After: 2021-04-02 16:58:09+00:00
2020-08-23 01:13:36,132 - Verifying the attached certificate is signed by the issuer. Valid Not After: 2021-04-02 16:58:09+00:00
2020-08-23 01:13:36,148 - Verifying the attached certificate is signed by the issuer. Valid Not After: 2021-04-02 17:13:33+00:00
2020-08-23 01:13:36,149 - Verifying the attached certificate is signed by the issuer. Valid Not After: 2021-04-02 17:13:33+00:00
2020-08-23 01:13:36,151 - Verifying the attached certificate is signed by the issuer. Valid Not After: 2021-04-02 17:08:26+00:00
2020-08-23 01:13:36,152 - Verifying the attached certificate is signed by the issuer. Valid Not After: 2021-04-02 17:08:26+00:00
2020-08-23 01:13:36,153 - Verifying the attached certificate is signed by the issuer. Valid Not After: 2021-04-02 17:03:51+00:00
2020-08-23 01:13:36,155 - Verifying the attached certificate is signed by the issuer. Valid Not After: 2021-04-02 17:03:51+00:00
2020-08-23 01:13:36,156 - Verifying the attached certificate is signed by the issuer. Valid Not After: 2021-04-02 16:58:09+00:00
2020-08-23 01:13:36,157 - Verifying the attached certificate is signed by the issuer. Valid Not After: 2021-04-02 16:58:09+00:00
2020-08-23 01:13:36,159 - Verifying the attached certificate is signed by the issuer. Valid Not After: 2021-04-02 17:03:51+00:00
2020-08-23 01:13:36,160 - Verifying the attached certificate is signed by the issuer. Valid Not After: 2021-04-02 17:03:51+00:00
2020-08-23 01:13:36,161 - Verifying the attached certificate is signed by the issuer. Valid Not After: 2021-04-02 17:03:51+00:00
2020-08-23 01:13:36,163 - Verifying the attached certificate is signed by the issuer. Valid Not After: 2021-04-02 17:03:51+00:00
2020-08-23 01:13:36,179 - Verifying the attached certificate is signed by the issuer. Valid Not After: 2021-04-02 17:13:33+00:00
2020-08-23 01:13:36,180 - Verifying the attached certificate is signed by the issuer. Valid Not After: 2021-04-02 17:13:33+00:00
2020-08-23 01:13:36,182 - Read OCSP response cache file: C:/Users/dmitry.mitrofanov/AppData/Local/Snowflake/Caches/ocsp_response_cache.json, count=140
2020-08-23 01:13:36,182 - validating certificate: klientiks.ru
2020-08-23 01:13:36,182 - skipping OCSP check: klientiks.ru
2020-08-23 01:13:37,081 - https://klientiks.ru:443 "GET /clientix/Restapi/list/a/390b96e2763e/u/d969c9cde78c/t/073de5009f21b34afa022cfa7ca2c124/m/AppointmentClientLinks/ik/orders/rvwk/status,statuses/?date=10&offset=19450 HTTP/1.1" 200 None
2020-08-23 01:13:37,084 - {"offset": 19500, "count": 50, "limit": 50, "statuses": [{"id": 1, "name": "scheduled"}, {"id": 2, "name": "sms_confirmation_sent"}, {"id": 3, "name": "cancelled_by_sms"}, {"id": 4, "name": "confirmed"}, {"id": 5, "name": "in_progress"}, {"id": 6, "name": "finished"}, {"id": 7, "name": "cancelled"}, {"id": 8, "name": "missed"}, {"id": 9, "name": "arrived"}], "fields": [{"id": "1", "name": "\u0418\u0441\u043f\u043e\u043b\u043d\u0438\u0442\u0435\u043b\u044c"}, {"id": "2", "name": "\u0421\u0441\u044b\u043b\u043a\u0430 \u043d\u0430 \u043a\u043b\u0438\u0435\u043d\u0442\u0430"}, {"id": "3", "name": "\u0410\u0439\u0434\u0438 \u0430\u043a\u043a\u0430\u0443\u043d\u0442\u0430"}], "orders": [{"id": 6607810, "name": "\u0410\u044d\u0440\u043e\u0439\u043e\u0433\u0430 (90 \u043c\u0438\u043d)", "account_id": 10765, "date_create": 1582872496, "status": 6, "price": "0", "client_id": 1122837, "roistat": "\u043f\u043e\u0441\u0442\u043e\u044f\u043d\u043d\u044b\u0439 \u043a\u043b\u0438\u0435\u043d\u0442", "executor": "\u0421\u043e\u0431\u0435\u043d\u043d\u0438\u043a\u043e\u0432\u0430 \u041e\u043a\u0441\u0430\u043d\u0430 \u042e\u0440\u044c\u0435\u0432\u043d\u0430", "is_sale": false, "appointment_id": 5833285, "fields": {"1": "\u0421\u043e\u0431\u0435\u043d\u043d\u0438\u043a\u043e\u0432\u0430 \u041e\u043a\u0441\u0430\u043d\u0430 \u042e\u0440\u044c\u0435\u0432\u043d\u0430", "2": "https://klientiks.ru/clientix/client/default/id/1122837", "3": 10765}}, {"id": 6607812, "name": "\u0410\u044d\u0440\u043e\u0439\u043e\u0433\u0430 (90 \u043c\u0438\u043d)", "account_id": 10765, "date_create": 1582872499, "status": 6, "price": "0", "client_id": 2877520, "roistat": "\u0438\u043d\u0442\u0435\u0440\u043d\u0435\u0442", "executor": "\u0421\u043e\u0431\u0435\u043d\u043d\u0438\u043a\u043e\u0432\u0430 \u041e\u043a\u0441\u0430\u043d\u0430 \u042e\u0440\u044c\u0435\u0432\u043d\u0430", "is_sale": false, "appointment_id": 5833285, "fields": {"1": "\u0421\u043e\u0431\u0435\u043d\u043d\u0438\u043a\u043e\u0432\u0430 \u041e\u043a\u0441\u0430\u043d\u0430 \u042e\u0440\u044c\u0435\u0432\u043d\u0430", "2": "https://klientiks.ru/clientix/client/default/id/2877520", "3": 10765}}, {"id": 6608043, "name": "\u0410\u044e\u0440\u0432\u0435\u0434\u0430 \u043a\u043e\u043d\u0441\u0443\u043b\u044c\u0442\u0430\u0446\u0438\u044f \u0432\u0440\u0430\u0447\u0430 (60 \u043c\u0438\u043d)", "account_id": 10765, "date_create": 1582873655, "status": 6, "price": "3500", "client_id": 3319006, "roistat": "\u0412\u0445\u043e\u0434\u044f\u0449\u0438\u0439 \u0437\u0432\u043e\u043d\u043e\u043a", "executor": "\u041f\u0440\u0430\u0432\u0438\u043d \u0421\u0443\u0440\u0435\u043d\u0434\u0440\u0430\u043d\u043f\u0438\u043b\u0430\u0439 \u0412\u0430\u0441\u0430\u043d\u0442\u0430\u043a\u0443\u043c\u0430\u0440\u0438", "is_sale": false, "appointment_id": 5851965, "fields": {"1": "\u041f\u0440\u0430\u0432\u0438\u043d \u0421\u0443\u0440\u0435\u043d\u0434\u0440\u0430\u043d\u043f\u0438\u043b\u0430\u0439 \u0412\u0430\u0441\u0430\u043d\u0442\u0430\u043a\u0443\u043c\u0430\u0440\u0438", "2": "https://klientiks.ru/clientix/client/default/id/3319006", "3": 10765}}, {"id": 6609060, "name": "\u0420\u043e\u0437\u043e\u0432\u044f_\u0432\u043e\u0434\u0430_Khadi", "account_id": 10765, "date_create": 1582877952, "status": 6, "price": "400", "client_id": 1108070, "roistat": "\u0438\u043d\u0442\u0435\u0440\u043d\u0435\u0442", "executor": "\u0410\u0445\u043c\u0435\u0434\u043e\u0432\u0430 \u0422\u0430\u0442\u044c\u044f\u043d\u0430 \u041b\u0435\u043e\u043d\u0438\u0434\u043e\u0432\u043d\u0430", "is_sale": true, "appointment_id": 5852875, "fields": {"1": "\u0410\u0445\u043c\u0435\u0434\u043e\u0432\u0430 \u0422\u0430\u0442\u044c\u044f\u043d\u0430 \u041b\u0435\u043e\u043d\u0438\u0434\u043e\u0432\u043d\u0430", "2": "https://klientiks.ru/clientix/client/default/id/1108070", "3": 10765}}, {"id": 6609134, "name": "\u0420\u043e\u0437\u043e\u0432\u044f_\u0432\u043e\u0434\u0430_Khadi", "account_id": 10765, "date_create": 1582878286, "status": 6, "price": "400", "client_id": 1297843, "roistat": "\u0440\u044f\u0434\u043e\u043c \u0436\u0438\u0432\u0435\u0442", "executor": "\u0410\u0445\u043c\u0435\u0434\u043e\u0432\u0430 \u0422\u0430\u0442\u044c\u044f\u043d\u0430 \u041b\u0435\u043e\u043d\u0438\u0434\u043e\u0432\u043d\u0430", "is_sale": true, "appointment_id": 5852970, "fields": {"1": "\u0410\u0445\u043c\u0435\u0434\u043e\u0432\u0430 \u0422\u0430\u0442\u044c\u044f\u043d\u0430 \u041b\u0435\u043e\u043d\u0438\u0434\u043e\u0432\u043d\u0430", "2": "https://klientiks.ru/clientix/client/default/id/1297843", "3": 10765}}, {"id": 6609341, "name": "Chyawanaprasham_Nagarjuna 500g", "account_id": 10765, "date_create": 1582879137, "status": 6, "price": "700", "client_id": 3215797, "roistat": "\u0438\u043d\u0442\u0435\u0440\u043d\u0435\u0442", "executor": "\u0410\u0445\u043c\u0435\u0434\u043e\u0432\u0430 \u0422\u0430\u0442\u044c\u044f\u043d\u0430 \u041b\u0435\u043e\u043d\u0438\u0434\u043e\u0432\u043d\u0430", "is_sale": true, "appointment_id": 5853140, "fields": {"1": "\u0410\u0445\u043c\u0435\u0434\u043e\u0432\u0430 \u0422\u0430\u0442\u044c\u044f\u043d\u0430 \u041b\u0435\u043e\u043d\u0438\u0434\u043e\u0432\u043d\u0430", "2": "https://klientiks.ru/clientix/client/default/id/3215797", "3": 10765}}, {"id": 6609378, "name": "Chyawanaprasham_Nagarjuna 500g", "account_id": 10765, "date_create": 1582879329, "status": 6, "price": "700", "client_id": 3014911, "roistat": "\u043e\u0442 \u0437\u043d\u0430\u043a\u043e\u043c\u044b\u0445", "executor": "\u0410\u0445\u043c\u0435\u0434\u043e\u0432\u0430 \u0422\u0430\u0442\u044c\u044f\u043d\u0430 \u041b\u0435\u043e\u043d\u0438\u0434\u043e\u0432\u043d\u0430", "is_sale": true, "appointment_id": 5853176, "fields": {"1": "\u0410\u0445\u043c\u0435\u0434\u043e\u0432\u0430 \u0422\u0430\u0442\u044c\u044f\u043d\u0430 \u041b\u0435\u043e\u043d\u0438\u0434\u043e\u0432\u043d\u0430", "2": "https://klientiks.ru/clientix/client/default/id/3014911", "3": 10765}}, {"id": 6609424, "name": "Itone_eye_drop_\u043a\u0430\u043f\u043b\u0438,Chyawanaprasham_Nagarjuna 500g,Chyawanaprasham_Nagarjuna 500g,Itone_eye_drop_\u043a\u0430\u043f\u043b\u0438", "account_id": 10765, "date_create": 1582879528, "status": 6, "price": "980", "client_id": 3058502, "roistat": "\u043e\u0442 \u0437\u043d\u0430\u043a\u043e\u043c\u044b\u0445", "executor": "\u0410\u0445\u043c\u0435\u0434\u043e\u0432\u0430 \u0422\u0430\u0442\u044c\u044f\u043d\u0430 \u041b\u0435\u043e\u043d\u0438\u0434\u043e\u0432\u043d\u0430", "is_sale": true, "appointment_id": 5853219, "fields": {"1": "\u0410\u0445\u043c\u0435\u0434\u043e\u0432\u0430 \u0422\u0430\u0442\u044c\u044f\u043d\u0430 \u041b\u0435\u043e\u043d\u0438\u0434\u043e\u0432\u043d\u0430", "2": "https://klientiks.ru/clientix/client/default/id/3058502", "3": 10765}}, {"id": 6609494, "name": "\u0410\u044d\u0440\u043e\u0439\u043e\u0433\u0430 (90 \u043c\u0438\u043d)", "account_id": 10765, "date_create": 1582879922, "status": 6, "price": "0", "client_id": 3144287, "roistat": "\u0438\u043d\u0442\u0435\u0440\u043d\u0435\u0442", "executor": "\u0421\u043e\u0431\u0435\u043d\u043d\u0438\u043a\u043e\u0432\u0430 \u041e\u043a\u0441\u0430\u043d\u0430 \u042e\u0440\u044c\u0435\u0432\u043d\u0430", "is_sale": false, "appointment_id": 5833242, "fields": {"1": "\u0421\u043e\u0431\u0435\u043d\u043d\u0438\u043a\u043e\u0432\u0430 \u041e\u043a\u0441\u0430\u043d\u0430 \u042e\u0440\u044c\u0435\u0432\u043d\u0430", "2": "https://klientiks.ru/clientix/client/default/id/3144287", "3": 10765}}, {"id": 6609665, "name": "\u0410\u044d\u0440\u043e\u0439\u043e\u0433\u0430 (90 \u043c\u0438\u043d)", "account_id": 10765, "date_create": 1582880922, "status": 6, "price": "0", "client_id": 1108070, "roistat": "\u0438\u043d\u0442\u0435\u0440\u043d\u0435\u0442", "executor": "\u0421\u043e\u0431\u0435\u043d\u043d\u0438\u043a\u043e\u0432\u0430 \u041e\u043a\u0441\u0430\u043d\u0430 \u042e\u0440\u044c\u0435\u0432\u043d\u0430", "is_sale": false, "appointment_id": 5833243, "fields": {"1": "\u0421\u043e\u0431\u0435\u043d\u043d\u0438\u043a\u043e\u0432\u0430 \u041e\u043a\u0441\u0430\u043d\u0430 \u042e\u0440\u044c\u0435\u0432\u043d\u0430", "2": "https://klientiks.ru/clientix/client/default/id/1108070", "3": 10765}}, {"id": 6609667, "name": "\u0410\u044d\u0440\u043e\u0439\u043e\u0433\u0430 (90 \u043c\u0438\u043d)", "account_id": 10765, "date_create": 1582880934, "status": 6, "price": "0", "client_id": 3014911, "roistat": "\u043e\u0442 \u0437\u043d\u0430\u043a\u043e\u043c\u044b\u0445", "executor": "\u0421\u043e\u0431\u0435\u043d\u043d\u0438\u043a\u043e\u0432\u0430 \u041e\u043a\u0441\u0430\u043d\u0430 \u042e\u0440\u044c\u0435\u0432\u043d\u0430", "is_sale": false, "appointment_id": 5833243, "fields": {"1": "\u0421\u043e\u0431\u0435\u043d\u043d\u0438\u043a\u043e\u0432\u0430 \u041e\u043a\u0441\u0430\u043d\u0430 \u042e\u0440\u044c\u0435\u0432\u043d\u0430", "2": "https://klientiks.ru/clientix/client/default/id/3014911", "3": 10765}}, {"id": 6609779, "name": "Drakshadi_kashayam_200ml", "account_id": 10765, "date_create": 1582881396, "status": 6, "price": "850", "client_id": 3188843, "roistat": "\u0438\u043d\u0442\u0435\u0440\u043d\u0435\u0442", "executor": "\u0410\u0445\u043c\u0435\u0434\u043e\u0432\u0430 \u0422\u0430\u0442\u044c\u044f\u043d\u0430 \u041b\u0435\u043e\u043d\u0438\u0434\u043e\u0432\u043d\u0430", "is_sale": true, "appointment_id": 5853564, "fields": {"1": "\u0410\u0445\u043c\u0435\u0434\u043e\u0432\u0430 \u0422\u0430\u0442\u044c\u044f\u043d\u0430 \u041b\u0435\u043e\u043d\u0438\u0434\u043e\u0432\u043d\u0430", "2": "https://klientiks.ru/clientix/client/default/id/3188843", "3": 10765}}, {"id": 6609863, "name": "\u0428\u0438\u0440\u043e\u0434\u0445\u0430\u0440\u0430 (60 \u043c\u0438\u043d. \u0441\u0442\u0440\u0443\u044f\u0449\u0435\u0435\u0441\u044f \u043c\u0430\u0441\u043b\u043e \u043d\u0430 \u043b\u043e\u0431),\u0423\u043c\u0430\u0441\u043b\u0438\u0432\u0430\u043d\u0438\u0435  (30 \u043c\u0438\u043d.),\u0423\u043c\u0430\u0441\u043b\u0438\u0432\u0430\u043d\u0438\u0435  (30 \u043c\u0438\u043d.),\u0428\u0438\u0440\u043e\u0434\u0445\u0430\u0440\u0430 (60 \u043c\u0438\u043d. \u0441\u0442\u0440\u0443\u044f\u0449\u0435\u0435\u0441\u044f \u043c\u0430\u0441\u043b\u043e \u043d\u0430 \u043b\u043e\u0431)", "account_id": 10765, "date_create": 1582881858, "status": 6, "price": "0", "client_id": 3058502, "roistat": "\u043e\u0442 \u0437\u043d\u0430\u043a\u043e\u043c\u044b\u0445", "executor": "\u0424\u0438\u043b\u0438\u043f \u0412\u0438\u043c\u0430\u043b\u0430 \u0412\u0438\u043f\u0438\u043d", "is_sale": false, "appointment_id": 5853640, "fields": {"1": "\u0424\u0438\u043b\u0438\u043f \u0412\u0438\u043c\u0430\u043b\u0430 \u0412\u0438\u043f\u0438\u043d", "2": "https://klientiks.ru/clientix/client/default/id/3058502", "3": 10765}}, {"id": 6610697, "name": "\u0410\u044e\u0440\u0432\u0435\u0434\u0430 \u043a\u043e\u043d\u0441\u0443\u043b\u044c\u0442\u0430\u0446\u0438\u044f \u0432\u0440\u0430\u0447\u0430 (60 \u043c\u0438\u043d)", "account_id": 10765, "date_create": 1582886384, "status": 7, "price": null, "client_id": 3321057, "roistat": "\u0432\u043a", "executor": "\u041f\u0440\u0430\u0432\u0438\u043d \u0421\u0443\u0440\u0435\u043d\u0434\u0440\u0430\u043d\u043f\u0438\u043b\u0430\u0439 \u0412\u0430\u0441\u0430\u043d\u0442\u0430\u043a\u0443\u043c\u0430\u0440\u0438", "is_sale": false, "appointment_id": 5854476, "fields": {"1": "\u041f\u0440\u0430\u0432\u0438\u043d \u0421\u0443\u0440\u0435\u043d\u0434\u0440\u0430\u043d\u043f\u0438\u043b\u0430\u0439 \u0412\u0430\u0441\u0430\u043d\u0442\u0430\u043a\u0443\u043c\u0430\u0440\u0438", "2": "https://klientiks.ru/clientix/client/default/id/3321057", "3": 10765}}, {"id": 6611326, "name": "\u0410\u044e\u0440\u0432\u0435\u0434\u0430 \u043f\u043e\u0432\u0442\u043e\u0440\u043d\u0430\u044f \u043a\u043e\u043d\u0441\u0443\u043b\u044c\u0442\u0430\u0446\u0438\u044f \u0434\u043e\u043a\u0442\u043e\u0440\u0430 \u0412\u0430\u0440\u0443\u043d (30 \u043c\u0438\u043d.)", "account_id": 10765, "date_create": 1582889618, "status": 6, "price": "2000", "client_id": 2542180, "roistat": "\u043e\u0442 \u0437\u043d\u0430\u043a\u043e\u043c\u044b\u0445", "executor": "\u0412\u0430\u0440\u0443\u043d", "is_sale": false, "appointment_id": 5855067, "fields": {"1": "\u0412\u0430\u0440\u0443\u043d", "2": "https://klientiks.ru/clientix/client/default/id/2542180", "3": 10765}}, {"id": 6611774, "name": "\u0410\u044d\u0440\u043e\u0439\u043e\u0433\u0430 (90 \u043c\u0438\u043d)", "account_id": 10765, "date_create": 1582891766, "status": 6, "price": "0", "client_id": 1122031, "roistat": "\u0441\u043e\u0442\u0440\u0443\u0434\u043d\u0438\u043a", "executor": "\u0421\u043e\u0431\u0435\u043d\u043d\u0438\u043a\u043e\u0432\u0430 \u041e\u043a\u0441\u0430\u043d\u0430 \u042e\u0440\u044c\u0435\u0432\u043d\u0430", "is_sale": false, "appointment_id": 5543994, "fields": {"1": "\u0421\u043e\u0431\u0435\u043d\u043d\u0438\u043a\u043e\u0432\u0430 \u041e\u043a\u0441\u0430\u043d\u0430 \u042e\u0440\u044c\u0435\u0432\u043d\u0430", "2": "https://klientiks.ru/clientix/client/default/id/1122031", "3": 10765}}, {"id": 6611781, "name": "\u0410\u044d\u0440\u043e\u0439\u043e\u0433\u0430 (90 \u043c\u0438\u043d)", "account_id": 10765, "date_create": 1582891793, "status": 6, "price": "0", "client_id": 1109904, "roistat": "\u0441\u043e\u0442\u0440\u0443\u0434\u043d\u0438\u043a", "executor": "\u0421\u043e\u0431\u0435\u043d\u043d\u0438\u043a\u043e\u0432\u0430 \u041e\u043a\u0441\u0430\u043d\u0430 \u042e\u0440\u044c\u0435\u0432\u043d\u0430", "is_sale": false, "appointment_id": 5833284, "fields": {"1": "\u0421\u043e\u0431\u0435\u043d\u043d\u0438\u043a\u043e\u0432\u0430 \u041e\u043a\u0441\u0430\u043d\u0430 \u042e\u0440\u044c\u0435\u0432\u043d\u0430", "2": "https://klientiks.ru/clientix/client/default/id/1109904", "3": 10765}}, {"id": 6612051, "name": "\u0410\u044e\u0440\u0432\u0435\u0434\u0430 \u043f\u043e\u0432\u0442\u043e\u0440\u043d\u0430\u044f \u043a\u043e\u043d\u0441\u0443\u043b\u044c\u0442\u0430\u0446\u0438\u044f \u0432\u0440\u0430\u0447\u0430 \u0432 \u043d\u0430\u0437\u043d\u0430\u0447\u0435\u043d\u043d\u044b\u0439 \u0441\u0440\u043e\u043a (30 \u043c\u0438\u043d)", "account_id": 10765, "date_create": 1582893369, "status": 6, "price": "2000", "client_id": 1122769, "roistat": "\u0412\u0445\u043e\u0434\u044f\u0449\u0438\u0439 \u0437\u0432\u043e\u043d\u043e\u043a", "executor": "\u041f\u0440\u0430\u0432\u0438\u043d \u0421\u0443\u0440\u0435\u043d\u0434\u0440\u0430\u043d\u043f\u0438\u043b\u0430\u0439 \u0412\u0430\u0441\u0430\u043d\u0442\u0430\u043a\u0443\u043c\u0430\u0440\u0438", "is_sale": false, "appointment_id": 5855752, "fields": {"1": "\u041f\u0440\u0430\u0432\u0438\u043d \u0421\u0443\u0440\u0435\u043d\u0434\u0440\u0430\u043d\u043f\u0438\u043b\u0430\u0439 \u0412\u0430\u0441\u0430\u043d\u0442\u0430\u043a\u0443\u043c\u0430\u0440\u0438", "2": "https://klientiks.ru/clientix/client/default/id/1122769", "3": 10765}}, {"id": 6612512, "name": "\u0410\u044e\u0440\u0432\u0435\u0434\u0430 \u043f\u043e\u0432\u0442\u043e\u0440\u043d\u0430\u044f  \u043a\u043e\u043d\u0441\u0443\u043b\u044c\u0442\u0430\u0446\u0438\u044f \u0432\u0440\u0430\u0447\u0430 (30 \u043c\u0438\u043d)", "account_id": 10765, "date_create": 1582895755, "status": 7, "price": null, "client_id": 2758536, "roistat": "\u043e\u0442 \u0437\u043d\u0430\u043a\u043e\u043c\u044b\u0445", "executor": "\u041f\u0440\u0430\u0432\u0438\u043d \u0421\u0443\u0440\u0435\u043d\u0434\u0440\u0430\u043d\u043f\u0438\u043b\u0430\u0439 \u0412\u0430\u0441\u0430\u043d\u0442\u0430\u043a\u0443\u043c\u0430\u0440\u0438", "is_sale": false, "appointment_id": 5856150, "fields": {"1": "\u041f\u0440\u0430\u0432\u0438\u043d \u0421\u0443\u0440\u0435\u043d\u0434\u0440\u0430\u043d\u043f\u0438\u043b\u0430\u0439 \u0412\u0430\u0441\u0430\u043d\u0442\u0430\u043a\u0443\u043c\u0430\u0440\u0438", "2": "https://klientiks.ru/clientix/client/default/id/2758536", "3": 10765}}, {"id": 6613111, "name": "Sukumara_Kashayam_200 ml", "account_id": 10765, "date_create": 1582899890, "status": 6, "price": "800", "client_id": 3258794, "roistat": "\u0412\u0445\u043e\u0434\u044f\u0449\u0438\u0439 \u0437\u0432\u043e\u043d\u043e\u043a", "executor": "\u0410\u0445\u043c\u0435\u0434\u043e\u0432\u0430 \u0422\u0430\u0442\u044c\u044f\u043d\u0430 \u041b\u0435\u043e\u043d\u0438\u0434\u043e\u0432\u043d\u0430", "is_sale": true, "appointment_id": 5856720, "fields": {"1": "\u0410\u0445\u043c\u0435\u0434\u043e\u0432\u0430 \u0422\u0430\u0442\u044c\u044f\u043d\u0430 \u041b\u0435\u043e\u043d\u0438\u0434\u043e\u0432\u043d\u0430", "2": "https://klientiks.ru/clientix/client/default/id/3258794", "3": 10765}}, {"id": 6613142, "name": "\u0410\u044d\u0440\u043e\u0439\u043e\u0433\u0430 (90 \u043c\u0438\u043d)", "account_id": 10765, "date_create": 1582900096, "status": 6, "price": "800", "client_id": 3244018, "roistat": "\u0438\u043d\u0442\u0435\u0440\u043d\u0435\u0442", "executor": "\u0412\u043b\u0430\u0441\u043e\u0432\u0430 \u0415\u043b\u0435\u043d\u0430 \u0421\u0435\u0440\u0433\u0435\u0435\u0432\u043d\u0430", "is_sale": false, "appointment_id": 5762040, "fields": {"1": "\u0412\u043b\u0430\u0441\u043e\u0432\u0430 \u0415\u043b\u0435\u043d\u0430 \u0421\u0435\u0440\u0433\u0435\u0435\u0432\u043d\u0430", "2": "https://klientiks.ru/clientix/client/default/id/3244018", "3": 10765}}, {"id": 6613439, "name": "\u0428\u0430\u043c\u043f\u0443\u043d\u044c_Trichup,\u041a\u0430\u0440\u0434\u043e\u043c\u043e\u043d_\u0437\u0435\u043b\u0435\u043d\u044b\u0439,Brahmarasayanam_200ml,\u0428\u0430\u043c\u043f\u0443\u043d\u044c_Trichup,\u041a\u0430\u0440\u0434\u043e\u043c\u043e\u043d_\u0437\u0435\u043b\u0435\u043d\u044b\u0439,Brahmarasayanam_200ml,\u0428\u0430\u043c\u043f\u0443\u043d\u044c_Trichup,Brahmarasayanam_200ml,\u041a\u0430\u0440\u0434\u043e\u043c\u043e\u043d_\u0437\u0435\u043b\u0435\u043d\u044b\u0439", "account_id": 10765, "date_create": 1582901878, "status": 6, "price": "1250", "client_id": 3276868, "roistat": "\u0412\u0445\u043e\u0434\u044f\u0449\u0438\u0439 \u0437\u0432\u043e\u043d\u043e\u043a", "executor": "\u0410\u0445\u043c\u0435\u0434\u043e\u0432\u0430 \u0422\u0430\u0442\u044c\u044f\u043d\u0430 \u041b\u0435\u043e\u043d\u0438\u0434\u043e\u0432\u043d\u0430", "is_sale": true, "appointment_id": 5857007, "fields": {"1": "\u0410\u0445\u043c\u0435\u0434\u043e\u0432\u0430 \u0422\u0430\u0442\u044c\u044f\u043d\u0430 \u041b\u0435\u043e\u043d\u0438\u0434\u043e\u0432\u043d\u0430", "2": "https://klientiks.ru/clientix/client/default/id/3276868", "3": 10765}}, {"id": 6613600, "name": "Arjunarishtam_450ml", "account_id": 10765, "date_create": 1582902783, "status": 6, "price": "835", "client_id": 2623071, "roistat": "\u0441\u043e\u0442\u0440\u0443\u0434\u043d\u0438\u043a", "executor": "\u0410\u0445\u043c\u0435\u0434\u043e\u0432\u0430 \u0422\u0430\u0442\u044c\u044f\u043d\u0430 \u041b\u0435\u043e\u043d\u0438\u0434\u043e\u0432\u043d\u0430", "is_sale": true, "appointment_id": 5857122, "fields": {"1": "\u0410\u0445\u043c\u0435\u0434\u043e\u0432\u0430 \u0422\u0430\u0442\u044c\u044f\u043d\u0430 \u041b\u0435\u043e\u043d\u0438\u0434\u043e\u0432\u043d\u0430", "2": "https://klientiks.ru/clientix/client/default/id/2623071", "3": 10765}}, {"id": 6614597, "name": "\u0410\u044e\u0440\u0432\u0435\u0434\u0430 \u043f\u043e\u0432\u0442\u043e\u0440\u043d\u0430\u044f \u043a\u043e\u043d\u0441\u0443\u043b\u044c\u0442\u0430\u0446\u0438\u044f \u0432\u0440\u0430\u0447\u0430 \u0432 \u043d\u0430\u0437\u043d\u0430\u0447\u0435\u043d\u043d\u044b\u0439 \u0441\u0440\u043e\u043a (30 \u043c\u0438\u043d)", "account_id": 10765, "date_create": 1582905636, "status": 6, "price": "2000", "client_id": 1383790, "roistat": "\u0421\u043e\u0432\u0435\u0442 \u0414\u0440\u0443\u0437\u0435\u0439", "executor": "\u041f\u0440\u0430\u0432\u0438\u043d \u0421\u0443\u0440\u0435\u043d\u0434\u0440\u0430\u043d\u043f\u0438\u043b\u0430\u0439 \u0412\u0430\u0441\u0430\u043d\u0442\u0430\u043a\u0443\u043c\u0430\u0440\u0438", "is_sale": false, "appointment_id": 5857428, "fields": {"1": "\u041f\u0440\u0430\u0432\u0438\u043d \u0421\u0443\u0440\u0435\u043d\u0434\u0440\u0430\u043d\u043f\u0438\u043b\u0430\u0439 \u0412\u0430\u0441\u0430\u043d\u0442\u0430\u043a\u0443\u043c\u0430\u0440\u0438", "2": "https://klientiks.ru/clientix/client/default/id/1383790", "3": 10765}}, {"id": 6614744, "name": "\u041a\u0430\u043b\u0430\u0440\u0438 \u043c\u0430\u0441\u0441\u0430\u0436 (60 \u043c\u0438\u043d. \u043d\u043e\u0436\u043d\u043e\u0439 \u043c\u0430\u0441\u043b\u044f\u043d\u044b\u0439 \u043c\u0430\u0441\u0441\u0430\u0436)", "account_id": 10765, "date_create": 1582906765, "status": 6, "price": "0", "client_id": 2936299, "roistat": "\u0412\u0445\u043e\u0434\u044f\u0449\u0438\u0439 \u0437\u0432\u043e\u043d\u043e\u043a,\u043e\u0442 \u0437\u043d\u0430\u043a\u043e\u043c\u044b\u0445", "executor": "\u0424\u0438\u043b\u0438\u043f \u0412\u0438\u043c\u0430\u043b\u0430 \u0412\u0438\u043f\u0438\u043d", "is_sale": false, "appointment_id": 5857568, "fields": {"1": "\u0424\u0438\u043b\u0438\u043f \u0412\u0438\u043c\u0430\u043b\u0430 \u0412\u0438\u043f\u0438\u043d", "2": "https://klientiks.ru/clientix/client/default/id/2936299", "3": 10765}}, {"id": 6614748, "name": "\u0410\u0431\u0445\u044a\u044f\u043d\u0433\u0430 \u043c\u0430\u0441\u0441\u0430\u0436 (60 \u043c\u0438\u043d. \u0440\u0443\u0447\u043d\u043e\u0439 \u043c\u0430\u0441\u043b\u044f\u043d\u044b\u0439 \u043c\u0430\u0441\u0441\u0430\u0436 \u0432 2 \u0440\u0443\u043a\u0438)", "account_id": 10765, "date_create": 1582906812, "status": 6, "price": "0", "client_id": 2936299, "roistat": "\u0412\u0445\u043e\u0434\u044f\u0449\u0438\u0439 \u0437\u0432\u043e\u043d\u043e\u043a,\u043e\u0442 \u0437\u043d\u0430\u043a\u043e\u043c\u044b\u0445", "executor": "\u041d\u0438\u0431\u0438\u043d \u041a\u043e\u0434\u0430\u0442 \u0414\u0438\u043d\u0435\u0441\u0430\u043d", "is_sale": false, "appointment_id": 5857573, "fields": {"1": "\u041d\u0438\u0431\u0438\u043d \u041a\u043e\u0434\u0430\u0442 \u0414\u0438\u043d\u0435\u0441\u0430\u043d", "2": "https://klientiks.ru/clientix/client/default/id/2936299", "3": 10765}}, {"id": 6614839, "name": "\u0423\u043c\u0430\u0441\u043b\u0438\u0432\u0430\u043d\u0438\u0435  (30 \u043c\u0438\u043d.)", "account_id": 10765, "date_create": 1582907560, "status": 6, "price": "1440", "client_id": 1123631, "roistat": "\u043f\u043e\u0441\u0442\u043e\u044f\u043d\u043d\u044b\u0439 \u043a\u043b\u0438\u0435\u043d\u0442", "executor": "\u0428\u0440\u0438\u0442\u0430", "is_sale": false, "appointment_id": 5857654, "fields": {"1": "\u0428\u0440\u0438\u0442\u0430", "2": "https://klientiks.ru/clientix/client/default/id/1123631", "3": 10765}}, {"id": 6614872, "name": "\u0423\u043c\u0430\u0441\u043b\u0438\u0432\u0430\u043d\u0438\u0435  (30 \u043c\u0438\u043d.)", "account_id": 10765, "date_create": 1582908126, "status": 6, "price": "1440", "client_id": 1123631, "roistat": "\u043f\u043e\u0441\u0442\u043e\u044f\u043d\u043d\u044b\u0439 \u043a\u043b\u0438\u0435\u043d\u0442", "executor": "\u0428\u0440\u0438\u0442\u0430", "is_sale": false, "appointment_id": 5857693, "fields": {"1": "\u0428\u0440\u0438\u0442\u0430", "2": "https://klientiks.ru/clientix/client/default/id/1123631", "3": 10765}}, {"id": 6614880, "name": "Koflet_1_\u043a\u043e\u043d\u0444\u0435\u0442\u0430", "account_id": 10765, "date_create": 1582908200, "status": 6, "price": "150", "client_id": 1123631, "roistat": "\u043f\u043e\u0441\u0442\u043e\u044f\u043d\u043d\u044b\u0439 \u043a\u043b\u0438\u0435\u043d\u0442", "executor": "\u0410\u0445\u043c\u0435\u0434\u043e\u0432\u0430 \u0422\u0430\u0442\u044c\u044f\u043d\u0430 \u041b\u0435\u043e\u043d\u0438\u0434\u043e\u0432\u043d\u0430", "is_sale": true, "appointment_id": 5857701, "fields": {"1": "\u0410\u0445\u043c\u0435\u0434\u043e\u0432\u0430 \u0422\u0430\u0442\u044c\u044f\u043d\u0430 \u041b\u0435\u043e\u043d\u0438\u0434\u043e\u0432\u043d\u0430", "2": "https://klientiks.ru/clientix/client/default/id/1123631", "3": 10765}}, {"id": 6614887, "name": "\u041a\u0430\u043b\u0430\u0440\u0438 \u043c\u0430\u0441\u0441\u0430\u0436 (60 \u043c\u0438\u043d. \u043d\u043e\u0436\u043d\u043e\u0439 \u043c\u0430\u0441\u043b\u044f\u043d\u044b\u0439 \u043c\u0430\u0441\u0441\u0430\u0436)", "account_id": 10765, "date_create": 1582908326, "status": 6, "price": "0", "client_id": 2936299, "roistat": "\u0412\u0445\u043e\u0434\u044f\u0449\u0438\u0439 \u0437\u0432\u043e\u043d\u043e\u043a,\u043e\u0442 \u0437\u043d\u0430\u043a\u043e\u043c\u044b\u0445", "executor": "\u0424\u0438\u043b\u0438\u043f \u0412\u0438\u043c\u0430\u043b\u0430 \u0412\u0438\u043f\u0438\u043d", "is_sale": false, "appointment_id": 5857708, "fields": {"1": "\u0424\u0438\u043b\u0438\u043f \u0412\u0438\u043c\u0430\u043b\u0430 \u0412\u0438\u043f\u0438\u043d", "2": "https://klientiks.ru/clientix/client/default/id/2936299", "3": 10765}}, {"id": 6614892, "name": "\u041a\u0430\u043b\u0430\u0440\u0438 \u043c\u0430\u0441\u0441\u0430\u0436 (60 \u043c\u0438\u043d. \u043d\u043e\u0436\u043d\u043e\u0439 \u043c\u0430\u0441\u043b\u044f\u043d\u044b\u0439 \u043c\u0430\u0441\u0441\u0430\u0436)", "account_id": 10765, "date_create": 1582908371, "status": 7, "price": null, "client_id": 2936299, "roistat": "\u0412\u0445\u043e\u0434\u044f\u0449\u0438\u0439 \u0437\u0432\u043e\u043d\u043e\u043a,\u043e\u0442 \u0437\u043d\u0430\u043a\u043e\u043c\u044b\u0445", "executor": "\u0424\u0438\u043b\u0438\u043f \u0412\u0438\u043c\u0430\u043b\u0430 \u0412\u0438\u043f\u0438\u043d", "is_sale": false, "appointment_id": 5857714, "fields": {"1": "\u0424\u0438\u043b\u0438\u043f \u0412\u0438\u043c\u0430\u043b\u0430 \u0412\u0438\u043f\u0438\u043d", "2": "https://klientiks.ru/clientix/client/default/id/2936299", "3": 10765}}, {"id": 6616355, "name": "\u0410\u0431\u0445\u044a\u044f\u043d\u0433\u0430 \u043c\u0430\u0441\u0441\u0430\u0436 (60 \u043c\u0438\u043d. \u0440\u0443\u0447\u043d\u043e\u0439 \u043c\u0430\u0441\u043b\u044f\u043d\u044b\u0439 \u043c\u0430\u0441\u0441\u0430\u0436 \u0432 2 \u0440\u0443\u043a\u0438),\u041c\u0443\u043a\u0445\u0430\u0431\u0445\u044a\u044f\u043d\u0433\u0430 (30 \u043c\u0438\u043d. \u043c\u0430\u0441\u0441\u0430\u0436 \u043b\u0438\u0446\u0430),\u0410\u0431\u0445\u044a\u044f\u043d\u0433\u0430 \u043c\u0430\u0441\u0441\u0430\u0436 (60 \u043c\u0438\u043d. \u0440\u0443\u0447\u043d\u043e\u0439 \u043c\u0430\u0441\u043b\u044f\u043d\u044b\u0439 \u043c\u0430\u0441\u0441\u0430\u0436 \u0432 2 \u0440\u0443\u043a\u0438),\u041c\u0443\u043a\u0445\u0430\u0431\u0445\u044a\u044f\u043d\u0433\u0430 (30 \u043c\u0438\u043d. \u043c\u0430\u0441\u0441\u0430\u0436 \u043b\u0438\u0446\u0430)", "account_id": 10765, "date_create": 1582958255, "status": 6, "price": "4400", "client_id": 2942716, "roistat": "\u0412\u0445\u043e\u0434\u044f\u0449\u0438\u0439 \u0437\u0432\u043e\u043d\u043e\u043a", "executor": "\u0428\u0440\u0438\u0442\u0430", "is_sale": false, "appointment_id": 5858940, "fields": {"1": "\u0428\u0440\u0438\u0442\u0430", "2": "https://klientiks.ru/clientix/client/default/id/2942716", "3": 10765}}, {"id": 6616633, "name": "\u0410\u044e\u0440\u0432\u0435\u0434\u0430 \u043a\u043e\u043d\u0441\u0443\u043b\u044c\u0442\u0430\u0446\u0438\u044f \u0432\u0440\u0430\u0447\u0430 (60 \u043c\u0438\u043d)", "account_id": 10765, "date_create": 1582960279, "status": 7, "price": null, "client_id": 3332399, "roistat": "\u0412\u0445\u043e\u0434\u044f\u0449\u0438\u0439 \u0437\u0432\u043e\u043d\u043e\u043a,\u0418\u043d\u0442\u0435\u0440\u043d\u0435\u0442", "executor": "\u041f\u0440\u0430\u0432\u0438\u043d \u0421\u0443\u0440\u0435\u043d\u0434\u0440\u0430\u043d\u043f\u0438\u043b\u0430\u0439 \u0412\u0430\u0441\u0430\u043d\u0442\u0430\u043a\u0443\u043c\u0430\u0440\u0438", "is_sale": false, "appointment_id": 5859207, "fields": {"1": "\u041f\u0440\u0430\u0432\u0438\u043d \u0421\u0443\u0440\u0435\u043d\u0434\u0440\u0430\u043d\u043f\u0438\u043b\u0430\u0439 \u0412\u0430\u0441\u0430\u043d\u0442\u0430\u043a\u0443\u043c\u0430\u0440\u0438", "2": "https://klientiks.ru/clientix/client/default/id/3332399", "3": 10765}}, {"id": 6617138, "name": "Tiktaka_Kwatham_100tab", "account_id": 10765, "date_create": 1582962755, "status": 6, "price": "1250", "client_id": 2695457, "roistat": "\u043e\u0442 \u0437\u043d\u0430\u043a\u043e\u043c\u044b\u0445", "executor": "\u0410\u0445\u043c\u0435\u0434\u043e\u0432\u0430 \u0422\u0430\u0442\u044c\u044f\u043d\u0430 \u041b\u0435\u043e\u043d\u0438\u0434\u043e\u0432\u043d\u0430", "is_sale": true, "appointment_id": 5859697, "fields": {"1": "\u0410\u0445\u043c\u0435\u0434\u043e\u0432\u0430 \u0422\u0430\u0442\u044c\u044f\u043d\u0430 \u041b\u0435\u043e\u043d\u0438\u0434\u043e\u0432\u043d\u0430", "2": "https://klientiks.ru/clientix/client/default/id/2695457", "3": 10765}}, {"id": 6617942, "name": "\u041a\u043e\u043d\u0441\u0443\u043b\u044c\u0442\u0430\u0446\u0438\u044f \u0430\u0441\u0442\u0440\u043e\u043b\u043e\u0433\u0430 \u0420\u0430\u0433\u0445\u0443\u043d\u0430\u0442\u0445  \u0441\u043a\u0430\u0439\u043f", "account_id": 10765, "date_create": 1582966621, "status": 7, "price": null, "client_id": 3325787, "roistat": "\u0412\u0445\u043e\u0434\u044f\u0449\u0438\u0439 \u0437\u0432\u043e\u043d\u043e\u043a,\u0418\u043d\u0442\u0435\u0440\u043d\u0435\u0442", "executor": "\u0420\u0430\u0433\u0445\u0443\u043d\u0430\u0442\u0445 \u041c\u0435\u043d\u043e\u043d", "is_sale": false, "appointment_id": 5860448, "fields": {"1": "\u0420\u0430\u0433\u0445\u0443\u043d\u0430\u0442\u0445 \u041c\u0435\u043d\u043e\u043d", "2": "https://klientiks.ru/clientix/client/default/id/3325787", "3": 10765}}, {"id": 6618358, "name": "\u0410\u044e\u0440\u0432\u0435\u0434\u0430 \u043a\u043e\u043d\u0441\u0443\u043b\u044c\u0442\u0430\u0446\u0438\u044f \u0432\u0440\u0430\u0447\u0430 (60 \u043c\u0438\u043d)", "account_id": 10765, "date_create": 1582968635, "status": 6, "price": "3200", "client_id": 3332878, "roistat": "\u0412\u0445\u043e\u0434\u044f\u0449\u0438\u0439 \u0437\u0432\u043e\u043d\u043e\u043a", "executor": "\u041f\u0440\u0430\u0432\u0438\u043d \u0421\u0443\u0440\u0435\u043d\u0434\u0440\u0430\u043d\u043f\u0438\u043b\u0430\u0439 \u0412\u0430\u0441\u0430\u043d\u0442\u0430\u043a\u0443\u043c\u0430\u0440\u0438", "is_sale": false, "appointment_id": 5860861, "fields": {"1": "\u041f\u0440\u0430\u0432\u0438\u043d \u0421\u0443\u0440\u0435\u043d\u0434\u0440\u0430\u043d\u043f\u0438\u043b\u0430\u0439 \u0412\u0430\u0441\u0430\u043d\u0442\u0430\u043a\u0443\u043c\u0430\u0440\u0438", "2": "https://klientiks.ru/clientix/client/default/id/3332878", "3": 10765}}, {"id": 6618409, "name": "\u0410\u044e\u0440\u0432\u0435\u0434\u0430 \u043a\u043e\u043d\u0441\u0443\u043b\u044c\u0442\u0430\u0446\u0438\u044f \u0432\u0440\u0430\u0447\u0430 (60 \u043c\u0438\u043d)", "account_id": 10765, "date_create": 1582968860, "status": 6, "price": "3200", "client_id": 3332903, "roistat": "\u0412\u0445\u043e\u0434\u044f\u0449\u0438\u0439 \u0437\u0432\u043e\u043d\u043e\u043a,\u0418\u043d\u0442\u0435\u0440\u043d\u0435\u0442", "executor": "\u041f\u0440\u0430\u0432\u0438\u043d \u0421\u0443\u0440\u0435\u043d\u0434\u0440\u0430\u043d\u043f\u0438\u043b\u0430\u0439 \u0412\u0430\u0441\u0430\u043d\u0442\u0430\u043a\u0443\u043c\u0430\u0440\u0438", "is_sale": false, "appointment_id": 5860916, "fields": {"1": "\u041f\u0440\u0430\u0432\u0438\u043d \u0421\u0443\u0440\u0435\u043d\u0434\u0440\u0430\u043d\u043f\u0438\u043b\u0430\u0439 \u0412\u0430\u0441\u0430\u043d\u0442\u0430\u043a\u0443\u043c\u0430\u0440\u0438", "2": "https://klientiks.ru/clientix/client/default/id/3332903", "3": 10765}}, {"id": 6618428, "name": "\u041a\u0443\u043d\u0436\u0443\u0442\u043d\u043e\u0435_\u043c\u0430\u0441\u043b\u043e_\u041a\u0430\u043c\u0430\u043b\u0430,Septilin_Himalaya_60 tab,Drakshadi_kashayam_200ml,\u041a\u0443\u043d\u0436\u0443\u0442\u043d\u043e\u0435_\u043c\u0430\u0441\u043b\u043e_\u041a\u0430\u043c\u0430\u043b\u0430,Avipathi_choornam_30g,Ashwagandha_60tab_KutirAZAZAZAs,Septilin_Himalaya_60 tab,Drakshadi_kashayam_200ml,\u041a\u0443\u043d\u0436\u0443\u0442\u043d\u043e\u0435_\u043c\u0430\u0441\u043b\u043e_\u041a\u0430\u043c\u0430\u043b\u0430,Avipathi_choornam_30g,Ashwagandha_60tab_KutirAZAZAZAs,Septilin_Himalaya_60 tab,Drakshadi_kashayam_200ml,Avipathi_choornam_30g,Ashwagandha_60tab_KutirAZAZAZAs,Septilin_Himalaya_60 tab,Drakshadi_kashayam_200ml,\u041a\u0443\u043d\u0436\u0443\u0442\u043d\u043e\u0435_\u043c\u0430\u0441\u043b\u043e_\u041a\u0430\u043c\u0430\u043b\u0430,Avipathi_choornam_30g,Ashwagandha_60tab_KutirAZAZAZAs,Septilin_Himalaya_60 tab,Drakshadi_kashayam_200ml,\u041a\u0443\u043d\u0436\u0443\u0442\u043d\u043e\u0435_\u043c\u0430\u0441\u043b\u043e_\u041a\u0430\u043c\u0430\u043b\u0430,Avipathi_choornam_30g,Ashwagandha_60tab_KutirAZAZAZAs", "account_id": 10765, "date_create": 1582968967, "status": 6, "price": "1750", "client_id": 3255176, "roistat": "\u043e\u0442 \u0437\u043d\u0430\u043a\u043e\u043c\u044b\u0445,\u0418\u043d\u0442\u0435\u0440\u043d\u0435\u0442", "executor": "\u0410\u0445\u043c\u0435\u0434\u043e\u0432\u0430 \u0422\u0430\u0442\u044c\u044f\u043d\u0430 \u041b\u0435\u043e\u043d\u0438\u0434\u043e\u0432\u043d\u0430", "is_sale": true, "appointment_id": 5860936, "fields": {"1": "\u0410\u0445\u043c\u0435\u0434\u043e\u0432\u0430 \u0422\u0430\u0442\u044c\u044f\u043d\u0430 \u041b\u0435\u043e\u043d\u0438\u0434\u043e\u0432\u043d\u0430", "2": "https://klientiks.ru/clientix/client/default/id/3255176", "3": 10765}}, {"id": 6618714, "name": "\u0410\u0431\u0445\u044a\u044f\u043d\u0433\u0430 \u043c\u0430\u0441\u0441\u0430\u0436 (60 \u043c\u0438\u043d. \u0440\u0443\u0447\u043d\u043e\u0439 \u043c\u0430\u0441\u043b\u044f\u043d\u044b\u0439 \u043c\u0430\u0441\u0441\u0430\u0436 \u0432 2 \u0440\u0443\u043a\u0438)", "account_id": 10765, "date_create": 1582970573, "status": 6, "price": "3200", "client_id": 3255176, "roistat": "\u043e\u0442 \u0437\u043d\u0430\u043a\u043e\u043c\u044b\u0445,\u0418\u043d\u0442\u0435\u0440\u043d\u0435\u0442", "executor": "\u0428\u0440\u0438\u0442\u0430", "is_sale": false, "appointment_id": 5727454, "fields": {"1": "\u0428\u0440\u0438\u0442\u0430", "2": "https://klientiks.ru/clientix/client/default/id/3255176", "3": 10765}}, {"id": 6619065, "name": "\u0410\u044e\u0440\u0432\u0435\u0434\u0430 \u043f\u043e\u0432\u0442\u043e\u0440\u043d\u0430\u044f \u043a\u043e\u043d\u0441\u0443\u043b\u044c\u0442\u0430\u0446\u0438\u044f \u0432\u0440\u0430\u0447\u0430 \u0432 \u043d\u0430\u0437\u043d\u0430\u0447\u0435\u043d\u043d\u044b\u0439 \u0441\u0440\u043e\u043a (30 \u043c\u0438\u043d)", "account_id": 10765, "date_create": 1582972818, "status": 7, "price": null, "client_id": 3255176, "roistat": "\u043e\u0442 \u0437\u043d\u0430\u043a\u043e\u043c\u044b\u0445,\u0418\u043d\u0442\u0435\u0440\u043d\u0435\u0442", "executor": "\u041f\u0440\u0430\u0432\u0438\u043d \u0421\u0443\u0440\u0435\u043d\u0434\u0440\u0430\u043d\u043f\u0438\u043b\u0430\u0439 \u0412\u0430\u0441\u0430\u043d\u0442\u0430\u043a\u0443\u043c\u0430\u0440\u0438", "is_sale": false, "appointment_id": 5861541, "fields": {"1": "\u041f\u0440\u0430\u0432\u0438\u043d \u0421\u0443\u0440\u0435\u043d\u0434\u0440\u0430\u043d\u043f\u0438\u043b\u0430\u0439 \u0412\u0430\u0441\u0430\u043d\u0442\u0430\u043a\u0443\u043c\u0430\u0440\u0438", "2": "https://klientiks.ru/clientix/client/default/id/3255176", "3": 10765}}, {"id": 6619635, "name": "\u0410\u0431\u0445\u044a\u044f\u043d\u0433\u0430 \u043c\u0430\u0441\u0441\u0430\u0436 (60 \u043c\u0438\u043d. \u0440\u0443\u0447\u043d\u043e\u0439 \u043c\u0430\u0441\u043b\u044f\u043d\u044b\u0439 \u043c\u0430\u0441\u0441\u0430\u0436 \u0432 2 \u0440\u0443\u043a\u0438)", "account_id": 10765, "date_create": 1582976474, "status": 7, "price": null, "client_id": 2319865, "roistat": "\u0412\u0445\u043e\u0434\u044f\u0449\u0438\u0439 \u0437\u0432\u043e\u043d\u043e\u043a", "executor": "\u0410\u043f\u043f\u043e", "is_sale": false, "appointment_id": 5862108, "fields": {"1": "\u0410\u043f\u043f\u043e", "2": "https://klientiks.ru/clientix/client/default/id/2319865", "3": 10765}}, {"id": 6619896, "name": "\u041a\u0438\u0436\u0438 \u043c\u0430\u0441\u0441\u0430\u0436 (60 \u043c\u0438\u043d. \u043f\u0438\u043d\u0434\u0430\u0441\u0432\u0435\u0434\u0430\u043d\u0430, \u043c\u0430\u0441\u0441\u0430\u0436 \u043c\u0435\u0448\u043e\u0447\u043a\u0430\u043c\u0438 \u0432 2 \u0440\u0443\u043a\u0438)", "account_id": 10765, "date_create": 1582978641, "status": 7, "price": null, "client_id": 3122840, "roistat": "\u0420\u043e\u0434\u0441\u0442\u0432\u0435\u043d\u043d\u0438\u043a \u043d\u0430\u0448\u0435\u0433\u043e \u043a\u043b\u0438\u0435\u043d\u0442\u0430", "executor": "\u0424\u0438\u043b\u0438\u043f \u0412\u0438\u043c\u0430\u043b\u0430 \u0412\u0438\u043f\u0438\u043d", "is_sale": false, "appointment_id": 5862352, "fields": {"1": "\u0424\u0438\u043b\u0438\u043f \u0412\u0438\u043c\u0430\u043b\u0430 \u0412\u0438\u043f\u0438\u043d", "2": "https://klientiks.ru/clientix/client/default/id/3122840", "3": 10765}}, {"id": 6620022, "name": "\u0410\u044e\u0440\u0432\u0435\u0434\u0430 \u043f\u043e\u0432\u0442\u043e\u0440\u043d\u0430\u044f  \u043a\u043e\u043d\u0441\u0443\u043b\u044c\u0442\u0430\u0446\u0438\u044f \u043f\u0440\u0438\u0433\u043b\u0430\u0448\u0435\u043d\u043d\u043e\u0433\u043e \u0441\u043f\u0435\u0446\u0438\u0430\u043b\u0438\u0441\u0442\u0430 (30 \u043c\u0438\u043d)", "account_id": 10765, "date_create": 1582979786, "status": 6, "price": "2500", "client_id": 2823274, "roistat": "\u0421\u043e\u0432\u0435\u0442 \u0414\u0440\u0443\u0437\u0435\u0439,\u0438\u043d\u0442\u0435\u0440\u043d\u0435\u0442", "executor": "\u0414\u0436\u0430\u0442\u0445\u0430\u0432 \u041f\u0430\u0440\u0435\u0448", "is_sale": false, "appointment_id": 5862466, "fields": {"1": "\u0414\u0436\u0430\u0442\u0445\u0430\u0432 \u041f\u0430\u0440\u0435\u0448", "2": "https://klientiks.ru/clientix/client/default/id/2823274", "3": 10765}}, {"id": 6620738, "name": "\u0410\u0431\u0445\u044a\u044f\u043d\u0433\u0430 \u043c\u0430\u0441\u0441\u0430\u0436 (60 \u043c\u0438\u043d. \u0440\u0443\u0447\u043d\u043e\u0439 \u043c\u0430\u0441\u043b\u044f\u043d\u044b\u0439 \u043c\u0430\u0441\u0441\u0430\u0436 \u0432 2 \u0440\u0443\u043a\u0438),\u0410\u0431\u0445\u044a\u044f\u043d\u0433\u0430 \u043c\u0430\u0441\u0441\u0430\u0436 (60 \u043c\u0438\u043d. \u0440\u0443\u0447\u043d\u043e\u0439 \u043c\u0430\u0441\u043b\u044f\u043d\u044b\u0439 \u043c\u0430\u0441\u0441\u0430\u0436 \u0432 2 \u0440\u0443\u043a\u0438),\u0421\u0435\u0430\u043d\u0441 \u0432 \u043a\u0435\u0434\u0440\u043e\u0432\u043e\u0439 \u0431\u043e\u0447\u043a\u0435 \u0441 \u0444\u0438\u0442\u043e\u0441\u0431\u043e\u0440\u043e\u043c,\u0421\u0435\u0430\u043d\u0441 \u0432 \u043a\u0435\u0434\u0440\u043e\u0432\u043e\u0439 \u0431\u043e\u0447\u043a\u0435 \u0441 \u0444\u0438\u0442\u043e\u0441\u0431\u043e\u0440\u043e\u043c", "account_id": 10765, "date_create": 1582985690, "status": 6, "price": "0", "client_id": 3263662, "roistat": "\u043f\u043e\u0441\u0442\u043e\u044f\u043d\u043d\u044b\u0439 \u043a\u043b\u0438\u0435\u043d\u0442", "executor": "\u0428\u0440\u0438\u0442\u0430", "is_sale": false, "appointment_id": 5863078, "fields": {"1": "\u0428\u0440\u0438\u0442\u0430", "2": "https://klientiks.ru/clientix/client/default/id/3263662", "3": 10765}}, {"id": 6620742, "name": "\u0412\u0438\u0440\u0435\u0447\u0430\u043d\u0430 (\u0441\u043b\u0430\u0431\u0438\u0442\u0435\u043b\u044c\u043d\u0430\u044f \u0442\u0435\u0440\u0430\u043f\u0438\u044f),\u0412\u0438\u0440\u0435\u0447\u0430\u043d\u0430 (\u0441\u043b\u0430\u0431\u0438\u0442\u0435\u043b\u044c\u043d\u0430\u044f \u0442\u0435\u0440\u0430\u043f\u0438\u044f),\u041a\u0430\u043b\u0430\u0440\u0438 \u043c\u0430\u0441\u0441\u0430\u0436 (60 \u043c\u0438\u043d. \u043d\u043e\u0436\u043d\u043e\u0439 \u043c\u0430\u0441\u043b\u044f\u043d\u044b\u0439 \u043c\u0430\u0441\u0441\u0430\u0436),\u041a\u0430\u043b\u0430\u0440\u0438 \u043c\u0430\u0441\u0441\u0430\u0436 (60 \u043c\u0438\u043d. \u043d\u043e\u0436\u043d\u043e\u0439 \u043c\u0430\u0441\u043b\u044f\u043d\u044b\u0439 \u043c\u0430\u0441\u0441\u0430\u0436)", "account_id": 10765, "date_create": 1582985730, "status": 6, "price": "0", "client_id": 3263662, "roistat": "\u043f\u043e\u0441\u0442\u043e\u044f\u043d\u043d\u044b\u0439 \u043a\u043b\u0438\u0435\u043d\u0442", "executor": "\u0428\u0440\u0438\u0442\u0430", "is_sale": false, "appointment_id": 5863080, "fields": {"1": "\u0428\u0440\u0438\u0442\u0430", "2": "https://klientiks.ru/clientix/client/default/id/3263662", "3": 10765}}, {"id": 6620748, "name": "\u041a\u0438\u0436\u0438 \u043d\u0430 \u0447\u0430\u0441\u0442\u0438 \u0442\u0435\u043b\u0430 (30 \u043c\u0438\u043d),\u041a\u0438\u0436\u0438 \u043d\u0430 \u0447\u0430\u0441\u0442\u0438 \u0442\u0435\u043b\u0430 (30 \u043c\u0438\u043d),\u0410\u0431\u0445\u044a\u044f\u043d\u0433\u0430 \u043c\u0430\u0441\u0441\u0430\u0436 (60 \u043c\u0438\u043d. \u0440\u0443\u0447\u043d\u043e\u0439 \u043c\u0430\u0441\u043b\u044f\u043d\u044b\u0439 \u043c\u0430\u0441\u0441\u0430\u0436 \u0432 2 \u0440\u0443\u043a\u0438),\u0410\u0431\u0445\u044a\u044f\u043d\u0433\u0430 \u043c\u0430\u0441\u0441\u0430\u0436 (60 \u043c\u0438\u043d. \u0440\u0443\u0447\u043d\u043e\u0439 \u043c\u0430\u0441\u043b\u044f\u043d\u044b\u0439 \u043c\u0430\u0441\u0441\u0430\u0436 \u0432 2 \u0440\u0443\u043a\u0438)", "account_id": 10765, "date_create": 1582985805, "status": 6, "price": "0", "client_id": 3263662, "roistat": "\u043f\u043e\u0441\u0442\u043e\u044f\u043d\u043d\u044b\u0439 \u043a\u043b\u0438\u0435\u043d\u0442", "executor": "\u041d\u0438\u0431\u0438\u043d \u041a\u043e\u0434\u0430\u0442 \u0414\u0438\u043d\u0435\u0441\u0430\u043d", "is_sale": false, "appointment_id": 5863085, "fields": {"1": "\u041d\u0438\u0431\u0438\u043d \u041a\u043e\u0434\u0430\u0442 \u0414\u0438\u043d\u0435\u0441\u0430\u043d", "2": "https://klientiks.ru/clientix/client/default/id/3263662", "3": 10765}}, {"id": 6620754, "name": "\u0410\u0431\u0445\u044a\u044f\u043d\u0433\u0430 \u043c\u0430\u0441\u0441\u0430\u0436 (60 \u043c\u0438\u043d. \u0440\u0443\u0447\u043d\u043e\u0439 \u043c\u0430\u0441\u043b\u044f\u043d\u044b\u0439 \u043c\u0430\u0441\u0441\u0430\u0436 \u0432 2 \u0440\u0443\u043a\u0438),\u041a\u0438\u0436\u0438 \u043d\u0430 \u0447\u0430\u0441\u0442\u0438 \u0442\u0435\u043b\u0430 (30 \u043c\u0438\u043d),\u0410\u0431\u0445\u044a\u044f\u043d\u0433\u0430 \u043c\u0430\u0441\u0441\u0430\u0436 (60 \u043c\u0438\u043d. \u0440\u0443\u0447\u043d\u043e\u0439 \u043c\u0430\u0441\u043b\u044f\u043d\u044b\u0439 \u043c\u0430\u0441\u0441\u0430\u0436 \u0432 2 \u0440\u0443\u043a\u0438),\u041a\u0438\u0436\u0438 \u043d\u0430 \u0447\u0430\u0441\u0442\u0438 \u0442\u0435\u043b\u0430 (30 \u043c\u0438\u043d)", "account_id": 10765, "date_create": 1582985849, "status": 6, "price": "0", "client_id": 3263662, "roistat": "\u043f\u043e\u0441\u0442\u043e\u044f\u043d\u043d\u044b\u0439 \u043a\u043b\u0438\u0435\u043d\u0442", "executor": "\u041d\u0438\u0431\u0438\u043d \u041a\u043e\u0434\u0430\u0442 \u0414\u0438\u043d\u0435\u0441\u0430\u043d", "is_sale": false, "appointment_id": 5863092, "fields": {"1": "\u041d\u0438\u0431\u0438\u043d \u041a\u043e\u0434\u0430\u0442 \u0414\u0438\u043d\u0435\u0441\u0430\u043d", "2": "https://klientiks.ru/clientix/client/default/id/3263662", "3": 10765}}, {"id": 6620759, "name": "\u041a\u0430\u043b\u0430\u0440\u0438 \u043c\u0430\u0441\u0441\u0430\u0436 (60 \u043c\u0438\u043d. \u043d\u043e\u0436\u043d\u043e\u0439 \u043c\u0430\u0441\u043b\u044f\u043d\u044b\u0439 \u043c\u0430\u0441\u0441\u0430\u0436),\u041a\u0430\u043b\u0430\u0440\u0438 \u043c\u0430\u0441\u0441\u0430\u0436 (60 \u043c\u0438\u043d. \u043d\u043e\u0436\u043d\u043e\u0439 \u043c\u0430\u0441\u043b\u044f\u043d\u044b\u0439 \u043c\u0430\u0441\u0441\u0430\u0436),\u041f\u0438\u0447\u0443 (30 \u043c\u0438\u043d. \u043c\u0430\u0441\u043b\u044f\u043d\u0430\u044f \u0430\u043f\u043f\u043b\u0438\u043a\u0430\u0446\u0438\u044f),\u0410\u043d\u0443\u0432\u0430\u0441\u0430\u043d\u0430 \u0411\u0430\u0441\u0442\u0438 (30 \u043c\u0438\u043d. \u043c\u0430\u0441\u043b\u044f\u043d\u0430\u044f \u0442\u0440\u0430\u0432\u044f\u043d\u0430\u044f \u043a\u043b\u0438\u0437\u043c\u0430),\u041f\u0438\u0447\u0443 (30 \u043c\u0438\u043d. \u043c\u0430\u0441\u043b\u044f\u043d\u0430\u044f \u0430\u043f\u043f\u043b\u0438\u043a\u0430\u0446\u0438\u044f),\u0410\u043d\u0443\u0432\u0430\u0441\u0430\u043d\u0430 \u0411\u0430\u0441\u0442\u0438 (30 \u043c\u0438\u043d. \u043c\u0430\u0441\u043b\u044f\u043d\u0430\u044f \u0442\u0440\u0430\u0432\u044f\u043d\u0430\u044f \u043a\u043b\u0438\u0437\u043c\u0430),\u041a\u0430\u043b\u0430\u0440\u0438 \u043c\u0430\u0441\u0441\u0430\u0436 (60 \u043c\u0438\u043d. \u043d\u043e\u0436\u043d\u043e\u0439 \u043c\u0430\u0441\u043b\u044f\u043d\u044b\u0439 \u043c\u0430\u0441\u0441\u0430\u0436),\u041f\u0438\u0447\u0443 (30 \u043c\u0438\u043d. \u043c\u0430\u0441\u043b\u044f\u043d\u0430\u044f \u0430\u043f\u043f\u043b\u0438\u043a\u0430\u0446\u0438\u044f),\u0410\u043d\u0443\u0432\u0430\u0441\u0430\u043d\u0430 \u0411\u0430\u0441\u0442\u0438 (30 \u043c\u0438\u043d. \u043c\u0430\u0441\u043b\u044f\u043d\u0430\u044f \u0442\u0440\u0430\u0432\u044f\u043d\u0430\u044f \u043a\u043b\u0438\u0437\u043c\u0430)", "account_id": 10765, "date_create": 1582985911, "status": 6, "price": "0", "client_id": 3263662, "roistat": "\u043f\u043e\u0441\u0442\u043e\u044f\u043d\u043d\u044b\u0439 \u043a\u043b\u0438\u0435\u043d\u0442", "executor": "\u0428\u0440\u0438\u0442\u0430", "is_sale": false, "appointment_id": 5863097, "fields": {"1": "\u0428\u0440\u0438\u0442\u0430", "2": "https://klientiks.ru/clientix/client/default/id/3263662", "3": 10765}}, {"id": 6620763, "name": "\u0410\u0431\u0445\u044a\u044f\u043d\u0433\u0430 \u043c\u0430\u0441\u0441\u0430\u0436 (60 \u043c\u0438\u043d. \u0440\u0443\u0447\u043d\u043e\u0439 \u043c\u0430\u0441\u043b\u044f\u043d\u044b\u0439 \u043c\u0430\u0441\u0441\u0430\u0436 \u0432 2 \u0440\u0443\u043a\u0438),\u041f\u0438\u0447\u0443 (30 \u043c\u0438\u043d. \u043c\u0430\u0441\u043b\u044f\u043d\u0430\u044f \u0430\u043f\u043f\u043b\u0438\u043a\u0430\u0446\u0438\u044f),\u041d\u0438\u0440\u0443\u0445\u0430 \u0411\u0430\u0441\u0442\u0438 (60 \u043c\u0438\u043d. \u043a\u043b\u0438\u0437\u043c\u0430 \u0442\u0440\u0430\u0432\u044f\u043d\u044b\u043c \u043e\u0442\u0432\u0430\u0440\u043e\u043c),\u0410\u0431\u0445\u044a\u044f\u043d\u0433\u0430 \u043c\u0430\u0441\u0441\u0430\u0436 (60 \u043c\u0438\u043d. \u0440\u0443\u0447\u043d\u043e\u0439 \u043c\u0430\u0441\u043b\u044f\u043d\u044b\u0439 \u043c\u0430\u0441\u0441\u0430\u0436 \u0432 2 \u0440\u0443\u043a\u0438),\u041f\u0438\u0447\u0443 (30 \u043c\u0438\u043d. \u043c\u0430\u0441\u043b\u044f\u043d\u0430\u044f \u0430\u043f\u043f\u043b\u0438\u043a\u0430\u0446\u0438\u044f),\u041d\u0438\u0440\u0443\u0445\u0430 \u0411\u0430\u0441\u0442\u0438 (60 \u043c\u0438\u043d. \u043a\u043b\u0438\u0437\u043c\u0430 \u0442\u0440\u0430\u0432\u044f\u043d\u044b\u043c \u043e\u0442\u0432\u0430\u0440\u043e\u043c),\u0410\u0431\u0445\u044a\u044f\u043d\u0433\u0430 \u043c\u0430\u0441\u0441\u0430\u0436 (60 \u043c\u0438\u043d. \u0440\u0443\u0447\u043d\u043e\u0439 \u043c\u0430\u0441\u043b\u044f\u043d\u044b\u0439 \u043c\u0430\u0441\u0441\u0430\u0436 \u0432 2 \u0440\u0443\u043a\u0438),\u041d\u0438\u0440\u0443\u0445\u0430 \u0411\u0430\u0441\u0442\u0438 (60 \u043c\u0438\u043d. \u043a\u043b\u0438\u0437\u043c\u0430 \u0442\u0440\u0430\u0432\u044f\u043d\u044b\u043c \u043e\u0442\u0432\u0430\u0440\u043e\u043c),\u041f\u0438\u0447\u0443 (30 \u043c\u0438\u043d. \u043c\u0430\u0441\u043b\u044f\u043d\u0430\u044f \u0430\u043f\u043f\u043b\u0438\u043a\u0430\u0446\u0438\u044f)", "account_id": 10765, "date_create": 1582985948, "status": 6, "price": "0", "client_id": 3263662, "roistat": "\u043f\u043e\u0441\u0442\u043e\u044f\u043d\u043d\u044b\u0439 \u043a\u043b\u0438\u0435\u043d\u0442", "executor": "\u041d\u0438\u0431\u0438\u043d \u041a\u043e\u0434\u0430\u0442 \u0414\u0438\u043d\u0435\u0441\u0430\u043d", "is_sale": false, "appointment_id": 5863101, "fields": {"1": "\u041d\u0438\u0431\u0438\u043d \u041a\u043e\u0434\u0430\u0442 \u0414\u0438\u043d\u0435\u0441\u0430\u043d", "2": "https://klientiks.ru/clientix/client/default/id/3263662", "3": 10765}}, {"id": 6620773, "name": "\u0410\u043d\u0443\u0432\u0430\u0441\u0430\u043d\u0430 \u0411\u0430\u0441\u0442\u0438 (30 \u043c\u0438\u043d. \u043c\u0430\u0441\u043b\u044f\u043d\u0430\u044f \u0442\u0440\u0430\u0432\u044f\u043d\u0430\u044f \u043a\u043b\u0438\u0437\u043c\u0430),\u0410\u0431\u0445\u044a\u044f\u043d\u0433\u0430 \u043c\u0430\u0441\u0441\u0430\u0436 (60 \u043c\u0438\u043d. \u0440\u0443\u0447\u043d\u043e\u0439 \u043c\u0430\u0441\u043b\u044f\u043d\u044b\u0439 \u043c\u0430\u0441\u0441\u0430\u0436 \u0432 2 \u0440\u0443\u043a\u0438),\u041a\u0438\u0436\u0438 \u043d\u0430 \u0447\u0430\u0441\u0442\u0438 \u0442\u0435\u043b\u0430 (30 \u043c\u0438\u043d)", "account_id": 10765, "date_create": 1582986015, "status": 7, "price": null, "client_id": 3263662, "roistat": "\u043f\u043e\u0441\u0442\u043e\u044f\u043d\u043d\u044b\u0439 \u043a\u043b\u0438\u0435\u043d\u0442", "executor": "\u0428\u0440\u0438\u0442\u0430", "is_sale": false, "appointment_id": 5863108, "fields": {"1": "\u0428\u0440\u0438\u0442\u0430", "2": "https://klientiks.ru/clientix/client/default/id/3263662", "3": 10765}}], "pagination": {"total_count": 22602, "limit": 50, "page_number": 1}, "total_count": 22602, "page_number": 1}
2020-08-23 01:13:37,084 - Snowflake Connector for Python Version: 2.2.10, Python Version: 3.8.5, Platform: Windows-10-10.0.17763-SP0
2020-08-23 01:13:37,085 - connect
2020-08-23 01:13:37,085 - __config
2020-08-23 01:13:37,085 - This connection is in OCSP Fail Open Mode. TLS Certificates would be checked for validity and revocation status. Any other Certificate Revocation related exceptions or OCSP Responder failures would be disregarded in favor of connectivity.
2020-08-23 01:13:37,085 - use_numpy: False
2020-08-23 01:13:37,085 - initialized
2020-08-23 01:13:37,085 - REST API object was created: ringcentral.snowflakecomputing.com:443
2020-08-23 01:13:37,085 - authenticate
2020-08-23 01:13:37,085 - assertion content: *********
2020-08-23 01:13:37,085 - account=ringcentral, user=dmitry.mitrofanov, database=RCUSERS, schema=DMITRYMITROFANOV, warehouse=RCUSERS_WH, role=None, request_id=00287d0a-562f-4cb6-8f82-9cd1f2fdf2ff
2020-08-23 01:13:37,085 - body['data']: {'CLIENT_APP_ID': 'PythonConnector', 'CLIENT_APP_VERSION': '2.2.10', 'SVN_REVISION': None, 'ACCOUNT_NAME': 'ringcentral', 'LOGIN_NAME': 'dmitry.mitrofanov', 'CLIENT_ENVIRONMENT': {'APPLICATION': 'PythonConnector', 'OS': 'Windows', 'OS_VERSION': 'Windows-10-10.0.17763-SP0', 'PYTHON_VERSION': '3.8.5', 'PYTHON_RUNTIME': 'CPython', 'PYTHON_COMPILER': 'MSC v.1924 64 bit (AMD64)', 'OCSP_MODE': 'FAIL_OPEN', 'TRACING': 10, 'LOGIN_TIMEOUT': 120, 'NETWORK_TIMEOUT': None, 'CLIENT_STORE_TEMPORARY_CREDENTIAL': None}, 'SESSION_PARAMETERS': {'CLIENT_SESSION_KEEP_ALIVE_HEARTBEAT_FREQUENCY': 900, 'CLIENT_PREFETCH_THREADS': 4}}
2020-08-23 01:13:37,086 - Converted retries value: 1 -> Retry(total=1, connect=None, read=None, redirect=None, status=None)
2020-08-23 01:13:37,086 - Converted retries value: 1 -> Retry(total=1, connect=None, read=None, redirect=None, status=None)
2020-08-23 01:13:37,086 - Active requests sessions: 1, idle: 0
2020-08-23 01:13:37,086 - remaining request timeout: 120, retry cnt: 1
2020-08-23 01:13:37,086 - socket timeout: 60
2020-08-23 01:13:37,088 - Starting new HTTPS connection (1): ringcentral.snowflakecomputing.com:443
2020-08-23 01:13:37,844 - OCSP Mode: FAIL_OPEN, OCSP response cache file name: None
2020-08-23 01:13:37,844 - ocsp_response_cache_uri: file://C:/Users/dmitry.mitrofanov/AppData/Local/Snowflake/Caches/ocsp_response_cache.json
2020-08-23 01:13:37,844 - OCSP_VALIDATION_CACHE size: 140
2020-08-23 01:13:37,844 - OCSP response cache server is enabled: http://ocsp.snowflakecomputing.com/ocsp_response_cache.json
2020-08-23 01:13:37,844 - OCSP dynamic cache server RETRY URL: None
2020-08-23 01:13:37,849 - Verifying the attached certificate is signed by the issuer. Valid Not After: 2025-05-12 23:58:59+00:00
2020-08-23 01:13:37,850 - Verifying the attached certificate is signed by the issuer. Valid Not After: 2025-05-12 23:58:59+00:00
2020-08-23 01:13:37,851 - Verifying the attached certificate is signed by the issuer. Valid Not After: 2023-06-11 20:40:26+00:00
2020-08-23 01:13:37,852 - Verifying the attached certificate is signed by the issuer. Valid Not After: 2023-06-11 20:40:26+00:00
2020-08-23 01:13:37,853 - Verifying the attached certificate is signed by the issuer. Valid Not After: 2023-06-11 20:44:21+00:00
2020-08-23 01:13:37,855 - Verifying the attached certificate is signed by the issuer. Valid Not After: 2023-06-11 20:44:21+00:00
2020-08-23 01:13:37,856 - Verifying the attached certificate is signed by the issuer. Valid Not After: 2021-12-14 07:00:00+00:00
2020-08-23 01:13:37,857 - Verifying the attached certificate is signed by the issuer. Valid Not After: 2021-12-14 07:00:00+00:00
2020-08-23 01:13:37,859 - Verifying the attached certificate is signed by the issuer. Valid Not After: 2025-05-12 23:58:59+00:00
2020-08-23 01:13:37,860 - Verifying the attached certificate is signed by the issuer. Valid Not After: 2025-05-12 23:58:59+00:00
2020-08-23 01:13:37,862 - Verifying the attached certificate is signed by the issuer. Valid Not After: 2025-05-12 23:58:59+00:00
2020-08-23 01:13:37,864 - Verifying the attached certificate is signed by the issuer. Valid Not After: 2025-05-12 23:58:59+00:00
2020-08-23 01:13:37,865 - Verifying the attached certificate is signed by the issuer. Valid Not After: 2025-05-12 23:58:59+00:00
2020-08-23 01:13:37,866 - Verifying the attached certificate is signed by the issuer. Valid Not After: 2025-05-12 23:58:59+00:00
2020-08-23 01:13:37,875 - Verifying the attached certificate is signed by the issuer. Valid Not After: 2025-05-12 23:58:59+00:00
2020-08-23 01:13:37,876 - Verifying the attached certificate is signed by the issuer. Valid Not After: 2025-05-12 23:58:59+00:00
2020-08-23 01:13:37,879 - Verifying the attached certificate is signed by the issuer. Valid Not After: 2021-04-02 17:08:26+00:00
2020-08-23 01:13:37,880 - Verifying the attached certificate is signed by the issuer. Valid Not After: 2021-04-02 17:08:26+00:00
2020-08-23 01:13:37,882 - Verifying the attached certificate is signed by the issuer. Valid Not After: 2021-04-02 17:13:33+00:00
2020-08-23 01:13:37,883 - Verifying the attached certificate is signed by the issuer. Valid Not After: 2021-04-02 17:13:33+00:00
2020-08-23 01:13:37,884 - Verifying the attached certificate is signed by the issuer. Valid Not After: 2021-04-02 16:58:09+00:00
2020-08-23 01:13:37,885 - Verifying the attached certificate is signed by the issuer. Valid Not After: 2021-04-02 16:58:09+00:00
2020-08-23 01:13:37,901 - Verifying the attached certificate is signed by the issuer. Valid Not After: 2021-04-02 17:13:33+00:00
2020-08-23 01:13:37,903 - Verifying the attached certificate is signed by the issuer. Valid Not After: 2021-04-02 17:13:33+00:00
2020-08-23 01:13:37,904 - Verifying the attached certificate is signed by the issuer. Valid Not After: 2021-04-02 17:08:26+00:00
2020-08-23 01:13:37,905 - Verifying the attached certificate is signed by the issuer. Valid Not After: 2021-04-02 17:08:26+00:00
2020-08-23 01:13:37,907 - Verifying the attached certificate is signed by the issuer. Valid Not After: 2021-04-02 17:03:51+00:00
2020-08-23 01:13:37,908 - Verifying the attached certificate is signed by the issuer. Valid Not After: 2021-04-02 17:03:51+00:00
2020-08-23 01:13:37,910 - Verifying the attached certificate is signed by the issuer. Valid Not After: 2021-04-02 16:58:09+00:00
2020-08-23 01:13:37,912 - Verifying the attached certificate is signed by the issuer. Valid Not After: 2021-04-02 16:58:09+00:00
2020-08-23 01:13:37,914 - Verifying the attached certificate is signed by the issuer. Valid Not After: 2021-04-02 17:03:51+00:00
2020-08-23 01:13:37,915 - Verifying the attached certificate is signed by the issuer. Valid Not After: 2021-04-02 17:03:51+00:00
2020-08-23 01:13:37,917 - Verifying the attached certificate is signed by the issuer. Valid Not After: 2021-04-02 17:03:51+00:00
2020-08-23 01:13:37,918 - Verifying the attached certificate is signed by the issuer. Valid Not After: 2021-04-02 17:03:51+00:00
2020-08-23 01:13:37,934 - Verifying the attached certificate is signed by the issuer. Valid Not After: 2021-04-02 17:13:33+00:00
2020-08-23 01:13:37,935 - Verifying the attached certificate is signed by the issuer. Valid Not After: 2021-04-02 17:13:33+00:00
2020-08-23 01:13:37,937 - Read OCSP response cache file: C:/Users/dmitry.mitrofanov/AppData/Local/Snowflake/Caches/ocsp_response_cache.json, count=140
2020-08-23 01:13:37,937 - validating certificate: ringcentral.snowflakecomputing.com
2020-08-23 01:13:37,938 - # of certificates: 4
2020-08-23 01:13:37,945 - subject: OrderedDict([('common_name', '*.us-west-2.snowflakecomputing.com')]), issuer: OrderedDict([('country_name', 'US'), ('organization_name', 'Amazon'), ('organizational_unit_name', 'Server CA 1B'), ('common_name', 'Amazon')])
2020-08-23 01:13:37,948 - subject: OrderedDict([('country_name', 'US'), ('organization_name', 'Amazon'), ('organizational_unit_name', 'Server CA 1B'), ('common_name', 'Amazon')]), issuer: OrderedDict([('country_name', 'US'), ('organization_name', 'Amazon'), ('common_name', 'Amazon Root CA 1')])
2020-08-23 01:13:37,950 - subject: OrderedDict([('country_name', 'US'), ('organization_name', 'Amazon'), ('common_name', 'Amazon Root CA 1')]), issuer: OrderedDict([('country_name', 'US'), ('state_or_province_name', 'Arizona'), ('locality_name', 'Scottsdale'), ('organization_name', 'Starfield Technologies, Inc.'), ('common_name', 'Starfield Services Root Certificate Authority - G2')])
2020-08-23 01:13:37,951 - subject: OrderedDict([('country_name', 'US'), ('state_or_province_name', 'Arizona'), ('locality_name', 'Scottsdale'), ('organization_name', 'Starfield Technologies, Inc.'), ('common_name', 'Starfield Services Root Certificate Authority - G2')]), issuer: OrderedDict([('country_name', 'US'), ('organization_name', 'Starfield Technologies, Inc.'), ('organizational_unit_name', 'Starfield Class 2 Certification Authority')])
2020-08-23 01:13:37,953 - not found issuer_der: OrderedDict([('country_name', 'US'), ('organization_name', 'Starfield Technologies, Inc.'), ('organizational_unit_name', 'Starfield Class 2 Certification Authority')])
2020-08-23 01:13:37,954 - hit cache for subject: OrderedDict([('common_name', '*.us-west-2.snowflakecomputing.com')])
2020-08-23 01:13:37,956 - Verifying the attached certificate is signed by the issuer. Valid Not After: 2023-06-11 20:40:26+00:00
2020-08-23 01:13:37,956 - hit cache for subject: OrderedDict([('country_name', 'US'), ('organization_name', 'Amazon'), ('organizational_unit_name', 'Server CA 1B'), ('common_name', 'Amazon')])
2020-08-23 01:13:37,959 - Verifying the attached certificate is signed by the issuer. Valid Not After: 2023-06-11 20:44:21+00:00
2020-08-23 01:13:37,960 - hit cache for subject: OrderedDict([('country_name', 'US'), ('organization_name', 'Amazon'), ('common_name', 'Amazon Root CA 1')])
2020-08-23 01:13:37,963 - Verifying the attached certificate is signed by the issuer. Valid Not After: 2021-12-14 07:00:00+00:00
2020-08-23 01:13:37,963 - hit cache for subject: OrderedDict([('country_name', 'US'), ('state_or_province_name', 'Arizona'), ('locality_name', 'Scottsdale'), ('organization_name', 'Starfield Technologies, Inc.'), ('common_name', 'Starfield Services Root Certificate Authority - G2')])
2020-08-23 01:13:37,964 - hit cache for subject: OrderedDict([('common_name', '*.us-west-2.snowflakecomputing.com')])
2020-08-23 01:13:37,965 - using OCSP response cache
2020-08-23 01:13:37,965 - Certificate is NOT attached in Basic OCSP Response. Using issuer's certificate
2020-08-23 01:13:37,965 - Verifying the OCSP response is signed by the issuer.
2020-08-23 01:13:37,968 - Verifying the attached certificate is signed by the issuer. Valid Not After: 2023-06-11 20:40:26+00:00
2020-08-23 01:13:37,968 - hit cache for subject: OrderedDict([('country_name', 'US'), ('organization_name', 'Amazon'), ('organizational_unit_name', 'Server CA 1B'), ('common_name', 'Amazon')])
2020-08-23 01:13:37,969 - using OCSP response cache
2020-08-23 01:13:37,970 - Certificate is attached in Basic OCSP Response
2020-08-23 01:13:37,971 - Verifying the attached certificate is signed by the issuer
2020-08-23 01:13:37,971 - Valid Not After: 2023-06-11 20:40:26+00:00
2020-08-23 01:13:37,972 - Verifying the OCSP response is signed by the issuer.
2020-08-23 01:13:37,977 - Verifying the attached certificate is signed by the issuer. Valid Not After: 2023-06-11 20:44:21+00:00
2020-08-23 01:13:37,977 - hit cache for subject: OrderedDict([('country_name', 'US'), ('organization_name', 'Amazon'), ('common_name', 'Amazon Root CA 1')])
2020-08-23 01:13:37,978 - using OCSP response cache
2020-08-23 01:13:37,981 - Certificate is attached in Basic OCSP Response
2020-08-23 01:13:37,981 - Verifying the attached certificate is signed by the issuer
2020-08-23 01:13:37,981 - Valid Not After: 2023-06-11 20:44:21+00:00
2020-08-23 01:13:37,984 - Verifying the OCSP response is signed by the issuer.
2020-08-23 01:13:37,987 - Verifying the attached certificate is signed by the issuer. Valid Not After: 2021-12-14 07:00:00+00:00
2020-08-23 01:13:37,988 - hit cache for subject: OrderedDict([('country_name', 'US'), ('state_or_province_name', 'Arizona'), ('locality_name', 'Scottsdale'), ('organization_name', 'Starfield Technologies, Inc.'), ('common_name', 'Starfield Services Root Certificate Authority - G2')])
2020-08-23 01:13:37,988 - using OCSP response cache
2020-08-23 01:13:37,990 - Certificate is attached in Basic OCSP Response
2020-08-23 01:13:37,990 - Verifying the attached certificate is signed by the issuer
2020-08-23 01:13:37,990 - Valid Not After: 2021-12-14 07:00:00+00:00
2020-08-23 01:13:37,992 - Verifying the OCSP response is signed by the issuer.
2020-08-23 01:13:37,995 - writing OCSP response cache file
2020-08-23 01:13:37,995 - encoding OCSP response cache to JSON
2020-08-23 01:13:38,015 - ok
2020-08-23 01:13:38,434 - https://ringcentral.snowflakecomputing.com:443 "POST /session/v1/login-request?request_id=00287d0a-562f-4cb6-8f82-9cd1f2fdf2ff&databaseName=RCUSERS&schemaName=DMITRYMITROFANOV&warehouse=RCUSERS_WH&request_guid=f7310e2c-25e7-4654-b5f0-b40eb62d2c5d HTTP/1.1" 200 1407
2020-08-23 01:13:38,434 - SUCCESS
2020-08-23 01:13:38,434 - Active requests sessions: 0, idle: 1
2020-08-23 01:13:38,434 - ret[code] = None, after post request
2020-08-23 01:13:38,434 - completed authentication
2020-08-23 01:13:38,434 - token = ******
2020-08-23 01:13:38,435 - master_token = ******
2020-08-23 01:13:38,435 - id_token = NULL
2020-08-23 01:13:38,435 - no ID token is given when try to store temporary credential
2020-08-23 01:13:38,435 - cursor
2020-08-23 01:13:38,435 - merge into KAMALA_ACL t using (select parse_json('{"offset": 19500, "count": 50, "limit": 50, "statuses": [{"id": 1, "name": "scheduled"}, {"id": 2, "name": "sms_confirmation_sent"}, {"id": 3, "name": "cancelled_by_sms"}, {"id": 4, "name": "confirmed"}, {"id": 5, "name": "in_progress"}, {"id": 6, "name": "finished"}, {"id": 7, "name": "cancelled"}, {"id": 8, "name": "missed"}, {"id": 9, "name": "arrived"}], "fields": [{"id": "1", "name": "\u0418\u0441\u043f\u043e\u043b\u043d\u0438\u0442\u0435\u043b\u044c"}, {"id": "2", "name": "\u0421\u0441\u044b\u043b\u043a\u0430 \u043d\u0430 \u043a\u043b\u0438\u0435\u043d\u0442\u0430"}, {"id": "3", "name": "\u0410\u0439\u0434\u0438 \u0430\u043a\u043a\u0430\u0443\u043d\u0442\u0430"}], "orders": [{"id": 6607810, "name": "\u0410\u044d\u0440\u043e\u0439\u043e\u0433\u0430 (90 \u043c\u0438\u043d)", "account_id": 10765, "date_create": 1582872496, "status": 6, "price": "0", "client_id": 1122837, "roistat": "\u043f\u043e\u0441\u0442\u043e\u044f\u043d\u043d\u044b\u0439 \u043a\u043b\u0438\u0435\u043d\u0442", "executor": "\u0421\u043e\u0431\u0435\u043d\u043d\u0438\u043a\u043e\u0432\u0430 \u041e\u043a\u0441\u0430\u043d\u0430 \u042e\u0440\u044c\u0435\u0432\u043d\u0430", "is_sale": false, "appointment_id": 5833285, "fields": {"1": "\u0421\u043e\u0431\u0435\u043d\u043d\u0438\u043a\u043e\u0432\u0430 \u041e\u043a\u0441\u0430\u043d\u0430 \u042e\u0440\u044c\u0435\u0432\u043d\u0430", "2": "https://klientiks.ru/clientix/client/default/id/1122837", "3": 10765}}, {"id": 6607812, "name": "\u0410\u044d\u0440\u043e\u0439\u043e\u0433\u0430 (90 \u043c\u0438\u043d)", "account_id": 10765, "date_create": 1582872499, "status": 6, "price": "0", "client_id": 2877520, "roistat": "\u0438\u043d\u0442\u0435\u0440\u043d\u0435\u0442", "executor": "\u0421\u043e\u0431\u0435\u043d\u043d\u0438\u043a\u043e\u0432\u0430 \u041e\u043a\u0441\u0430\u043d\u0430 \u042e\u0440\u044c\u0435\u0432\u043d\u0430", "is_sale": false, "appointment_id": 5833285, "fields": {"1": "\u0421\u043e\u0431\u0435\u043d\u043d\u0438\u043a\u043e\u0432\u0430 \u041e\u043a\u0441\u0430\u043d\u0430 \u042e\u0440\u044c\u0435\u0432\u043d\u0430", "2": "https://klientiks.ru/clientix/client/default/id/2877520", "3": 10765}}, {"id": 6608043, "name": "\u0410\u044e\u0440\u0432\u0435\u0434\u0430 \u043a\u043e\u043d\u0441\u0443\u043b\u044c\u0442\u0430\u0446\u0438\u044f \u0432\u0440\u0430\u0447\u0430 (60 \u043c\u0438\u043d)", "account_id": 10765, "date_create": 1582873655, "status": 6, "price": "3500", "client_id": 3319006, "roistat": "\u0412\u0445\u043e\u0434\u044f\u0449\u0438\u0439 \u0437\u0432\u043e\u043d\u043e\u043a", "executor": "\u041f\u0440\u0430\u0432\u0438\u043d \u0421\u0443\u0440\u0435\u043d\u0434\u0440\u0430\u043d\u043f\u0438\u043b\u0430\u0439 \u0412\u0430\u0441\u0430\u043d\u0442\u0430\u043a\u0443\u043c\u0430\u0440\u0438", "is_sale": false, "appointment_id": 5851965, "fields": {"1": "\u041f\u0440\u0430\u0432\u0438\u043d \u0421\u0443\u0440\u0435\u043d\u0434\u0440\u0430\u043d\u043f\u0438\u043b\u0430\u0439 \u0412\u0430\u0441\u0430\u043d\u0442\u0430\u043a\u0443\u043c\u0430\u0440\u0438", "2": "https://klientiks.ru/clientix/client/default/id/3319006", "3": 10765}}, {"id": 6609060, "name": "\u0420\u043e\u0437\u043e\u0432\u044f_\u0432\u043e\u0434\u0430_Khadi", "account_id": 10765, "date_create": 1582877952, "status": 6, "price": "400", "client_id": 1108070, "roistat": "\u0438\u043d\u0442\u0435\u0440\u043d\u0435\u0442", "executor": "\u0410\u0445\u043c\u0435\u0434\u043e\u0432\u0430 \u0422\u0430\u0442\u044c\u044f\u043d\u0430 \u041b\u0435\u043e\u043d\u0438\u0434\u043e\u0432\u043d\u0430", "is_sale": true, "appointment_id": 5852875, "fields": {"1": "\u0410\u0445\u043c\u0435\u0434\u043e\u0432\u0430 \u0422\u0430\u0442\u044c\u044f\u043d\u0430 \u041b\u0435\u043e\u043d\u0438\u0434\u043e\u0432\u043d\u0430", "2": "https://klientiks.ru/clientix/client/default/id/1108070", "3": 10765}}, {"id": 6609134, "name": "\u0420\u043e\u0437\u043e\u0432\u044f_\u0432\u043e\u0434\u0430_Khadi", "account_id": 10765, "date_create": 1582878286, "status": 6, "price": "400", "client_id": 1297843, "roistat": "\u0440\u044f\u0434\u043e\u043c \u0436\u0438\u0432\u0435\u0442", "executor": "\u0410\u0445\u043c\u0435\u0434\u043e\u0432\u0430 \u0422\u0430\u0442\u044c\u044f\u043d\u0430 \u041b\u0435\u043e\u043d\u0438\u0434\u043e\u0432\u043d\u0430", "is_sale": true, "appointment_id": 5852970, "fields": {"1": "\u0410\u0445\u043c\u0435\u0434\u043e\u0432\u0430 \u0422\u0430\u0442\u044c\u044f\u043d\u0430 \u041b\u0435\u043e\u043d\u0438\u0434\u043e\u0432\u043d\u0430", "2": "https://klientiks.ru/clientix/client/default/id/1297843", "3": 10765}}, {"id": 6609341, "name": "Chyawanaprasham_Nagarjuna 500g", "account_id": 10765, "date_create": 1582879137, "status": 6, "price": "700", "client_id": 3215797, "roistat": "\u0438\u043d\u0442\u0435\u0440\u043d\u0435\u0442", "executor": "\u0410\u0445\u043c\u0435\u0434\u043e\u0432\u0430 \u0422\u0430\u0442\u044c\u044f\u043d\u0430 \u041b\u0435\u043e\u043d\u0438\u0434\u043e\u0432\u043d\u0430", "is_sale": true, "appointment_id": 5853140, "fields": {"1": "\u0410\u0445\u043c\u0435\u0434\u043e\u0432\u0430 \u0422\u0430\u0442\u044c\u044f\u043d\u0430 \u041b\u0435\u043e\u043d\u0438\u0434\u043e\u0432\u043d\u0430", "2": "https://klientiks.ru/clientix/client/default/id/3215797", "3": 10765}}, {"id": 6609378, "name": "Chyawanaprasham_Nagarjuna 500g", "account_id": 10765, "date_create": 1582879329, "status": 6, "price": "700", "client_id": 3014911, "roistat": "\u043e\u0442 \u0437\u043d\u0430\u043a\u043e\u043c\u044b\u0445", "executor": "\u0410\u0445\u043c\u0435\u0434\u043e\u0432\u0430 \u0422\u0430\u0442\u044c\u044f\u043d\u0430 \u041b\u0435\u043e\u043d\u0438\u0434\u043e\u0432\u043d\u0430", "is_sale": true, "appointment_id": 5853176, "fields": {"1": "\u0410\u0445\u043c\u0435\u0434\u043e\u0432\u0430 \u0422\u0430\u0442\u044c\u044f\u043d\u0430 \u041b\u0435\u043e\u043d\u0438\u0434\u043e\u0432\u043d\u0430", "2": "https://klientiks.ru/clientix/client/default/id/3014911", "3": 10765}}, {"id": 6609424, "name": "Itone_eye_drop_\u043a\u0430\u043f\u043b\u0438,Chyawanaprasham_Nagarjuna 500g,Chyawanaprasham_Nagarjuna 500g,Itone_eye_drop_\u043a\u0430\u043f\u043b\u0438", "account_id": 10765, "date_create": 1582879528, "status": 6, "price": "980", "client_id": 3058502, "roistat": "\u043e\u0442 \u0437\u043d\u0430\u043a\u043e\u043c\u044b\u0445", "executor": "\u0410\u0445\u043c\u0435\u0434\u043e\u0432\u0430 \u0422\u0430\u0442\u044c\u044f\u043d\u0430 \u041b\u0435\u043e\u043d\u0438\u0434\u043e\u0432\u043d\u0430", "is_sale": true, "appointment_id": 5853219, "fields": {"1": "\u0410\u0445\u043c\u0435\u0434\u043e\u0432\u0430 \u0422\u0430\u0442\u044c\u044f\u043d\u0430 \u041b\u0435\u043e\u043d\u0438\u0434\u043e\u0432\u043d\u0430", "2": "https://klientiks.ru/clientix/client/default/id/3058502", "3": 10765}}, {"id": 6609494, "name": "\u0410\u044d\u0440\u043e\u0439\u043e\u0433\u0430 (90 \u043c\u0438\u043d)", "account_id": 10765, "date_create": 1582879922, "status": 6, "price": "0", "client_id": 3144287, "roistat": "\u0438\u043d\u0442\u0435\u0440\u043d\u0435\u0442", "executor": "\u0421\u043e\u0431\u0435\u043d\u043d\u0438\u043a\u043e\u0432\u0430 \u041e\u043a\u0441\u0430\u043d\u0430 \u042e\u0440\u044c\u0435\u0432\u043d\u0430", "is_sale": false, "appointment_id": 5833242, "fields": {"1": "\u0421\u043e\u0431\u0435\u043d\u043d\u0438\u043a\u043e\u0432\u0430 \u041e\u043a\u0441\u0430\u043d\u0430 \u042e\u0440\u044c\u0435\u0432\u043d\u0430", "2": "https://klientiks.ru/clientix/client/default/id/3144287", "3": 10765}}, {"id": 6609665, "name": "\u0410\u044d\u0440\u043e\u0439\u043e\u0433\u0430 (90 \u043c\u0438\u043d)", "account_id": 10765, "date_create": 1582880922, "status": 6, "price": "0", "client_id": 1108070, "roistat": "\u0438\u043d\u0442\u0435\u0440\u043d\u0435\u0442", "executor": "\u0421\u043e\u0431\u0435\u043d\u043d\u0438\u043a\u043e\u0432\u0430 \u041e\u043a\u0441\u0430\u043d\u0430 \u042e\u0440\u044c\u0435\u0432\u043d\u0430", "is_sale": false, "appointment_id": 5833243, "fields": {"1": "\u0421\u043e\u0431\u0435\u043d\u043d\u0438\u043a\u043e\u0432\u0430 \u041e\u043a\u0441\u0430\u043d\u0430 \u042e\u0440\u044c\u0435\u0432\u043d\u0430", "2": "https://klientiks.ru/clientix/client/default/id/1108070", "3": 10765}}, {"id": 6609667, "name": "\u0410\u044d\u0440\u043e\u0439\u043e\u0433\u0430 (90 \u043c\u0438\u043d)", "account_id": 10765, "date_create": 1582880934, "status": 6, "price": "0", "client_id": 3014911, "roistat": "\u043e\u0442 \u0437\u043d\u0430\u043a\u043e\u043c\u044b\u0445", "executor": "\u0421\u043e\u0431\u0435\u043d\u043d\u0438\u043a\u043e\u0432\u0430 \u041e\u043a\u0441\u0430\u043d\u0430 \u042e\u0440\u044c\u0435\u0432\u043d\u0430", "is_sale": false, "appointment_id": 5833243, "fields": {"1": "\u0421\u043e\u0431\u0435\u043d\u043d\u0438\u043a\u043e\u0432\u0430 \u041e\u043a\u0441\u0430\u043d\u0430 \u042e\u0440\u044c\u0435\u0432\u043d\u0430", "2": "https://klientiks.ru/clientix/client/default/id/3014911", "3": 10765}}, {"id": 6609779, "name": "Drakshadi_kashayam_200ml", "account_id": 10765, "date_create": 1582881396, "status": 6, "price": "850", "client_id": 3188843, "roistat": "\u0438\u043d\u0442\u0435\u0440\u043d\u0435\u0442", "executor": "\u0410\u0445\u043c\u0435\u0434\u043e\u0432\u0430 \u0422\u0430\u0442\u044c\u044f\u043d\u0430 \u041b\u0435\u043e\u043d\u0438\u0434\u043e\u0432\u043d\u0430", "is_sale": true, "appointment_id": 5853564, "fields": {"1": "\u0410\u0445\u043c\u0435\u0434\u043e\u0432\u0430 \u0422\u0430\u0442\u044c\u044f\u043d\u0430 \u041b\u0435\u043e\u043d\u0438\u0434\u043e\u0432\u043d\u0430", "2": "https://klientiks.ru/clientix/client/default/id/3188843", "3": 10765}}, {"id": 6609863, "name": "\u0428\u0438\u0440\u043e\u0434\u0445\u0430\u0440\u0430 (60 \u043c\u0438\u043d. \u0441\u0442\u0440\u0443\u044f\u0449\u0435\u0435\u0441\u044f \u043c\u0430\u0441\u043b\u043e \u043d\u0430 \u043b\u043e\u0431),\u0423\u043c\u0430\u0441\u043b\u0438\u0432\u0430\u043d\u0438\u0435  (30 \u043c\u0438\u043d.),\u0423\u043c\u0430\u0441\u043b\u0438\u0432\u0430\u043d\u0438\u0435  (30 \u043c\u0438\u043d.),\u0428\u0438\u0440\u043e\u0434\u0445\u0430\u0440\u0430 (60 \u043c\u0438\u043d. \u0441\u0442\u0440\u0443\u044f\u0449\u0435\u0435\u0441\u044f \u043c\u0430\u0441\u043b\u043e \u043d\u0430 \u043b\u043e\u0431)", "account_id": 10765, "date_create": 1582881858, "status": 6, "price": "0", "client_id": 3058502, "roistat": "\u043e\u0442 \u0437\u043d\u0430\u043a\u043e\u043c\u044b\u0445", "executor": "\u0424\u0438\u043b\u0438\u043f \u0412\u0438\u043c\u0430\u043b\u0430 \u0412\u0438\u043f\u0438\u043d", "is_sale": false, "appointment_id": 5853640, "fields": {"1": "\u0424\u0438\u043b\u0438\u043f \u0412\u0438\u043c\u0430\u043b\u0430 \u0412\u0438\u043f\u0438\u043d", "2": "https://klientiks.ru/clientix/client/default/id/3058502", "3": 10765}}, {"id": 6610697, "name": "\u0410\u044e\u0440\u0432\u0435\u0434\u0430 \u043a\u043e\u043d\u0441\u0443\u043b\u044c\u0442\u0430\u0446\u0438\u044f \u0432\u0440\u0430\u0447\u0430 (60 \u043c\u0438\u043d)", "account_id": 10765, "date_create": 1582886384, "status": 7, "price": null, "client_id": 3321057, "roistat": "\u0432\u043a", "executor": "\u041f\u0440\u0430\u0432\u0438\u043d \u0421\u0443\u0440\u0435\u043d\u0434\u0440\u0430\u043d\u043f\u0438\u043b\u0430\u0439 \u0412\u0430\u0441\u0430\u043d\u0442\u0430\u043a\u0443\u043c\u0430\u0440\u0438", "is_sale": false, "appointment_id": 5854476, "fields": {"1": "\u041f\u0440\u0430\u0432\u0438\u043d \u0421\u0443\u0440\u0435\u043d\u0434\u0440\u0430\u043d\u043f\u0438\u043b\u0430\u0439 \u0412\u0430\u0441\u0430\u043d\u0442\u0430\u043a\u0443\u043c\u0430\u0440\u0438", "2": "https://klientiks.ru/clientix/client/default/id/3321057", "3": 10765}}, {"id": 6611326, "name": "\u0410\u044e\u0440\u0432\u0435\u0434\u0430 \u043f\u043e\u0432\u0442\u043e\u0440\u043d\u0430\u044f \u043a\u043e\u043d\u0441\u0443\u043b\u044c\u0442\u0430\u0446\u0438\u044f \u0434\u043e\u043a\u0442\u043e\u0440\u0430 \u0412\u0430\u0440\u0443\u043d (30 \u043c\u0438\u043d.)", "account_id": 10765, "date_create": 1582889618, "status": 6, "price": "2000", "client_id": 2542180, "roistat": "\u043e\u0442 \u0437\u043d\u0430\u043a\u043e\u043c\u044b\u0445", "executor": "\u0412\u0430\u0440\u0443\u043d", "is_sale": false, "appointment_id": 5855067, "fields": {"1": "\u0412\u0430\u0440\u0443\u043d", "2": "https://klientiks.ru/clientix/client/default/id/2542180", "3": 10765}}, {"id": 6611774, "name": "\u0410\u044d\u0440\u043e\u0439\u043e\u0433\u0430 (90 \u043c\u0438\u043d)", "account_id": 10765, "date_create": 1582891766, "status": 6, "price": "0", "client_id": 1122031, "roistat": "\u0441\u043e\u0442\u0440\u0443\u0434\u043d\u0438\u043a", "executor": "\u0421\u043e\u0431\u0435\u043d\u043d\u0438\u043a\u043e\u0432\u0430 \u041e\u043a\u0441\u0430\u043d\u0430 \u042e\u0440\u044c\u0435\u0432\u043d\u0430", "is_sale": false, "appointment_id": 5543994, "fields": {"1": "\u0421\u043e\u0431\u0435\u043d\u043d\u0438\u043a\u043e\u0432\u0430 \u041e\u043a\u0441\u0430\u043d\u0430 \u042e\u0440\u044c\u0435\u0432\u043d\u0430", "2": "https://klientiks.ru/clientix/client/default/id/1122031", "3": 10765}}, {"id": 6611781, "name": "\u0410\u044d\u0440\u043e\u0439\u043e\u0433\u0430 (90 \u043c\u0438\u043d)", "account_id": 10765, "date_create": 1582891793, "status": 6, "price": "0", "client_id": 1109904, "roistat": "\u0441\u043e\u0442\u0440\u0443\u0434\u043d\u0438\u043a", "executor": "\u0421\u043e\u0431\u0435\u043d\u043d\u0438\u043a\u043e\u0432\u0430 \u041e\u043a\u0441\u0430\u043d\u0430 \u042e\u0440\u044c\u0435\u0432\u043d\u0430", "is_sale": false, "appointment_id": 5833284, "fields": {"1": "\u0421\u043e\u0431\u0435\u043d\u043d\u0438\u043a\u043e\u0432\u0430 \u041e\u043a\u0441\u0430\u043d\u0430 \u042e\u0440\u044c\u0435\u0432\u043d\u0430", "2": "https://klientiks.ru/clientix/client/default/id/1109904", "3": 10765}}, {"id": 6612051, "name": "\u0410\u044e\u0440\u0432\u0435\u0434\u0430 \u043f\u043e\u0432\u0442\u043e\u0440\u043d\u0430\u044f \u043a\u043e\u043d\u0441\u0443\u043b\u044c\u0442\u0430\u0446\u0438\u044f \u0432\u0440\u0430\u0447\u0430 \u0432 \u043d\u0430\u0437\u043d\u0430\u0447\u0435\u043d\u043d\u044b\u0439 \u0441\u0440\u043e\u043a (30 \u043c\u0438\u043d)", "account_id": 10765, "date_create": 1582893369, "status": 6, "price": "2000", "client_id": 1122769, "roistat": "\u0412\u0445\u043e\u0434\u044f\u0449\u0438\u0439 \u0437\u0432\u043e\u043d\u043e\u043a", "executor": "\u041f\u0440\u0430\u0432\u0438\u043d \u0421\u0443\u0440\u0435\u043d\u0434\u0440\u0430\u043d\u043f\u0438\u043b\u0430\u0439 \u0412\u0430\u0441\u0430\u043d\u0442\u0430\u043a\u0443\u043c\u0430\u0440\u0438", "is_sale": false, "appointment_id": 5855752, "fields": {"1": "\u041f\u0440\u0430\u0432\u0438\u043d \u0421\u0443\u0440\u0435\u043d\u0434\u0440\u0430\u043d\u043f\u0438\u043b\u0430\u0439 \u0412\u0430\u0441\u0430\u043d\u0442\u0430\u043a\u0443\u043c\u0430\u0440\u0438", "2": "https://klientiks.ru/clientix/client/default/id/1122769", "3": 10765}}, {"id": 6612512, "name": "\u0410\u044e\u0440\u0432\u0435\u0434\u0430 \u043f\u043e\u0432\u0442\u043e\u0440\u043d\u0430\u044f  \u043a\u043e\u043d\u0441\u0443\u043b\u044c\u0442\u0430\u0446\u0438\u044f \u0432\u0440\u0430\u0447\u0430 (30 \u043c\u0438\u043d)", "account_id": 10765, "date_create": 1582895755, "status": 7, "price": null, "client_id": 2758536, "roistat": "\u043e\u0442 \u0437\u043d\u0430\u043a\u043e\u043c\u044b\u0445", "executor": "\u041f\u0440\u0430\u0432\u0438\u043d \u0421\u0443\u0440\u0435\u043d\u0434\u0440\u0430\u043d\u043f\u0438\u043b\u0430\u0439 \u0412\u0430\u0441\u0430\u043d\u0442\u0430\u043a\u0443\u043c\u0430\u0440\u0438", "is_sale": false, "appointment_id": 5856150, "fields": {"1": "\u041f\u0440\u0430\u0432\u0438\u043d \u0421\u0443\u0440\u0435\u043d\u0434\u0440\u0430\u043d\u043f\u0438\u043b\u0430\u0439 \u0412\u0430\u0441\u0430\u043d\u0442\u0430\u043a\u0443\u043c\u0430\u0440\u0438", "2": "https://klientiks.ru/clientix/client/default/id/2758536", "3": 10765}}, {"id": 6613111, "name": "Sukumara_Kashayam_200 ml", "account_id": 10765, "date_create": 1582899890, "status": 6, "price": "800", "client_id": 3258794, "roistat": "\u0412\u0445\u043e\u0434\u044f\u0449\u0438\u0439 \u0437\u0432\u043e\u043d\u043e\u043a", "executor": "\u0410\u0445\u043c\u0435\u0434\u043e\u0432\u0430 \u0422\u0430\u0442\u044c\u044f\u043d\u0430 \u041b\u0435\u043e\u043d\u0438\u0434\u043e\u0432\u043d\u0430", "is_sale": true, "appointment_id": 5856720, "fields": {"1": "\u0410\u0445\u043c\u0435\u0434\u043e\u0432\u0430 \u0422\u0430\u0442\u044c\u044f\u043d\u0430 \u041b\u0435\u043e\u043d\u0438\u0434\u043e\u0432\u043d\u0430", "2": "https://klientiks.ru/clientix/client/default/id/3258794", "3": 10765}}, {"id": 6613142, "name": "\u0410\u044d\u0440\u043e\u0439\u043e\u0433\u0430 (90 \u043c\u0438\u043d)", "account_id": 10765, "date_create": 1582900096, "status": 6, "price": "800", "client_id": 3244018, "roistat": "\u0438\u043d\u0442\u0435\u0440\u043d\u0435\u0442", "executor": "\u0412\u043b\u0430\u0441\u043e\u0432\u0430 \u0415\u043b\u0435\u043d\u0430 \u0421\u0435\u0440\u0433\u0435\u0435\u0432\u043d\u0430", "is_sale": false, "appointment_id": 5762040, "fields": {"1": "\u0412\u043b\u0430\u0441\u043e\u0432\u0430 \u0415\u043b\u0435\u043d\u0430 \u0421\u0435\u0440\u0433\u0435\u0435\u0432\u043d\u0430", "2": "https://klientiks.ru/clientix/client/default/id/3244018", "3": 10765}}, {"id": 6613439, "name": "\u0428\u0430\u043c\u043f\u0443\u043d\u044c_Trichup,\u041a\u0430\u0440\u0434\u043e\u043c\u043e\u043d_\u0437\u0435\u043b\u0435\u043d\u044b\u0439,Brahmarasayanam_200ml,\u0428\u0430\u043c\u043f\u0443\u043d\u044c_Trichup,\u041a\u0430\u0440\u0434\u043e\u043c\u043e\u043d_\u0437\u0435\u043b\u0435\u043d\u044b\u0439,Brahmarasayanam_200ml,\u0428\u0430\u043c\u043f\u0443\u043d\u044c_Trichup,Brahmarasayanam_200ml,\u041a\u0430\u0440\u0434\u043e\u043c\u043e\u043d_\u0437\u0435\u043b\u0435\u043d\u044b\u0439", "account_id": 10765, "date_create": 1582901878, "status": 6, "price": "1250", "client_id": 3276868, "roistat": "\u0412\u0445\u043e\u0434\u044f\u0449\u0438\u0439 \u0437\u0432\u043e\u043d\u043e\u043a", "executor": "\u0410\u0445\u043c\u0435\u0434\u043e\u0432\u0430 \u0422\u0430\u0442\u044c\u044f\u043d\u0430 \u041b\u0435\u043e\u043d\u0438\u0434\u043e\u0432\u043d\u0430", "is_sale": true, "appointment_id": 5857007, "fields": {"1": "\u0410\u0445\u043c\u0435\u0434\u043e\u0432\u0430 \u0422\u0430\u0442\u044c\u044f\u043d\u0430 \u041b\u0435\u043e\u043d\u0438\u0434\u043e\u0432\u043d\u0430", "2": "https://klientiks.ru/clientix/client/default/id/3276868", "3": 10765}}, {"id": 6613600, "name": "Arjunarishtam_450ml", "account_id": 10765, "date_create": 1582902783, "status": 6, "price": "835", "client_id": 2623071, "roistat": "\u0441\u043e\u0442\u0440\u0443\u0434\u043d\u0438\u043a", "executor": "\u0410\u0445\u043c\u0435\u0434\u043e\u0432\u0430 \u0422\u0430\u0442\u044c\u044f\u043d\u0430 \u041b\u0435\u043e\u043d\u0438\u0434\u043e\u0432\u043d\u0430", "is_sale": true, "appointment_id": 5857122, "fields": {"1": "\u0410\u0445\u043c\u0435\u0434\u043e\u0432\u0430 \u0422\u0430\u0442\u044c\u044f\u043d\u0430 \u041b\u0435\u043e\u043d\u0438\u0434\u043e\u0432\u043d\u0430", "2": "https://klientiks.ru/clientix/client/default/id/2623071", "3": 10765}}, {"id": 6614597, "name": "\u0410\u044e\u0440\u0432\u0435\u0434\u0430 \u043f\u043e\u0432\u0442\u043e\u0440\u043d\u0430\u044f \u043a\u043e\u043d\u0441\u0443\u043b\u044c\u0442\u0430\u0446\u0438\u044f \u0432\u0440\u0430\u0447\u0430 \u0432 \u043d\u0430\u0437\u043d\u0430\u0447\u0435\u043d\u043d\u044b\u0439 \u0441\u0440\u043e\u043a (30 \u043c\u0438\u043d)", "account_id": 10765, "date_create": 1582905636, "status": 6, "price": "2000", "client_id": 1383790, "roistat": "\u0421\u043e\u0432\u0435\u0442 \u0414\u0440\u0443\u0437\u0435\u0439", "executor": "\u041f\u0440\u0430\u0432\u0438\u043d \u0421\u0443\u0440\u0435\u043d\u0434\u0440\u0430\u043d\u043f\u0438\u043b\u0430\u0439 \u0412\u0430\u0441\u0430\u043d\u0442\u0430\u043a\u0443\u043c\u0430\u0440\u0438", "is_sale": false, "appointment_id": 5857428, "fields": {"1": "\u041f\u0440\u0430\u0432\u0438\u043d \u0421\u0443\u0440\u0435\u043d\u0434\u0440\u0430\u043d\u043f\u0438\u043b\u0430\u0439 \u0412\u0430\u0441\u0430\u043d\u0442\u0430\u043a\u0443\u043c\u0430\u0440\u0438", "2": "https://klientiks.ru/clientix/client/default/id/1383790", "3": 10765}}, {"id": 6614744, "name": "\u041a\u0430\u043b\u0430\u0440\u0438 \u043c\u0430\u0441\u0441\u0430\u0436 (60 \u043c\u0438\u043d. \u043d\u043e\u0436\u043d\u043e\u0439 \u043c\u0430\u0441\u043b\u044f\u043d\u044b\u0439 \u043c\u0430\u0441\u0441\u0430\u0436)", "account_id": 10765, "date_create": 1582906765, "status": 6, "price": "0", "client_id": 2936299, "roistat": "\u0412\u0445\u043e\u0434\u044f\u0449\u0438\u0439 \u0437\u0432\u043e\u043d\u043e\u043a,\u043e\u0442 \u0437\u043d\u0430\u043a\u043e\u043c\u044b\u0445", "executor": "\u0424\u0438\u043b\u0438\u043f \u0412\u0438\u043c\u0430\u043b\u0430 \u0412\u0438\u043f\u0438\u043d", "is_sale": false, "appointment_id": 5857568, "fields": {"1": "\u0424\u0438\u043b\u0438\u043f \u0412\u0438\u043c\u0430\u043b\u0430 \u0412\u0438\u043f\u0438\u043d", "2": "https://klientiks.ru/clientix/client/default/id/2936299", "3": 10765}}, {"id": 6614748, "name": "\u0410\u0431\u0445\u044a\u044f\u043d\u0433\u0430 \u043c\u0430\u0441\u0441\u0430\u0436 (60 \u043c\u0438\u043d. \u0440\u0443\u0447\u043d\u043e\u0439 \u043c\u0430\u0441\u043b\u044f\u043d\u044b\u0439 \u043c\u0430\u0441\u0441\u0430\u0436 \u0432 2 \u0440\u0443\u043a\u0438)", "account_id": 10765, "date_create": 1582906812, "status": 6, "price": "0", "client_id": 2936299, "roistat": "\u0412\u0445\u043e\u0434\u044f\u0449\u0438\u0439 \u0437\u0432\u043e\u043d\u043e\u043a,\u043e\u0442 \u0437\u043d\u0430\u043a\u043e\u043c\u044b\u0445", "executor": "\u041d\u0438\u0431\u0438\u043d \u041a\u043e\u0434\u0430\u0442 \u0414\u0438\u043d\u0435\u0441\u0430\u043d", "is_sale": false, "appointment_id": 5857573, "fields": {"1": "\u041d\u0438\u0431\u0438\u043d \u041a\u043e\u0434\u0430\u0442 \u0414\u0438\u043d\u0435\u0441\u0430\u043d", "2": "https://klientiks.ru/clientix/client/default/id/2936299", "3": 10765}}, {"id": 6614839, "name": "\u0423\u043c\u0430\u0441\u043b\u0438\u0432\u0430\u043d\u0438\u0435  (30 \u043c\u0438\u043d.)", "account_id": 10765, "date_create": 1582907560, "status": 6, "price": "1440", "client_id": 1123631, "roistat": "\u043f\u043e\u0441\u0442\u043e\u044f\u043d\u043d\u044b\u0439 \u043a\u043b\u0438\u0435\u043d\u0442", "executor": "\u0428\u0440\u0438\u0442\u0430", "is_sale": false, "appointment_id": 5857654, "fields": {"1": "\u0428\u0440\u0438\u0442\u0430", "2": "https://klientiks.ru/clientix/client/default/id/1123631", "3": 10765}}, {"id": 6614872, "name": "\u0423\u043c\u0430\u0441\u043b\u0438\u0432\u0430\u043d\u0438\u0435  (30 \u043c\u0438\u043d.)", "account_id": 10765, "date_create": 1582908126, "status": 6, "price": "1440", "client_id": 1123631, "roistat": "\u043f\u043e\u0441\u0442\u043e\u044f\u043d\u043d\u044b\u0439 \u043a\u043b\u0438\u0435\u043d\u0442", "executor": "\u0428\u0440\u0438\u0442\u0430", "is_sale": false, "appointment_id": 5857693, "fields": {"1": "\u0428\u0440\u0438\u0442\u0430", "2": "https://klientiks.ru/clientix/client/default/id/1123631", "3": 10765}}, {"id": 6614880, "name": "Koflet_1_\u043a\u043e\u043d\u0444\u0435\u0442\u0430", "account_id": 10765, "date_create": 1582908200, "status": 6, "price": "150", "client_id": 1123631, "roistat": "\u043f\u043e\u0441\u0442\u043e\u044f\u043d\u043d\u044b\u0439 \u043a\u043b\u0438\u0435\u043d\u0442", "executor": "\u0410\u0445\u043c\u0435\u0434\u043e\u0432\u0430 \u0422\u0430\u0442\u044c\u044f\u043d\u0430 \u041b\u0435\u043e\u043d\u0438\u0434\u043e\u0432\u043d\u0430", "is_sale": true, "appointment_id": 5857701, "fields": {"1": "\u0410\u0445\u043c\u0435\u0434\u043e\u0432\u0430 \u0422\u0430\u0442\u044c\u044f\u043d\u0430 \u041b\u0435\u043e\u043d\u0438\u0434\u043e\u0432\u043d\u0430", "2": "https://klientiks.ru/clientix/client/default/id/1123631", "3": 10765}}, {"id": 6614887, "name": "\u041a\u0430\u043b\u0430\u0440\u0438 \u043c\u0430\u0441\u0441\u0430\u0436 (60 \u043c\u0438\u043d. \u043d\u043e\u0436\u043d\u043e\u0439 \u043c\u0430\u0441\u043b\u044f\u043d\u044b\u0439 \u043c\u0430\u0441\u0441\u0430\u0436)", "account_id": 10765, "date_create": 1582908326, "status": 6, "price": "0", "client_id": 2936299, "roistat": "\u0412\u0445\u043e\u0434\u044f\u0449\u0438\u0439 \u0437\u0432\u043e\u043d\u043e\u043a,\u043e\u0442 \u0437\u043d\u0430\u043a\u043e\u043c\u044b\u0445", "executor": "\u0424\u0438\u043b\u0438\u043f \u0412\u0438\u043c\u0430\u043b\u0430 \u0412\u0438\u043f\u0438\u043d", "is_sale": false, "appointment_id": 5857708, "fields": {"1": "\u0424\u0438\u043b\u0438\u043f \u0412\u0438\u043c\u0430\u043b\u0430 \u0412\u0438\u043f\u0438\u043d", "2": "https://klientiks.ru/clientix/client/default/id/2936299", "3": 10765}}, {"id": 6614892, "name": "\u041a\u0430\u043b\u0430\u0440\u0438 \u043c\u0430\u0441\u0441\u0430\u0436 (60 \u043c\u0438\u043d. \u043d\u043e\u0436\u043d\u043e\u0439 \u043c\u0430\u0441\u043b\u044f\u043d\u044b\u0439 \u043c\u0430\u0441\u0441\u0430\u0436)", "account_id": 10765, "date_create": 1582908371, "status": 7, "price": null, "client_id": 2936299, "roistat": "\u0412\u0445\u043e\u0434\u044f\u0449\u0438\u0439 \u0437\u0432\u043e\u043d\u043e\u043a,\u043e\u0442 \u0437\u043d\u0430\u043a\u043e\u043c\u044b\u0445", "executor": "\u0424\u0438\u043b\u0438\u043f \u0412\u0438\u043c\u0430\u043b\u0430 \u0412\u0438\u043f\u0438\u043d", "is_sale": false, "appointment_id": 5857714, "fields": {"1": "\u0424\u0438\u043b\u0438\u043f \u0412\u0438\u043c\u0430\u043b\u0430 \u0412\u0438\u043f\u0438\u043d", "2": "https://klientiks.ru/clientix/client/default/id/2936299", "3": 10765}}, {"id": 6616355, "name": "\u0410\u0431\u0445\u044a\u044f\u043d\u0433\u0430 \u043c\u0430\u0441\u0441\u0430\u0436 (60 \u043c\u0438\u043d. \u0440\u0443\u0447\u043d\u043e\u0439 \u043c\u0430\u0441\u043b\u044f\u043d\u044b\u0439 \u043c\u0430\u0441\u0441\u0430\u0436 \u0432 2 \u0440\u0443\u043a\u0438),\u041c\u0443\u043a\u0445\u0430\u0431\u0445\u044a\u044f\u043d\u0433\u0430 (30 \u043c\u0438\u043d. \u043c\u0430\u0441\u0441\u0430\u0436 \u043b\u0438\u0446\u0430),\u0410\u0431\u0445\u044a\u044f\u043d\u0433\u0430 \u043c\u0430\u0441\u0441\u0430\u0436 (60 \u043c\u0438\u043d. \u0440\u0443\u0447\u043d\u043e\u0439 \u043c\u0430\u0441\u043b\u044f\u043d\u044b\u0439 \u043c\u0430\u0441\u0441\u0430\u0436 \u0432 2 \u0440\u0443\u043a\u0438),\u041c\u0443\u043a\u0445\u0430\u0431\u0445\u044a\u044f\u043d\u0433\u0430 (30 \u043c\u0438\u043d. \u043c\u0430\u0441\u0441\u0430\u0436 \u043b\u0438\u0446\u0430)", "account_id": 10765, "date_create": 1582958255, "status": 6, "price": "4400", "client_id": 2942716, "roistat": "\u0412\u0445\u043e\u0434\u044f\u0449\u0438\u0439 \u0437\u0432\u043e\u043d\u043e\u043a", "executor": "\u0428\u0440\u0438\u0442\u0430", "is_sale": false, "appointment_id": 5858940, "fields": {"1": "\u0428\u0440\u0438\u0442\u0430", "2": "https://klientiks.ru/clientix/client/default/id/2942716", "3": 10765}}, {"id": 6616633, "name": "\u0410\u044e\u0440\u0432\u0435\u0434\u0430 \u043a\u043e\u043d\u0441\u0443\u043b\u044c\u0442\u0430\u0446\u0438\u044f \u0432\u0440\u0430\u0447\u0430 (60 \u043c\u0438\u043d)", "account_id": 10765, "date_create": 1582960279, "status": 7, "price": null, "client_id": 3332399, "roistat": "\u0412\u0445\u043e\u0434\u044f\u0449\u0438\u0439 \u0437\u0432\u043e\u043d\u043e\u043a,\u0418\u043d\u0442\u0435\u0440\u043d\u0435\u0442", "executor": "\u041f\u0440\u0430\u0432\u0438\u043d \u0421\u0443\u0440\u0435\u043d\u0434\u0440\u0430\u043d\u043f\u0438\u043b\u0430\u0439 \u0412\u0430\u0441\u0430\u043d\u0442\u0430\u043a\u0443\u043c\u0430\u0440\u0438", "is_sale": false, "appointment_id": 5859207, "fields": {"1": "\u041f\u0440\u0430\u0432\u0438\u043d \u0421\u0443\u0440\u0435\u043d\u0434\u0440\u0430\u043d\u043f\u0438\u043b\u0430\u0439 \u0412\u0430\u0441\u0430\u043d\u0442\u0430\u043a\u0443\u043c\u0430\u0440\u0438", "2": "https://klientiks.ru/clientix/client/default/id/3332399", "3": 10765}}, {"id": 6617138, "name": "Tiktaka_Kwatham_100tab", "account_id": 10765, "date_create": 1582962755, "status": 6, "price": "1250", "client_id": 2695457, "roistat": "\u043e\u0442 \u0437\u043d\u0430\u043a\u043e\u043c\u044b\u0445", "executor": "\u0410\u0445\u043c\u0435\u0434\u043e\u0432\u0430 \u0422\u0430\u0442\u044c\u044f\u043d\u0430 \u041b\u0435\u043e\u043d\u0438\u0434\u043e\u0432\u043d\u0430", "is_sale": true, "appointment_id": 5859697, "fields": {"1": "\u0410\u0445\u043c\u0435\u0434\u043e\u0432\u0430 \u0422\u0430\u0442\u044c\u044f\u043d\u0430 \u041b\u0435\u043e\u043d\u0438\u0434\u043e\u0432\u043d\u0430", "2": "https://klientiks.ru/clientix/client/default/id/2695457", "3": 10765}}, {"id": 6617942, "name": "\u041a\u043e\u043d\u0441\u0443\u043b\u044c\u0442\u0430\u0446\u0438\u044f \u0430\u0441\u0442\u0440\u043e\u043b\u043e\u0433\u0430 \u0420\u0430\u0433\u0445\u0443\u043d\u0430\u0442\u0445  \u0441\u043a\u0430\u0439\u043f", "account_id": 10765, "date_create": 1582966621, "status": 7, "price": null, "client_id": 3325787, "roistat": "\u0412\u0445\u043e\u0434\u044f\u0449\u0438\u0439 \u0437\u0432\u043e\u043d\u043e\u043a,\u0418\u043d\u0442\u0435\u0440\u043d\u0435\u0442", "executor": "\u0420\u0430\u0433\u0445\u0443\u043d\u0430\u0442\u0445 \u041c\u0435\u043d\u043e\u043d", "is_sale": false, "appointment_id": 5860448, "fields": {"1": "\u0420\u0430\u0433\u0445\u0443\u043d\u0430\u0442\u0445 \u041c\u0435\u043d\u043e\u043d", "2": "https://klientiks.ru/clientix/client/default/id/3325787", "3": 10765}}, {"id": 6618358, "name": "\u0410\u044e\u0440\u0432\u0435\u0434\u0430 \u043a\u043e\u043d\u0441\u0443\u043b\u044c\u0442\u0430\u0446\u0438\u044f \u0432\u0440\u0430\u0447\u0430 (60 \u043c\u0438\u043d)", "account_id": 10765, "date_create": 1582968635, "status": 6, "price": "3200", "client_id": 3332878, "roistat": "\u0412\u0445\u043e\u0434\u044f\u0449\u0438\u0439 \u0437\u0432\u043e\u043d\u043e\u043a", "executor": "\u041f\u0440\u0430\u0432\u0438\u043d \u0421\u0443\u0440\u0435\u043d\u0434\u0440\u0430\u043d\u043f\u0438\u043b\u0430\u0439 \u0412\u0430\u0441\u0430\u043d\u0442\u0430\u043a\u0443\u043c\u0430\u0440\u0438", "is_sale": false, "appointment_id": 5860861, "fields": {"1": "\u041f\u0440\u0430\u0432\u0438\u043d \u0421\u0443\u0440\u0435\u043d\u0434\u0440\u0430\u043d\u043f\u0438\u043b\u0430\u0439 \u0412\u0430\u0441\u0430\u043d\u0442\u0430\u043a\u0443\u043c\u0430\u0440\u0438", "2": "https://klientiks.ru/clientix/client/default/id/3332878", "3": 10765}}, {"id": 6618409, "name": "\u0410\u044e\u0440\u0432\u0435\u0434\u0430 \u043a\u043e\u043d\u0441\u0443\u043b\u044c\u0442\u0430\u0446\u0438\u044f \u0432\u0440\u0430\u0447\u0430 (60 \u043c\u0438\u043d)", "account_id": 10765, "date_create": 1582968860, "status": 6, "price": "3200", "client_id": 3332903, "roistat": "\u0412\u0445\u043e\u0434\u044f\u0449\u0438\u0439 \u0437\u0432\u043e\u043d\u043e\u043a,\u0418\u043d\u0442\u0435\u0440\u043d\u0435\u0442", "executor": "\u041f\u0440\u0430\u0432\u0438\u043d \u0421\u0443\u0440\u0435\u043d\u0434\u0440\u0430\u043d\u043f\u0438\u043b\u0430\u0439 \u0412\u0430\u0441\u0430\u043d\u0442\u0430\u043a\u0443\u043c\u0430\u0440\u0438", "is_sale": false, "appointment_id": 5860916, "fields": {"1": "\u041f\u0440\u0430\u0432\u0438\u043d \u0421\u0443\u0440\u0435\u043d\u0434\u0440\u0430\u043d\u043f\u0438\u043b\u0430\u0439 \u0412\u0430\u0441\u0430\u043d\u0442\u0430\u043a\u0443\u043c\u0430\u0440\u0438", "2": "https://klientiks.ru/clientix/client/default/id/3332903", "3": 10765}}, {"id": 6618428, "name": "\u041a\u0443\u043d\u0436\u0443\u0442\u043d\u043e\u0435_\u043c\u0430\u0441\u043b\u043e_\u041a\u0430\u043c\u0430\u043b\u0430,Septilin_Himalaya_60 tab,Drakshadi_kashayam_200ml,\u041a\u0443\u043d\u0436\u0443\u0442\u043d\u043e\u0435_\u043c\u0430\u0441\u043b\u043e_\u041a\u0430\u043c\u0430\u043b\u0430,Avipathi_choornam_30g,Ashwagandha_60tab_KutirAZAZAZAs,Septilin_Himalaya_60 tab,Drakshadi_kashayam_200ml,\u041a\u0443\u043d\u0436\u0443\u0442\u043d\u043e\u0435_\u043c\u0430\u0441\u043b\u043e_\u041a\u0430\u043c\u0430\u043b\u0430,Avipathi_choornam_30g,Ashwagandha_60tab_KutirAZAZAZAs,Septilin_Himalaya_60 tab,Drakshadi_kashayam_200ml,Avipathi_choornam_30g,Ashwagandha_60tab_KutirAZAZAZAs,Septilin_Himalaya_60 tab,Drakshadi_kashayam_200ml,\u041a\u0443\u043d\u0436\u0443\u0442\u043d\u043e\u0435_\u043c\u0430\u0441\u043b\u043e_\u041a\u0430\u043c\u0430\u043b\u0430,Avipathi_choornam_30g,Ashwagandha_60tab_KutirAZAZAZAs,Septilin_Himalaya_60 tab,Drakshadi_kashayam_200ml,\u041a\u0443\u043d\u0436\u0443\u0442\u043d\u043e\u0435_\u043c\u0430\u0441\u043b\u043e_\u041a\u0430\u043c\u0430\u043b\u0430,Avipathi_choornam_30g,Ashwagandha_60tab_KutirAZAZAZAs", "account_id": 10765, "date_create": 1582968967, "status": 6, "price": "1750", "client_id": 3255176, "roistat": "\u043e\u0442 \u0437\u043d\u0430\u043a\u043e\u043c\u044b\u0445,\u0418\u043d\u0442\u0435\u0440\u043d\u0435\u0442", "executor": "\u0410\u0445\u043c\u0435\u0434\u043e\u0432\u0430 \u0422\u0430\u0442\u044c\u044f\u043d\u0430 \u041b\u0435\u043e\u043d\u0438\u0434\u043e\u0432\u043d\u0430", "is_sale": true, "appointment_id": 5860936, "fields": {"1": "\u0410\u0445\u043c\u0435\u0434\u043e\u0432\u0430 \u0422\u0430\u0442\u044c\u044f\u043d\u0430 \u041b\u0435\u043e\u043d\u0438\u0434\u043e\u0432\u043d\u0430", "2": "https://klientiks.ru/clientix/client/default/id/3255176", "3": 10765}}, {"id": 6618714, "name": "\u0410\u0431\u0445\u044a\u044f\u043d\u0433\u0430 \u043c\u0430\u0441\u0441\u0430\u0436 (60 \u043c\u0438\u043d. \u0440\u0443\u0447\u043d\u043e\u0439 \u043c\u0430\u0441\u043b\u044f\u043d\u044b\u0439 \u043c\u0430\u0441\u0441\u0430\u0436 \u0432 2 \u0440\u0443\u043a\u0438)", "account_id": 10765, "date_create": 1582970573, "status": 6, "price": "3200", "client_id": 3255176, "roistat": "\u043e\u0442 \u0437\u043d\u0430\u043a\u043e\u043c\u044b\u0445,\u0418\u043d\u0442\u0435\u0440\u043d\u0435\u0442", "executor": "\u0428\u0440\u0438\u0442\u0430", "is_sale": false, "appointment_id": 5727454, "fields": {"1": "\u0428\u0440\u0438\u0442\u0430", "2": "https://klientiks.ru/clientix/client/default/id/3255176", "3": 10765}}, {"id": 6619065, "name": "\u0410\u044e\u0440\u0432\u0435\u0434\u0430 \u043f\u043e\u0432\u0442\u043e\u0440\u043d\u0430\u044f \u043a\u043e\u043d\u0441\u0443\u043b\u044c\u0442\u0430\u0446\u0438\u044f \u0432\u0440\u0430\u0447\u0430 \u0432 \u043d\u0430\u0437\u043d\u0430\u0447\u0435\u043d\u043d\u044b\u0439 \u0441\u0440\u043e\u043a (30 \u043c\u0438\u043d)", "account_id": 10765, "date_create": 1582972818, "status": 7, "price": null, "client_id": 3255176, "roistat": "\u043e\u0442 \u0437\u043d\u0430\u043a\u043e\u043c\u044b\u0445,\u0418\u043d\u0442\u0435\u0440\u043d\u0435\u0442", "executor": "\u041f\u0440\u0430\u0432\u0438\u043d \u0421\u0443\u0440\u0435\u043d\u0434\u0440\u0430\u043d\u043f\u0438\u043b\u0430\u0439 \u0412\u0430\u0441\u0430\u043d\u0442\u0430\u043a\u0443\u043c\u0430\u0440\u0438", "is_sale": false, "appointment_id": 5861541, "fields": {"1": "\u041f\u0440\u0430\u0432\u0438\u043d \u0421\u0443\u0440\u0435\u043d\u0434\u0440\u0430\u043d\u043f\u0438\u043b\u0430\u0439 \u0412\u0430\u0441\u0430\u043d\u0442\u0430\u043a\u0443\u043c\u0430\u0440\u0438", "2": "https://klientiks.ru/clientix/client/default/id/3255176", "3": 10765}}, {"id": 6619635, "name": "\u0410\u0431\u0445\u044a\u044f\u043d\u0433\u0430 \u043c\u0430\u0441\u0441\u0430\u0436 (60 \u043c\u0438\u043d. \u0440\u0443\u0447\u043d\u043e\u0439 \u043c\u0430\u0441\u043b\u044f\u043d\u044b\u0439 \u043c\u0430\u0441\u0441\u0430\u0436 \u0432 2 \u0440\u0443\u043a\u0438)", "account_id": 10765, "date_create": 1582976474, "status": 7, "price": null, "client_id": 2319865, "roistat": "\u0412\u0445\u043e\u0434\u044f\u0449\u0438\u0439 \u0437\u0432\u043e\u043d\u043e\u043a", "executor": "\u0410\u043f\u043f\u043e", "is_sale": false, "appointment_id": 5862108, "fields": {"1": "\u0410\u043f\u043f\u043e", "2": "https://klientiks.ru/clientix/client/default/id/2319865", "3": 10765}}, {"id": 6619896, "name": "\u041a\u0438\u0436\u0438 \u043c\u0430\u0441\u0441\u0430\u0436 (60 \u043c\u0438\u043d. \u043f\u0438\u043d\u0434\u0430\u0441\u0432\u0435\u0434\u0430\u043d\u0430, \u043c\u0430\u0441\u0441\u0430\u0436 \u043c\u0435\u0448\u043e\u0447\u043a\u0430\u043c\u0438 \u0432 2 \u0440\u0443\u043a\u0438)", "account_id": 10765, "date_create": 1582978641, "status": 7, "price": null, "client_id": 3122840, "roistat": "\u0420\u043e\u0434\u0441\u0442\u0432\u0435\u043d\u043d\u0438\u043a \u043d\u0430\u0448\u0435\u0433\u043e \u043a\u043b\u0438\u0435\u043d\u0442\u0430", "executor": "\u0424\u0438\u043b\u0438\u043f \u0412\u0438\u043c\u0430\u043b\u0430 \u0412\u0438\u043f\u0438\u043d", "is_sale": false, "appointment_id": 5862352, "fields": {"1": "\u0424\u0438\u043b\u0438\u043f \u0412\u0438\u043c\u0430\u043b\u0430 \u0412\u0438\u043f\u0438\u043d", "2": "https://klientiks.ru/clientix/client/default/id/3122840", "3": 10765}}, {"id": 6620022, "name": "\u0410\u044e\u0440\u0432\u0435\u0434\u0430 \u043f\u043e\u0432\u0442\u043e\u0440\u043d\u0430\u044f  \u043a\u043e\u043d\u0441\u0443\u043b\u044c\u0442\u0430\u0446\u0438\u044f \u043f\u0440\u0438\u0433\u043b\u0430\u0448\u0435\u043d\u043d\u043e\u0433\u043e \u0441\u043f\u0435\u0446\u0438\u0430\u043b\u0438\u0441\u0442\u0430 (30 \u043c\u0438\u043d)", "account_id": 10765, "date_create": 1582979786, "status": 6, "price": "2500", "client_id": 2823274, "roistat": "\u0421\u043e\u0432\u0435\u0442 \u0414\u0440\u0443\u0437\u0435\u0439,\u0438\u043d\u0442\u0435\u0440\u043d\u0435\u0442", "executor": "\u0414\u0436\u0430\u0442\u0445\u0430\u0432 \u041f\u0430\u0440\u0435\u0448", "is_sale": false, "appointment_id": 5862466, "fields": {"1": "\u0414\u0436\u0430\u0442\u0445\u0430\u0432 \u041f\u0430\u0440\u0435\u0448", "2": "https://klientiks.ru/clientix/client/default/id/2823274", "3": 10765}}, {"id": 6620738, "name": "\u0410\u0431\u0445\u044a\u044f\u043d\u0433\u0430 \u043c\u0430\u0441\u0441\u0430\u0436 (60 \u043c\u0438\u043d. \u0440\u0443\u0447\u043d\u043e\u0439 \u043c\u0430\u0441\u043b\u044f\u043d\u044b\u0439 \u043c\u0430\u0441\u0441\u0430\u0436 \u0432 2 \u0440\u0443\u043a\u0438),\u0410\u0431\u0445\u044a\u044f\u043d\u0433\u0430 \u043c\u0430\u0441\u0441\u0430\u0436 (60 \u043c\u0438\u043d. \u0440\u0443\u0447\u043d\u043e\u0439 \u043c\u0430\u0441\u043b\u044f\u043d\u044b\u0439 \u043c\u0430\u0441\u0441\u0430\u0436 \u0432 2 \u0440\u0443\u043a\u0438),\u0421\u0435\u0430\u043d\u0441 \u0432 \u043a\u0435\u0434\u0440\u043e\u0432\u043e\u0439 \u0431\u043e\u0447\u043a\u0435 \u0441 \u0444\u0438\u0442\u043e\u0441\u0431\u043e\u0440\u043e\u043c,\u0421\u0435\u0430\u043d\u0441 \u0432 \u043a\u0435\u0434\u0440\u043e\u0432\u043e\u0439 \u0431\u043e\u0447\u043a\u0435 \u0441 \u0444\u0438\u0442\u043e\u0441\u0431\u043e\u0440\u043e\u043c", "account_id": 10765, "date_create": 1582985690, "status": 6, "price": "0", "client_id": 3263662, "roistat": "\u043f\u043e\u0441\u0442\u043e\u044f\u043d\u043d\u044b\u0439 \u043a\u043b\u0438\u0435\u043d\u0442", "executor": "\u0428\u0440\u0438\u0442\u0430", "is_sale": false, "appointment_id": 5863078, "fields": {"1": "\u0428\u0440\u0438\u0442\u0430", "2": "https://klientiks.ru/clientix/client/default/id/3263662", "3": 10765}}, {"id": 6620742, "name": "\u0412\u0438\u0440\u0435\u0447\u0430\u043d\u0430 (\u0441\u043b\u0430\u0431\u0438\u0442\u0435\u043b\u044c\u043d\u0430\u044f \u0442\u0435\u0440\u0430\u043f\u0438\u044f),\u0412\u0438\u0440\u0435\u0447\u0430\u043d\u0430 (\u0441\u043b\u0430\u0431\u0438\u0442\u0435\u043b\u044c\u043d\u0430\u044f \u0442\u0435\u0440\u0430\u043f\u0438\u044f),\u041a\u0430\u043b\u0430\u0440\u0438 \u043c\u0430\u0441\u0441\u0430\u0436 (60 \u043c\u0438\u043d. \u043d\u043e\u0436\u043d\u043e\u0439 \u043c\u0430\u0441\u043b\u044f\u043d\u044b\u0439 \u043c\u0430\u0441\u0441\u0430\u0436),\u041a\u0430\u043b\u0430\u0440\u0438 \u043c\u0430\u0441\u0441\u0430\u0436 (60 \u043c\u0438\u043d. \u043d\u043e\u0436\u043d\u043e\u0439 \u043c\u0430\u0441\u043b\u044f\u043d\u044b\u0439 \u043c\u0430\u0441\u0441\u0430\u0436)", "account_id": 10765, "date_create": 1582985730, "status": 6, "price": "0", "client_id": 3263662, "roistat": "\u043f\u043e\u0441\u0442\u043e\u044f\u043d\u043d\u044b\u0439 \u043a\u043b\u0438\u0435\u043d\u0442", "executor": "\u0428\u0440\u0438\u0442\u0430", "is_sale": false, "appointment_id": 5863080, "fields": {"1": "\u0428\u0440\u0438\u0442\u0430", "2": "https://klientiks.ru/clientix/client/default/id/3263662", "3": 10765}}, {"id": 6620748, "name": "\u041a\u0438\u0436\u0438 \u043d\u0430 \u0447\u0430\u0441\u0442\u0438 \u0442\u0435\u043b\u0430 (30 \u043c\u0438\u043d),\u041a\u0438\u0436\u0438 \u043d\u0430 \u0447\u0430\u0441\u0442\u0438 \u0442\u0435\u043b\u0430 (30 \u043c\u0438\u043d),\u0410\u0431\u0445\u044a\u044f\u043d\u0433\u0430 \u043c\u0430\u0441\u0441\u0430\u0436 (60 \u043c\u0438\u043d. \u0440\u0443\u0447\u043d\u043e\u0439 \u043c\u0430\u0441\u043b\u044f\u043d\u044b\u0439 \u043c\u0430\u0441\u0441\u0430\u0436 \u0432 2 \u0440\u0443\u043a\u0438),\u0410\u0431\u0445\u044a\u044f\u043d\u0433\u0430 \u043c\u0430\u0441\u0441\u0430\u0436 (60 \u043c\u0438\u043d. \u0440\u0443\u0447\u043d\u043e\u0439 \u043c\u0430\u0441\u043b\u044f\u043d\u044b\u0439 \u043c\u0430\u0441\u0441\u0430\u0436 \u0432 2 \u0440\u0443\u043a\u0438)", "account_id": 10765, "date_create": 1582985805, "status": 6, "price": "0", "client_id": 3263662, "roistat": "\u043f\u043e\u0441\u0442\u043e\u044f\u043d\u043d\u044b\u0439 \u043a\u043b\u0438\u0435\u043d\u0442", "executor": "\u041d\u0438\u0431\u0438\u043d \u041a\u043e\u0434\u0430\u0442 \u0414\u0438\u043d\u0435\u0441\u0430\u043d", "is_sale": false, "appointment_id": 5863085, "fields": {"1": "\u041d\u0438\u0431\u0438\u043d \u041a\u043e\u0434\u0430\u0442 \u0414\u0438\u043d\u0435\u0441\u0430\u043d", "2": "https://klientiks.ru/clientix/client/default/id/3263662", "3": 10765}}, {"id": 6620754, "name": "\u0410\u0431\u0445\u044a\u044f\u043d\u0433\u0430 \u043c\u0430\u0441\u0441\u0430\u0436 (60 \u043c\u0438\u043d. \u0440\u0443\u0447\u043d\u043e\u0439 \u043c\u0430\u0441\u043b\u044f\u043d\u044b\u0439 \u043c\u0430\u0441\u0441\u0430\u0436 \u0432 2 \u0440\u0443\u043a\u0438),\u041a\u0438\u0436\u0438 \u043d\u0430 \u0447\u0430\u0441\u0442\u0438 \u0442\u0435\u043b\u0430 (30 \u043c\u0438\u043d),\u0410\u0431\u0445\u044a\u044f\u043d\u0433\u0430 \u043c\u0430\u0441\u0441\u0430\u0436 (60 \u043c\u0438\u043d. \u0440\u0443\u0447\u043d\u043e\u0439 \u043c\u0430\u0441\u043b\u044f\u043d\u044b\u0439 \u043c\u0430\u0441\u0441\u0430\u0436 \u0432 2 \u0440\u0443\u043a\u0438),\u041a\u0438\u0436\u0438 \u043d\u0430 \u0447\u0430\u0441\u0442\u0438 \u0442\u0435\u043b\u0430 (30 \u043c\u0438\u043d)", "account_id": 10765, "date_create": 1582985849, "status": 6, "price": "0", "client_id": 3263662, "roistat": "\u043f\u043e\u0441\u0442\u043e\u044f\u043d\u043d\u044b\u0439 \u043a\u043b\u0438\u0435\u043d\u0442", "executor": "\u041d\u0438\u0431\u0438\u043d \u041a\u043e\u0434\u0430\u0442 \u0414\u0438\u043d\u0435\u0441\u0430\u043d", "is_sale": false, "appointment_id": 5863092, "fields": {"1": "\u041d\u0438\u0431\u0438\u043d \u041a\u043e\u0434\u0430\u0442 \u0414\u0438\u043d\u0435\u0441\u0430\u043d", "2": "https://klientiks.ru/clientix/client/default/id/3263662", "3": 10765}}, {"id": 6620759, "name": "\u041a\u0430\u043b\u0430\u0440\u0438 \u043c\u0430\u0441\u0441\u0430\u0436 (60 \u043c\u0438\u043d. \u043d\u043e\u0436\u043d\u043e\u0439 \u043c\u0430\u0441\u043b\u044f\u043d\u044b\u0439 \u043c\u0430\u0441\u0441\u0430\u0436),\u041a\u0430\u043b\u0430\u0440\u0438 \u043c\u0430\u0441\u0441\u0430\u0436 (60 \u043c\u0438\u043d. \u043d\u043e\u0436\u043d\u043e\u0439 \u043c\u0430\u0441\u043b\u044f\u043d\u044b\u0439 \u043c\u0430\u0441\u0441\u0430\u0436),\u041f\u0438\u0447\u0443 (30 \u043c\u0438\u043d. \u043c\u0430\u0441\u043b\u044f\u043d\u0430\u044f \u0430\u043f\u043f\u043b\u0438\u043a\u0430\u0446\u0438\u044f),\u0410\u043d\u0443\u0432\u0430\u0441\u0430\u043d\u0430 \u0411\u0430\u0441\u0442\u0438 (30 \u043c\u0438\u043d. \u043c\u0430\u0441\u043b\u044f\u043d\u0430\u044f \u0442\u0440\u0430\u0432\u044f\u043d\u0430\u044f \u043a\u043b\u0438\u0437\u043c\u0430),\u041f\u0438\u0447\u0443 (30 \u043c\u0438\u043d. \u043c\u0430\u0441\u043b\u044f\u043d\u0430\u044f \u0430\u043f\u043f\u043b\u0438\u043a\u0430\u0446\u0438\u044f),\u0410\u043d\u0443\u0432\u0430\u0441\u0430\u043d\u0430 \u0411\u0430\u0441\u0442\u0438 (30 \u043c\u0438\u043d. \u043c\u0430\u0441\u043b\u044f\u043d\u0430\u044f \u0442\u0440\u0430\u0432\u044f\u043d\u0430\u044f \u043a\u043b\u0438\u0437\u043c\u0430),\u041a\u0430\u043b\u0430\u0440\u0438 \u043c\u0430\u0441\u0441\u0430\u0436 (60 \u043c\u0438\u043d. \u043d\u043e\u0436\u043d\u043e\u0439 \u043c\u0430\u0441\u043b\u044f\u043d\u044b\u0439 \u043c\u0430\u0441\u0441\u0430\u0436),\u041f\u0438\u0447\u0443 (30 \u043c\u0438\u043d. \u043c\u0430\u0441\u043b\u044f\u043d\u0430\u044f \u0430\u043f\u043f\u043b\u0438\u043a\u0430\u0446\u0438\u044f),\u0410\u043d\u0443\u0432\u0430\u0441\u0430\u043d\u0430 \u0411\u0430\u0441\u0442\u0438 (30 \u043c\u0438\u043d. \u043c\u0430\u0441\u043b\u044f\u043d\u0430\u044f \u0442\u0440\u0430\u0432\u044f\u043d\u0430\u044f \u043a\u043b\u0438\u0437\u043c\u0430)", "account_id": 10765, "date_create": 1582985911, "status": 6, "price": "0", "client_id": 3263662, "roistat": "\u043f\u043e\u0441\u0442\u043e\u044f\u043d\u043d\u044b\u0439 \u043a\u043b\u0438\u0435\u043d\u0442", "executor": "\u0428\u0440\u0438\u0442\u0430", "is_sale": false, "appointment_id": 5863097, "fields": {"1": "\u0428\u0440\u0438\u0442\u0430", "2": "https://klientiks.ru/clientix/client/default/id/3263662", "3": 10765}}, {"id": 6620763, "name": "\u0410\u0431\u0445\u044a\u044f\u043d\u0433\u0430 \u043c\u0430\u0441\u0441\u0430\u0436 (60 \u043c\u0438\u043d. \u0440\u0443\u0447\u043d\u043e\u0439 \u043c\u0430\u0441\u043b\u044f\u043d\u044b\u0439 \u043c\u0430\u0441\u0441\u0430\u0436 \u0432 2 \u0440\u0443\u043a\u0438),\u041f\u0438\u0447\u0443 (30 \u043c\u0438\u043d. \u043c\u0430\u0441\u043b\u044f\u043d\u0430\u044f \u0430\u043f\u043f\u043b\u0438\u043a\u0430\u0446\u0438\u044f),\u041d\u0438\u0440\u0443\u0445\u0430 \u0411\u0430\u0441\u0442\u0438 (60 \u043c\u0438\u043d. \u043a\u043b\u0438\u0437\u043c\u0430 \u0442\u0440\u0430\u0432\u044f\u043d\u044b\u043c \u043e\u0442\u0432\u0430\u0440\u043e\u043c),\u0410\u0431\u0445\u044a\u044f\u043d\u0433\u0430 \u043c\u0430\u0441\u0441\u0430\u0436 (60 \u043c\u0438\u043d. \u0440\u0443\u0447\u043d\u043e\u0439 \u043c\u0430\u0441\u043b\u044f\u043d\u044b\u0439 \u043c\u0430\u0441\u0441\u0430\u0436 \u0432 2 \u0440\u0443\u043a\u0438),\u041f\u0438\u0447\u0443 (30 \u043c\u0438\u043d. \u043c\u0430\u0441\u043b\u044f\u043d\u0430\u044f \u0430\u043f\u043f\u043b\u0438\u043a\u0430\u0446\u0438\u044f),\u041d\u0438\u0440\u0443\u0445\u0430 \u0411\u0430\u0441\u0442\u0438 (60 \u043c\u0438\u043d. \u043a\u043b\u0438\u0437\u043c\u0430 \u0442\u0440\u0430\u0432\u044f\u043d\u044b\u043c \u043e\u0442\u0432\u0430\u0440\u043e\u043c),\u0410\u0431\u0445\u044a\u044f\u043d\u0433\u0430 \u043c\u0430\u0441\u0441\u0430\u0436 (60 \u043c\u0438\u043d. \u0440\u0443\u0447\u043d\u043e\u0439 \u043c\u0430\u0441\u043b\u044f\u043d\u044b\u0439 \u043c\u0430\u0441\u0441\u0430\u0436 \u0432 2 \u0440\u0443\u043a\u0438),\u041d\u0438\u0440\u0443\u0445\u0430 \u0411\u0430\u0441\u0442\u0438 (60 \u043c\u0438\u043d. \u043a\u043b\u0438\u0437\u043c\u0430 \u0442\u0440\u0430\u0432\u044f\u043d\u044b\u043c \u043e\u0442\u0432\u0430\u0440\u043e\u043c),\u041f\u0438\u0447\u0443 (30 \u043c\u0438\u043d. \u043c\u0430\u0441\u043b\u044f\u043d\u0430\u044f \u0430\u043f\u043f\u043b\u0438\u043a\u0430\u0446\u0438\u044f)", "account_id": 10765, "date_create": 1582985948, "status": 6, "price": "0", "client_id": 3263662, "roistat": "\u043f\u043e\u0441\u0442\u043e\u044f\u043d\u043d\u044b\u0439 \u043a\u043b\u0438\u0435\u043d\u0442", "executor": "\u041d\u0438\u0431\u0438\u043d \u041a\u043e\u0434\u0430\u0442 \u0414\u0438\u043d\u0435\u0441\u0430\u043d", "is_sale": false, "appointment_id": 5863101, "fields": {"1": "\u041d\u0438\u0431\u0438\u043d \u041a\u043e\u0434\u0430\u0442 \u0414\u0438\u043d\u0435\u0441\u0430\u043d", "2": "https://klientiks.ru/clientix/client/default/id/3263662", "3": 10765}}, {"id": 6620773, "name": "\u0410\u043d\u0443\u0432\u0430\u0441\u0430\u043d\u0430 \u0411\u0430\u0441\u0442\u0438 (30 \u043c\u0438\u043d. \u043c\u0430\u0441\u043b\u044f\u043d\u0430\u044f \u0442\u0440\u0430\u0432\u044f\u043d\u0430\u044f \u043a\u043b\u0438\u0437\u043c\u0430),\u0410\u0431\u0445\u044a\u044f\u043d\u0433\u0430 \u043c\u0430\u0441\u0441\u0430\u0436 (60 \u043c\u0438\u043d. \u0440\u0443\u0447\u043d\u043e\u0439 \u043c\u0430\u0441\u043b\u044f\u043d\u044b\u0439 \u043c\u0430\u0441\u0441\u0430\u0436 \u0432 2 \u0440\u0443\u043a\u0438),\u041a\u0438\u0436\u0438 \u043d\u0430 \u0447\u0430\u0441\u0442\u0438 \u0442\u0435\u043b\u0430 (30 \u043c\u0438\u043d)", "account_id": 10765, "date_create": 1582986015, "status": 7, "price": null, "client_id": 3263662, "roistat": "\u043f\u043e\u0441\u0442\u043e\u044f\u043d\u043d\u044b\u0439 \u043a\u043b\u0438\u0435\u043d\u0442", "executor": "\u0428\u0440\u0438\u0442\u0430", "is_sale": false, "appointment_id": 5863108, "fields": {"1": "\u0428\u0440\u0438\u0442\u0430", "2": "https://klientiks.ru/clientix/client/default/id/3263662", "3": 10765}}], "pagination": {"total_count": 22602, "limit": 50, "page_number": 1}, "total_count": 22602, "page_number": 1}') v, current_timestamp ts) s on s.v = parse_json(t.v) when not matched then insert (t.v, changed_at) values (s.v, s.ts)
2020-08-23 01:13:38,436 - executing SQL/command
2020-08-23 01:13:38,436 - binding: [merge into KAMALA_ACL t using (select parse_json('{"offset": 19500, "count": 50,...] with input=[None], processed=[{}]
2020-08-23 01:13:38,436 - query: [merge into KAMALA_ACL t using (select parse_json('{"offset": 19500, "count": 50,...]
2020-08-23 01:13:38,436 - Cannot use arrow result format, fallback to json format
2020-08-23 01:13:38,436 - sequence counter: 1
2020-08-23 01:13:38,436 - running query [merge into KAMALA_ACL t using (select parse_json('{"offset": 19500, "count": 50,...]
2020-08-23 01:13:38,436 - is_file_transfer: False
2020-08-23 01:13:38,436 - _cmd_query
2020-08-23 01:13:38,436 - sql=[merge into KAMALA_ACL t using (select parse_json('{"offset": 19500, "count": 50,...], sequence_id=[1], is_file_transfer=[None]
2020-08-23 01:13:38,437 - Active requests sessions: 1, idle: 0
2020-08-23 01:13:38,437 - remaining request timeout: None, retry cnt: 1
2020-08-23 01:13:38,437 - socket timeout: 60
2020-08-23 01:13:39,333 - https://ringcentral.snowflakecomputing.com:443 "POST /queries/v1/query-request?requestId=aa7698d7-fa5d-4682-818c-4948de157ce5&request_guid=88b68073-afef-4e08-a43f-a25a18c01c4e HTTP/1.1" 200 1042
2020-08-23 01:13:39,333 - SUCCESS
2020-08-23 01:13:39,334 - Active requests sessions: 0, idle: 1
2020-08-23 01:13:39,334 - ret[code] = None, after post request
2020-08-23 01:13:39,334 - sfqid: 01966d35-02c4-2f9f-0003-e0030053104a
2020-08-23 01:13:39,335 - query execution done
2020-08-23 01:13:39,335 - SUCCESS
2020-08-23 01:13:39,335 - PUT OR GET: None
2020-08-23 01:13:39,335 - Query result format: json
2020-08-23 01:14:13,315 - Requesting data chunk https://klientiks.ru/clientix/Restapi/list/a/390b96e2763e/u/d969c9cde78c/t/073de5009f21b34afa022cfa7ca2c124/m/AppointmentClientLinks/ik/orders/rvwk/status,statuses/?date=10&offset=19450
2020-08-23 01:14:13,317 - Starting new HTTPS connection (1): klientiks.ru:443
2020-08-23 01:14:13,345 - OCSP Mode: FAIL_OPEN, OCSP response cache file name: None
2020-08-23 01:14:13,345 - ocsp_response_cache_uri: file://C:/Users/dmitry.mitrofanov/AppData/Local/Snowflake/Caches/ocsp_response_cache.json
2020-08-23 01:14:13,345 - OCSP_VALIDATION_CACHE size: 140
2020-08-23 01:14:13,345 - OCSP response cache server is enabled: http://ocsp.snowflakecomputing.com/ocsp_response_cache.json
2020-08-23 01:14:13,345 - OCSP dynamic cache server RETRY URL: None
2020-08-23 01:14:13,350 - closed
2020-08-23 01:14:13,350 - Closing telemetry client.
2020-08-23 01:14:13,350 - Active requests sessions: 1, idle: 0
2020-08-23 01:14:13,350 - remaining request timeout: 5, retry cnt: 1
2020-08-23 01:14:13,351 - socket timeout: 60
2020-08-23 01:14:13,609 - https://ringcentral.snowflakecomputing.com:443 "POST /session?delete=true&request_guid=e4972dd3-b7b1-4057-ac12-cd2819d918f1 HTTP/1.1" 200 76
2020-08-23 01:14:13,609 - SUCCESS
2020-08-23 01:14:13,609 - Active requests sessions: 0, idle: 1
2020-08-23 01:14:13,609 - ret[code] = None, after post request
2020-08-23 01:14:13,610 - Session is closed
2020-08-23 01:14:13,611 - closed
2020-08-23 01:14:13,611 - Closing telemetry client.
2020-08-23 01:14:13,611 - Active requests sessions: 1, idle: 0
2020-08-23 01:14:13,611 - remaining request timeout: 5, retry cnt: 1
2020-08-23 01:14:13,611 - socket timeout: 60
2020-08-23 01:14:13,858 - https://ringcentral.snowflakecomputing.com:443 "POST /session?delete=true&request_guid=3439a117-7fc0-462e-a850-acafa668c325 HTTP/1.1" 200 76
2020-08-23 01:14:13,859 - SUCCESS
2020-08-23 01:14:13,859 - Active requests sessions: 0, idle: 1
2020-08-23 01:14:13,859 - ret[code] = None, after post request
2020-08-23 01:14:13,860 - Session is closed
2020-08-23 01:14:13,861 - Verifying the attached certificate is signed by the issuer. Valid Not After: 2025-05-12 23:58:59+00:00
2020-08-23 01:14:13,863 - Verifying the attached certificate is signed by the issuer. Valid Not After: 2025-05-12 23:58:59+00:00
2020-08-23 01:14:13,864 - Verifying the attached certificate is signed by the issuer. Valid Not After: 2023-06-11 20:40:26+00:00
2020-08-23 01:14:13,866 - Verifying the attached certificate is signed by the issuer. Valid Not After: 2023-06-11 20:40:26+00:00
2020-08-23 01:14:13,867 - Verifying the attached certificate is signed by the issuer. Valid Not After: 2023-06-11 20:44:21+00:00
2020-08-23 01:14:13,868 - Verifying the attached certificate is signed by the issuer. Valid Not After: 2023-06-11 20:44:21+00:00
2020-08-23 01:14:13,870 - Verifying the attached certificate is signed by the issuer. Valid Not After: 2021-12-14 07:00:00+00:00
2020-08-23 01:14:13,871 - Verifying the attached certificate is signed by the issuer. Valid Not After: 2021-12-14 07:00:00+00:00
2020-08-23 01:14:13,872 - Verifying the attached certificate is signed by the issuer. Valid Not After: 2025-05-12 23:58:59+00:00
2020-08-23 01:14:13,874 - Verifying the attached certificate is signed by the issuer. Valid Not After: 2025-05-12 23:58:59+00:00
2020-08-23 01:14:13,876 - Verifying the attached certificate is signed by the issuer. Valid Not After: 2025-05-12 23:58:59+00:00
2020-08-23 01:14:13,878 - Verifying the attached certificate is signed by the issuer. Valid Not After: 2025-05-12 23:58:59+00:00
2020-08-23 01:14:13,879 - Verifying the attached certificate is signed by the issuer. Valid Not After: 2025-05-12 23:58:59+00:00
2020-08-23 01:14:13,880 - Verifying the attached certificate is signed by the issuer. Valid Not After: 2025-05-12 23:58:59+00:00
2020-08-23 01:14:13,889 - Verifying the attached certificate is signed by the issuer. Valid Not After: 2025-05-12 23:58:59+00:00
2020-08-23 01:14:13,891 - Verifying the attached certificate is signed by the issuer. Valid Not After: 2025-05-12 23:58:59+00:00
2020-08-23 01:14:13,894 - Verifying the attached certificate is signed by the issuer. Valid Not After: 2021-04-02 17:08:26+00:00
2020-08-23 01:14:13,895 - Verifying the attached certificate is signed by the issuer. Valid Not After: 2021-04-02 17:08:26+00:00
2020-08-23 01:14:13,897 - Verifying the attached certificate is signed by the issuer. Valid Not After: 2021-04-02 17:13:33+00:00
2020-08-23 01:14:13,898 - Verifying the attached certificate is signed by the issuer. Valid Not After: 2021-04-02 17:13:33+00:00
2020-08-23 01:14:13,899 - Verifying the attached certificate is signed by the issuer. Valid Not After: 2021-04-02 16:58:09+00:00
2020-08-23 01:14:13,900 - Verifying the attached certificate is signed by the issuer. Valid Not After: 2021-04-02 16:58:09+00:00
2020-08-23 01:14:13,917 - Verifying the attached certificate is signed by the issuer. Valid Not After: 2021-04-02 17:13:33+00:00
2020-08-23 01:14:13,918 - Verifying the attached certificate is signed by the issuer. Valid Not After: 2021-04-02 17:13:33+00:00
2020-08-23 01:14:13,920 - Verifying the attached certificate is signed by the issuer. Valid Not After: 2021-04-02 17:08:26+00:00
2020-08-23 01:14:13,921 - Verifying the attached certificate is signed by the issuer. Valid Not After: 2021-04-02 17:08:26+00:00
2020-08-23 01:14:13,923 - Verifying the attached certificate is signed by the issuer. Valid Not After: 2021-04-02 17:03:51+00:00
2020-08-23 01:14:13,924 - Verifying the attached certificate is signed by the issuer. Valid Not After: 2021-04-02 17:03:51+00:00
2020-08-23 01:14:13,925 - Verifying the attached certificate is signed by the issuer. Valid Not After: 2021-04-02 16:58:09+00:00
2020-08-23 01:14:13,927 - Verifying the attached certificate is signed by the issuer. Valid Not After: 2021-04-02 16:58:09+00:00
2020-08-23 01:14:13,929 - Verifying the attached certificate is signed by the issuer. Valid Not After: 2021-04-02 17:03:51+00:00
2020-08-23 01:14:13,931 - Verifying the attached certificate is signed by the issuer. Valid Not After: 2021-04-02 17:03:51+00:00
2020-08-23 01:14:13,933 - Verifying the attached certificate is signed by the issuer. Valid Not After: 2021-04-02 17:03:51+00:00
2020-08-23 01:14:13,935 - Verifying the attached certificate is signed by the issuer. Valid Not After: 2021-04-02 17:03:51+00:00
2020-08-23 01:14:13,952 - Verifying the attached certificate is signed by the issuer. Valid Not After: 2021-04-02 17:13:33+00:00
2020-08-23 01:14:13,953 - Verifying the attached certificate is signed by the issuer. Valid Not After: 2021-04-02 17:13:33+00:00
2020-08-23 01:14:13,955 - Read OCSP response cache file: C:/Users/dmitry.mitrofanov/AppData/Local/Snowflake/Caches/ocsp_response_cache.json, count=140
2020-08-23 01:14:13,955 - validating certificate: klientiks.ru
2020-08-23 01:14:13,955 - skipping OCSP check: klientiks.ru
2020-08-23 01:14:14,973 - https://klientiks.ru:443 "GET /clientix/Restapi/list/a/390b96e2763e/u/d969c9cde78c/t/073de5009f21b34afa022cfa7ca2c124/m/AppointmentClientLinks/ik/orders/rvwk/status,statuses/?date=10&offset=19450 HTTP/1.1" 200 None
2020-08-23 01:14:14,984 - {"offset": 19500, "count": 50, "limit": 50, "statuses": [{"id": 1, "name": "scheduled"}, {"id": 2, "name": "sms_confirmation_sent"}, {"id": 3, "name": "cancelled_by_sms"}, {"id": 4, "name": "confirmed"}, {"id": 5, "name": "in_progress"}, {"id": 6, "name": "finished"}, {"id": 7, "name": "cancelled"}, {"id": 8, "name": "missed"}, {"id": 9, "name": "arrived"}], "fields": [{"id": "1", "name": "\u0418\u0441\u043f\u043e\u043b\u043d\u0438\u0442\u0435\u043b\u044c"}, {"id": "2", "name": "\u0421\u0441\u044b\u043b\u043a\u0430 \u043d\u0430 \u043a\u043b\u0438\u0435\u043d\u0442\u0430"}, {"id": "3", "name": "\u0410\u0439\u0434\u0438 \u0430\u043a\u043a\u0430\u0443\u043d\u0442\u0430"}], "orders": [{"id": 6607810, "name": "\u0410\u044d\u0440\u043e\u0439\u043e\u0433\u0430 (90 \u043c\u0438\u043d)", "account_id": 10765, "date_create": 1582872496, "status": 6, "price": "0", "client_id": 1122837, "roistat": "\u043f\u043e\u0441\u0442\u043e\u044f\u043d\u043d\u044b\u0439 \u043a\u043b\u0438\u0435\u043d\u0442", "executor": "\u0421\u043e\u0431\u0435\u043d\u043d\u0438\u043a\u043e\u0432\u0430 \u041e\u043a\u0441\u0430\u043d\u0430 \u042e\u0440\u044c\u0435\u0432\u043d\u0430", "is_sale": false, "appointment_id": 5833285, "fields": {"1": "\u0421\u043e\u0431\u0435\u043d\u043d\u0438\u043a\u043e\u0432\u0430 \u041e\u043a\u0441\u0430\u043d\u0430 \u042e\u0440\u044c\u0435\u0432\u043d\u0430", "2": "https://klientiks.ru/clientix/client/default/id/1122837", "3": 10765}}, {"id": 6607812, "name": "\u0410\u044d\u0440\u043e\u0439\u043e\u0433\u0430 (90 \u043c\u0438\u043d)", "account_id": 10765, "date_create": 1582872499, "status": 6, "price": "0", "client_id": 2877520, "roistat": "\u0438\u043d\u0442\u0435\u0440\u043d\u0435\u0442", "executor": "\u0421\u043e\u0431\u0435\u043d\u043d\u0438\u043a\u043e\u0432\u0430 \u041e\u043a\u0441\u0430\u043d\u0430 \u042e\u0440\u044c\u0435\u0432\u043d\u0430", "is_sale": false, "appointment_id": 5833285, "fields": {"1": "\u0421\u043e\u0431\u0435\u043d\u043d\u0438\u043a\u043e\u0432\u0430 \u041e\u043a\u0441\u0430\u043d\u0430 \u042e\u0440\u044c\u0435\u0432\u043d\u0430", "2": "https://klientiks.ru/clientix/client/default/id/2877520", "3": 10765}}, {"id": 6608043, "name": "\u0410\u044e\u0440\u0432\u0435\u0434\u0430 \u043a\u043e\u043d\u0441\u0443\u043b\u044c\u0442\u0430\u0446\u0438\u044f \u0432\u0440\u0430\u0447\u0430 (60 \u043c\u0438\u043d)", "account_id": 10765, "date_create": 1582873655, "status": 6, "price": "3500", "client_id": 3319006, "roistat": "\u0412\u0445\u043e\u0434\u044f\u0449\u0438\u0439 \u0437\u0432\u043e\u043d\u043e\u043a", "executor": "\u041f\u0440\u0430\u0432\u0438\u043d \u0421\u0443\u0440\u0435\u043d\u0434\u0440\u0430\u043d\u043f\u0438\u043b\u0430\u0439 \u0412\u0430\u0441\u0430\u043d\u0442\u0430\u043a\u0443\u043c\u0430\u0440\u0438", "is_sale": false, "appointment_id": 5851965, "fields": {"1": "\u041f\u0440\u0430\u0432\u0438\u043d \u0421\u0443\u0440\u0435\u043d\u0434\u0440\u0430\u043d\u043f\u0438\u043b\u0430\u0439 \u0412\u0430\u0441\u0430\u043d\u0442\u0430\u043a\u0443\u043c\u0430\u0440\u0438", "2": "https://klientiks.ru/clientix/client/default/id/3319006", "3": 10765}}, {"id": 6609060, "name": "\u0420\u043e\u0437\u043e\u0432\u044f_\u0432\u043e\u0434\u0430_Khadi", "account_id": 10765, "date_create": 1582877952, "status": 6, "price": "400", "client_id": 1108070, "roistat": "\u0438\u043d\u0442\u0435\u0440\u043d\u0435\u0442", "executor": "\u0410\u0445\u043c\u0435\u0434\u043e\u0432\u0430 \u0422\u0430\u0442\u044c\u044f\u043d\u0430 \u041b\u0435\u043e\u043d\u0438\u0434\u043e\u0432\u043d\u0430", "is_sale": true, "appointment_id": 5852875, "fields": {"1": "\u0410\u0445\u043c\u0435\u0434\u043e\u0432\u0430 \u0422\u0430\u0442\u044c\u044f\u043d\u0430 \u041b\u0435\u043e\u043d\u0438\u0434\u043e\u0432\u043d\u0430", "2": "https://klientiks.ru/clientix/client/default/id/1108070", "3": 10765}}, {"id": 6609134, "name": "\u0420\u043e\u0437\u043e\u0432\u044f_\u0432\u043e\u0434\u0430_Khadi", "account_id": 10765, "date_create": 1582878286, "status": 6, "price": "400", "client_id": 1297843, "roistat": "\u0440\u044f\u0434\u043e\u043c \u0436\u0438\u0432\u0435\u0442", "executor": "\u0410\u0445\u043c\u0435\u0434\u043e\u0432\u0430 \u0422\u0430\u0442\u044c\u044f\u043d\u0430 \u041b\u0435\u043e\u043d\u0438\u0434\u043e\u0432\u043d\u0430", "is_sale": true, "appointment_id": 5852970, "fields": {"1": "\u0410\u0445\u043c\u0435\u0434\u043e\u0432\u0430 \u0422\u0430\u0442\u044c\u044f\u043d\u0430 \u041b\u0435\u043e\u043d\u0438\u0434\u043e\u0432\u043d\u0430", "2": "https://klientiks.ru/clientix/client/default/id/1297843", "3": 10765}}, {"id": 6609341, "name": "Chyawanaprasham_Nagarjuna 500g", "account_id": 10765, "date_create": 1582879137, "status": 6, "price": "700", "client_id": 3215797, "roistat": "\u0438\u043d\u0442\u0435\u0440\u043d\u0435\u0442", "executor": "\u0410\u0445\u043c\u0435\u0434\u043e\u0432\u0430 \u0422\u0430\u0442\u044c\u044f\u043d\u0430 \u041b\u0435\u043e\u043d\u0438\u0434\u043e\u0432\u043d\u0430", "is_sale": true, "appointment_id": 5853140, "fields": {"1": "\u0410\u0445\u043c\u0435\u0434\u043e\u0432\u0430 \u0422\u0430\u0442\u044c\u044f\u043d\u0430 \u041b\u0435\u043e\u043d\u0438\u0434\u043e\u0432\u043d\u0430", "2": "https://klientiks.ru/clientix/client/default/id/3215797", "3": 10765}}, {"id": 6609378, "name": "Chyawanaprasham_Nagarjuna 500g", "account_id": 10765, "date_create": 1582879329, "status": 6, "price": "700", "client_id": 3014911, "roistat": "\u043e\u0442 \u0437\u043d\u0430\u043a\u043e\u043c\u044b\u0445", "executor": "\u0410\u0445\u043c\u0435\u0434\u043e\u0432\u0430 \u0422\u0430\u0442\u044c\u044f\u043d\u0430 \u041b\u0435\u043e\u043d\u0438\u0434\u043e\u0432\u043d\u0430", "is_sale": true, "appointment_id": 5853176, "fields": {"1": "\u0410\u0445\u043c\u0435\u0434\u043e\u0432\u0430 \u0422\u0430\u0442\u044c\u044f\u043d\u0430 \u041b\u0435\u043e\u043d\u0438\u0434\u043e\u0432\u043d\u0430", "2": "https://klientiks.ru/clientix/client/default/id/3014911", "3": 10765}}, {"id": 6609424, "name": "Chyawanaprasham_Nagarjuna 500g,Itone_eye_drop_\u043a\u0430\u043f\u043b\u0438,Chyawanaprasham_Nagarjuna 500g,Itone_eye_drop_\u043a\u0430\u043f\u043b\u0438", "account_id": 10765, "date_create": 1582879528, "status": 6, "price": "980", "client_id": 3058502, "roistat": "\u043e\u0442 \u0437\u043d\u0430\u043a\u043e\u043c\u044b\u0445", "executor": "\u0410\u0445\u043c\u0435\u0434\u043e\u0432\u0430 \u0422\u0430\u0442\u044c\u044f\u043d\u0430 \u041b\u0435\u043e\u043d\u0438\u0434\u043e\u0432\u043d\u0430", "is_sale": true, "appointment_id": 5853219, "fields": {"1": "\u0410\u0445\u043c\u0435\u0434\u043e\u0432\u0430 \u0422\u0430\u0442\u044c\u044f\u043d\u0430 \u041b\u0435\u043e\u043d\u0438\u0434\u043e\u0432\u043d\u0430", "2": "https://klientiks.ru/clientix/client/default/id/3058502", "3": 10765}}, {"id": 6609494, "name": "\u0410\u044d\u0440\u043e\u0439\u043e\u0433\u0430 (90 \u043c\u0438\u043d)", "account_id": 10765, "date_create": 1582879922, "status": 6, "price": "0", "client_id": 3144287, "roistat": "\u0438\u043d\u0442\u0435\u0440\u043d\u0435\u0442", "executor": "\u0421\u043e\u0431\u0435\u043d\u043d\u0438\u043a\u043e\u0432\u0430 \u041e\u043a\u0441\u0430\u043d\u0430 \u042e\u0440\u044c\u0435\u0432\u043d\u0430", "is_sale": false, "appointment_id": 5833242, "fields": {"1": "\u0421\u043e\u0431\u0435\u043d\u043d\u0438\u043a\u043e\u0432\u0430 \u041e\u043a\u0441\u0430\u043d\u0430 \u042e\u0440\u044c\u0435\u0432\u043d\u0430", "2": "https://klientiks.ru/clientix/client/default/id/3144287", "3": 10765}}, {"id": 6609665, "name": "\u0410\u044d\u0440\u043e\u0439\u043e\u0433\u0430 (90 \u043c\u0438\u043d)", "account_id": 10765, "date_create": 1582880922, "status": 6, "price": "0", "client_id": 1108070, "roistat": "\u0438\u043d\u0442\u0435\u0440\u043d\u0435\u0442", "executor": "\u0421\u043e\u0431\u0435\u043d\u043d\u0438\u043a\u043e\u0432\u0430 \u041e\u043a\u0441\u0430\u043d\u0430 \u042e\u0440\u044c\u0435\u0432\u043d\u0430", "is_sale": false, "appointment_id": 5833243, "fields": {"1": "\u0421\u043e\u0431\u0435\u043d\u043d\u0438\u043a\u043e\u0432\u0430 \u041e\u043a\u0441\u0430\u043d\u0430 \u042e\u0440\u044c\u0435\u0432\u043d\u0430", "2": "https://klientiks.ru/clientix/client/default/id/1108070", "3": 10765}}, {"id": 6609667, "name": "\u0410\u044d\u0440\u043e\u0439\u043e\u0433\u0430 (90 \u043c\u0438\u043d)", "account_id": 10765, "date_create": 1582880934, "status": 6, "price": "0", "client_id": 3014911, "roistat": "\u043e\u0442 \u0437\u043d\u0430\u043a\u043e\u043c\u044b\u0445", "executor": "\u0421\u043e\u0431\u0435\u043d\u043d\u0438\u043a\u043e\u0432\u0430 \u041e\u043a\u0441\u0430\u043d\u0430 \u042e\u0440\u044c\u0435\u0432\u043d\u0430", "is_sale": false, "appointment_id": 5833243, "fields": {"1": "\u0421\u043e\u0431\u0435\u043d\u043d\u0438\u043a\u043e\u0432\u0430 \u041e\u043a\u0441\u0430\u043d\u0430 \u042e\u0440\u044c\u0435\u0432\u043d\u0430", "2": "https://klientiks.ru/clientix/client/default/id/3014911", "3": 10765}}, {"id": 6609779, "name": "Drakshadi_kashayam_200ml", "account_id": 10765, "date_create": 1582881396, "status": 6, "price": "850", "client_id": 3188843, "roistat": "\u0438\u043d\u0442\u0435\u0440\u043d\u0435\u0442", "executor": "\u0410\u0445\u043c\u0435\u0434\u043e\u0432\u0430 \u0422\u0430\u0442\u044c\u044f\u043d\u0430 \u041b\u0435\u043e\u043d\u0438\u0434\u043e\u0432\u043d\u0430", "is_sale": true, "appointment_id": 5853564, "fields": {"1": "\u0410\u0445\u043c\u0435\u0434\u043e\u0432\u0430 \u0422\u0430\u0442\u044c\u044f\u043d\u0430 \u041b\u0435\u043e\u043d\u0438\u0434\u043e\u0432\u043d\u0430", "2": "https://klientiks.ru/clientix/client/default/id/3188843", "3": 10765}}, {"id": 6609863, "name": "\u0428\u0438\u0440\u043e\u0434\u0445\u0430\u0440\u0430 (60 \u043c\u0438\u043d. \u0441\u0442\u0440\u0443\u044f\u0449\u0435\u0435\u0441\u044f \u043c\u0430\u0441\u043b\u043e \u043d\u0430 \u043b\u043e\u0431),\u0423\u043c\u0430\u0441\u043b\u0438\u0432\u0430\u043d\u0438\u0435  (30 \u043c\u0438\u043d.),\u0428\u0438\u0440\u043e\u0434\u0445\u0430\u0440\u0430 (60 \u043c\u0438\u043d. \u0441\u0442\u0440\u0443\u044f\u0449\u0435\u0435\u0441\u044f \u043c\u0430\u0441\u043b\u043e \u043d\u0430 \u043b\u043e\u0431),\u0423\u043c\u0430\u0441\u043b\u0438\u0432\u0430\u043d\u0438\u0435  (30 \u043c\u0438\u043d.)", "account_id": 10765, "date_create": 1582881858, "status": 6, "price": "0", "client_id": 3058502, "roistat": "\u043e\u0442 \u0437\u043d\u0430\u043a\u043e\u043c\u044b\u0445", "executor": "\u0424\u0438\u043b\u0438\u043f \u0412\u0438\u043c\u0430\u043b\u0430 \u0412\u0438\u043f\u0438\u043d", "is_sale": false, "appointment_id": 5853640, "fields": {"1": "\u0424\u0438\u043b\u0438\u043f \u0412\u0438\u043c\u0430\u043b\u0430 \u0412\u0438\u043f\u0438\u043d", "2": "https://klientiks.ru/clientix/client/default/id/3058502", "3": 10765}}, {"id": 6610697, "name": "\u0410\u044e\u0440\u0432\u0435\u0434\u0430 \u043a\u043e\u043d\u0441\u0443\u043b\u044c\u0442\u0430\u0446\u0438\u044f \u0432\u0440\u0430\u0447\u0430 (60 \u043c\u0438\u043d)", "account_id": 10765, "date_create": 1582886384, "status": 7, "price": null, "client_id": 3321057, "roistat": "\u0432\u043a", "executor": "\u041f\u0440\u0430\u0432\u0438\u043d \u0421\u0443\u0440\u0435\u043d\u0434\u0440\u0430\u043d\u043f\u0438\u043b\u0430\u0439 \u0412\u0430\u0441\u0430\u043d\u0442\u0430\u043a\u0443\u043c\u0430\u0440\u0438", "is_sale": false, "appointment_id": 5854476, "fields": {"1": "\u041f\u0440\u0430\u0432\u0438\u043d \u0421\u0443\u0440\u0435\u043d\u0434\u0440\u0430\u043d\u043f\u0438\u043b\u0430\u0439 \u0412\u0430\u0441\u0430\u043d\u0442\u0430\u043a\u0443\u043c\u0430\u0440\u0438", "2": "https://klientiks.ru/clientix/client/default/id/3321057", "3": 10765}}, {"id": 6611326, "name": "\u0410\u044e\u0440\u0432\u0435\u0434\u0430 \u043f\u043e\u0432\u0442\u043e\u0440\u043d\u0430\u044f \u043a\u043e\u043d\u0441\u0443\u043b\u044c\u0442\u0430\u0446\u0438\u044f \u0434\u043e\u043a\u0442\u043e\u0440\u0430 \u0412\u0430\u0440\u0443\u043d (30 \u043c\u0438\u043d.)", "account_id": 10765, "date_create": 1582889618, "status": 6, "price": "2000", "client_id": 2542180, "roistat": "\u043e\u0442 \u0437\u043d\u0430\u043a\u043e\u043c\u044b\u0445", "executor": "\u0412\u0430\u0440\u0443\u043d", "is_sale": false, "appointment_id": 5855067, "fields": {"1": "\u0412\u0430\u0440\u0443\u043d", "2": "https://klientiks.ru/clientix/client/default/id/2542180", "3": 10765}}, {"id": 6611774, "name": "\u0410\u044d\u0440\u043e\u0439\u043e\u0433\u0430 (90 \u043c\u0438\u043d)", "account_id": 10765, "date_create": 1582891766, "status": 6, "price": "0", "client_id": 1122031, "roistat": "\u0441\u043e\u0442\u0440\u0443\u0434\u043d\u0438\u043a", "executor": "\u0421\u043e\u0431\u0435\u043d\u043d\u0438\u043a\u043e\u0432\u0430 \u041e\u043a\u0441\u0430\u043d\u0430 \u042e\u0440\u044c\u0435\u0432\u043d\u0430", "is_sale": false, "appointment_id": 5543994, "fields": {"1": "\u0421\u043e\u0431\u0435\u043d\u043d\u0438\u043a\u043e\u0432\u0430 \u041e\u043a\u0441\u0430\u043d\u0430 \u042e\u0440\u044c\u0435\u0432\u043d\u0430", "2": "https://klientiks.ru/clientix/client/default/id/1122031", "3": 10765}}, {"id": 6611781, "name": "\u0410\u044d\u0440\u043e\u0439\u043e\u0433\u0430 (90 \u043c\u0438\u043d)", "account_id": 10765, "date_create": 1582891793, "status": 6, "price": "0", "client_id": 1109904, "roistat": "\u0441\u043e\u0442\u0440\u0443\u0434\u043d\u0438\u043a", "executor": "\u0421\u043e\u0431\u0435\u043d\u043d\u0438\u043a\u043e\u0432\u0430 \u041e\u043a\u0441\u0430\u043d\u0430 \u042e\u0440\u044c\u0435\u0432\u043d\u0430", "is_sale": false, "appointment_id": 5833284, "fields": {"1": "\u0421\u043e\u0431\u0435\u043d\u043d\u0438\u043a\u043e\u0432\u0430 \u041e\u043a\u0441\u0430\u043d\u0430 \u042e\u0440\u044c\u0435\u0432\u043d\u0430", "2": "https://klientiks.ru/clientix/client/default/id/1109904", "3": 10765}}, {"id": 6612051, "name": "\u0410\u044e\u0440\u0432\u0435\u0434\u0430 \u043f\u043e\u0432\u0442\u043e\u0440\u043d\u0430\u044f \u043a\u043e\u043d\u0441\u0443\u043b\u044c\u0442\u0430\u0446\u0438\u044f \u0432\u0440\u0430\u0447\u0430 \u0432 \u043d\u0430\u0437\u043d\u0430\u0447\u0435\u043d\u043d\u044b\u0439 \u0441\u0440\u043e\u043a (30 \u043c\u0438\u043d)", "account_id": 10765, "date_create": 1582893369, "status": 6, "price": "2000", "client_id": 1122769, "roistat": "\u0412\u0445\u043e\u0434\u044f\u0449\u0438\u0439 \u0437\u0432\u043e\u043d\u043e\u043a", "executor": "\u041f\u0440\u0430\u0432\u0438\u043d \u0421\u0443\u0440\u0435\u043d\u0434\u0440\u0430\u043d\u043f\u0438\u043b\u0430\u0439 \u0412\u0430\u0441\u0430\u043d\u0442\u0430\u043a\u0443\u043c\u0430\u0440\u0438", "is_sale": false, "appointment_id": 5855752, "fields": {"1": "\u041f\u0440\u0430\u0432\u0438\u043d \u0421\u0443\u0440\u0435\u043d\u0434\u0440\u0430\u043d\u043f\u0438\u043b\u0430\u0439 \u0412\u0430\u0441\u0430\u043d\u0442\u0430\u043a\u0443\u043c\u0430\u0440\u0438", "2": "https://klientiks.ru/clientix/client/default/id/1122769", "3": 10765}}, {"id": 6612512, "name": "\u0410\u044e\u0440\u0432\u0435\u0434\u0430 \u043f\u043e\u0432\u0442\u043e\u0440\u043d\u0430\u044f  \u043a\u043e\u043d\u0441\u0443\u043b\u044c\u0442\u0430\u0446\u0438\u044f \u0432\u0440\u0430\u0447\u0430 (30 \u043c\u0438\u043d)", "account_id": 10765, "date_create": 1582895755, "status": 7, "price": null, "client_id": 2758536, "roistat": "\u043e\u0442 \u0437\u043d\u0430\u043a\u043e\u043c\u044b\u0445", "executor": "\u041f\u0440\u0430\u0432\u0438\u043d \u0421\u0443\u0440\u0435\u043d\u0434\u0440\u0430\u043d\u043f\u0438\u043b\u0430\u0439 \u0412\u0430\u0441\u0430\u043d\u0442\u0430\u043a\u0443\u043c\u0430\u0440\u0438", "is_sale": false, "appointment_id": 5856150, "fields": {"1": "\u041f\u0440\u0430\u0432\u0438\u043d \u0421\u0443\u0440\u0435\u043d\u0434\u0440\u0430\u043d\u043f\u0438\u043b\u0430\u0439 \u0412\u0430\u0441\u0430\u043d\u0442\u0430\u043a\u0443\u043c\u0430\u0440\u0438", "2": "https://klientiks.ru/clientix/client/default/id/2758536", "3": 10765}}, {"id": 6613111, "name": "Sukumara_Kashayam_200 ml", "account_id": 10765, "date_create": 1582899890, "status": 6, "price": "800", "client_id": 3258794, "roistat": "\u0412\u0445\u043e\u0434\u044f\u0449\u0438\u0439 \u0437\u0432\u043e\u043d\u043e\u043a", "executor": "\u0410\u0445\u043c\u0435\u0434\u043e\u0432\u0430 \u0422\u0430\u0442\u044c\u044f\u043d\u0430 \u041b\u0435\u043e\u043d\u0438\u0434\u043e\u0432\u043d\u0430", "is_sale": true, "appointment_id": 5856720, "fields": {"1": "\u0410\u0445\u043c\u0435\u0434\u043e\u0432\u0430 \u0422\u0430\u0442\u044c\u044f\u043d\u0430 \u041b\u0435\u043e\u043d\u0438\u0434\u043e\u0432\u043d\u0430", "2": "https://klientiks.ru/clientix/client/default/id/3258794", "3": 10765}}, {"id": 6613142, "name": "\u0410\u044d\u0440\u043e\u0439\u043e\u0433\u0430 (90 \u043c\u0438\u043d)", "account_id": 10765, "date_create": 1582900096, "status": 6, "price": "800", "client_id": 3244018, "roistat": "\u0438\u043d\u0442\u0435\u0440\u043d\u0435\u0442", "executor": "\u0412\u043b\u0430\u0441\u043e\u0432\u0430 \u0415\u043b\u0435\u043d\u0430 \u0421\u0435\u0440\u0433\u0435\u0435\u0432\u043d\u0430", "is_sale": false, "appointment_id": 5762040, "fields": {"1": "\u0412\u043b\u0430\u0441\u043e\u0432\u0430 \u0415\u043b\u0435\u043d\u0430 \u0421\u0435\u0440\u0433\u0435\u0435\u0432\u043d\u0430", "2": "https://klientiks.ru/clientix/client/default/id/3244018", "3": 10765}}, {"id": 6613439, "name": "\u0428\u0430\u043c\u043f\u0443\u043d\u044c_Trichup,Brahmarasayanam_200ml,\u041a\u0430\u0440\u0434\u043e\u043c\u043e\u043d_\u0437\u0435\u043b\u0435\u043d\u044b\u0439,Brahmarasayanam_200ml,\u041a\u0430\u0440\u0434\u043e\u043c\u043e\u043d_\u0437\u0435\u043b\u0435\u043d\u044b\u0439,\u0428\u0430\u043c\u043f\u0443\u043d\u044c_Trichup,Brahmarasayanam_200ml,\u041a\u0430\u0440\u0434\u043e\u043c\u043e\u043d_\u0437\u0435\u043b\u0435\u043d\u044b\u0439,\u0428\u0430\u043c\u043f\u0443\u043d\u044c_Trichup", "account_id": 10765, "date_create": 1582901878, "status": 6, "price": "1250", "client_id": 3276868, "roistat": "\u0412\u0445\u043e\u0434\u044f\u0449\u0438\u0439 \u0437\u0432\u043e\u043d\u043e\u043a", "executor": "\u0410\u0445\u043c\u0435\u0434\u043e\u0432\u0430 \u0422\u0430\u0442\u044c\u044f\u043d\u0430 \u041b\u0435\u043e\u043d\u0438\u0434\u043e\u0432\u043d\u0430", "is_sale": true, "appointment_id": 5857007, "fields": {"1": "\u0410\u0445\u043c\u0435\u0434\u043e\u0432\u0430 \u0422\u0430\u0442\u044c\u044f\u043d\u0430 \u041b\u0435\u043e\u043d\u0438\u0434\u043e\u0432\u043d\u0430", "2": "https://klientiks.ru/clientix/client/default/id/3276868", "3": 10765}}, {"id": 6613600, "name": "Arjunarishtam_450ml", "account_id": 10765, "date_create": 1582902783, "status": 6, "price": "835", "client_id": 2623071, "roistat": "\u0441\u043e\u0442\u0440\u0443\u0434\u043d\u0438\u043a", "executor": "\u0410\u0445\u043c\u0435\u0434\u043e\u0432\u0430 \u0422\u0430\u0442\u044c\u044f\u043d\u0430 \u041b\u0435\u043e\u043d\u0438\u0434\u043e\u0432\u043d\u0430", "is_sale": true, "appointment_id": 5857122, "fields": {"1": "\u0410\u0445\u043c\u0435\u0434\u043e\u0432\u0430 \u0422\u0430\u0442\u044c\u044f\u043d\u0430 \u041b\u0435\u043e\u043d\u0438\u0434\u043e\u0432\u043d\u0430", "2": "https://klientiks.ru/clientix/client/default/id/2623071", "3": 10765}}, {"id": 6614597, "name": "\u0410\u044e\u0440\u0432\u0435\u0434\u0430 \u043f\u043e\u0432\u0442\u043e\u0440\u043d\u0430\u044f \u043a\u043e\u043d\u0441\u0443\u043b\u044c\u0442\u0430\u0446\u0438\u044f \u0432\u0440\u0430\u0447\u0430 \u0432 \u043d\u0430\u0437\u043d\u0430\u0447\u0435\u043d\u043d\u044b\u0439 \u0441\u0440\u043e\u043a (30 \u043c\u0438\u043d)", "account_id": 10765, "date_create": 1582905636, "status": 6, "price": "2000", "client_id": 1383790, "roistat": "\u0421\u043e\u0432\u0435\u0442 \u0414\u0440\u0443\u0437\u0435\u0439", "executor": "\u041f\u0440\u0430\u0432\u0438\u043d \u0421\u0443\u0440\u0435\u043d\u0434\u0440\u0430\u043d\u043f\u0438\u043b\u0430\u0439 \u0412\u0430\u0441\u0430\u043d\u0442\u0430\u043a\u0443\u043c\u0430\u0440\u0438", "is_sale": false, "appointment_id": 5857428, "fields": {"1": "\u041f\u0440\u0430\u0432\u0438\u043d \u0421\u0443\u0440\u0435\u043d\u0434\u0440\u0430\u043d\u043f\u0438\u043b\u0430\u0439 \u0412\u0430\u0441\u0430\u043d\u0442\u0430\u043a\u0443\u043c\u0430\u0440\u0438", "2": "https://klientiks.ru/clientix/client/default/id/1383790", "3": 10765}}, {"id": 6614744, "name": "\u041a\u0430\u043b\u0430\u0440\u0438 \u043c\u0430\u0441\u0441\u0430\u0436 (60 \u043c\u0438\u043d. \u043d\u043e\u0436\u043d\u043e\u0439 \u043c\u0430\u0441\u043b\u044f\u043d\u044b\u0439 \u043c\u0430\u0441\u0441\u0430\u0436)", "account_id": 10765, "date_create": 1582906765, "status": 6, "price": "0", "client_id": 2936299, "roistat": "\u0412\u0445\u043e\u0434\u044f\u0449\u0438\u0439 \u0437\u0432\u043e\u043d\u043e\u043a,\u043e\u0442 \u0437\u043d\u0430\u043a\u043e\u043c\u044b\u0445", "executor": "\u0424\u0438\u043b\u0438\u043f \u0412\u0438\u043c\u0430\u043b\u0430 \u0412\u0438\u043f\u0438\u043d", "is_sale": false, "appointment_id": 5857568, "fields": {"1": "\u0424\u0438\u043b\u0438\u043f \u0412\u0438\u043c\u0430\u043b\u0430 \u0412\u0438\u043f\u0438\u043d", "2": "https://klientiks.ru/clientix/client/default/id/2936299", "3": 10765}}, {"id": 6614748, "name": "\u0410\u0431\u0445\u044a\u044f\u043d\u0433\u0430 \u043c\u0430\u0441\u0441\u0430\u0436 (60 \u043c\u0438\u043d. \u0440\u0443\u0447\u043d\u043e\u0439 \u043c\u0430\u0441\u043b\u044f\u043d\u044b\u0439 \u043c\u0430\u0441\u0441\u0430\u0436 \u0432 2 \u0440\u0443\u043a\u0438)", "account_id": 10765, "date_create": 1582906812, "status": 6, "price": "0", "client_id": 2936299, "roistat": "\u0412\u0445\u043e\u0434\u044f\u0449\u0438\u0439 \u0437\u0432\u043e\u043d\u043e\u043a,\u043e\u0442 \u0437\u043d\u0430\u043a\u043e\u043c\u044b\u0445", "executor": "\u041d\u0438\u0431\u0438\u043d \u041a\u043e\u0434\u0430\u0442 \u0414\u0438\u043d\u0435\u0441\u0430\u043d", "is_sale": false, "appointment_id": 5857573, "fields": {"1": "\u041d\u0438\u0431\u0438\u043d \u041a\u043e\u0434\u0430\u0442 \u0414\u0438\u043d\u0435\u0441\u0430\u043d", "2": "https://klientiks.ru/clientix/client/default/id/2936299", "3": 10765}}, {"id": 6614839, "name": "\u0423\u043c\u0430\u0441\u043b\u0438\u0432\u0430\u043d\u0438\u0435  (30 \u043c\u0438\u043d.)", "account_id": 10765, "date_create": 1582907560, "status": 6, "price": "1440", "client_id": 1123631, "roistat": "\u043f\u043e\u0441\u0442\u043e\u044f\u043d\u043d\u044b\u0439 \u043a\u043b\u0438\u0435\u043d\u0442", "executor": "\u0428\u0440\u0438\u0442\u0430", "is_sale": false, "appointment_id": 5857654, "fields": {"1": "\u0428\u0440\u0438\u0442\u0430", "2": "https://klientiks.ru/clientix/client/default/id/1123631", "3": 10765}}, {"id": 6614872, "name": "\u0423\u043c\u0430\u0441\u043b\u0438\u0432\u0430\u043d\u0438\u0435  (30 \u043c\u0438\u043d.)", "account_id": 10765, "date_create": 1582908126, "status": 6, "price": "1440", "client_id": 1123631, "roistat": "\u043f\u043e\u0441\u0442\u043e\u044f\u043d\u043d\u044b\u0439 \u043a\u043b\u0438\u0435\u043d\u0442", "executor": "\u0428\u0440\u0438\u0442\u0430", "is_sale": false, "appointment_id": 5857693, "fields": {"1": "\u0428\u0440\u0438\u0442\u0430", "2": "https://klientiks.ru/clientix/client/default/id/1123631", "3": 10765}}, {"id": 6614880, "name": "Koflet_1_\u043a\u043e\u043d\u0444\u0435\u0442\u0430", "account_id": 10765, "date_create": 1582908200, "status": 6, "price": "150", "client_id": 1123631, "roistat": "\u043f\u043e\u0441\u0442\u043e\u044f\u043d\u043d\u044b\u0439 \u043a\u043b\u0438\u0435\u043d\u0442", "executor": "\u0410\u0445\u043c\u0435\u0434\u043e\u0432\u0430 \u0422\u0430\u0442\u044c\u044f\u043d\u0430 \u041b\u0435\u043e\u043d\u0438\u0434\u043e\u0432\u043d\u0430", "is_sale": true, "appointment_id": 5857701, "fields": {"1": "\u0410\u0445\u043c\u0435\u0434\u043e\u0432\u0430 \u0422\u0430\u0442\u044c\u044f\u043d\u0430 \u041b\u0435\u043e\u043d\u0438\u0434\u043e\u0432\u043d\u0430", "2": "https://klientiks.ru/clientix/client/default/id/1123631", "3": 10765}}, {"id": 6614887, "name": "\u041a\u0430\u043b\u0430\u0440\u0438 \u043c\u0430\u0441\u0441\u0430\u0436 (60 \u043c\u0438\u043d. \u043d\u043e\u0436\u043d\u043e\u0439 \u043c\u0430\u0441\u043b\u044f\u043d\u044b\u0439 \u043c\u0430\u0441\u0441\u0430\u0436)", "account_id": 10765, "date_create": 1582908326, "status": 6, "price": "0", "client_id": 2936299, "roistat": "\u0412\u0445\u043e\u0434\u044f\u0449\u0438\u0439 \u0437\u0432\u043e\u043d\u043e\u043a,\u043e\u0442 \u0437\u043d\u0430\u043a\u043e\u043c\u044b\u0445", "executor": "\u0424\u0438\u043b\u0438\u043f \u0412\u0438\u043c\u0430\u043b\u0430 \u0412\u0438\u043f\u0438\u043d", "is_sale": false, "appointment_id": 5857708, "fields": {"1": "\u0424\u0438\u043b\u0438\u043f \u0412\u0438\u043c\u0430\u043b\u0430 \u0412\u0438\u043f\u0438\u043d", "2": "https://klientiks.ru/clientix/client/default/id/2936299", "3": 10765}}, {"id": 6614892, "name": "\u041a\u0430\u043b\u0430\u0440\u0438 \u043c\u0430\u0441\u0441\u0430\u0436 (60 \u043c\u0438\u043d. \u043d\u043e\u0436\u043d\u043e\u0439 \u043c\u0430\u0441\u043b\u044f\u043d\u044b\u0439 \u043c\u0430\u0441\u0441\u0430\u0436)", "account_id": 10765, "date_create": 1582908371, "status": 7, "price": null, "client_id": 2936299, "roistat": "\u0412\u0445\u043e\u0434\u044f\u0449\u0438\u0439 \u0437\u0432\u043e\u043d\u043e\u043a,\u043e\u0442 \u0437\u043d\u0430\u043a\u043e\u043c\u044b\u0445", "executor": "\u0424\u0438\u043b\u0438\u043f \u0412\u0438\u043c\u0430\u043b\u0430 \u0412\u0438\u043f\u0438\u043d", "is_sale": false, "appointment_id": 5857714, "fields": {"1": "\u0424\u0438\u043b\u0438\u043f \u0412\u0438\u043c\u0430\u043b\u0430 \u0412\u0438\u043f\u0438\u043d", "2": "https://klientiks.ru/clientix/client/default/id/2936299", "3": 10765}}, {"id": 6616355, "name": "\u041c\u0443\u043a\u0445\u0430\u0431\u0445\u044a\u044f\u043d\u0433\u0430 (30 \u043c\u0438\u043d. \u043c\u0430\u0441\u0441\u0430\u0436 \u043b\u0438\u0446\u0430),\u041c\u0443\u043a\u0445\u0430\u0431\u0445\u044a\u044f\u043d\u0433\u0430 (30 \u043c\u0438\u043d. \u043c\u0430\u0441\u0441\u0430\u0436 \u043b\u0438\u0446\u0430),\u0410\u0431\u0445\u044a\u044f\u043d\u0433\u0430 \u043c\u0430\u0441\u0441\u0430\u0436 (60 \u043c\u0438\u043d. \u0440\u0443\u0447\u043d\u043e\u0439 \u043c\u0430\u0441\u043b\u044f\u043d\u044b\u0439 \u043c\u0430\u0441\u0441\u0430\u0436 \u0432 2 \u0440\u0443\u043a\u0438),\u0410\u0431\u0445\u044a\u044f\u043d\u0433\u0430 \u043c\u0430\u0441\u0441\u0430\u0436 (60 \u043c\u0438\u043d. \u0440\u0443\u0447\u043d\u043e\u0439 \u043c\u0430\u0441\u043b\u044f\u043d\u044b\u0439 \u043c\u0430\u0441\u0441\u0430\u0436 \u0432 2 \u0440\u0443\u043a\u0438)", "account_id": 10765, "date_create": 1582958255, "status": 6, "price": "4400", "client_id": 2942716, "roistat": "\u0412\u0445\u043e\u0434\u044f\u0449\u0438\u0439 \u0437\u0432\u043e\u043d\u043e\u043a", "executor": "\u0428\u0440\u0438\u0442\u0430", "is_sale": false, "appointment_id": 5858940, "fields": {"1": "\u0428\u0440\u0438\u0442\u0430", "2": "https://klientiks.ru/clientix/client/default/id/2942716", "3": 10765}}, {"id": 6616633, "name": "\u0410\u044e\u0440\u0432\u0435\u0434\u0430 \u043a\u043e\u043d\u0441\u0443\u043b\u044c\u0442\u0430\u0446\u0438\u044f \u0432\u0440\u0430\u0447\u0430 (60 \u043c\u0438\u043d)", "account_id": 10765, "date_create": 1582960279, "status": 7, "price": null, "client_id": 3332399, "roistat": "\u0412\u0445\u043e\u0434\u044f\u0449\u0438\u0439 \u0437\u0432\u043e\u043d\u043e\u043a,\u0418\u043d\u0442\u0435\u0440\u043d\u0435\u0442", "executor": "\u041f\u0440\u0430\u0432\u0438\u043d \u0421\u0443\u0440\u0435\u043d\u0434\u0440\u0430\u043d\u043f\u0438\u043b\u0430\u0439 \u0412\u0430\u0441\u0430\u043d\u0442\u0430\u043a\u0443\u043c\u0430\u0440\u0438", "is_sale": false, "appointment_id": 5859207, "fields": {"1": "\u041f\u0440\u0430\u0432\u0438\u043d \u0421\u0443\u0440\u0435\u043d\u0434\u0440\u0430\u043d\u043f\u0438\u043b\u0430\u0439 \u0412\u0430\u0441\u0430\u043d\u0442\u0430\u043a\u0443\u043c\u0430\u0440\u0438", "2": "https://klientiks.ru/clientix/client/default/id/3332399", "3": 10765}}, {"id": 6617138, "name": "Tiktaka_Kwatham_100tab", "account_id": 10765, "date_create": 1582962755, "status": 6, "price": "1250", "client_id": 2695457, "roistat": "\u043e\u0442 \u0437\u043d\u0430\u043a\u043e\u043c\u044b\u0445", "executor": "\u0410\u0445\u043c\u0435\u0434\u043e\u0432\u0430 \u0422\u0430\u0442\u044c\u044f\u043d\u0430 \u041b\u0435\u043e\u043d\u0438\u0434\u043e\u0432\u043d\u0430", "is_sale": true, "appointment_id": 5859697, "fields": {"1": "\u0410\u0445\u043c\u0435\u0434\u043e\u0432\u0430 \u0422\u0430\u0442\u044c\u044f\u043d\u0430 \u041b\u0435\u043e\u043d\u0438\u0434\u043e\u0432\u043d\u0430", "2": "https://klientiks.ru/clientix/client/default/id/2695457", "3": 10765}}, {"id": 6617942, "name": "\u041a\u043e\u043d\u0441\u0443\u043b\u044c\u0442\u0430\u0446\u0438\u044f \u0430\u0441\u0442\u0440\u043e\u043b\u043e\u0433\u0430 \u0420\u0430\u0433\u0445\u0443\u043d\u0430\u0442\u0445  \u0441\u043a\u0430\u0439\u043f", "account_id": 10765, "date_create": 1582966621, "status": 7, "price": null, "client_id": 3325787, "roistat": "\u0412\u0445\u043e\u0434\u044f\u0449\u0438\u0439 \u0437\u0432\u043e\u043d\u043e\u043a,\u0418\u043d\u0442\u0435\u0440\u043d\u0435\u0442", "executor": "\u0420\u0430\u0433\u0445\u0443\u043d\u0430\u0442\u0445 \u041c\u0435\u043d\u043e\u043d", "is_sale": false, "appointment_id": 5860448, "fields": {"1": "\u0420\u0430\u0433\u0445\u0443\u043d\u0430\u0442\u0445 \u041c\u0435\u043d\u043e\u043d", "2": "https://klientiks.ru/clientix/client/default/id/3325787", "3": 10765}}, {"id": 6618358, "name": "\u0410\u044e\u0440\u0432\u0435\u0434\u0430 \u043a\u043e\u043d\u0441\u0443\u043b\u044c\u0442\u0430\u0446\u0438\u044f \u0432\u0440\u0430\u0447\u0430 (60 \u043c\u0438\u043d)", "account_id": 10765, "date_create": 1582968635, "status": 6, "price": "3200", "client_id": 3332878, "roistat": "\u0412\u0445\u043e\u0434\u044f\u0449\u0438\u0439 \u0437\u0432\u043e\u043d\u043e\u043a", "executor": "\u041f\u0440\u0430\u0432\u0438\u043d \u0421\u0443\u0440\u0435\u043d\u0434\u0440\u0430\u043d\u043f\u0438\u043b\u0430\u0439 \u0412\u0430\u0441\u0430\u043d\u0442\u0430\u043a\u0443\u043c\u0430\u0440\u0438", "is_sale": false, "appointment_id": 5860861, "fields": {"1": "\u041f\u0440\u0430\u0432\u0438\u043d \u0421\u0443\u0440\u0435\u043d\u0434\u0440\u0430\u043d\u043f\u0438\u043b\u0430\u0439 \u0412\u0430\u0441\u0430\u043d\u0442\u0430\u043a\u0443\u043c\u0430\u0440\u0438", "2": "https://klientiks.ru/clientix/client/default/id/3332878", "3": 10765}}, {"id": 6618409, "name": "\u0410\u044e\u0440\u0432\u0435\u0434\u0430 \u043a\u043e\u043d\u0441\u0443\u043b\u044c\u0442\u0430\u0446\u0438\u044f \u0432\u0440\u0430\u0447\u0430 (60 \u043c\u0438\u043d)", "account_id": 10765, "date_create": 1582968860, "status": 6, "price": "3200", "client_id": 3332903, "roistat": "\u0412\u0445\u043e\u0434\u044f\u0449\u0438\u0439 \u0437\u0432\u043e\u043d\u043e\u043a,\u0418\u043d\u0442\u0435\u0440\u043d\u0435\u0442", "executor": "\u041f\u0440\u0430\u0432\u0438\u043d \u0421\u0443\u0440\u0435\u043d\u0434\u0440\u0430\u043d\u043f\u0438\u043b\u0430\u0439 \u0412\u0430\u0441\u0430\u043d\u0442\u0430\u043a\u0443\u043c\u0430\u0440\u0438", "is_sale": false, "appointment_id": 5860916, "fields": {"1": "\u041f\u0440\u0430\u0432\u0438\u043d \u0421\u0443\u0440\u0435\u043d\u0434\u0440\u0430\u043d\u043f\u0438\u043b\u0430\u0439 \u0412\u0430\u0441\u0430\u043d\u0442\u0430\u043a\u0443\u043c\u0430\u0440\u0438", "2": "https://klientiks.ru/clientix/client/default/id/3332903", "3": 10765}}, {"id": 6618428, "name": "Drakshadi_kashayam_200ml,Avipathi_choornam_30g,Drakshadi_kashayam_200ml,\u041a\u0443\u043d\u0436\u0443\u0442\u043d\u043e\u0435_\u043c\u0430\u0441\u043b\u043e_\u041a\u0430\u043c\u0430\u043b\u0430,Septilin_Himalaya_60 tab,Ashwagandha_60tab_Kutir's,Avipathi_choornam_30g,Avipathi_choornam_30g,\u041a\u0443\u043d\u0436\u0443\u0442\u043d\u043e\u0435_\u043c\u0430\u0441\u043b\u043e_\u041a\u0430\u043c\u0430\u043b\u0430,\u041a\u0443\u043d\u0436\u0443\u0442\u043d\u043e\u0435_\u043c\u0430\u0441\u043b\u043e_\u041a\u0430\u043c\u0430\u043b\u0430,Avipathi_choornam_30g,Ashwagandha_60tab_Kutir's,Ashwagandha_60tab_Kutir's,Septilin_Himalaya_60 tab,\u041a\u0443\u043d\u0436\u0443\u0442\u043d\u043e\u0435_\u043c\u0430\u0441\u043b\u043e_\u041a\u0430\u043c\u0430\u043b\u0430,Septilin_Himalaya_60 tab,Drakshadi_kashayam_200ml,Septilin_Himalaya_60 tab,Ashwagandha_60tab_Kutir's,Drakshadi_kashayam_200ml,\u041a\u0443\u043d\u0436\u0443\u0442\u043d\u043e\u0435_\u043c\u0430\u0441\u043b\u043e_\u041a\u0430\u043c\u0430\u043b\u0430,Avipathi_choornam_30g,Ashwagandha_60tab_Kutir's,Septilin_Himalaya_60 tab,Drakshadi_kashayam_200ml", "account_id": 10765, "date_create": 1582968967, "status": 6, "price": "1750", "client_id": 3255176, "roistat": "\u043e\u0442 \u0437\u043d\u0430\u043a\u043e\u043c\u044b\u0445,\u0418\u043d\u0442\u0435\u0440\u043d\u0435\u0442", "executor": "\u0410\u0445\u043c\u0435\u0434\u043e\u0432\u0430 \u0422\u0430\u0442\u044c\u044f\u043d\u0430 \u041b\u0435\u043e\u043d\u0438\u0434\u043e\u0432\u043d\u0430", "is_sale": true, "appointment_id": 5860936, "fields": {"1": "\u0410\u0445\u043c\u0435\u0434\u043e\u0432\u0430 \u0422\u0430\u0442\u044c\u044f\u043d\u0430 \u041b\u0435\u043e\u043d\u0438\u0434\u043e\u0432\u043d\u0430", "2": "https://klientiks.ru/clientix/client/default/id/3255176", "3": 10765}}, {"id": 6618714, "name": "\u0410\u0431\u0445\u044a\u044f\u043d\u0433\u0430 \u043c\u0430\u0441\u0441\u0430\u0436 (60 \u043c\u0438\u043d. \u0440\u0443\u0447\u043d\u043e\u0439 \u043c\u0430\u0441\u043b\u044f\u043d\u044b\u0439 \u043c\u0430\u0441\u0441\u0430\u0436 \u0432 2 \u0440\u0443\u043a\u0438)", "account_id": 10765, "date_create": 1582970573, "status": 6, "price": "3200", "client_id": 3255176, "roistat": "\u043e\u0442 \u0437\u043d\u0430\u043a\u043e\u043c\u044b\u0445,\u0418\u043d\u0442\u0435\u0440\u043d\u0435\u0442", "executor": "\u0428\u0440\u0438\u0442\u0430", "is_sale": false, "appointment_id": 5727454, "fields": {"1": "\u0428\u0440\u0438\u0442\u0430", "2": "https://klientiks.ru/clientix/client/default/id/3255176", "3": 10765}}, {"id": 6619065, "name": "\u0410\u044e\u0440\u0432\u0435\u0434\u0430 \u043f\u043e\u0432\u0442\u043e\u0440\u043d\u0430\u044f \u043a\u043e\u043d\u0441\u0443\u043b\u044c\u0442\u0430\u0446\u0438\u044f \u0432\u0440\u0430\u0447\u0430 \u0432 \u043d\u0430\u0437\u043d\u0430\u0447\u0435\u043d\u043d\u044b\u0439 \u0441\u0440\u043e\u043a (30 \u043c\u0438\u043d)", "account_id": 10765, "date_create": 1582972818, "status": 7, "price": null, "client_id": 3255176, "roistat": "\u043e\u0442 \u0437\u043d\u0430\u043a\u043e\u043c\u044b\u0445,\u0418\u043d\u0442\u0435\u0440\u043d\u0435\u0442", "executor": "\u041f\u0440\u0430\u0432\u0438\u043d \u0421\u0443\u0440\u0435\u043d\u0434\u0440\u0430\u043d\u043f\u0438\u043b\u0430\u0439 \u0412\u0430\u0441\u0430\u043d\u0442\u0430\u043a\u0443\u043c\u0430\u0440\u0438", "is_sale": false, "appointment_id": 5861541, "fields": {"1": "\u041f\u0440\u0430\u0432\u0438\u043d \u0421\u0443\u0440\u0435\u043d\u0434\u0440\u0430\u043d\u043f\u0438\u043b\u0430\u0439 \u0412\u0430\u0441\u0430\u043d\u0442\u0430\u043a\u0443\u043c\u0430\u0440\u0438", "2": "https://klientiks.ru/clientix/client/default/id/3255176", "3": 10765}}, {"id": 6619635, "name": "\u0410\u0431\u0445\u044a\u044f\u043d\u0433\u0430 \u043c\u0430\u0441\u0441\u0430\u0436 (60 \u043c\u0438\u043d. \u0440\u0443\u0447\u043d\u043e\u0439 \u043c\u0430\u0441\u043b\u044f\u043d\u044b\u0439 \u043c\u0430\u0441\u0441\u0430\u0436 \u0432 2 \u0440\u0443\u043a\u0438)", "account_id": 10765, "date_create": 1582976474, "status": 7, "price": null, "client_id": 2319865, "roistat": "\u0412\u0445\u043e\u0434\u044f\u0449\u0438\u0439 \u0437\u0432\u043e\u043d\u043e\u043a", "executor": "\u0410\u043f\u043f\u043e", "is_sale": false, "appointment_id": 5862108, "fields": {"1": "\u0410\u043f\u043f\u043e", "2": "https://klientiks.ru/clientix/client/default/id/2319865", "3": 10765}}, {"id": 6619896, "name": "\u041a\u0438\u0436\u0438 \u043c\u0430\u0441\u0441\u0430\u0436 (60 \u043c\u0438\u043d. \u043f\u0438\u043d\u0434\u0430\u0441\u0432\u0435\u0434\u0430\u043d\u0430, \u043c\u0430\u0441\u0441\u0430\u0436 \u043c\u0435\u0448\u043e\u0447\u043a\u0430\u043c\u0438 \u0432 2 \u0440\u0443\u043a\u0438)", "account_id": 10765, "date_create": 1582978641, "status": 7, "price": null, "client_id": 3122840, "roistat": "\u0420\u043e\u0434\u0441\u0442\u0432\u0435\u043d\u043d\u0438\u043a \u043d\u0430\u0448\u0435\u0433\u043e \u043a\u043b\u0438\u0435\u043d\u0442\u0430", "executor": "\u0424\u0438\u043b\u0438\u043f \u0412\u0438\u043c\u0430\u043b\u0430 \u0412\u0438\u043f\u0438\u043d", "is_sale": false, "appointment_id": 5862352, "fields": {"1": "\u0424\u0438\u043b\u0438\u043f \u0412\u0438\u043c\u0430\u043b\u0430 \u0412\u0438\u043f\u0438\u043d", "2": "https://klientiks.ru/clientix/client/default/id/3122840", "3": 10765}}, {"id": 6620022, "name": "\u0410\u044e\u0440\u0432\u0435\u0434\u0430 \u043f\u043e\u0432\u0442\u043e\u0440\u043d\u0430\u044f  \u043a\u043e\u043d\u0441\u0443\u043b\u044c\u0442\u0430\u0446\u0438\u044f \u043f\u0440\u0438\u0433\u043b\u0430\u0448\u0435\u043d\u043d\u043e\u0433\u043e \u0441\u043f\u0435\u0446\u0438\u0430\u043b\u0438\u0441\u0442\u0430 (30 \u043c\u0438\u043d)", "account_id": 10765, "date_create": 1582979786, "status": 6, "price": "2500", "client_id": 2823274, "roistat": "\u0421\u043e\u0432\u0435\u0442 \u0414\u0440\u0443\u0437\u0435\u0439,\u0438\u043d\u0442\u0435\u0440\u043d\u0435\u0442", "executor": "\u0414\u0436\u0430\u0442\u0445\u0430\u0432 \u041f\u0430\u0440\u0435\u0448", "is_sale": false, "appointment_id": 5862466, "fields": {"1": "\u0414\u0436\u0430\u0442\u0445\u0430\u0432 \u041f\u0430\u0440\u0435\u0448", "2": "https://klientiks.ru/clientix/client/default/id/2823274", "3": 10765}}, {"id": 6620738, "name": "\u0421\u0435\u0430\u043d\u0441 \u0432 \u043a\u0435\u0434\u0440\u043e\u0432\u043e\u0439 \u0431\u043e\u0447\u043a\u0435 \u0441 \u0444\u0438\u0442\u043e\u0441\u0431\u043e\u0440\u043e\u043c,\u0410\u0431\u0445\u044a\u044f\u043d\u0433\u0430 \u043c\u0430\u0441\u0441\u0430\u0436 (60 \u043c\u0438\u043d. \u0440\u0443\u0447\u043d\u043e\u0439 \u043c\u0430\u0441\u043b\u044f\u043d\u044b\u0439 \u043c\u0430\u0441\u0441\u0430\u0436 \u0432 2 \u0440\u0443\u043a\u0438),\u0421\u0435\u0430\u043d\u0441 \u0432 \u043a\u0435\u0434\u0440\u043e\u0432\u043e\u0439 \u0431\u043e\u0447\u043a\u0435 \u0441 \u0444\u0438\u0442\u043e\u0441\u0431\u043e\u0440\u043e\u043c,\u0410\u0431\u0445\u044a\u044f\u043d\u0433\u0430 \u043c\u0430\u0441\u0441\u0430\u0436 (60 \u043c\u0438\u043d. \u0440\u0443\u0447\u043d\u043e\u0439 \u043c\u0430\u0441\u043b\u044f\u043d\u044b\u0439 \u043c\u0430\u0441\u0441\u0430\u0436 \u0432 2 \u0440\u0443\u043a\u0438)", "account_id": 10765, "date_create": 1582985690, "status": 6, "price": "0", "client_id": 3263662, "roistat": "\u043f\u043e\u0441\u0442\u043e\u044f\u043d\u043d\u044b\u0439 \u043a\u043b\u0438\u0435\u043d\u0442", "executor": "\u0428\u0440\u0438\u0442\u0430", "is_sale": false, "appointment_id": 5863078, "fields": {"1": "\u0428\u0440\u0438\u0442\u0430", "2": "https://klientiks.ru/clientix/client/default/id/3263662", "3": 10765}}, {"id": 6620742, "name": "\u041a\u0430\u043b\u0430\u0440\u0438 \u043c\u0430\u0441\u0441\u0430\u0436 (60 \u043c\u0438\u043d. \u043d\u043e\u0436\u043d\u043e\u0439 \u043c\u0430\u0441\u043b\u044f\u043d\u044b\u0439 \u043c\u0430\u0441\u0441\u0430\u0436),\u0412\u0438\u0440\u0435\u0447\u0430\u043d\u0430 (\u0441\u043b\u0430\u0431\u0438\u0442\u0435\u043b\u044c\u043d\u0430\u044f \u0442\u0435\u0440\u0430\u043f\u0438\u044f),\u041a\u0430\u043b\u0430\u0440\u0438 \u043c\u0430\u0441\u0441\u0430\u0436 (60 \u043c\u0438\u043d. \u043d\u043e\u0436\u043d\u043e\u0439 \u043c\u0430\u0441\u043b\u044f\u043d\u044b\u0439 \u043c\u0430\u0441\u0441\u0430\u0436),\u0412\u0438\u0440\u0435\u0447\u0430\u043d\u0430 (\u0441\u043b\u0430\u0431\u0438\u0442\u0435\u043b\u044c\u043d\u0430\u044f \u0442\u0435\u0440\u0430\u043f\u0438\u044f)", "account_id": 10765, "date_create": 1582985730, "status": 6, "price": "0", "client_id": 3263662, "roistat": "\u043f\u043e\u0441\u0442\u043e\u044f\u043d\u043d\u044b\u0439 \u043a\u043b\u0438\u0435\u043d\u0442", "executor": "\u0428\u0440\u0438\u0442\u0430", "is_sale": false, "appointment_id": 5863080, "fields": {"1": "\u0428\u0440\u0438\u0442\u0430", "2": "https://klientiks.ru/clientix/client/default/id/3263662", "3": 10765}}, {"id": 6620748, "name": "\u0410\u0431\u0445\u044a\u044f\u043d\u0433\u0430 \u043c\u0430\u0441\u0441\u0430\u0436 (60 \u043c\u0438\u043d. \u0440\u0443\u0447\u043d\u043e\u0439 \u043c\u0430\u0441\u043b\u044f\u043d\u044b\u0439 \u043c\u0430\u0441\u0441\u0430\u0436 \u0432 2 \u0440\u0443\u043a\u0438),\u0410\u0431\u0445\u044a\u044f\u043d\u0433\u0430 \u043c\u0430\u0441\u0441\u0430\u0436 (60 \u043c\u0438\u043d. \u0440\u0443\u0447\u043d\u043e\u0439 \u043c\u0430\u0441\u043b\u044f\u043d\u044b\u0439 \u043c\u0430\u0441\u0441\u0430\u0436 \u0432 2 \u0440\u0443\u043a\u0438),\u041a\u0438\u0436\u0438 \u043d\u0430 \u0447\u0430\u0441\u0442\u0438 \u0442\u0435\u043b\u0430 (30 \u043c\u0438\u043d),\u041a\u0438\u0436\u0438 \u043d\u0430 \u0447\u0430\u0441\u0442\u0438 \u0442\u0435\u043b\u0430 (30 \u043c\u0438\u043d)", "account_id": 10765, "date_create": 1582985805, "status": 6, "price": "0", "client_id": 3263662, "roistat": "\u043f\u043e\u0441\u0442\u043e\u044f\u043d\u043d\u044b\u0439 \u043a\u043b\u0438\u0435\u043d\u0442", "executor": "\u041d\u0438\u0431\u0438\u043d \u041a\u043e\u0434\u0430\u0442 \u0414\u0438\u043d\u0435\u0441\u0430\u043d", "is_sale": false, "appointment_id": 5863085, "fields": {"1": "\u041d\u0438\u0431\u0438\u043d \u041a\u043e\u0434\u0430\u0442 \u0414\u0438\u043d\u0435\u0441\u0430\u043d", "2": "https://klientiks.ru/clientix/client/default/id/3263662", "3": 10765}}, {"id": 6620754, "name": "\u0410\u0431\u0445\u044a\u044f\u043d\u0433\u0430 \u043c\u0430\u0441\u0441\u0430\u0436 (60 \u043c\u0438\u043d. \u0440\u0443\u0447\u043d\u043e\u0439 \u043c\u0430\u0441\u043b\u044f\u043d\u044b\u0439 \u043c\u0430\u0441\u0441\u0430\u0436 \u0432 2 \u0440\u0443\u043a\u0438),\u041a\u0438\u0436\u0438 \u043d\u0430 \u0447\u0430\u0441\u0442\u0438 \u0442\u0435\u043b\u0430 (30 \u043c\u0438\u043d),\u0410\u0431\u0445\u044a\u044f\u043d\u0433\u0430 \u043c\u0430\u0441\u0441\u0430\u0436 (60 \u043c\u0438\u043d. \u0440\u0443\u0447\u043d\u043e\u0439 \u043c\u0430\u0441\u043b\u044f\u043d\u044b\u0439 \u043c\u0430\u0441\u0441\u0430\u0436 \u0432 2 \u0440\u0443\u043a\u0438),\u041a\u0438\u0436\u0438 \u043d\u0430 \u0447\u0430\u0441\u0442\u0438 \u0442\u0435\u043b\u0430 (30 \u043c\u0438\u043d)", "account_id": 10765, "date_create": 1582985849, "status": 6, "price": "0", "client_id": 3263662, "roistat": "\u043f\u043e\u0441\u0442\u043e\u044f\u043d\u043d\u044b\u0439 \u043a\u043b\u0438\u0435\u043d\u0442", "executor": "\u041d\u0438\u0431\u0438\u043d \u041a\u043e\u0434\u0430\u0442 \u0414\u0438\u043d\u0435\u0441\u0430\u043d", "is_sale": false, "appointment_id": 5863092, "fields": {"1": "\u041d\u0438\u0431\u0438\u043d \u041a\u043e\u0434\u0430\u0442 \u0414\u0438\u043d\u0435\u0441\u0430\u043d", "2": "https://klientiks.ru/clientix/client/default/id/3263662", "3": 10765}}, {"id": 6620759, "name": "\u041f\u0438\u0447\u0443 (30 \u043c\u0438\u043d. \u043c\u0430\u0441\u043b\u044f\u043d\u0430\u044f \u0430\u043f\u043f\u043b\u0438\u043a\u0430\u0446\u0438\u044f),\u041a\u0430\u043b\u0430\u0440\u0438 \u043c\u0430\u0441\u0441\u0430\u0436 (60 \u043c\u0438\u043d. \u043d\u043e\u0436\u043d\u043e\u0439 \u043c\u0430\u0441\u043b\u044f\u043d\u044b\u0439 \u043c\u0430\u0441\u0441\u0430\u0436),\u0410\u043d\u0443\u0432\u0430\u0441\u0430\u043d\u0430 \u0411\u0430\u0441\u0442\u0438 (30 \u043c\u0438\u043d. \u043c\u0430\u0441\u043b\u044f\u043d\u0430\u044f \u0442\u0440\u0430\u0432\u044f\u043d\u0430\u044f \u043a\u043b\u0438\u0437\u043c\u0430),\u041a\u0430\u043b\u0430\u0440\u0438 \u043c\u0430\u0441\u0441\u0430\u0436 (60 \u043c\u0438\u043d. \u043d\u043e\u0436\u043d\u043e\u0439 \u043c\u0430\u0441\u043b\u044f\u043d\u044b\u0439 \u043c\u0430\u0441\u0441\u0430\u0436),\u041f\u0438\u0447\u0443 (30 \u043c\u0438\u043d. \u043c\u0430\u0441\u043b\u044f\u043d\u0430\u044f \u0430\u043f\u043f\u043b\u0438\u043a\u0430\u0446\u0438\u044f),\u0410\u043d\u0443\u0432\u0430\u0441\u0430\u043d\u0430 \u0411\u0430\u0441\u0442\u0438 (30 \u043c\u0438\u043d. \u043c\u0430\u0441\u043b\u044f\u043d\u0430\u044f \u0442\u0440\u0430\u0432\u044f\u043d\u0430\u044f \u043a\u043b\u0438\u0437\u043c\u0430),\u041a\u0430\u043b\u0430\u0440\u0438 \u043c\u0430\u0441\u0441\u0430\u0436 (60 \u043c\u0438\u043d. \u043d\u043e\u0436\u043d\u043e\u0439 \u043c\u0430\u0441\u043b\u044f\u043d\u044b\u0439 \u043c\u0430\u0441\u0441\u0430\u0436),\u041f\u0438\u0447\u0443 (30 \u043c\u0438\u043d. \u043c\u0430\u0441\u043b\u044f\u043d\u0430\u044f \u0430\u043f\u043f\u043b\u0438\u043a\u0430\u0446\u0438\u044f),\u0410\u043d\u0443\u0432\u0430\u0441\u0430\u043d\u0430 \u0411\u0430\u0441\u0442\u0438 (30 \u043c\u0438\u043d. \u043c\u0430\u0441\u043b\u044f\u043d\u0430\u044f \u0442\u0440\u0430\u0432\u044f\u043d\u0430\u044f \u043a\u043b\u0438\u0437\u043c\u0430)", "account_id": 10765, "date_create": 1582985911, "status": 6, "price": "0", "client_id": 3263662, "roistat": "\u043f\u043e\u0441\u0442\u043e\u044f\u043d\u043d\u044b\u0439 \u043a\u043b\u0438\u0435\u043d\u0442", "executor": "\u0428\u0440\u0438\u0442\u0430", "is_sale": false, "appointment_id": 5863097, "fields": {"1": "\u0428\u0440\u0438\u0442\u0430", "2": "https://klientiks.ru/clientix/client/default/id/3263662", "3": 10765}}, {"id": 6620763, "name": "\u041d\u0438\u0440\u0443\u0445\u0430 \u0411\u0430\u0441\u0442\u0438 (60 \u043c\u0438\u043d. \u043a\u043b\u0438\u0437\u043c\u0430 \u0442\u0440\u0430\u0432\u044f\u043d\u044b\u043c \u043e\u0442\u0432\u0430\u0440\u043e\u043c),\u0410\u0431\u0445\u044a\u044f\u043d\u0433\u0430 \u043c\u0430\u0441\u0441\u0430\u0436 (60 \u043c\u0438\u043d. \u0440\u0443\u0447\u043d\u043e\u0439 \u043c\u0430\u0441\u043b\u044f\u043d\u044b\u0439 \u043c\u0430\u0441\u0441\u0430\u0436 \u0432 2 \u0440\u0443\u043a\u0438),\u041f\u0438\u0447\u0443 (30 \u043c\u0438\u043d. \u043c\u0430\u0441\u043b\u044f\u043d\u0430\u044f \u0430\u043f\u043f\u043b\u0438\u043a\u0430\u0446\u0438\u044f),\u041d\u0438\u0440\u0443\u0445\u0430 \u0411\u0430\u0441\u0442\u0438 (60 \u043c\u0438\u043d. \u043a\u043b\u0438\u0437\u043c\u0430 \u0442\u0440\u0430\u0432\u044f\u043d\u044b\u043c \u043e\u0442\u0432\u0430\u0440\u043e\u043c),\u041f\u0438\u0447\u0443 (30 \u043c\u0438\u043d. \u043c\u0430\u0441\u043b\u044f\u043d\u0430\u044f \u0430\u043f\u043f\u043b\u0438\u043a\u0430\u0446\u0438\u044f),\u0410\u0431\u0445\u044a\u044f\u043d\u0433\u0430 \u043c\u0430\u0441\u0441\u0430\u0436 (60 \u043c\u0438\u043d. \u0440\u0443\u0447\u043d\u043e\u0439 \u043c\u0430\u0441\u043b\u044f\u043d\u044b\u0439 \u043c\u0430\u0441\u0441\u0430\u0436 \u0432 2 \u0440\u0443\u043a\u0438),\u041d\u0438\u0440\u0443\u0445\u0430 \u0411\u0430\u0441\u0442\u0438 (60 \u043c\u0438\u043d. \u043a\u043b\u0438\u0437\u043c\u0430 \u0442\u0440\u0430\u0432\u044f\u043d\u044b\u043c \u043e\u0442\u0432\u0430\u0440\u043e\u043c),\u041f\u0438\u0447\u0443 (30 \u043c\u0438\u043d. \u043c\u0430\u0441\u043b\u044f\u043d\u0430\u044f \u0430\u043f\u043f\u043b\u0438\u043a\u0430\u0446\u0438\u044f),\u0410\u0431\u0445\u044a\u044f\u043d\u0433\u0430 \u043c\u0430\u0441\u0441\u0430\u0436 (60 \u043c\u0438\u043d. \u0440\u0443\u0447\u043d\u043e\u0439 \u043c\u0430\u0441\u043b\u044f\u043d\u044b\u0439 \u043c\u0430\u0441\u0441\u0430\u0436 \u0432 2 \u0440\u0443\u043a\u0438)", "account_id": 10765, "date_create": 1582985948, "status": 6, "price": "0", "client_id": 3263662, "roistat": "\u043f\u043e\u0441\u0442\u043e\u044f\u043d\u043d\u044b\u0439 \u043a\u043b\u0438\u0435\u043d\u0442", "executor": "\u041d\u0438\u0431\u0438\u043d \u041a\u043e\u0434\u0430\u0442 \u0414\u0438\u043d\u0435\u0441\u0430\u043d", "is_sale": false, "appointment_id": 5863101, "fields": {"1": "\u041d\u0438\u0431\u0438\u043d \u041a\u043e\u0434\u0430\u0442 \u0414\u0438\u043d\u0435\u0441\u0430\u043d", "2": "https://klientiks.ru/clientix/client/default/id/3263662", "3": 10765}}, {"id": 6620773, "name": "\u041a\u0438\u0436\u0438 \u043d\u0430 \u0447\u0430\u0441\u0442\u0438 \u0442\u0435\u043b\u0430 (30 \u043c\u0438\u043d),\u0410\u0431\u0445\u044a\u044f\u043d\u0433\u0430 \u043c\u0430\u0441\u0441\u0430\u0436 (60 \u043c\u0438\u043d. \u0440\u0443\u0447\u043d\u043e\u0439 \u043c\u0430\u0441\u043b\u044f\u043d\u044b\u0439 \u043c\u0430\u0441\u0441\u0430\u0436 \u0432 2 \u0440\u0443\u043a\u0438),\u0410\u043d\u0443\u0432\u0430\u0441\u0430\u043d\u0430 \u0411\u0430\u0441\u0442\u0438 (30 \u043c\u0438\u043d. \u043c\u0430\u0441\u043b\u044f\u043d\u0430\u044f \u0442\u0440\u0430\u0432\u044f\u043d\u0430\u044f \u043a\u043b\u0438\u0437\u043c\u0430)", "account_id": 10765, "date_create": 1582986015, "status": 7, "price": null, "client_id": 3263662, "roistat": "\u043f\u043e\u0441\u0442\u043e\u044f\u043d\u043d\u044b\u0439 \u043a\u043b\u0438\u0435\u043d\u0442", "executor": "\u0428\u0440\u0438\u0442\u0430", "is_sale": false, "appointment_id": 5863108, "fields": {"1": "\u0428\u0440\u0438\u0442\u0430", "2": "https://klientiks.ru/clientix/client/default/id/3263662", "3": 10765}}], "pagination": {"total_count": 22602, "limit": 50, "page_number": 1}, "total_count": 22602, "page_number": 1}
2020-08-23 01:14:14,985 - Snowflake Connector for Python Version: 2.2.10, Python Version: 3.8.5, Platform: Windows-10-10.0.17763-SP0
2020-08-23 01:14:14,985 - connect
2020-08-23 01:14:14,985 - __config
2020-08-23 01:14:14,985 - This connection is in OCSP Fail Open Mode. TLS Certificates would be checked for validity and revocation status. Any other Certificate Revocation related exceptions or OCSP Responder failures would be disregarded in favor of connectivity.
2020-08-23 01:14:14,986 - use_numpy: False
2020-08-23 01:14:14,986 - initialized
2020-08-23 01:14:14,986 - REST API object was created: ringcentral.snowflakecomputing.com:443
2020-08-23 01:14:14,986 - authenticate
2020-08-23 01:14:14,986 - assertion content: *********
2020-08-23 01:14:14,986 - account=ringcentral, user=dmitry.mitrofanov, database=RCUSERS, schema=DMITRYMITROFANOV, warehouse=RCUSERS_WH, role=None, request_id=81096ce5-7896-4907-b7d1-e476ea213d9a
2020-08-23 01:14:14,987 - body['data']: {'CLIENT_APP_ID': 'PythonConnector', 'CLIENT_APP_VERSION': '2.2.10', 'SVN_REVISION': None, 'ACCOUNT_NAME': 'ringcentral', 'LOGIN_NAME': 'dmitry.mitrofanov', 'CLIENT_ENVIRONMENT': {'APPLICATION': 'PythonConnector', 'OS': 'Windows', 'OS_VERSION': 'Windows-10-10.0.17763-SP0', 'PYTHON_VERSION': '3.8.5', 'PYTHON_RUNTIME': 'CPython', 'PYTHON_COMPILER': 'MSC v.1924 64 bit (AMD64)', 'OCSP_MODE': 'FAIL_OPEN', 'TRACING': 10, 'LOGIN_TIMEOUT': 120, 'NETWORK_TIMEOUT': None, 'CLIENT_STORE_TEMPORARY_CREDENTIAL': None}, 'SESSION_PARAMETERS': {'CLIENT_SESSION_KEEP_ALIVE_HEARTBEAT_FREQUENCY': 900, 'CLIENT_PREFETCH_THREADS': 4}}
2020-08-23 01:14:14,987 - Converted retries value: 1 -> Retry(total=1, connect=None, read=None, redirect=None, status=None)
2020-08-23 01:14:14,987 - Converted retries value: 1 -> Retry(total=1, connect=None, read=None, redirect=None, status=None)
2020-08-23 01:14:14,987 - Active requests sessions: 1, idle: 0
2020-08-23 01:14:14,987 - remaining request timeout: 120, retry cnt: 1
2020-08-23 01:14:14,987 - socket timeout: 60
2020-08-23 01:14:14,989 - Starting new HTTPS connection (1): ringcentral.snowflakecomputing.com:443
2020-08-23 01:14:15,756 - OCSP Mode: FAIL_OPEN, OCSP response cache file name: None
2020-08-23 01:14:15,756 - ocsp_response_cache_uri: file://C:/Users/dmitry.mitrofanov/AppData/Local/Snowflake/Caches/ocsp_response_cache.json
2020-08-23 01:14:15,756 - OCSP_VALIDATION_CACHE size: 140
2020-08-23 01:14:15,756 - OCSP response cache server is enabled: http://ocsp.snowflakecomputing.com/ocsp_response_cache.json
2020-08-23 01:14:15,756 - OCSP dynamic cache server RETRY URL: None
2020-08-23 01:14:15,762 - Verifying the attached certificate is signed by the issuer. Valid Not After: 2025-05-12 23:58:59+00:00
2020-08-23 01:14:15,763 - Verifying the attached certificate is signed by the issuer. Valid Not After: 2025-05-12 23:58:59+00:00
2020-08-23 01:14:15,765 - Verifying the attached certificate is signed by the issuer. Valid Not After: 2023-06-11 20:40:26+00:00
2020-08-23 01:14:15,766 - Verifying the attached certificate is signed by the issuer. Valid Not After: 2023-06-11 20:40:26+00:00
2020-08-23 01:14:15,767 - Verifying the attached certificate is signed by the issuer. Valid Not After: 2023-06-11 20:44:21+00:00
2020-08-23 01:14:15,769 - Verifying the attached certificate is signed by the issuer. Valid Not After: 2023-06-11 20:44:21+00:00
2020-08-23 01:14:15,771 - Verifying the attached certificate is signed by the issuer. Valid Not After: 2021-12-14 07:00:00+00:00
2020-08-23 01:14:15,773 - Verifying the attached certificate is signed by the issuer. Valid Not After: 2021-12-14 07:00:00+00:00
2020-08-23 01:14:15,774 - Verifying the attached certificate is signed by the issuer. Valid Not After: 2025-05-12 23:58:59+00:00
2020-08-23 01:14:15,775 - Verifying the attached certificate is signed by the issuer. Valid Not After: 2025-05-12 23:58:59+00:00
2020-08-23 01:14:15,778 - Verifying the attached certificate is signed by the issuer. Valid Not After: 2025-05-12 23:58:59+00:00
2020-08-23 01:14:15,780 - Verifying the attached certificate is signed by the issuer. Valid Not After: 2025-05-12 23:58:59+00:00
2020-08-23 01:14:15,781 - Verifying the attached certificate is signed by the issuer. Valid Not After: 2025-05-12 23:58:59+00:00
2020-08-23 01:14:15,783 - Verifying the attached certificate is signed by the issuer. Valid Not After: 2025-05-12 23:58:59+00:00
2020-08-23 01:14:15,793 - Verifying the attached certificate is signed by the issuer. Valid Not After: 2025-05-12 23:58:59+00:00
2020-08-23 01:14:15,794 - Verifying the attached certificate is signed by the issuer. Valid Not After: 2025-05-12 23:58:59+00:00
2020-08-23 01:14:15,797 - Verifying the attached certificate is signed by the issuer. Valid Not After: 2021-04-02 17:08:26+00:00
2020-08-23 01:14:15,798 - Verifying the attached certificate is signed by the issuer. Valid Not After: 2021-04-02 17:08:26+00:00
2020-08-23 01:14:15,800 - Verifying the attached certificate is signed by the issuer. Valid Not After: 2021-04-02 17:13:33+00:00
2020-08-23 01:14:15,801 - Verifying the attached certificate is signed by the issuer. Valid Not After: 2021-04-02 17:13:33+00:00
2020-08-23 01:14:15,802 - Verifying the attached certificate is signed by the issuer. Valid Not After: 2021-04-02 16:58:09+00:00
2020-08-23 01:14:15,803 - Verifying the attached certificate is signed by the issuer. Valid Not After: 2021-04-02 16:58:09+00:00
2020-08-23 01:14:15,819 - Verifying the attached certificate is signed by the issuer. Valid Not After: 2021-04-02 17:13:33+00:00
2020-08-23 01:14:15,821 - Verifying the attached certificate is signed by the issuer. Valid Not After: 2021-04-02 17:13:33+00:00
2020-08-23 01:14:15,822 - Verifying the attached certificate is signed by the issuer. Valid Not After: 2021-04-02 17:08:26+00:00
2020-08-23 01:14:15,823 - Verifying the attached certificate is signed by the issuer. Valid Not After: 2021-04-02 17:08:26+00:00
2020-08-23 01:14:15,825 - Verifying the attached certificate is signed by the issuer. Valid Not After: 2021-04-02 17:03:51+00:00
2020-08-23 01:14:15,827 - Verifying the attached certificate is signed by the issuer. Valid Not After: 2021-04-02 17:03:51+00:00
2020-08-23 01:14:15,829 - Verifying the attached certificate is signed by the issuer. Valid Not After: 2021-04-02 16:58:09+00:00
2020-08-23 01:14:15,830 - Verifying the attached certificate is signed by the issuer. Valid Not After: 2021-04-02 16:58:09+00:00
2020-08-23 01:14:15,832 - Verifying the attached certificate is signed by the issuer. Valid Not After: 2021-04-02 17:03:51+00:00
2020-08-23 01:14:15,833 - Verifying the attached certificate is signed by the issuer. Valid Not After: 2021-04-02 17:03:51+00:00
2020-08-23 01:14:15,834 - Verifying the attached certificate is signed by the issuer. Valid Not After: 2021-04-02 17:03:51+00:00
2020-08-23 01:14:15,835 - Verifying the attached certificate is signed by the issuer. Valid Not After: 2021-04-02 17:03:51+00:00
2020-08-23 01:14:15,852 - Verifying the attached certificate is signed by the issuer. Valid Not After: 2021-04-02 17:13:33+00:00
2020-08-23 01:14:15,853 - Verifying the attached certificate is signed by the issuer. Valid Not After: 2021-04-02 17:13:33+00:00
2020-08-23 01:14:15,855 - Read OCSP response cache file: C:/Users/dmitry.mitrofanov/AppData/Local/Snowflake/Caches/ocsp_response_cache.json, count=140
2020-08-23 01:14:15,855 - validating certificate: ringcentral.snowflakecomputing.com
2020-08-23 01:14:15,856 - # of certificates: 4
2020-08-23 01:14:15,856 - subject: OrderedDict([('common_name', '*.us-west-2.snowflakecomputing.com')]), issuer: OrderedDict([('country_name', 'US'), ('organization_name', 'Amazon'), ('organizational_unit_name', 'Server CA 1B'), ('common_name', 'Amazon')])
2020-08-23 01:14:15,857 - subject: OrderedDict([('country_name', 'US'), ('organization_name', 'Amazon'), ('organizational_unit_name', 'Server CA 1B'), ('common_name', 'Amazon')]), issuer: OrderedDict([('country_name', 'US'), ('organization_name', 'Amazon'), ('common_name', 'Amazon Root CA 1')])
2020-08-23 01:14:15,857 - subject: OrderedDict([('country_name', 'US'), ('organization_name', 'Amazon'), ('common_name', 'Amazon Root CA 1')]), issuer: OrderedDict([('country_name', 'US'), ('state_or_province_name', 'Arizona'), ('locality_name', 'Scottsdale'), ('organization_name', 'Starfield Technologies, Inc.'), ('common_name', 'Starfield Services Root Certificate Authority - G2')])
2020-08-23 01:14:15,858 - subject: OrderedDict([('country_name', 'US'), ('state_or_province_name', 'Arizona'), ('locality_name', 'Scottsdale'), ('organization_name', 'Starfield Technologies, Inc.'), ('common_name', 'Starfield Services Root Certificate Authority - G2')]), issuer: OrderedDict([('country_name', 'US'), ('organization_name', 'Starfield Technologies, Inc.'), ('organizational_unit_name', 'Starfield Class 2 Certification Authority')])
2020-08-23 01:14:15,859 - not found issuer_der: OrderedDict([('country_name', 'US'), ('organization_name', 'Starfield Technologies, Inc.'), ('organizational_unit_name', 'Starfield Class 2 Certification Authority')])
2020-08-23 01:14:15,860 - hit cache for subject: OrderedDict([('common_name', '*.us-west-2.snowflakecomputing.com')])
2020-08-23 01:14:15,862 - Verifying the attached certificate is signed by the issuer. Valid Not After: 2023-06-11 20:40:26+00:00
2020-08-23 01:14:15,862 - hit cache for subject: OrderedDict([('country_name', 'US'), ('organization_name', 'Amazon'), ('organizational_unit_name', 'Server CA 1B'), ('common_name', 'Amazon')])
2020-08-23 01:14:15,864 - Verifying the attached certificate is signed by the issuer. Valid Not After: 2023-06-11 20:44:21+00:00
2020-08-23 01:14:15,864 - hit cache for subject: OrderedDict([('country_name', 'US'), ('organization_name', 'Amazon'), ('common_name', 'Amazon Root CA 1')])
2020-08-23 01:14:15,866 - Verifying the attached certificate is signed by the issuer. Valid Not After: 2021-12-14 07:00:00+00:00
2020-08-23 01:14:15,866 - hit cache for subject: OrderedDict([('country_name', 'US'), ('state_or_province_name', 'Arizona'), ('locality_name', 'Scottsdale'), ('organization_name', 'Starfield Technologies, Inc.'), ('common_name', 'Starfield Services Root Certificate Authority - G2')])
2020-08-23 01:14:15,867 - hit cache for subject: OrderedDict([('common_name', '*.us-west-2.snowflakecomputing.com')])
2020-08-23 01:14:15,868 - using OCSP response cache
2020-08-23 01:14:15,868 - Certificate is NOT attached in Basic OCSP Response. Using issuer's certificate
2020-08-23 01:14:15,868 - Verifying the OCSP response is signed by the issuer.
2020-08-23 01:14:15,871 - Verifying the attached certificate is signed by the issuer. Valid Not After: 2023-06-11 20:40:26+00:00
2020-08-23 01:14:15,871 - hit cache for subject: OrderedDict([('country_name', 'US'), ('organization_name', 'Amazon'), ('organizational_unit_name', 'Server CA 1B'), ('common_name', 'Amazon')])
2020-08-23 01:14:15,872 - using OCSP response cache
2020-08-23 01:14:15,873 - Certificate is attached in Basic OCSP Response
2020-08-23 01:14:15,873 - Verifying the attached certificate is signed by the issuer
2020-08-23 01:14:15,873 - Valid Not After: 2023-06-11 20:40:26+00:00
2020-08-23 01:14:15,875 - Verifying the OCSP response is signed by the issuer.
2020-08-23 01:14:15,878 - Verifying the attached certificate is signed by the issuer. Valid Not After: 2023-06-11 20:44:21+00:00
2020-08-23 01:14:15,879 - hit cache for subject: OrderedDict([('country_name', 'US'), ('organization_name', 'Amazon'), ('common_name', 'Amazon Root CA 1')])
2020-08-23 01:14:15,879 - using OCSP response cache
2020-08-23 01:14:15,880 - Certificate is attached in Basic OCSP Response
2020-08-23 01:14:15,881 - Verifying the attached certificate is signed by the issuer
2020-08-23 01:14:15,881 - Valid Not After: 2023-06-11 20:44:21+00:00
2020-08-23 01:14:15,882 - Verifying the OCSP response is signed by the issuer.
2020-08-23 01:14:15,886 - Verifying the attached certificate is signed by the issuer. Valid Not After: 2021-12-14 07:00:00+00:00
2020-08-23 01:14:15,886 - hit cache for subject: OrderedDict([('country_name', 'US'), ('state_or_province_name', 'Arizona'), ('locality_name', 'Scottsdale'), ('organization_name', 'Starfield Technologies, Inc.'), ('common_name', 'Starfield Services Root Certificate Authority - G2')])
2020-08-23 01:14:15,887 - using OCSP response cache
2020-08-23 01:14:15,889 - Certificate is attached in Basic OCSP Response
2020-08-23 01:14:15,889 - Verifying the attached certificate is signed by the issuer
2020-08-23 01:14:15,889 - Valid Not After: 2021-12-14 07:00:00+00:00
2020-08-23 01:14:15,890 - Verifying the OCSP response is signed by the issuer.
2020-08-23 01:14:15,893 - writing OCSP response cache file
2020-08-23 01:14:15,894 - encoding OCSP response cache to JSON
2020-08-23 01:14:15,912 - ok
2020-08-23 01:14:16,380 - https://ringcentral.snowflakecomputing.com:443 "POST /session/v1/login-request?request_id=81096ce5-7896-4907-b7d1-e476ea213d9a&databaseName=RCUSERS&schemaName=DMITRYMITROFANOV&warehouse=RCUSERS_WH&request_guid=98a285d6-1c35-4a41-a8a8-4fa20f180f46 HTTP/1.1" 200 1403
2020-08-23 01:14:16,380 - SUCCESS
2020-08-23 01:14:16,380 - Active requests sessions: 0, idle: 1
2020-08-23 01:14:16,381 - ret[code] = None, after post request
2020-08-23 01:14:16,381 - completed authentication
2020-08-23 01:14:16,381 - token = ******
2020-08-23 01:14:16,381 - master_token = ******
2020-08-23 01:14:16,381 - id_token = NULL
2020-08-23 01:14:16,381 - no ID token is given when try to store temporary credential
2020-08-23 01:14:16,381 - cursor
2020-08-23 01:14:16,381 - merge into KAMALA_ACL t using (select parse_json('{"offset": 19500, "count": 50, "limit": 50, "statuses": [{"id": 1, "name": "scheduled"}, {"id": 2, "name": "sms_confirmation_sent"}, {"id": 3, "name": "cancelled_by_sms"}, {"id": 4, "name": "confirmed"}, {"id": 5, "name": "in_progress"}, {"id": 6, "name": "finished"}, {"id": 7, "name": "cancelled"}, {"id": 8, "name": "missed"}, {"id": 9, "name": "arrived"}], "fields": [{"id": "1", "name": "\u0418\u0441\u043f\u043e\u043b\u043d\u0438\u0442\u0435\u043b\u044c"}, {"id": "2", "name": "\u0421\u0441\u044b\u043b\u043a\u0430 \u043d\u0430 \u043a\u043b\u0438\u0435\u043d\u0442\u0430"}, {"id": "3", "name": "\u0410\u0439\u0434\u0438 \u0430\u043a\u043a\u0430\u0443\u043d\u0442\u0430"}], "orders": [{"id": 6607810, "name": "\u0410\u044d\u0440\u043e\u0439\u043e\u0433\u0430 (90 \u043c\u0438\u043d)", "account_id": 10765, "date_create": 1582872496, "status": 6, "price": "0", "client_id": 1122837, "roistat": "\u043f\u043e\u0441\u0442\u043e\u044f\u043d\u043d\u044b\u0439 \u043a\u043b\u0438\u0435\u043d\u0442", "executor": "\u0421\u043e\u0431\u0435\u043d\u043d\u0438\u043a\u043e\u0432\u0430 \u041e\u043a\u0441\u0430\u043d\u0430 \u042e\u0440\u044c\u0435\u0432\u043d\u0430", "is_sale": false, "appointment_id": 5833285, "fields": {"1": "\u0421\u043e\u0431\u0435\u043d\u043d\u0438\u043a\u043e\u0432\u0430 \u041e\u043a\u0441\u0430\u043d\u0430 \u042e\u0440\u044c\u0435\u0432\u043d\u0430", "2": "https://klientiks.ru/clientix/client/default/id/1122837", "3": 10765}}, {"id": 6607812, "name": "\u0410\u044d\u0440\u043e\u0439\u043e\u0433\u0430 (90 \u043c\u0438\u043d)", "account_id": 10765, "date_create": 1582872499, "status": 6, "price": "0", "client_id": 2877520, "roistat": "\u0438\u043d\u0442\u0435\u0440\u043d\u0435\u0442", "executor": "\u0421\u043e\u0431\u0435\u043d\u043d\u0438\u043a\u043e\u0432\u0430 \u041e\u043a\u0441\u0430\u043d\u0430 \u042e\u0440\u044c\u0435\u0432\u043d\u0430", "is_sale": false, "appointment_id": 5833285, "fields": {"1": "\u0421\u043e\u0431\u0435\u043d\u043d\u0438\u043a\u043e\u0432\u0430 \u041e\u043a\u0441\u0430\u043d\u0430 \u042e\u0440\u044c\u0435\u0432\u043d\u0430", "2": "https://klientiks.ru/clientix/client/default/id/2877520", "3": 10765}}, {"id": 6608043, "name": "\u0410\u044e\u0440\u0432\u0435\u0434\u0430 \u043a\u043e\u043d\u0441\u0443\u043b\u044c\u0442\u0430\u0446\u0438\u044f \u0432\u0440\u0430\u0447\u0430 (60 \u043c\u0438\u043d)", "account_id": 10765, "date_create": 1582873655, "status": 6, "price": "3500", "client_id": 3319006, "roistat": "\u0412\u0445\u043e\u0434\u044f\u0449\u0438\u0439 \u0437\u0432\u043e\u043d\u043e\u043a", "executor": "\u041f\u0440\u0430\u0432\u0438\u043d \u0421\u0443\u0440\u0435\u043d\u0434\u0440\u0430\u043d\u043f\u0438\u043b\u0430\u0439 \u0412\u0430\u0441\u0430\u043d\u0442\u0430\u043a\u0443\u043c\u0430\u0440\u0438", "is_sale": false, "appointment_id": 5851965, "fields": {"1": "\u041f\u0440\u0430\u0432\u0438\u043d \u0421\u0443\u0440\u0435\u043d\u0434\u0440\u0430\u043d\u043f\u0438\u043b\u0430\u0439 \u0412\u0430\u0441\u0430\u043d\u0442\u0430\u043a\u0443\u043c\u0430\u0440\u0438", "2": "https://klientiks.ru/clientix/client/default/id/3319006", "3": 10765}}, {"id": 6609060, "name": "\u0420\u043e\u0437\u043e\u0432\u044f_\u0432\u043e\u0434\u0430_Khadi", "account_id": 10765, "date_create": 1582877952, "status": 6, "price": "400", "client_id": 1108070, "roistat": "\u0438\u043d\u0442\u0435\u0440\u043d\u0435\u0442", "executor": "\u0410\u0445\u043c\u0435\u0434\u043e\u0432\u0430 \u0422\u0430\u0442\u044c\u044f\u043d\u0430 \u041b\u0435\u043e\u043d\u0438\u0434\u043e\u0432\u043d\u0430", "is_sale": true, "appointment_id": 5852875, "fields": {"1": "\u0410\u0445\u043c\u0435\u0434\u043e\u0432\u0430 \u0422\u0430\u0442\u044c\u044f\u043d\u0430 \u041b\u0435\u043e\u043d\u0438\u0434\u043e\u0432\u043d\u0430", "2": "https://klientiks.ru/clientix/client/default/id/1108070", "3": 10765}}, {"id": 6609134, "name": "\u0420\u043e\u0437\u043e\u0432\u044f_\u0432\u043e\u0434\u0430_Khadi", "account_id": 10765, "date_create": 1582878286, "status": 6, "price": "400", "client_id": 1297843, "roistat": "\u0440\u044f\u0434\u043e\u043c \u0436\u0438\u0432\u0435\u0442", "executor": "\u0410\u0445\u043c\u0435\u0434\u043e\u0432\u0430 \u0422\u0430\u0442\u044c\u044f\u043d\u0430 \u041b\u0435\u043e\u043d\u0438\u0434\u043e\u0432\u043d\u0430", "is_sale": true, "appointment_id": 5852970, "fields": {"1": "\u0410\u0445\u043c\u0435\u0434\u043e\u0432\u0430 \u0422\u0430\u0442\u044c\u044f\u043d\u0430 \u041b\u0435\u043e\u043d\u0438\u0434\u043e\u0432\u043d\u0430", "2": "https://klientiks.ru/clientix/client/default/id/1297843", "3": 10765}}, {"id": 6609341, "name": "Chyawanaprasham_Nagarjuna 500g", "account_id": 10765, "date_create": 1582879137, "status": 6, "price": "700", "client_id": 3215797, "roistat": "\u0438\u043d\u0442\u0435\u0440\u043d\u0435\u0442", "executor": "\u0410\u0445\u043c\u0435\u0434\u043e\u0432\u0430 \u0422\u0430\u0442\u044c\u044f\u043d\u0430 \u041b\u0435\u043e\u043d\u0438\u0434\u043e\u0432\u043d\u0430", "is_sale": true, "appointment_id": 5853140, "fields": {"1": "\u0410\u0445\u043c\u0435\u0434\u043e\u0432\u0430 \u0422\u0430\u0442\u044c\u044f\u043d\u0430 \u041b\u0435\u043e\u043d\u0438\u0434\u043e\u0432\u043d\u0430", "2": "https://klientiks.ru/clientix/client/default/id/3215797", "3": 10765}}, {"id": 6609378, "name": "Chyawanaprasham_Nagarjuna 500g", "account_id": 10765, "date_create": 1582879329, "status": 6, "price": "700", "client_id": 3014911, "roistat": "\u043e\u0442 \u0437\u043d\u0430\u043a\u043e\u043c\u044b\u0445", "executor": "\u0410\u0445\u043c\u0435\u0434\u043e\u0432\u0430 \u0422\u0430\u0442\u044c\u044f\u043d\u0430 \u041b\u0435\u043e\u043d\u0438\u0434\u043e\u0432\u043d\u0430", "is_sale": true, "appointment_id": 5853176, "fields": {"1": "\u0410\u0445\u043c\u0435\u0434\u043e\u0432\u0430 \u0422\u0430\u0442\u044c\u044f\u043d\u0430 \u041b\u0435\u043e\u043d\u0438\u0434\u043e\u0432\u043d\u0430", "2": "https://klientiks.ru/clientix/client/default/id/3014911", "3": 10765}}, {"id": 6609424, "name": "Chyawanaprasham_Nagarjuna 500g,Itone_eye_drop_\u043a\u0430\u043f\u043b\u0438,Chyawanaprasham_Nagarjuna 500g,Itone_eye_drop_\u043a\u0430\u043f\u043b\u0438", "account_id": 10765, "date_create": 1582879528, "status": 6, "price": "980", "client_id": 3058502, "roistat": "\u043e\u0442 \u0437\u043d\u0430\u043a\u043e\u043c\u044b\u0445", "executor": "\u0410\u0445\u043c\u0435\u0434\u043e\u0432\u0430 \u0422\u0430\u0442\u044c\u044f\u043d\u0430 \u041b\u0435\u043e\u043d\u0438\u0434\u043e\u0432\u043d\u0430", "is_sale": true, "appointment_id": 5853219, "fields": {"1": "\u0410\u0445\u043c\u0435\u0434\u043e\u0432\u0430 \u0422\u0430\u0442\u044c\u044f\u043d\u0430 \u041b\u0435\u043e\u043d\u0438\u0434\u043e\u0432\u043d\u0430", "2": "https://klientiks.ru/clientix/client/default/id/3058502", "3": 10765}}, {"id": 6609494, "name": "\u0410\u044d\u0440\u043e\u0439\u043e\u0433\u0430 (90 \u043c\u0438\u043d)", "account_id": 10765, "date_create": 1582879922, "status": 6, "price": "0", "client_id": 3144287, "roistat": "\u0438\u043d\u0442\u0435\u0440\u043d\u0435\u0442", "executor": "\u0421\u043e\u0431\u0435\u043d\u043d\u0438\u043a\u043e\u0432\u0430 \u041e\u043a\u0441\u0430\u043d\u0430 \u042e\u0440\u044c\u0435\u0432\u043d\u0430", "is_sale": false, "appointment_id": 5833242, "fields": {"1": "\u0421\u043e\u0431\u0435\u043d\u043d\u0438\u043a\u043e\u0432\u0430 \u041e\u043a\u0441\u0430\u043d\u0430 \u042e\u0440\u044c\u0435\u0432\u043d\u0430", "2": "https://klientiks.ru/clientix/client/default/id/3144287", "3": 10765}}, {"id": 6609665, "name": "\u0410\u044d\u0440\u043e\u0439\u043e\u0433\u0430 (90 \u043c\u0438\u043d)", "account_id": 10765, "date_create": 1582880922, "status": 6, "price": "0", "client_id": 1108070, "roistat": "\u0438\u043d\u0442\u0435\u0440\u043d\u0435\u0442", "executor": "\u0421\u043e\u0431\u0435\u043d\u043d\u0438\u043a\u043e\u0432\u0430 \u041e\u043a\u0441\u0430\u043d\u0430 \u042e\u0440\u044c\u0435\u0432\u043d\u0430", "is_sale": false, "appointment_id": 5833243, "fields": {"1": "\u0421\u043e\u0431\u0435\u043d\u043d\u0438\u043a\u043e\u0432\u0430 \u041e\u043a\u0441\u0430\u043d\u0430 \u042e\u0440\u044c\u0435\u0432\u043d\u0430", "2": "https://klientiks.ru/clientix/client/default/id/1108070", "3": 10765}}, {"id": 6609667, "name": "\u0410\u044d\u0440\u043e\u0439\u043e\u0433\u0430 (90 \u043c\u0438\u043d)", "account_id": 10765, "date_create": 1582880934, "status": 6, "price": "0", "client_id": 3014911, "roistat": "\u043e\u0442 \u0437\u043d\u0430\u043a\u043e\u043c\u044b\u0445", "executor": "\u0421\u043e\u0431\u0435\u043d\u043d\u0438\u043a\u043e\u0432\u0430 \u041e\u043a\u0441\u0430\u043d\u0430 \u042e\u0440\u044c\u0435\u0432\u043d\u0430", "is_sale": false, "appointment_id": 5833243, "fields": {"1": "\u0421\u043e\u0431\u0435\u043d\u043d\u0438\u043a\u043e\u0432\u0430 \u041e\u043a\u0441\u0430\u043d\u0430 \u042e\u0440\u044c\u0435\u0432\u043d\u0430", "2": "https://klientiks.ru/clientix/client/default/id/3014911", "3": 10765}}, {"id": 6609779, "name": "Drakshadi_kashayam_200ml", "account_id": 10765, "date_create": 1582881396, "status": 6, "price": "850", "client_id": 3188843, "roistat": "\u0438\u043d\u0442\u0435\u0440\u043d\u0435\u0442", "executor": "\u0410\u0445\u043c\u0435\u0434\u043e\u0432\u0430 \u0422\u0430\u0442\u044c\u044f\u043d\u0430 \u041b\u0435\u043e\u043d\u0438\u0434\u043e\u0432\u043d\u0430", "is_sale": true, "appointment_id": 5853564, "fields": {"1": "\u0410\u0445\u043c\u0435\u0434\u043e\u0432\u0430 \u0422\u0430\u0442\u044c\u044f\u043d\u0430 \u041b\u0435\u043e\u043d\u0438\u0434\u043e\u0432\u043d\u0430", "2": "https://klientiks.ru/clientix/client/default/id/3188843", "3": 10765}}, {"id": 6609863, "name": "\u0428\u0438\u0440\u043e\u0434\u0445\u0430\u0440\u0430 (60 \u043c\u0438\u043d. \u0441\u0442\u0440\u0443\u044f\u0449\u0435\u0435\u0441\u044f \u043c\u0430\u0441\u043b\u043e \u043d\u0430 \u043b\u043e\u0431),\u0423\u043c\u0430\u0441\u043b\u0438\u0432\u0430\u043d\u0438\u0435  (30 \u043c\u0438\u043d.),\u0428\u0438\u0440\u043e\u0434\u0445\u0430\u0440\u0430 (60 \u043c\u0438\u043d. \u0441\u0442\u0440\u0443\u044f\u0449\u0435\u0435\u0441\u044f \u043c\u0430\u0441\u043b\u043e \u043d\u0430 \u043b\u043e\u0431),\u0423\u043c\u0430\u0441\u043b\u0438\u0432\u0430\u043d\u0438\u0435  (30 \u043c\u0438\u043d.)", "account_id": 10765, "date_create": 1582881858, "status": 6, "price": "0", "client_id": 3058502, "roistat": "\u043e\u0442 \u0437\u043d\u0430\u043a\u043e\u043c\u044b\u0445", "executor": "\u0424\u0438\u043b\u0438\u043f \u0412\u0438\u043c\u0430\u043b\u0430 \u0412\u0438\u043f\u0438\u043d", "is_sale": false, "appointment_id": 5853640, "fields": {"1": "\u0424\u0438\u043b\u0438\u043f \u0412\u0438\u043c\u0430\u043b\u0430 \u0412\u0438\u043f\u0438\u043d", "2": "https://klientiks.ru/clientix/client/default/id/3058502", "3": 10765}}, {"id": 6610697, "name": "\u0410\u044e\u0440\u0432\u0435\u0434\u0430 \u043a\u043e\u043d\u0441\u0443\u043b\u044c\u0442\u0430\u0446\u0438\u044f \u0432\u0440\u0430\u0447\u0430 (60 \u043c\u0438\u043d)", "account_id": 10765, "date_create": 1582886384, "status": 7, "price": null, "client_id": 3321057, "roistat": "\u0432\u043a", "executor": "\u041f\u0440\u0430\u0432\u0438\u043d \u0421\u0443\u0440\u0435\u043d\u0434\u0440\u0430\u043d\u043f\u0438\u043b\u0430\u0439 \u0412\u0430\u0441\u0430\u043d\u0442\u0430\u043a\u0443\u043c\u0430\u0440\u0438", "is_sale": false, "appointment_id": 5854476, "fields": {"1": "\u041f\u0440\u0430\u0432\u0438\u043d \u0421\u0443\u0440\u0435\u043d\u0434\u0440\u0430\u043d\u043f\u0438\u043b\u0430\u0439 \u0412\u0430\u0441\u0430\u043d\u0442\u0430\u043a\u0443\u043c\u0430\u0440\u0438", "2": "https://klientiks.ru/clientix/client/default/id/3321057", "3": 10765}}, {"id": 6611326, "name": "\u0410\u044e\u0440\u0432\u0435\u0434\u0430 \u043f\u043e\u0432\u0442\u043e\u0440\u043d\u0430\u044f \u043a\u043e\u043d\u0441\u0443\u043b\u044c\u0442\u0430\u0446\u0438\u044f \u0434\u043e\u043a\u0442\u043e\u0440\u0430 \u0412\u0430\u0440\u0443\u043d (30 \u043c\u0438\u043d.)", "account_id": 10765, "date_create": 1582889618, "status": 6, "price": "2000", "client_id": 2542180, "roistat": "\u043e\u0442 \u0437\u043d\u0430\u043a\u043e\u043c\u044b\u0445", "executor": "\u0412\u0430\u0440\u0443\u043d", "is_sale": false, "appointment_id": 5855067, "fields": {"1": "\u0412\u0430\u0440\u0443\u043d", "2": "https://klientiks.ru/clientix/client/default/id/2542180", "3": 10765}}, {"id": 6611774, "name": "\u0410\u044d\u0440\u043e\u0439\u043e\u0433\u0430 (90 \u043c\u0438\u043d)", "account_id": 10765, "date_create": 1582891766, "status": 6, "price": "0", "client_id": 1122031, "roistat": "\u0441\u043e\u0442\u0440\u0443\u0434\u043d\u0438\u043a", "executor": "\u0421\u043e\u0431\u0435\u043d\u043d\u0438\u043a\u043e\u0432\u0430 \u041e\u043a\u0441\u0430\u043d\u0430 \u042e\u0440\u044c\u0435\u0432\u043d\u0430", "is_sale": false, "appointment_id": 5543994, "fields": {"1": "\u0421\u043e\u0431\u0435\u043d\u043d\u0438\u043a\u043e\u0432\u0430 \u041e\u043a\u0441\u0430\u043d\u0430 \u042e\u0440\u044c\u0435\u0432\u043d\u0430", "2": "https://klientiks.ru/clientix/client/default/id/1122031", "3": 10765}}, {"id": 6611781, "name": "\u0410\u044d\u0440\u043e\u0439\u043e\u0433\u0430 (90 \u043c\u0438\u043d)", "account_id": 10765, "date_create": 1582891793, "status": 6, "price": "0", "client_id": 1109904, "roistat": "\u0441\u043e\u0442\u0440\u0443\u0434\u043d\u0438\u043a", "executor": "\u0421\u043e\u0431\u0435\u043d\u043d\u0438\u043a\u043e\u0432\u0430 \u041e\u043a\u0441\u0430\u043d\u0430 \u042e\u0440\u044c\u0435\u0432\u043d\u0430", "is_sale": false, "appointment_id": 5833284, "fields": {"1": "\u0421\u043e\u0431\u0435\u043d\u043d\u0438\u043a\u043e\u0432\u0430 \u041e\u043a\u0441\u0430\u043d\u0430 \u042e\u0440\u044c\u0435\u0432\u043d\u0430", "2": "https://klientiks.ru/clientix/client/default/id/1109904", "3": 10765}}, {"id": 6612051, "name": "\u0410\u044e\u0440\u0432\u0435\u0434\u0430 \u043f\u043e\u0432\u0442\u043e\u0440\u043d\u0430\u044f \u043a\u043e\u043d\u0441\u0443\u043b\u044c\u0442\u0430\u0446\u0438\u044f \u0432\u0440\u0430\u0447\u0430 \u0432 \u043d\u0430\u0437\u043d\u0430\u0447\u0435\u043d\u043d\u044b\u0439 \u0441\u0440\u043e\u043a (30 \u043c\u0438\u043d)", "account_id": 10765, "date_create": 1582893369, "status": 6, "price": "2000", "client_id": 1122769, "roistat": "\u0412\u0445\u043e\u0434\u044f\u0449\u0438\u0439 \u0437\u0432\u043e\u043d\u043e\u043a", "executor": "\u041f\u0440\u0430\u0432\u0438\u043d \u0421\u0443\u0440\u0435\u043d\u0434\u0440\u0430\u043d\u043f\u0438\u043b\u0430\u0439 \u0412\u0430\u0441\u0430\u043d\u0442\u0430\u043a\u0443\u043c\u0430\u0440\u0438", "is_sale": false, "appointment_id": 5855752, "fields": {"1": "\u041f\u0440\u0430\u0432\u0438\u043d \u0421\u0443\u0440\u0435\u043d\u0434\u0440\u0430\u043d\u043f\u0438\u043b\u0430\u0439 \u0412\u0430\u0441\u0430\u043d\u0442\u0430\u043a\u0443\u043c\u0430\u0440\u0438", "2": "https://klientiks.ru/clientix/client/default/id/1122769", "3": 10765}}, {"id": 6612512, "name": "\u0410\u044e\u0440\u0432\u0435\u0434\u0430 \u043f\u043e\u0432\u0442\u043e\u0440\u043d\u0430\u044f  \u043a\u043e\u043d\u0441\u0443\u043b\u044c\u0442\u0430\u0446\u0438\u044f \u0432\u0440\u0430\u0447\u0430 (30 \u043c\u0438\u043d)", "account_id": 10765, "date_create": 1582895755, "status": 7, "price": null, "client_id": 2758536, "roistat": "\u043e\u0442 \u0437\u043d\u0430\u043a\u043e\u043c\u044b\u0445", "executor": "\u041f\u0440\u0430\u0432\u0438\u043d \u0421\u0443\u0440\u0435\u043d\u0434\u0440\u0430\u043d\u043f\u0438\u043b\u0430\u0439 \u0412\u0430\u0441\u0430\u043d\u0442\u0430\u043a\u0443\u043c\u0430\u0440\u0438", "is_sale": false, "appointment_id": 5856150, "fields": {"1": "\u041f\u0440\u0430\u0432\u0438\u043d \u0421\u0443\u0440\u0435\u043d\u0434\u0440\u0430\u043d\u043f\u0438\u043b\u0430\u0439 \u0412\u0430\u0441\u0430\u043d\u0442\u0430\u043a\u0443\u043c\u0430\u0440\u0438", "2": "https://klientiks.ru/clientix/client/default/id/2758536", "3": 10765}}, {"id": 6613111, "name": "Sukumara_Kashayam_200 ml", "account_id": 10765, "date_create": 1582899890, "status": 6, "price": "800", "client_id": 3258794, "roistat": "\u0412\u0445\u043e\u0434\u044f\u0449\u0438\u0439 \u0437\u0432\u043e\u043d\u043e\u043a", "executor": "\u0410\u0445\u043c\u0435\u0434\u043e\u0432\u0430 \u0422\u0430\u0442\u044c\u044f\u043d\u0430 \u041b\u0435\u043e\u043d\u0438\u0434\u043e\u0432\u043d\u0430", "is_sale": true, "appointment_id": 5856720, "fields": {"1": "\u0410\u0445\u043c\u0435\u0434\u043e\u0432\u0430 \u0422\u0430\u0442\u044c\u044f\u043d\u0430 \u041b\u0435\u043e\u043d\u0438\u0434\u043e\u0432\u043d\u0430", "2": "https://klientiks.ru/clientix/client/default/id/3258794", "3": 10765}}, {"id": 6613142, "name": "\u0410\u044d\u0440\u043e\u0439\u043e\u0433\u0430 (90 \u043c\u0438\u043d)", "account_id": 10765, "date_create": 1582900096, "status": 6, "price": "800", "client_id": 3244018, "roistat": "\u0438\u043d\u0442\u0435\u0440\u043d\u0435\u0442", "executor": "\u0412\u043b\u0430\u0441\u043e\u0432\u0430 \u0415\u043b\u0435\u043d\u0430 \u0421\u0435\u0440\u0433\u0435\u0435\u0432\u043d\u0430", "is_sale": false, "appointment_id": 5762040, "fields": {"1": "\u0412\u043b\u0430\u0441\u043e\u0432\u0430 \u0415\u043b\u0435\u043d\u0430 \u0421\u0435\u0440\u0433\u0435\u0435\u0432\u043d\u0430", "2": "https://klientiks.ru/clientix/client/default/id/3244018", "3": 10765}}, {"id": 6613439, "name": "\u0428\u0430\u043c\u043f\u0443\u043d\u044c_Trichup,Brahmarasayanam_200ml,\u041a\u0430\u0440\u0434\u043e\u043c\u043e\u043d_\u0437\u0435\u043b\u0435\u043d\u044b\u0439,Brahmarasayanam_200ml,\u041a\u0430\u0440\u0434\u043e\u043c\u043e\u043d_\u0437\u0435\u043b\u0435\u043d\u044b\u0439,\u0428\u0430\u043c\u043f\u0443\u043d\u044c_Trichup,Brahmarasayanam_200ml,\u041a\u0430\u0440\u0434\u043e\u043c\u043e\u043d_\u0437\u0435\u043b\u0435\u043d\u044b\u0439,\u0428\u0430\u043c\u043f\u0443\u043d\u044c_Trichup", "account_id": 10765, "date_create": 1582901878, "status": 6, "price": "1250", "client_id": 3276868, "roistat": "\u0412\u0445\u043e\u0434\u044f\u0449\u0438\u0439 \u0437\u0432\u043e\u043d\u043e\u043a", "executor": "\u0410\u0445\u043c\u0435\u0434\u043e\u0432\u0430 \u0422\u0430\u0442\u044c\u044f\u043d\u0430 \u041b\u0435\u043e\u043d\u0438\u0434\u043e\u0432\u043d\u0430", "is_sale": true, "appointment_id": 5857007, "fields": {"1": "\u0410\u0445\u043c\u0435\u0434\u043e\u0432\u0430 \u0422\u0430\u0442\u044c\u044f\u043d\u0430 \u041b\u0435\u043e\u043d\u0438\u0434\u043e\u0432\u043d\u0430", "2": "https://klientiks.ru/clientix/client/default/id/3276868", "3": 10765}}, {"id": 6613600, "name": "Arjunarishtam_450ml", "account_id": 10765, "date_create": 1582902783, "status": 6, "price": "835", "client_id": 2623071, "roistat": "\u0441\u043e\u0442\u0440\u0443\u0434\u043d\u0438\u043a", "executor": "\u0410\u0445\u043c\u0435\u0434\u043e\u0432\u0430 \u0422\u0430\u0442\u044c\u044f\u043d\u0430 \u041b\u0435\u043e\u043d\u0438\u0434\u043e\u0432\u043d\u0430", "is_sale": true, "appointment_id": 5857122, "fields": {"1": "\u0410\u0445\u043c\u0435\u0434\u043e\u0432\u0430 \u0422\u0430\u0442\u044c\u044f\u043d\u0430 \u041b\u0435\u043e\u043d\u0438\u0434\u043e\u0432\u043d\u0430", "2": "https://klientiks.ru/clientix/client/default/id/2623071", "3": 10765}}, {"id": 6614597, "name": "\u0410\u044e\u0440\u0432\u0435\u0434\u0430 \u043f\u043e\u0432\u0442\u043e\u0440\u043d\u0430\u044f \u043a\u043e\u043d\u0441\u0443\u043b\u044c\u0442\u0430\u0446\u0438\u044f \u0432\u0440\u0430\u0447\u0430 \u0432 \u043d\u0430\u0437\u043d\u0430\u0447\u0435\u043d\u043d\u044b\u0439 \u0441\u0440\u043e\u043a (30 \u043c\u0438\u043d)", "account_id": 10765, "date_create": 1582905636, "status": 6, "price": "2000", "client_id": 1383790, "roistat": "\u0421\u043e\u0432\u0435\u0442 \u0414\u0440\u0443\u0437\u0435\u0439", "executor": "\u041f\u0440\u0430\u0432\u0438\u043d \u0421\u0443\u0440\u0435\u043d\u0434\u0440\u0430\u043d\u043f\u0438\u043b\u0430\u0439 \u0412\u0430\u0441\u0430\u043d\u0442\u0430\u043a\u0443\u043c\u0430\u0440\u0438", "is_sale": false, "appointment_id": 5857428, "fields": {"1": "\u041f\u0440\u0430\u0432\u0438\u043d \u0421\u0443\u0440\u0435\u043d\u0434\u0440\u0430\u043d\u043f\u0438\u043b\u0430\u0439 \u0412\u0430\u0441\u0430\u043d\u0442\u0430\u043a\u0443\u043c\u0430\u0440\u0438", "2": "https://klientiks.ru/clientix/client/default/id/1383790", "3": 10765}}, {"id": 6614744, "name": "\u041a\u0430\u043b\u0430\u0440\u0438 \u043c\u0430\u0441\u0441\u0430\u0436 (60 \u043c\u0438\u043d. \u043d\u043e\u0436\u043d\u043e\u0439 \u043c\u0430\u0441\u043b\u044f\u043d\u044b\u0439 \u043c\u0430\u0441\u0441\u0430\u0436)", "account_id": 10765, "date_create": 1582906765, "status": 6, "price": "0", "client_id": 2936299, "roistat": "\u0412\u0445\u043e\u0434\u044f\u0449\u0438\u0439 \u0437\u0432\u043e\u043d\u043e\u043a,\u043e\u0442 \u0437\u043d\u0430\u043a\u043e\u043c\u044b\u0445", "executor": "\u0424\u0438\u043b\u0438\u043f \u0412\u0438\u043c\u0430\u043b\u0430 \u0412\u0438\u043f\u0438\u043d", "is_sale": false, "appointment_id": 5857568, "fields": {"1": "\u0424\u0438\u043b\u0438\u043f \u0412\u0438\u043c\u0430\u043b\u0430 \u0412\u0438\u043f\u0438\u043d", "2": "https://klientiks.ru/clientix/client/default/id/2936299", "3": 10765}}, {"id": 6614748, "name": "\u0410\u0431\u0445\u044a\u044f\u043d\u0433\u0430 \u043c\u0430\u0441\u0441\u0430\u0436 (60 \u043c\u0438\u043d. \u0440\u0443\u0447\u043d\u043e\u0439 \u043c\u0430\u0441\u043b\u044f\u043d\u044b\u0439 \u043c\u0430\u0441\u0441\u0430\u0436 \u0432 2 \u0440\u0443\u043a\u0438)", "account_id": 10765, "date_create": 1582906812, "status": 6, "price": "0", "client_id": 2936299, "roistat": "\u0412\u0445\u043e\u0434\u044f\u0449\u0438\u0439 \u0437\u0432\u043e\u043d\u043e\u043a,\u043e\u0442 \u0437\u043d\u0430\u043a\u043e\u043c\u044b\u0445", "executor": "\u041d\u0438\u0431\u0438\u043d \u041a\u043e\u0434\u0430\u0442 \u0414\u0438\u043d\u0435\u0441\u0430\u043d", "is_sale": false, "appointment_id": 5857573, "fields": {"1": "\u041d\u0438\u0431\u0438\u043d \u041a\u043e\u0434\u0430\u0442 \u0414\u0438\u043d\u0435\u0441\u0430\u043d", "2": "https://klientiks.ru/clientix/client/default/id/2936299", "3": 10765}}, {"id": 6614839, "name": "\u0423\u043c\u0430\u0441\u043b\u0438\u0432\u0430\u043d\u0438\u0435  (30 \u043c\u0438\u043d.)", "account_id": 10765, "date_create": 1582907560, "status": 6, "price": "1440", "client_id": 1123631, "roistat": "\u043f\u043e\u0441\u0442\u043e\u044f\u043d\u043d\u044b\u0439 \u043a\u043b\u0438\u0435\u043d\u0442", "executor": "\u0428\u0440\u0438\u0442\u0430", "is_sale": false, "appointment_id": 5857654, "fields": {"1": "\u0428\u0440\u0438\u0442\u0430", "2": "https://klientiks.ru/clientix/client/default/id/1123631", "3": 10765}}, {"id": 6614872, "name": "\u0423\u043c\u0430\u0441\u043b\u0438\u0432\u0430\u043d\u0438\u0435  (30 \u043c\u0438\u043d.)", "account_id": 10765, "date_create": 1582908126, "status": 6, "price": "1440", "client_id": 1123631, "roistat": "\u043f\u043e\u0441\u0442\u043e\u044f\u043d\u043d\u044b\u0439 \u043a\u043b\u0438\u0435\u043d\u0442", "executor": "\u0428\u0440\u0438\u0442\u0430", "is_sale": false, "appointment_id": 5857693, "fields": {"1": "\u0428\u0440\u0438\u0442\u0430", "2": "https://klientiks.ru/clientix/client/default/id/1123631", "3": 10765}}, {"id": 6614880, "name": "Koflet_1_\u043a\u043e\u043d\u0444\u0435\u0442\u0430", "account_id": 10765, "date_create": 1582908200, "status": 6, "price": "150", "client_id": 1123631, "roistat": "\u043f\u043e\u0441\u0442\u043e\u044f\u043d\u043d\u044b\u0439 \u043a\u043b\u0438\u0435\u043d\u0442", "executor": "\u0410\u0445\u043c\u0435\u0434\u043e\u0432\u0430 \u0422\u0430\u0442\u044c\u044f\u043d\u0430 \u041b\u0435\u043e\u043d\u0438\u0434\u043e\u0432\u043d\u0430", "is_sale": true, "appointment_id": 5857701, "fields": {"1": "\u0410\u0445\u043c\u0435\u0434\u043e\u0432\u0430 \u0422\u0430\u0442\u044c\u044f\u043d\u0430 \u041b\u0435\u043e\u043d\u0438\u0434\u043e\u0432\u043d\u0430", "2": "https://klientiks.ru/clientix/client/default/id/1123631", "3": 10765}}, {"id": 6614887, "name": "\u041a\u0430\u043b\u0430\u0440\u0438 \u043c\u0430\u0441\u0441\u0430\u0436 (60 \u043c\u0438\u043d. \u043d\u043e\u0436\u043d\u043e\u0439 \u043c\u0430\u0441\u043b\u044f\u043d\u044b\u0439 \u043c\u0430\u0441\u0441\u0430\u0436)", "account_id": 10765, "date_create": 1582908326, "status": 6, "price": "0", "client_id": 2936299, "roistat": "\u0412\u0445\u043e\u0434\u044f\u0449\u0438\u0439 \u0437\u0432\u043e\u043d\u043e\u043a,\u043e\u0442 \u0437\u043d\u0430\u043a\u043e\u043c\u044b\u0445", "executor": "\u0424\u0438\u043b\u0438\u043f \u0412\u0438\u043c\u0430\u043b\u0430 \u0412\u0438\u043f\u0438\u043d", "is_sale": false, "appointment_id": 5857708, "fields": {"1": "\u0424\u0438\u043b\u0438\u043f \u0412\u0438\u043c\u0430\u043b\u0430 \u0412\u0438\u043f\u0438\u043d", "2": "https://klientiks.ru/clientix/client/default/id/2936299", "3": 10765}}, {"id": 6614892, "name": "\u041a\u0430\u043b\u0430\u0440\u0438 \u043c\u0430\u0441\u0441\u0430\u0436 (60 \u043c\u0438\u043d. \u043d\u043e\u0436\u043d\u043e\u0439 \u043c\u0430\u0441\u043b\u044f\u043d\u044b\u0439 \u043c\u0430\u0441\u0441\u0430\u0436)", "account_id": 10765, "date_create": 1582908371, "status": 7, "price": null, "client_id": 2936299, "roistat": "\u0412\u0445\u043e\u0434\u044f\u0449\u0438\u0439 \u0437\u0432\u043e\u043d\u043e\u043a,\u043e\u0442 \u0437\u043d\u0430\u043a\u043e\u043c\u044b\u0445", "executor": "\u0424\u0438\u043b\u0438\u043f \u0412\u0438\u043c\u0430\u043b\u0430 \u0412\u0438\u043f\u0438\u043d", "is_sale": false, "appointment_id": 5857714, "fields": {"1": "\u0424\u0438\u043b\u0438\u043f \u0412\u0438\u043c\u0430\u043b\u0430 \u0412\u0438\u043f\u0438\u043d", "2": "https://klientiks.ru/clientix/client/default/id/2936299", "3": 10765}}, {"id": 6616355, "name": "\u041c\u0443\u043a\u0445\u0430\u0431\u0445\u044a\u044f\u043d\u0433\u0430 (30 \u043c\u0438\u043d. \u043c\u0430\u0441\u0441\u0430\u0436 \u043b\u0438\u0446\u0430),\u041c\u0443\u043a\u0445\u0430\u0431\u0445\u044a\u044f\u043d\u0433\u0430 (30 \u043c\u0438\u043d. \u043c\u0430\u0441\u0441\u0430\u0436 \u043b\u0438\u0446\u0430),\u0410\u0431\u0445\u044a\u044f\u043d\u0433\u0430 \u043c\u0430\u0441\u0441\u0430\u0436 (60 \u043c\u0438\u043d. \u0440\u0443\u0447\u043d\u043e\u0439 \u043c\u0430\u0441\u043b\u044f\u043d\u044b\u0439 \u043c\u0430\u0441\u0441\u0430\u0436 \u0432 2 \u0440\u0443\u043a\u0438),\u0410\u0431\u0445\u044a\u044f\u043d\u0433\u0430 \u043c\u0430\u0441\u0441\u0430\u0436 (60 \u043c\u0438\u043d. \u0440\u0443\u0447\u043d\u043e\u0439 \u043c\u0430\u0441\u043b\u044f\u043d\u044b\u0439 \u043c\u0430\u0441\u0441\u0430\u0436 \u0432 2 \u0440\u0443\u043a\u0438)", "account_id": 10765, "date_create": 1582958255, "status": 6, "price": "4400", "client_id": 2942716, "roistat": "\u0412\u0445\u043e\u0434\u044f\u0449\u0438\u0439 \u0437\u0432\u043e\u043d\u043e\u043a", "executor": "\u0428\u0440\u0438\u0442\u0430", "is_sale": false, "appointment_id": 5858940, "fields": {"1": "\u0428\u0440\u0438\u0442\u0430", "2": "https://klientiks.ru/clientix/client/default/id/2942716", "3": 10765}}, {"id": 6616633, "name": "\u0410\u044e\u0440\u0432\u0435\u0434\u0430 \u043a\u043e\u043d\u0441\u0443\u043b\u044c\u0442\u0430\u0446\u0438\u044f \u0432\u0440\u0430\u0447\u0430 (60 \u043c\u0438\u043d)", "account_id": 10765, "date_create": 1582960279, "status": 7, "price": null, "client_id": 3332399, "roistat": "\u0412\u0445\u043e\u0434\u044f\u0449\u0438\u0439 \u0437\u0432\u043e\u043d\u043e\u043a,\u0418\u043d\u0442\u0435\u0440\u043d\u0435\u0442", "executor": "\u041f\u0440\u0430\u0432\u0438\u043d \u0421\u0443\u0440\u0435\u043d\u0434\u0440\u0430\u043d\u043f\u0438\u043b\u0430\u0439 \u0412\u0430\u0441\u0430\u043d\u0442\u0430\u043a\u0443\u043c\u0430\u0440\u0438", "is_sale": false, "appointment_id": 5859207, "fields": {"1": "\u041f\u0440\u0430\u0432\u0438\u043d \u0421\u0443\u0440\u0435\u043d\u0434\u0440\u0430\u043d\u043f\u0438\u043b\u0430\u0439 \u0412\u0430\u0441\u0430\u043d\u0442\u0430\u043a\u0443\u043c\u0430\u0440\u0438", "2": "https://klientiks.ru/clientix/client/default/id/3332399", "3": 10765}}, {"id": 6617138, "name": "Tiktaka_Kwatham_100tab", "account_id": 10765, "date_create": 1582962755, "status": 6, "price": "1250", "client_id": 2695457, "roistat": "\u043e\u0442 \u0437\u043d\u0430\u043a\u043e\u043c\u044b\u0445", "executor": "\u0410\u0445\u043c\u0435\u0434\u043e\u0432\u0430 \u0422\u0430\u0442\u044c\u044f\u043d\u0430 \u041b\u0435\u043e\u043d\u0438\u0434\u043e\u0432\u043d\u0430", "is_sale": true, "appointment_id": 5859697, "fields": {"1": "\u0410\u0445\u043c\u0435\u0434\u043e\u0432\u0430 \u0422\u0430\u0442\u044c\u044f\u043d\u0430 \u041b\u0435\u043e\u043d\u0438\u0434\u043e\u0432\u043d\u0430", "2": "https://klientiks.ru/clientix/client/default/id/2695457", "3": 10765}}, {"id": 6617942, "name": "\u041a\u043e\u043d\u0441\u0443\u043b\u044c\u0442\u0430\u0446\u0438\u044f \u0430\u0441\u0442\u0440\u043e\u043b\u043e\u0433\u0430 \u0420\u0430\u0433\u0445\u0443\u043d\u0430\u0442\u0445  \u0441\u043a\u0430\u0439\u043f", "account_id": 10765, "date_create": 1582966621, "status": 7, "price": null, "client_id": 3325787, "roistat": "\u0412\u0445\u043e\u0434\u044f\u0449\u0438\u0439 \u0437\u0432\u043e\u043d\u043e\u043a,\u0418\u043d\u0442\u0435\u0440\u043d\u0435\u0442", "executor": "\u0420\u0430\u0433\u0445\u0443\u043d\u0430\u0442\u0445 \u041c\u0435\u043d\u043e\u043d", "is_sale": false, "appointment_id": 5860448, "fields": {"1": "\u0420\u0430\u0433\u0445\u0443\u043d\u0430\u0442\u0445 \u041c\u0435\u043d\u043e\u043d", "2": "https://klientiks.ru/clientix/client/default/id/3325787", "3": 10765}}, {"id": 6618358, "name": "\u0410\u044e\u0440\u0432\u0435\u0434\u0430 \u043a\u043e\u043d\u0441\u0443\u043b\u044c\u0442\u0430\u0446\u0438\u044f \u0432\u0440\u0430\u0447\u0430 (60 \u043c\u0438\u043d)", "account_id": 10765, "date_create": 1582968635, "status": 6, "price": "3200", "client_id": 3332878, "roistat": "\u0412\u0445\u043e\u0434\u044f\u0449\u0438\u0439 \u0437\u0432\u043e\u043d\u043e\u043a", "executor": "\u041f\u0440\u0430\u0432\u0438\u043d \u0421\u0443\u0440\u0435\u043d\u0434\u0440\u0430\u043d\u043f\u0438\u043b\u0430\u0439 \u0412\u0430\u0441\u0430\u043d\u0442\u0430\u043a\u0443\u043c\u0430\u0440\u0438", "is_sale": false, "appointment_id": 5860861, "fields": {"1": "\u041f\u0440\u0430\u0432\u0438\u043d \u0421\u0443\u0440\u0435\u043d\u0434\u0440\u0430\u043d\u043f\u0438\u043b\u0430\u0439 \u0412\u0430\u0441\u0430\u043d\u0442\u0430\u043a\u0443\u043c\u0430\u0440\u0438", "2": "https://klientiks.ru/clientix/client/default/id/3332878", "3": 10765}}, {"id": 6618409, "name": "\u0410\u044e\u0440\u0432\u0435\u0434\u0430 \u043a\u043e\u043d\u0441\u0443\u043b\u044c\u0442\u0430\u0446\u0438\u044f \u0432\u0440\u0430\u0447\u0430 (60 \u043c\u0438\u043d)", "account_id": 10765, "date_create": 1582968860, "status": 6, "price": "3200", "client_id": 3332903, "roistat": "\u0412\u0445\u043e\u0434\u044f\u0449\u0438\u0439 \u0437\u0432\u043e\u043d\u043e\u043a,\u0418\u043d\u0442\u0435\u0440\u043d\u0435\u0442", "executor": "\u041f\u0440\u0430\u0432\u0438\u043d \u0421\u0443\u0440\u0435\u043d\u0434\u0440\u0430\u043d\u043f\u0438\u043b\u0430\u0439 \u0412\u0430\u0441\u0430\u043d\u0442\u0430\u043a\u0443\u043c\u0430\u0440\u0438", "is_sale": false, "appointment_id": 5860916, "fields": {"1": "\u041f\u0440\u0430\u0432\u0438\u043d \u0421\u0443\u0440\u0435\u043d\u0434\u0440\u0430\u043d\u043f\u0438\u043b\u0430\u0439 \u0412\u0430\u0441\u0430\u043d\u0442\u0430\u043a\u0443\u043c\u0430\u0440\u0438", "2": "https://klientiks.ru/clientix/client/default/id/3332903", "3": 10765}}, {"id": 6618428, "name": "Drakshadi_kashayam_200ml,Avipathi_choornam_30g,Drakshadi_kashayam_200ml,\u041a\u0443\u043d\u0436\u0443\u0442\u043d\u043e\u0435_\u043c\u0430\u0441\u043b\u043e_\u041a\u0430\u043c\u0430\u043b\u0430,Septilin_Himalaya_60 tab,Ashwagandha_60tab_Kutir's,Avipathi_choornam_30g,Avipathi_choornam_30g,\u041a\u0443\u043d\u0436\u0443\u0442\u043d\u043e\u0435_\u043c\u0430\u0441\u043b\u043e_\u041a\u0430\u043c\u0430\u043b\u0430,\u041a\u0443\u043d\u0436\u0443\u0442\u043d\u043e\u0435_\u043c\u0430\u0441\u043b\u043e_\u041a\u0430\u043c\u0430\u043b\u0430,Avipathi_choornam_30g,Ashwagandha_60tab_Kutir's,Ashwagandha_60tab_Kutir's,Septilin_Himalaya_60 tab,\u041a\u0443\u043d\u0436\u0443\u0442\u043d\u043e\u0435_\u043c\u0430\u0441\u043b\u043e_\u041a\u0430\u043c\u0430\u043b\u0430,Septilin_Himalaya_60 tab,Drakshadi_kashayam_200ml,Septilin_Himalaya_60 tab,Ashwagandha_60tab_Kutir's,Drakshadi_kashayam_200ml,\u041a\u0443\u043d\u0436\u0443\u0442\u043d\u043e\u0435_\u043c\u0430\u0441\u043b\u043e_\u041a\u0430\u043c\u0430\u043b\u0430,Avipathi_choornam_30g,Ashwagandha_60tab_Kutir's,Septilin_Himalaya_60 tab,Drakshadi_kashayam_200ml", "account_id": 10765, "date_create": 1582968967, "status": 6, "price": "1750", "client_id": 3255176, "roistat": "\u043e\u0442 \u0437\u043d\u0430\u043a\u043e\u043c\u044b\u0445,\u0418\u043d\u0442\u0435\u0440\u043d\u0435\u0442", "executor": "\u0410\u0445\u043c\u0435\u0434\u043e\u0432\u0430 \u0422\u0430\u0442\u044c\u044f\u043d\u0430 \u041b\u0435\u043e\u043d\u0438\u0434\u043e\u0432\u043d\u0430", "is_sale": true, "appointment_id": 5860936, "fields": {"1": "\u0410\u0445\u043c\u0435\u0434\u043e\u0432\u0430 \u0422\u0430\u0442\u044c\u044f\u043d\u0430 \u041b\u0435\u043e\u043d\u0438\u0434\u043e\u0432\u043d\u0430", "2": "https://klientiks.ru/clientix/client/default/id/3255176", "3": 10765}}, {"id": 6618714, "name": "\u0410\u0431\u0445\u044a\u044f\u043d\u0433\u0430 \u043c\u0430\u0441\u0441\u0430\u0436 (60 \u043c\u0438\u043d. \u0440\u0443\u0447\u043d\u043e\u0439 \u043c\u0430\u0441\u043b\u044f\u043d\u044b\u0439 \u043c\u0430\u0441\u0441\u0430\u0436 \u0432 2 \u0440\u0443\u043a\u0438)", "account_id": 10765, "date_create": 1582970573, "status": 6, "price": "3200", "client_id": 3255176, "roistat": "\u043e\u0442 \u0437\u043d\u0430\u043a\u043e\u043c\u044b\u0445,\u0418\u043d\u0442\u0435\u0440\u043d\u0435\u0442", "executor": "\u0428\u0440\u0438\u0442\u0430", "is_sale": false, "appointment_id": 5727454, "fields": {"1": "\u0428\u0440\u0438\u0442\u0430", "2": "https://klientiks.ru/clientix/client/default/id/3255176", "3": 10765}}, {"id": 6619065, "name": "\u0410\u044e\u0440\u0432\u0435\u0434\u0430 \u043f\u043e\u0432\u0442\u043e\u0440\u043d\u0430\u044f \u043a\u043e\u043d\u0441\u0443\u043b\u044c\u0442\u0430\u0446\u0438\u044f \u0432\u0440\u0430\u0447\u0430 \u0432 \u043d\u0430\u0437\u043d\u0430\u0447\u0435\u043d\u043d\u044b\u0439 \u0441\u0440\u043e\u043a (30 \u043c\u0438\u043d)", "account_id": 10765, "date_create": 1582972818, "status": 7, "price": null, "client_id": 3255176, "roistat": "\u043e\u0442 \u0437\u043d\u0430\u043a\u043e\u043c\u044b\u0445,\u0418\u043d\u0442\u0435\u0440\u043d\u0435\u0442", "executor": "\u041f\u0440\u0430\u0432\u0438\u043d \u0421\u0443\u0440\u0435\u043d\u0434\u0440\u0430\u043d\u043f\u0438\u043b\u0430\u0439 \u0412\u0430\u0441\u0430\u043d\u0442\u0430\u043a\u0443\u043c\u0430\u0440\u0438", "is_sale": false, "appointment_id": 5861541, "fields": {"1": "\u041f\u0440\u0430\u0432\u0438\u043d \u0421\u0443\u0440\u0435\u043d\u0434\u0440\u0430\u043d\u043f\u0438\u043b\u0430\u0439 \u0412\u0430\u0441\u0430\u043d\u0442\u0430\u043a\u0443\u043c\u0430\u0440\u0438", "2": "https://klientiks.ru/clientix/client/default/id/3255176", "3": 10765}}, {"id": 6619635, "name": "\u0410\u0431\u0445\u044a\u044f\u043d\u0433\u0430 \u043c\u0430\u0441\u0441\u0430\u0436 (60 \u043c\u0438\u043d. \u0440\u0443\u0447\u043d\u043e\u0439 \u043c\u0430\u0441\u043b\u044f\u043d\u044b\u0439 \u043c\u0430\u0441\u0441\u0430\u0436 \u0432 2 \u0440\u0443\u043a\u0438)", "account_id": 10765, "date_create": 1582976474, "status": 7, "price": null, "client_id": 2319865, "roistat": "\u0412\u0445\u043e\u0434\u044f\u0449\u0438\u0439 \u0437\u0432\u043e\u043d\u043e\u043a", "executor": "\u0410\u043f\u043f\u043e", "is_sale": false, "appointment_id": 5862108, "fields": {"1": "\u0410\u043f\u043f\u043e", "2": "https://klientiks.ru/clientix/client/default/id/2319865", "3": 10765}}, {"id": 6619896, "name": "\u041a\u0438\u0436\u0438 \u043c\u0430\u0441\u0441\u0430\u0436 (60 \u043c\u0438\u043d. \u043f\u0438\u043d\u0434\u0430\u0441\u0432\u0435\u0434\u0430\u043d\u0430, \u043c\u0430\u0441\u0441\u0430\u0436 \u043c\u0435\u0448\u043e\u0447\u043a\u0430\u043c\u0438 \u0432 2 \u0440\u0443\u043a\u0438)", "account_id": 10765, "date_create": 1582978641, "status": 7, "price": null, "client_id": 3122840, "roistat": "\u0420\u043e\u0434\u0441\u0442\u0432\u0435\u043d\u043d\u0438\u043a \u043d\u0430\u0448\u0435\u0433\u043e \u043a\u043b\u0438\u0435\u043d\u0442\u0430", "executor": "\u0424\u0438\u043b\u0438\u043f \u0412\u0438\u043c\u0430\u043b\u0430 \u0412\u0438\u043f\u0438\u043d", "is_sale": false, "appointment_id": 5862352, "fields": {"1": "\u0424\u0438\u043b\u0438\u043f \u0412\u0438\u043c\u0430\u043b\u0430 \u0412\u0438\u043f\u0438\u043d", "2": "https://klientiks.ru/clientix/client/default/id/3122840", "3": 10765}}, {"id": 6620022, "name": "\u0410\u044e\u0440\u0432\u0435\u0434\u0430 \u043f\u043e\u0432\u0442\u043e\u0440\u043d\u0430\u044f  \u043a\u043e\u043d\u0441\u0443\u043b\u044c\u0442\u0430\u0446\u0438\u044f \u043f\u0440\u0438\u0433\u043b\u0430\u0448\u0435\u043d\u043d\u043e\u0433\u043e \u0441\u043f\u0435\u0446\u0438\u0430\u043b\u0438\u0441\u0442\u0430 (30 \u043c\u0438\u043d)", "account_id": 10765, "date_create": 1582979786, "status": 6, "price": "2500", "client_id": 2823274, "roistat": "\u0421\u043e\u0432\u0435\u0442 \u0414\u0440\u0443\u0437\u0435\u0439,\u0438\u043d\u0442\u0435\u0440\u043d\u0435\u0442", "executor": "\u0414\u0436\u0430\u0442\u0445\u0430\u0432 \u041f\u0430\u0440\u0435\u0448", "is_sale": false, "appointment_id": 5862466, "fields": {"1": "\u0414\u0436\u0430\u0442\u0445\u0430\u0432 \u041f\u0430\u0440\u0435\u0448", "2": "https://klientiks.ru/clientix/client/default/id/2823274", "3": 10765}}, {"id": 6620738, "name": "\u0421\u0435\u0430\u043d\u0441 \u0432 \u043a\u0435\u0434\u0440\u043e\u0432\u043e\u0439 \u0431\u043e\u0447\u043a\u0435 \u0441 \u0444\u0438\u0442\u043e\u0441\u0431\u043e\u0440\u043e\u043c,\u0410\u0431\u0445\u044a\u044f\u043d\u0433\u0430 \u043c\u0430\u0441\u0441\u0430\u0436 (60 \u043c\u0438\u043d. \u0440\u0443\u0447\u043d\u043e\u0439 \u043c\u0430\u0441\u043b\u044f\u043d\u044b\u0439 \u043c\u0430\u0441\u0441\u0430\u0436 \u0432 2 \u0440\u0443\u043a\u0438),\u0421\u0435\u0430\u043d\u0441 \u0432 \u043a\u0435\u0434\u0440\u043e\u0432\u043e\u0439 \u0431\u043e\u0447\u043a\u0435 \u0441 \u0444\u0438\u0442\u043e\u0441\u0431\u043e\u0440\u043e\u043c,\u0410\u0431\u0445\u044a\u044f\u043d\u0433\u0430 \u043c\u0430\u0441\u0441\u0430\u0436 (60 \u043c\u0438\u043d. \u0440\u0443\u0447\u043d\u043e\u0439 \u043c\u0430\u0441\u043b\u044f\u043d\u044b\u0439 \u043c\u0430\u0441\u0441\u0430\u0436 \u0432 2 \u0440\u0443\u043a\u0438)", "account_id": 10765, "date_create": 1582985690, "status": 6, "price": "0", "client_id": 3263662, "roistat": "\u043f\u043e\u0441\u0442\u043e\u044f\u043d\u043d\u044b\u0439 \u043a\u043b\u0438\u0435\u043d\u0442", "executor": "\u0428\u0440\u0438\u0442\u0430", "is_sale": false, "appointment_id": 5863078, "fields": {"1": "\u0428\u0440\u0438\u0442\u0430", "2": "https://klientiks.ru/clientix/client/default/id/3263662", "3": 10765}}, {"id": 6620742, "name": "\u041a\u0430\u043b\u0430\u0440\u0438 \u043c\u0430\u0441\u0441\u0430\u0436 (60 \u043c\u0438\u043d. \u043d\u043e\u0436\u043d\u043e\u0439 \u043c\u0430\u0441\u043b\u044f\u043d\u044b\u0439 \u043c\u0430\u0441\u0441\u0430\u0436),\u0412\u0438\u0440\u0435\u0447\u0430\u043d\u0430 (\u0441\u043b\u0430\u0431\u0438\u0442\u0435\u043b\u044c\u043d\u0430\u044f \u0442\u0435\u0440\u0430\u043f\u0438\u044f),\u041a\u0430\u043b\u0430\u0440\u0438 \u043c\u0430\u0441\u0441\u0430\u0436 (60 \u043c\u0438\u043d. \u043d\u043e\u0436\u043d\u043e\u0439 \u043c\u0430\u0441\u043b\u044f\u043d\u044b\u0439 \u043c\u0430\u0441\u0441\u0430\u0436),\u0412\u0438\u0440\u0435\u0447\u0430\u043d\u0430 (\u0441\u043b\u0430\u0431\u0438\u0442\u0435\u043b\u044c\u043d\u0430\u044f \u0442\u0435\u0440\u0430\u043f\u0438\u044f)", "account_id": 10765, "date_create": 1582985730, "status": 6, "price": "0", "client_id": 3263662, "roistat": "\u043f\u043e\u0441\u0442\u043e\u044f\u043d\u043d\u044b\u0439 \u043a\u043b\u0438\u0435\u043d\u0442", "executor": "\u0428\u0440\u0438\u0442\u0430", "is_sale": false, "appointment_id": 5863080, "fields": {"1": "\u0428\u0440\u0438\u0442\u0430", "2": "https://klientiks.ru/clientix/client/default/id/3263662", "3": 10765}}, {"id": 6620748, "name": "\u0410\u0431\u0445\u044a\u044f\u043d\u0433\u0430 \u043c\u0430\u0441\u0441\u0430\u0436 (60 \u043c\u0438\u043d. \u0440\u0443\u0447\u043d\u043e\u0439 \u043c\u0430\u0441\u043b\u044f\u043d\u044b\u0439 \u043c\u0430\u0441\u0441\u0430\u0436 \u0432 2 \u0440\u0443\u043a\u0438),\u0410\u0431\u0445\u044a\u044f\u043d\u0433\u0430 \u043c\u0430\u0441\u0441\u0430\u0436 (60 \u043c\u0438\u043d. \u0440\u0443\u0447\u043d\u043e\u0439 \u043c\u0430\u0441\u043b\u044f\u043d\u044b\u0439 \u043c\u0430\u0441\u0441\u0430\u0436 \u0432 2 \u0440\u0443\u043a\u0438),\u041a\u0438\u0436\u0438 \u043d\u0430 \u0447\u0430\u0441\u0442\u0438 \u0442\u0435\u043b\u0430 (30 \u043c\u0438\u043d),\u041a\u0438\u0436\u0438 \u043d\u0430 \u0447\u0430\u0441\u0442\u0438 \u0442\u0435\u043b\u0430 (30 \u043c\u0438\u043d)", "account_id": 10765, "date_create": 1582985805, "status": 6, "price": "0", "client_id": 3263662, "roistat": "\u043f\u043e\u0441\u0442\u043e\u044f\u043d\u043d\u044b\u0439 \u043a\u043b\u0438\u0435\u043d\u0442", "executor": "\u041d\u0438\u0431\u0438\u043d \u041a\u043e\u0434\u0430\u0442 \u0414\u0438\u043d\u0435\u0441\u0430\u043d", "is_sale": false, "appointment_id": 5863085, "fields": {"1": "\u041d\u0438\u0431\u0438\u043d \u041a\u043e\u0434\u0430\u0442 \u0414\u0438\u043d\u0435\u0441\u0430\u043d", "2": "https://klientiks.ru/clientix/client/default/id/3263662", "3": 10765}}, {"id": 6620754, "name": "\u0410\u0431\u0445\u044a\u044f\u043d\u0433\u0430 \u043c\u0430\u0441\u0441\u0430\u0436 (60 \u043c\u0438\u043d. \u0440\u0443\u0447\u043d\u043e\u0439 \u043c\u0430\u0441\u043b\u044f\u043d\u044b\u0439 \u043c\u0430\u0441\u0441\u0430\u0436 \u0432 2 \u0440\u0443\u043a\u0438),\u041a\u0438\u0436\u0438 \u043d\u0430 \u0447\u0430\u0441\u0442\u0438 \u0442\u0435\u043b\u0430 (30 \u043c\u0438\u043d),\u0410\u0431\u0445\u044a\u044f\u043d\u0433\u0430 \u043c\u0430\u0441\u0441\u0430\u0436 (60 \u043c\u0438\u043d. \u0440\u0443\u0447\u043d\u043e\u0439 \u043c\u0430\u0441\u043b\u044f\u043d\u044b\u0439 \u043c\u0430\u0441\u0441\u0430\u0436 \u0432 2 \u0440\u0443\u043a\u0438),\u041a\u0438\u0436\u0438 \u043d\u0430 \u0447\u0430\u0441\u0442\u0438 \u0442\u0435\u043b\u0430 (30 \u043c\u0438\u043d)", "account_id": 10765, "date_create": 1582985849, "status": 6, "price": "0", "client_id": 3263662, "roistat": "\u043f\u043e\u0441\u0442\u043e\u044f\u043d\u043d\u044b\u0439 \u043a\u043b\u0438\u0435\u043d\u0442", "executor": "\u041d\u0438\u0431\u0438\u043d \u041a\u043e\u0434\u0430\u0442 \u0414\u0438\u043d\u0435\u0441\u0430\u043d", "is_sale": false, "appointment_id": 5863092, "fields": {"1": "\u041d\u0438\u0431\u0438\u043d \u041a\u043e\u0434\u0430\u0442 \u0414\u0438\u043d\u0435\u0441\u0430\u043d", "2": "https://klientiks.ru/clientix/client/default/id/3263662", "3": 10765}}, {"id": 6620759, "name": "\u041f\u0438\u0447\u0443 (30 \u043c\u0438\u043d. \u043c\u0430\u0441\u043b\u044f\u043d\u0430\u044f \u0430\u043f\u043f\u043b\u0438\u043a\u0430\u0446\u0438\u044f),\u041a\u0430\u043b\u0430\u0440\u0438 \u043c\u0430\u0441\u0441\u0430\u0436 (60 \u043c\u0438\u043d. \u043d\u043e\u0436\u043d\u043e\u0439 \u043c\u0430\u0441\u043b\u044f\u043d\u044b\u0439 \u043c\u0430\u0441\u0441\u0430\u0436),\u0410\u043d\u0443\u0432\u0430\u0441\u0430\u043d\u0430 \u0411\u0430\u0441\u0442\u0438 (30 \u043c\u0438\u043d. \u043c\u0430\u0441\u043b\u044f\u043d\u0430\u044f \u0442\u0440\u0430\u0432\u044f\u043d\u0430\u044f \u043a\u043b\u0438\u0437\u043c\u0430),\u041a\u0430\u043b\u0430\u0440\u0438 \u043c\u0430\u0441\u0441\u0430\u0436 (60 \u043c\u0438\u043d. \u043d\u043e\u0436\u043d\u043e\u0439 \u043c\u0430\u0441\u043b\u044f\u043d\u044b\u0439 \u043c\u0430\u0441\u0441\u0430\u0436),\u041f\u0438\u0447\u0443 (30 \u043c\u0438\u043d. \u043c\u0430\u0441\u043b\u044f\u043d\u0430\u044f \u0430\u043f\u043f\u043b\u0438\u043a\u0430\u0446\u0438\u044f),\u0410\u043d\u0443\u0432\u0430\u0441\u0430\u043d\u0430 \u0411\u0430\u0441\u0442\u0438 (30 \u043c\u0438\u043d. \u043c\u0430\u0441\u043b\u044f\u043d\u0430\u044f \u0442\u0440\u0430\u0432\u044f\u043d\u0430\u044f \u043a\u043b\u0438\u0437\u043c\u0430),\u041a\u0430\u043b\u0430\u0440\u0438 \u043c\u0430\u0441\u0441\u0430\u0436 (60 \u043c\u0438\u043d. \u043d\u043e\u0436\u043d\u043e\u0439 \u043c\u0430\u0441\u043b\u044f\u043d\u044b\u0439 \u043c\u0430\u0441\u0441\u0430\u0436),\u041f\u0438\u0447\u0443 (30 \u043c\u0438\u043d. \u043c\u0430\u0441\u043b\u044f\u043d\u0430\u044f \u0430\u043f\u043f\u043b\u0438\u043a\u0430\u0446\u0438\u044f),\u0410\u043d\u0443\u0432\u0430\u0441\u0430\u043d\u0430 \u0411\u0430\u0441\u0442\u0438 (30 \u043c\u0438\u043d. \u043c\u0430\u0441\u043b\u044f\u043d\u0430\u044f \u0442\u0440\u0430\u0432\u044f\u043d\u0430\u044f \u043a\u043b\u0438\u0437\u043c\u0430)", "account_id": 10765, "date_create": 1582985911, "status": 6, "price": "0", "client_id": 3263662, "roistat": "\u043f\u043e\u0441\u0442\u043e\u044f\u043d\u043d\u044b\u0439 \u043a\u043b\u0438\u0435\u043d\u0442", "executor": "\u0428\u0440\u0438\u0442\u0430", "is_sale": false, "appointment_id": 5863097, "fields": {"1": "\u0428\u0440\u0438\u0442\u0430", "2": "https://klientiks.ru/clientix/client/default/id/3263662", "3": 10765}}, {"id": 6620763, "name": "\u041d\u0438\u0440\u0443\u0445\u0430 \u0411\u0430\u0441\u0442\u0438 (60 \u043c\u0438\u043d. \u043a\u043b\u0438\u0437\u043c\u0430 \u0442\u0440\u0430\u0432\u044f\u043d\u044b\u043c \u043e\u0442\u0432\u0430\u0440\u043e\u043c),\u0410\u0431\u0445\u044a\u044f\u043d\u0433\u0430 \u043c\u0430\u0441\u0441\u0430\u0436 (60 \u043c\u0438\u043d. \u0440\u0443\u0447\u043d\u043e\u0439 \u043c\u0430\u0441\u043b\u044f\u043d\u044b\u0439 \u043c\u0430\u0441\u0441\u0430\u0436 \u0432 2 \u0440\u0443\u043a\u0438),\u041f\u0438\u0447\u0443 (30 \u043c\u0438\u043d. \u043c\u0430\u0441\u043b\u044f\u043d\u0430\u044f \u0430\u043f\u043f\u043b\u0438\u043a\u0430\u0446\u0438\u044f),\u041d\u0438\u0440\u0443\u0445\u0430 \u0411\u0430\u0441\u0442\u0438 (60 \u043c\u0438\u043d. \u043a\u043b\u0438\u0437\u043c\u0430 \u0442\u0440\u0430\u0432\u044f\u043d\u044b\u043c \u043e\u0442\u0432\u0430\u0440\u043e\u043c),\u041f\u0438\u0447\u0443 (30 \u043c\u0438\u043d. \u043c\u0430\u0441\u043b\u044f\u043d\u0430\u044f \u0430\u043f\u043f\u043b\u0438\u043a\u0430\u0446\u0438\u044f),\u0410\u0431\u0445\u044a\u044f\u043d\u0433\u0430 \u043c\u0430\u0441\u0441\u0430\u0436 (60 \u043c\u0438\u043d. \u0440\u0443\u0447\u043d\u043e\u0439 \u043c\u0430\u0441\u043b\u044f\u043d\u044b\u0439 \u043c\u0430\u0441\u0441\u0430\u0436 \u0432 2 \u0440\u0443\u043a\u0438),\u041d\u0438\u0440\u0443\u0445\u0430 \u0411\u0430\u0441\u0442\u0438 (60 \u043c\u0438\u043d. \u043a\u043b\u0438\u0437\u043c\u0430 \u0442\u0440\u0430\u0432\u044f\u043d\u044b\u043c \u043e\u0442\u0432\u0430\u0440\u043e\u043c),\u041f\u0438\u0447\u0443 (30 \u043c\u0438\u043d. \u043c\u0430\u0441\u043b\u044f\u043d\u0430\u044f \u0430\u043f\u043f\u043b\u0438\u043a\u0430\u0446\u0438\u044f),\u0410\u0431\u0445\u044a\u044f\u043d\u0433\u0430 \u043c\u0430\u0441\u0441\u0430\u0436 (60 \u043c\u0438\u043d. \u0440\u0443\u0447\u043d\u043e\u0439 \u043c\u0430\u0441\u043b\u044f\u043d\u044b\u0439 \u043c\u0430\u0441\u0441\u0430\u0436 \u0432 2 \u0440\u0443\u043a\u0438)", "account_id": 10765, "date_create": 1582985948, "status": 6, "price": "0", "client_id": 3263662, "roistat": "\u043f\u043e\u0441\u0442\u043e\u044f\u043d\u043d\u044b\u0439 \u043a\u043b\u0438\u0435\u043d\u0442", "executor": "\u041d\u0438\u0431\u0438\u043d \u041a\u043e\u0434\u0430\u0442 \u0414\u0438\u043d\u0435\u0441\u0430\u043d", "is_sale": false, "appointment_id": 5863101, "fields": {"1": "\u041d\u0438\u0431\u0438\u043d \u041a\u043e\u0434\u0430\u0442 \u0414\u0438\u043d\u0435\u0441\u0430\u043d", "2": "https://klientiks.ru/clientix/client/default/id/3263662", "3": 10765}}, {"id": 6620773, "name": "\u041a\u0438\u0436\u0438 \u043d\u0430 \u0447\u0430\u0441\u0442\u0438 \u0442\u0435\u043b\u0430 (30 \u043c\u0438\u043d),\u0410\u0431\u0445\u044a\u044f\u043d\u0433\u0430 \u043c\u0430\u0441\u0441\u0430\u0436 (60 \u043c\u0438\u043d. \u0440\u0443\u0447\u043d\u043e\u0439 \u043c\u0430\u0441\u043b\u044f\u043d\u044b\u0439 \u043c\u0430\u0441\u0441\u0430\u0436 \u0432 2 \u0440\u0443\u043a\u0438),\u0410\u043d\u0443\u0432\u0430\u0441\u0430\u043d\u0430 \u0411\u0430\u0441\u0442\u0438 (30 \u043c\u0438\u043d. \u043c\u0430\u0441\u043b\u044f\u043d\u0430\u044f \u0442\u0440\u0430\u0432\u044f\u043d\u0430\u044f \u043a\u043b\u0438\u0437\u043c\u0430)", "account_id": 10765, "date_create": 1582986015, "status": 7, "price": null, "client_id": 3263662, "roistat": "\u043f\u043e\u0441\u0442\u043e\u044f\u043d\u043d\u044b\u0439 \u043a\u043b\u0438\u0435\u043d\u0442", "executor": "\u0428\u0440\u0438\u0442\u0430", "is_sale": false, "appointment_id": 5863108, "fields": {"1": "\u0428\u0440\u0438\u0442\u0430", "2": "https://klientiks.ru/clientix/client/default/id/3263662", "3": 10765}}], "pagination": {"total_count": 22602, "limit": 50, "page_number": 1}, "total_count": 22602, "page_number": 1}') v, current_timestamp ts) s on s.v = parse_json(t.v) when not matched then insert (t.v, changed_at) values (s.v, s.ts)
2020-08-23 01:14:16,382 - executing SQL/command
2020-08-23 01:14:16,382 - binding: [merge into KAMALA_ACL t using (select parse_json('{"offset": 19500, "count": 50,...] with input=[None], processed=[{}]
2020-08-23 01:14:16,382 - query: [merge into KAMALA_ACL t using (select parse_json('{"offset": 19500, "count": 50,...]
2020-08-23 01:14:16,382 - Cannot use arrow result format, fallback to json format
2020-08-23 01:14:16,382 - sequence counter: 1
2020-08-23 01:14:16,382 - running query [merge into KAMALA_ACL t using (select parse_json('{"offset": 19500, "count": 50,...]
2020-08-23 01:14:16,382 - is_file_transfer: False
2020-08-23 01:14:16,382 - _cmd_query
2020-08-23 01:14:16,383 - sql=[merge into KAMALA_ACL t using (select parse_json('{"offset": 19500, "count": 50,...], sequence_id=[1], is_file_transfer=[None]
2020-08-23 01:14:16,383 - Active requests sessions: 1, idle: 0
2020-08-23 01:14:16,383 - remaining request timeout: None, retry cnt: 1
2020-08-23 01:14:16,383 - socket timeout: 60
2020-08-23 01:14:16,824 - https://ringcentral.snowflakecomputing.com:443 "POST /queries/v1/query-request?requestId=91f6fe58-9850-49bd-b9f6-e137744c8b52&request_guid=c9320d8a-a058-43cb-99e3-50518733d5a2 HTTP/1.1" 200 579
2020-08-23 01:14:16,825 - SUCCESS
2020-08-23 01:14:16,825 - Active requests sessions: 0, idle: 1
2020-08-23 01:14:16,825 - ret[code] = 001003, after post request
2020-08-23 01:14:16,825 - sfqid: 01966d36-02e0-4287-0003-e0030053104e
2020-08-23 01:14:16,825 - query execution done
2020-08-23 01:14:16,825 - {'code': '001003', 'data': {'internalError': False, 'errorCode': '001003', 'age': 0, 'sqlState': '42000', 'queryId': '01966d36-02e0-4287-0003-e0030053104e', 'line': -1, 'pos': -1, 'type': 'COMPILATION'}, 'message': "SQL compilation error:\nsyntax error line 1 at position 31,644 unexpected 's'.\nsyntax error line 1 at position 31,690 unexpected '\\u'.\nparse error line 1 at position 31,697 near '117'.\nparse error line 1 at position 31,709 near '117'.\nparse error line 1 at position 31,733 near '117'.\nparse error line 1 at position 31,738 near '92'.\nparse error line 1 at position 31,746 near '117'.\nparse error line 1 at position 31,752 near '117'.\nparse error line 1 at position 31,770 near '117'.\nparse error line 1 at position 31,775 near '95'.\nparse error line 1 at position 31,783 near '117'.\nparse error line 1 at position 31,795 near '117'.\nparse error line 1 at position 31,807 near '117'.\nsyntax error line 1 at position 31,813 unexpected '\\u'.\nparse error line 1 at position 31,820 near '117'.\nparse error line 1 at position 31,832 near '117'.\nparse error line 1 at position 31,856 near '117'.\nparse error line 1 at position 31,861 near '92'.\nparse error line 1 at position 31,869 near '117'.\nparse error line 1 at position 31,875 near '117'.\nparse error line 1 at position 31,893 near '117'.\nparse error line 1 at position 31,898 near '95'.\nparse error line 1 at position 31,906 near '117'.\nparse error line 1 at position 31,918 near '117'.\nparse error line 1 at position 31,930 near '117'.\nsyntax error line 1 at position 31,981 unexpected ''s,Ashwagandha_60tab_Kutir''.\nparse error line 1 at position 32,042 near '117'.\nparse error line 1 at position 32,054 near '117'.\nparse error line 1 at position 32,078 near '117'.\nparse error line 1 at position 32,083 near '92'.\nparse error line 1 at position 32,091 near '117'.\nparse error line 1 at position 32,097 near '117'.\nparse error line 1 at position 32,115 near '117'.\nparse error line 1 at position 32,120 near '95'.\nparse error line 1 at position 32,128 near '117'.\nparse error line 1 at position 32,140 near '117'.\nparse error line 1 at position 32,152 near '117'.\nparse error line 1 at position 32,625 near '92'.\nparse error line 1 at position 32,645 near '117'.\nparse error line 1 at position 32,657 near '117'.\nparse error line 1 at position 32,662 near '92'.\nparse error line 1 at position 32,669 near '117'.\nparse error line 1 at position 32,675 near '117'.\nparse error line 1 at position 32,694 near '117'.\nparse error line 1 at position 32,718 near '117'.\nparse error line 1 at position 32,764 near '117'.\nparse error line 1 at position 32,781 near '92'.\nparse error line 1 at position 32,788 near '117'.\nparse error line 1 at position 32,819 near '117'.\nparse error line 1 at position 32,825 near '117'.\nThis input had 69 total errors.", 'success': False, 'headers': None}
2020-08-23 01:17:00,504 - Requesting data chunk https://klientiks.ru/clientix/Restapi/list/a/390b96e2763e/u/d969c9cde78c/t/073de5009f21b34afa022cfa7ca2c124/m/AppointmentClientLinks/ik/orders/rvwk/status,statuses/?date=10&offset=
2020-08-23 01:17:00,507 - Starting new HTTPS connection (1): klientiks.ru:443
2020-08-23 01:17:00,666 - OCSP Mode: FAIL_OPEN, OCSP response cache file name: None
2020-08-23 01:17:00,666 - ocsp_response_cache_uri: file://C:/Users/dmitry.mitrofanov/AppData/Local/Snowflake/Caches/ocsp_response_cache.json
2020-08-23 01:17:00,666 - OCSP_VALIDATION_CACHE size: 140
2020-08-23 01:17:00,666 - OCSP response cache server is enabled: http://ocsp.snowflakecomputing.com/ocsp_response_cache.json
2020-08-23 01:17:00,666 - OCSP dynamic cache server RETRY URL: None
2020-08-23 01:17:00,674 - Verifying the attached certificate is signed by the issuer. Valid Not After: 2025-05-12 23:58:59+00:00
2020-08-23 01:17:00,675 - Verifying the attached certificate is signed by the issuer. Valid Not After: 2025-05-12 23:58:59+00:00
2020-08-23 01:17:00,676 - Verifying the attached certificate is signed by the issuer. Valid Not After: 2023-06-11 20:40:26+00:00
2020-08-23 01:17:00,677 - Verifying the attached certificate is signed by the issuer. Valid Not After: 2023-06-11 20:40:26+00:00
2020-08-23 01:17:00,678 - Verifying the attached certificate is signed by the issuer. Valid Not After: 2023-06-11 20:44:21+00:00
2020-08-23 01:17:00,680 - Verifying the attached certificate is signed by the issuer. Valid Not After: 2023-06-11 20:44:21+00:00
2020-08-23 01:17:00,681 - Verifying the attached certificate is signed by the issuer. Valid Not After: 2021-12-14 07:00:00+00:00
2020-08-23 01:17:00,683 - Verifying the attached certificate is signed by the issuer. Valid Not After: 2021-12-14 07:00:00+00:00
2020-08-23 01:17:00,684 - Verifying the attached certificate is signed by the issuer. Valid Not After: 2025-05-12 23:58:59+00:00
2020-08-23 01:17:00,685 - Verifying the attached certificate is signed by the issuer. Valid Not After: 2025-05-12 23:58:59+00:00
2020-08-23 01:17:00,687 - Verifying the attached certificate is signed by the issuer. Valid Not After: 2025-05-12 23:58:59+00:00
2020-08-23 01:17:00,689 - Verifying the attached certificate is signed by the issuer. Valid Not After: 2025-05-12 23:58:59+00:00
2020-08-23 01:17:00,690 - Verifying the attached certificate is signed by the issuer. Valid Not After: 2025-05-12 23:58:59+00:00
2020-08-23 01:17:00,691 - Verifying the attached certificate is signed by the issuer. Valid Not After: 2025-05-12 23:58:59+00:00
2020-08-23 01:17:00,700 - Verifying the attached certificate is signed by the issuer. Valid Not After: 2025-05-12 23:58:59+00:00
2020-08-23 01:17:00,701 - Verifying the attached certificate is signed by the issuer. Valid Not After: 2025-05-12 23:58:59+00:00
2020-08-23 01:17:00,704 - Verifying the attached certificate is signed by the issuer. Valid Not After: 2021-04-02 17:08:26+00:00
2020-08-23 01:17:00,705 - Verifying the attached certificate is signed by the issuer. Valid Not After: 2021-04-02 17:08:26+00:00
2020-08-23 01:17:00,707 - Verifying the attached certificate is signed by the issuer. Valid Not After: 2021-04-02 17:13:33+00:00
2020-08-23 01:17:00,708 - Verifying the attached certificate is signed by the issuer. Valid Not After: 2021-04-02 17:13:33+00:00
2020-08-23 01:17:00,709 - Verifying the attached certificate is signed by the issuer. Valid Not After: 2021-04-02 16:58:09+00:00
2020-08-23 01:17:00,711 - Verifying the attached certificate is signed by the issuer. Valid Not After: 2021-04-02 16:58:09+00:00
2020-08-23 01:17:00,729 - Verifying the attached certificate is signed by the issuer. Valid Not After: 2021-04-02 17:13:33+00:00
2020-08-23 01:17:00,731 - Verifying the attached certificate is signed by the issuer. Valid Not After: 2021-04-02 17:13:33+00:00
2020-08-23 01:17:00,732 - Verifying the attached certificate is signed by the issuer. Valid Not After: 2021-04-02 17:08:26+00:00
2020-08-23 01:17:00,734 - Verifying the attached certificate is signed by the issuer. Valid Not After: 2021-04-02 17:08:26+00:00
2020-08-23 01:17:00,737 - Verifying the attached certificate is signed by the issuer. Valid Not After: 2021-04-02 17:03:51+00:00
2020-08-23 01:17:00,739 - Verifying the attached certificate is signed by the issuer. Valid Not After: 2021-04-02 17:03:51+00:00
2020-08-23 01:17:00,740 - Verifying the attached certificate is signed by the issuer. Valid Not After: 2021-04-02 16:58:09+00:00
2020-08-23 01:17:00,742 - Verifying the attached certificate is signed by the issuer. Valid Not After: 2021-04-02 16:58:09+00:00
2020-08-23 01:17:00,746 - Verifying the attached certificate is signed by the issuer. Valid Not After: 2021-04-02 17:03:51+00:00
2020-08-23 01:17:00,747 - Verifying the attached certificate is signed by the issuer. Valid Not After: 2021-04-02 17:03:51+00:00
2020-08-23 01:17:00,749 - Verifying the attached certificate is signed by the issuer. Valid Not After: 2021-04-02 17:03:51+00:00
2020-08-23 01:17:00,752 - Verifying the attached certificate is signed by the issuer. Valid Not After: 2021-04-02 17:03:51+00:00
2020-08-23 01:17:00,770 - Verifying the attached certificate is signed by the issuer. Valid Not After: 2021-04-02 17:13:33+00:00
2020-08-23 01:17:00,771 - Verifying the attached certificate is signed by the issuer. Valid Not After: 2021-04-02 17:13:33+00:00
2020-08-23 01:17:00,773 - Read OCSP response cache file: C:/Users/dmitry.mitrofanov/AppData/Local/Snowflake/Caches/ocsp_response_cache.json, count=140
2020-08-23 01:17:00,774 - validating certificate: klientiks.ru
2020-08-23 01:17:00,774 - skipping OCSP check: klientiks.ru
2020-08-23 01:17:01,665 - https://klientiks.ru:443 "GET /clientix/Restapi/list/a/390b96e2763e/u/d969c9cde78c/t/073de5009f21b34afa022cfa7ca2c124/m/AppointmentClientLinks/ik/orders/rvwk/status,statuses/?date=10&offset= HTTP/1.1" 200 None
2020-08-23 01:17:01,668 - {"offset": 50, "count": 50, "limit": 50, "statuses": [{"id": 1, "name": "scheduled"}, {"id": 2, "name": "sms_confirmation_sent"}, {"id": 3, "name": "cancelled_by_sms"}, {"id": 4, "name": "confirmed"}, {"id": 5, "name": "in_progress"}, {"id": 6, "name": "finished"}, {"id": 7, "name": "cancelled"}, {"id": 8, "name": "missed"}, {"id": 9, "name": "arrived"}], "fields": [{"id": "1", "name": "\u0418\u0441\u043f\u043e\u043b\u043d\u0438\u0442\u0435\u043b\u044c"}, {"id": "2", "name": "\u0421\u0441\u044b\u043b\u043a\u0430 \u043d\u0430 \u043a\u043b\u0438\u0435\u043d\u0442\u0430"}, {"id": "3", "name": "\u0410\u0439\u0434\u0438 \u0430\u043a\u043a\u0430\u0443\u043d\u0442\u0430"}], "orders": [{"id": 1649169, "name": "\u041a\u043e\u043d\u0441\u0443\u043b\u044c\u0442\u0430\u0446\u0438\u044f \u0432\u0440\u0430\u0447\u0430 \u0434\u0435\u0442\u0441\u043a\u043e\u0439 \u0430\u044e\u0440\u0432\u0435\u0434\u044b (60 \u043c\u0438\u043d)", "account_id": 10765, "date_create": 1516651206, "status": 6, "price": "2000", "client_id": 1123201, "roistat": "", "executor": "\u0410\u043d\u0430\u043d\u0434 \u041f\u0430\u0434\u0438\u043d\u0436\u0430\u0440\u0435 \u041a\u0443\u043d\u0430\u0442 \u0412\u0430\u0441\u0443\u0434\u0435\u0432\u0430\u043d", "is_sale": false, "appointment_id": 1416270, "fields": {"1": "\u0410\u043d\u0430\u043d\u0434 \u041f\u0430\u0434\u0438\u043d\u0436\u0430\u0440\u0435 \u041a\u0443\u043d\u0430\u0442 \u0412\u0430\u0441\u0443\u0434\u0435\u0432\u0430\u043d", "2": "https://klientiks.ru/clientix/client/default/id/1123201", "3": 10765}}, {"id": 1649170, "name": "\u0410\u0431\u0445\u044a\u044f\u043d\u0433\u0430\u043c \u043c\u0430\u0441\u0441\u0430\u0436 (60 \u043c\u0438\u043d. \u0440\u0443\u0447\u043d\u043e\u0439 \u043c\u0430\u0441\u043b\u044f\u043d\u044b\u0439 \u043c\u0430\u0441\u0441\u0430\u0436 \u0432 2 \u0440\u0443\u043a\u0438)", "account_id": 10765, "date_create": 1516651209, "status": 6, "price": "2000", "client_id": 1121646, "roistat": "", "executor": "\u0421\u0435\u0440\u0433\u0435\u0435\u0432\u0430 \u0415\u043a\u0430\u0442\u0435\u0440\u0438\u043d\u0430 \u0412\u043b\u0430\u0434\u0438\u043c\u0438\u0440\u043e\u0432\u043d\u0430", "is_sale": false, "appointment_id": 1416271, "fields": {"1": "\u0421\u0435\u0440\u0433\u0435\u0435\u0432\u0430 \u0415\u043a\u0430\u0442\u0435\u0440\u0438\u043d\u0430 \u0412\u043b\u0430\u0434\u0438\u043c\u0438\u0440\u043e\u0432\u043d\u0430", "2": "https://klientiks.ru/clientix/client/default/id/1121646", "3": 10765}}, {"id": 1649171, "name": "\u041a\u0438\u0436\u0438 \u043c\u0430\u0441\u0441\u0430\u0436 (60 \u043c\u0438\u043d. \u041f\u0438\u043d\u0434\u0430\u0441\u0432\u0435\u0434\u0430\u043d\u0430. \u043c\u0430\u0441\u0441\u0430\u0436 \u043c\u0435\u0448\u043e\u0447\u043a\u0430\u043c\u0438 \u0432 2 \u0440\u0443\u043a\u0438)", "account_id": 10765, "date_create": 1516651212, "status": 6, "price": "2000", "client_id": 1121646, "roistat": "", "executor": "\u0420\u0430\u0433\u0438\u043b \u0420\u0430\u0434\u0436 \u0420\u0430\u0434\u0436\u0438\u0432", "is_sale": false, "appointment_id": 1416272, "fields": {"1": "\u0420\u0430\u0433\u0438\u043b \u0420\u0430\u0434\u0436 \u0420\u0430\u0434\u0436\u0438\u0432", "2": "https://klientiks.ru/clientix/client/default/id/1121646", "3": 10765}}, {"id": 1649172, "name": "\u0428\u0438\u0440\u043e\u0434\u0445\u0430\u0440\u0430 \u043a\u0443\u0440\u0441 \u0438\u0437 3-\u0445 \u043f\u0440\u043e\u0446\u0435\u0434\u0443\u0440 (60 \u043c\u0438\u043d. \u0421\u0442\u0440\u0443\u044f\u0449\u0435\u0435\u0441\u044f \u043c\u0430\u0441\u043b\u043e \u043d\u0430 \u043b\u043e\u0431)", "account_id": 10765, "date_create": 1516651214, "status": 6, "price": "10800", "client_id": 1121646, "roistat": "", "executor": "\u0421\u0435\u0440\u0433\u0435\u0435\u0432\u0430 \u0415\u043a\u0430\u0442\u0435\u0440\u0438\u043d\u0430 \u0412\u043b\u0430\u0434\u0438\u043c\u0438\u0440\u043e\u0432\u043d\u0430", "is_sale": false, "appointment_id": 1416273, "fields": {"1": "\u0421\u0435\u0440\u0433\u0435\u0435\u0432\u0430 \u0415\u043a\u0430\u0442\u0435\u0440\u0438\u043d\u0430 \u0412\u043b\u0430\u0434\u0438\u043c\u0438\u0440\u043e\u0432\u043d\u0430", "2": "https://klientiks.ru/clientix/client/default/id/1121646", "3": 10765}}, {"id": 1649173, "name": "\u041a\u0438\u0436\u0438 \u043c\u0430\u0441\u0441\u0430\u0436 (60 \u043c\u0438\u043d. \u041f\u0438\u043d\u0434\u0430\u0441\u0432\u0435\u0434\u0430\u043d\u0430. \u043c\u0430\u0441\u0441\u0430\u0436 \u043c\u0435\u0448\u043e\u0447\u043a\u0430\u043c\u0438 \u0432 2 \u0440\u0443\u043a\u0438)", "account_id": 10765, "date_create": 1516651217, "status": 6, "price": "2000", "client_id": 1121646, "roistat": "", "executor": "\u0420\u0430\u0433\u0438\u043b \u0420\u0430\u0434\u0436 \u0420\u0430\u0434\u0436\u0438\u0432", "is_sale": false, "appointment_id": 1416274, "fields": {"1": "\u0420\u0430\u0433\u0438\u043b \u0420\u0430\u0434\u0436 \u0420\u0430\u0434\u0436\u0438\u0432", "2": "https://klientiks.ru/clientix/client/default/id/1121646", "3": 10765}}, {"id": 1649174, "name": "\u041a\u0438\u0436\u0438 \u043c\u0430\u0441\u0441\u0430\u0436 (60 \u043c\u0438\u043d. \u041f\u0438\u043d\u0434\u0430\u0441\u0432\u0435\u0434\u0430\u043d\u0430. \u043c\u0430\u0441\u0441\u0430\u0436 \u043c\u0435\u0448\u043e\u0447\u043a\u0430\u043c\u0438 \u0432 2 \u0440\u0443\u043a\u0438)", "account_id": 10765, "date_create": 1516651219, "status": 6, "price": "2000", "client_id": 1121646, "roistat": "", "executor": "\u0420\u0430\u0433\u0438\u043b \u0420\u0430\u0434\u0436 \u0420\u0430\u0434\u0436\u0438\u0432", "is_sale": false, "appointment_id": 1416275, "fields": {"1": "\u0420\u0430\u0433\u0438\u043b \u0420\u0430\u0434\u0436 \u0420\u0430\u0434\u0436\u0438\u0432", "2": "https://klientiks.ru/clientix/client/default/id/1121646", "3": 10765}}, {"id": 1649175, "name": "\u041a\u0430\u043b\u0430\u0440\u0438 \u043c\u0430\u0441\u0441\u0430\u0436 (60 \u043c\u0438\u043d. \u043d\u043e\u0436\u043d\u043e\u0439 \u043c\u0430\u0441\u043b\u044f\u043d\u044b\u0439 \u043c\u0430\u0441\u0441\u0430\u0436)", "account_id": 10765, "date_create": 1516651220, "status": 6, "price": "2000", "client_id": 1121646, "roistat": "", "executor": "\u0420\u0430\u0433\u0438\u043b \u0420\u0430\u0434\u0436 \u0420\u0430\u0434\u0436\u0438\u0432", "is_sale": false, "appointment_id": 1416276, "fields": {"1": "\u0420\u0430\u0433\u0438\u043b \u0420\u0430\u0434\u0436 \u0420\u0430\u0434\u0436\u0438\u0432", "2": "https://klientiks.ru/clientix/client/default/id/1121646", "3": 10765}}, {"id": 1649176, "name": "\u041a\u0430\u043b\u0430\u0440\u0438 \u043c\u0430\u0441\u0441\u0430\u0436 (60 \u043c\u0438\u043d. \u043d\u043e\u0436\u043d\u043e\u0439 \u043c\u0430\u0441\u043b\u044f\u043d\u044b\u0439 \u043c\u0430\u0441\u0441\u0430\u0436)", "account_id": 10765, "date_create": 1516651221, "status": 6, "price": "2000", "client_id": 1121646, "roistat": "", "executor": "\u0420\u0430\u0433\u0438\u043b \u0420\u0430\u0434\u0436 \u0420\u0430\u0434\u0436\u0438\u0432", "is_sale": false, "appointment_id": 1416277, "fields": {"1": "\u0420\u0430\u0433\u0438\u043b \u0420\u0430\u0434\u0436 \u0420\u0430\u0434\u0436\u0438\u0432", "2": "https://klientiks.ru/clientix/client/default/id/1121646", "3": 10765}}, {"id": 1649177, "name": "\u0410\u0431\u0445\u044a\u044f\u043d\u0433\u0430\u043c \u043c\u0430\u0441\u0441\u0430\u0436 (60 \u043c\u0438\u043d. \u0440\u0443\u0447\u043d\u043e\u0439 \u043c\u0430\u0441\u043b\u044f\u043d\u044b\u0439 \u043c\u0430\u0441\u0441\u0430\u0436 \u0432 2 \u0440\u0443\u043a\u0438)", "account_id": 10765, "date_create": 1516651221, "status": 6, "price": "2000", "client_id": 1121646, "roistat": "", "executor": "\u0421\u0435\u0440\u0433\u0435\u0435\u0432\u0430 \u0415\u043a\u0430\u0442\u0435\u0440\u0438\u043d\u0430 \u0412\u043b\u0430\u0434\u0438\u043c\u0438\u0440\u043e\u0432\u043d\u0430", "is_sale": false, "appointment_id": 1416278, "fields": {"1": "\u0421\u0435\u0440\u0433\u0435\u0435\u0432\u0430 \u0415\u043a\u0430\u0442\u0435\u0440\u0438\u043d\u0430 \u0412\u043b\u0430\u0434\u0438\u043c\u0438\u0440\u043e\u0432\u043d\u0430", "2": "https://klientiks.ru/clientix/client/default/id/1121646", "3": 10765}}, {"id": 1649178, "name": "\u0410\u0431\u0445\u044a\u044f\u043d\u0433\u0430\u043c \u043c\u0430\u0441\u0441\u0430\u0436 (60 \u043c\u0438\u043d. \u0440\u0443\u0447\u043d\u043e\u0439 \u043c\u0430\u0441\u043b\u044f\u043d\u044b\u0439 \u043c\u0430\u0441\u0441\u0430\u0436 \u0432 2 \u0440\u0443\u043a\u0438)", "account_id": 10765, "date_create": 1516651222, "status": 6, "price": "2000", "client_id": 1121646, "roistat": "", "executor": "\u0421\u0435\u0440\u0433\u0435\u0435\u0432\u0430 \u0415\u043a\u0430\u0442\u0435\u0440\u0438\u043d\u0430 \u0412\u043b\u0430\u0434\u0438\u043c\u0438\u0440\u043e\u0432\u043d\u0430", "is_sale": false, "appointment_id": 1416279, "fields": {"1": "\u0421\u0435\u0440\u0433\u0435\u0435\u0432\u0430 \u0415\u043a\u0430\u0442\u0435\u0440\u0438\u043d\u0430 \u0412\u043b\u0430\u0434\u0438\u043c\u0438\u0440\u043e\u0432\u043d\u0430", "2": "https://klientiks.ru/clientix/client/default/id/1121646", "3": 10765}}, {"id": 1649179, "name": "\u041f\u0435\u0440\u0432\u0438\u0447\u043d\u0430\u044f  \u043a\u043e\u043d\u0441\u0443\u043b\u044c\u0442\u0430\u0446\u0438\u044f \u0432\u0440\u0430\u0447\u0430 \u043c\u0430\u043d\u0443\u0430\u043b\u044c\u043d\u043e\u0433\u043e \u0442\u0435\u0440\u0430\u043f\u0435\u0432\u0442\u0430 (\u043e\u0441\u0442\u0435\u043e\u043f\u0430\u0442\u0430) \u0434\u043b\u044f \u0434\u0435\u0442\u0435\u0439 1 \u0447\u0430\u0441", "account_id": 10765, "date_create": 1516651223, "status": 6, "price": "2500", "client_id": 1122227, "roistat": "", "executor": "\u041c\u0430\u0440\u043a\u043e\u0432 \u0418\u0432\u0430\u043d \u0412\u044f\u0447\u0435\u0441\u043b\u0430\u0432\u043e\u0432\u0438\u0447", "is_sale": false, "appointment_id": 1416280, "fields": {"1": "\u041c\u0430\u0440\u043a\u043e\u0432 \u0418\u0432\u0430\u043d \u0412\u044f\u0447\u0435\u0441\u043b\u0430\u0432\u043e\u0432\u0438\u0447", "2": "https://klientiks.ru/clientix/client/default/id/1122227", "3": 10765}}, {"id": 1649180, "name": "\u0410\u044e\u0440\u0432\u0435\u0434\u0430 \u043e\u0437\u043d\u0430\u043a\u043e\u043c\u0438\u0442\u0435\u043b\u044c\u043d\u044b\u0439 \u0441\u0435\u0430\u043d\u0441 (60 \u043c\u0438\u043d)", "account_id": 10765, "date_create": 1516651223, "status": 6, "price": "2600", "client_id": 1123553, "roistat": "", "executor": "\u0420\u0430\u0433\u0438\u043b \u0420\u0430\u0434\u0436 \u0420\u0430\u0434\u0436\u0438\u0432", "is_sale": false, "appointment_id": 1416281, "fields": {"1": "\u0420\u0430\u0433\u0438\u043b \u0420\u0430\u0434\u0436 \u0420\u0430\u0434\u0436\u0438\u0432", "2": "https://klientiks.ru/clientix/client/default/id/1123553", "3": 10765}}, {"id": 1649181, "name": "\u041a\u043e\u043d\u0441\u0443\u043b\u044c\u0442\u0430\u0446\u0438\u044f \u0432\u0440\u0430\u0447\u0430 \u0430\u044e\u0440\u0432\u0435\u0434\u044b \u041f\u0430\u0440\u0435\u0448\u0430 \u0414.", "account_id": 10765, "date_create": 1516651224, "status": 6, "price": "3500", "client_id": 1123554, "roistat": "", "executor": "\u041f\u0430\u0440\u0435\u0448 \u0414\u0436\u0430\u0434\u0445\u0430\u0432", "is_sale": false, "appointment_id": 1416282, "fields": {"1": "\u041f\u0430\u0440\u0435\u0448 \u0414\u0436\u0430\u0434\u0445\u0430\u0432", "2": "https://klientiks.ru/clientix/client/default/id/1123554", "3": 10765}}, {"id": 1649182, "name": "\u041a\u043e\u043d\u0441\u0443\u043b\u044c\u0442\u0430\u0446\u0438\u044f \u0432\u0440\u0430\u0447\u0430 \u0430\u044e\u0440\u0432\u0435\u0434\u044b (60 \u043c\u0438\u043d)", "account_id": 10765, "date_create": 1516651225, "status": 6, "price": "2500", "client_id": 1123361, "roistat": "", "executor": "\u041f\u0430\u0440\u0435\u0448 \u0414\u0436\u0430\u0434\u0445\u0430\u0432", "is_sale": false, "appointment_id": 1416283, "fields": {"1": "\u041f\u0430\u0440\u0435\u0448 \u0414\u0436\u0430\u0434\u0445\u0430\u0432", "2": "https://klientiks.ru/clientix/client/default/id/1123361", "3": 10765}}, {"id": 1649183, "name": "\u0414\u0435\u0442\u0441\u043a\u0438\u0439 \u043c\u0430\u0441\u043b\u044f\u043d\u044b\u0439 \u043c\u0430\u0441\u0441\u0430\u0436 \u043e\u0442 1 \u0433\u043e\u0434\u0430 \u0434\u043e 7 \u043b\u0435\u0442 (45 \u043c\u0438\u043d\u0443\u0442)", "account_id": 10765, "date_create": 1516651225, "status": 6, "price": "1200", "client_id": 1123555, "roistat": "", "executor": "\u0421\u0435\u0440\u0433\u0435\u0435\u0432\u0430 \u0415\u043a\u0430\u0442\u0435\u0440\u0438\u043d\u0430 \u0412\u043b\u0430\u0434\u0438\u043c\u0438\u0440\u043e\u0432\u043d\u0430", "is_sale": false, "appointment_id": 1416284, "fields": {"1": "\u0421\u0435\u0440\u0433\u0435\u0435\u0432\u0430 \u0415\u043a\u0430\u0442\u0435\u0440\u0438\u043d\u0430 \u0412\u043b\u0430\u0434\u0438\u043c\u0438\u0440\u043e\u0432\u043d\u0430", "2": "https://klientiks.ru/clientix/client/default/id/1123555", "3": 10765}}, {"id": 1649184, "name": "\u041a\u043e\u043d\u0441\u0443\u043b\u044c\u0442\u0430\u0446\u0438\u044f \u0432\u0440\u0430\u0447\u0430 \u0430\u044e\u0440\u0432\u0435\u0434\u044b (60 \u043c\u0438\u043d)", "account_id": 10765, "date_create": 1516651226, "status": 6, "price": "2500", "client_id": 1121898, "roistat": "", "executor": "\u041f\u0430\u0440\u0435\u0448 \u0414\u0436\u0430\u0434\u0445\u0430\u0432", "is_sale": false, "appointment_id": 1416285, "fields": {"1": "\u041f\u0430\u0440\u0435\u0448 \u0414\u0436\u0430\u0434\u0445\u0430\u0432", "2": "https://klientiks.ru/clientix/client/default/id/1121898", "3": 10765}}, {"id": 1649185, "name": "\u041c\u0443\u043a\u0445\u0430\u0431\u0445\u044a\u044f\u043d\u0433\u0430 (30 \u043c\u0438\u043d. \u041c\u0430\u0441\u0441\u0430\u0436 \u043b\u0438\u0446\u0430)", "account_id": 10765, "date_create": 1516651227, "status": 6, "price": "1100", "client_id": 1108006, "roistat": "", "executor": "\u0421\u0435\u0440\u0433\u0435\u0435\u0432\u0430 \u0415\u043a\u0430\u0442\u0435\u0440\u0438\u043d\u0430 \u0412\u043b\u0430\u0434\u0438\u043c\u0438\u0440\u043e\u0432\u043d\u0430", "is_sale": false, "appointment_id": 1416286, "fields": {"1": "\u0421\u0435\u0440\u0433\u0435\u0435\u0432\u0430 \u0415\u043a\u0430\u0442\u0435\u0440\u0438\u043d\u0430 \u0412\u043b\u0430\u0434\u0438\u043c\u0438\u0440\u043e\u0432\u043d\u0430", "2": "https://klientiks.ru/clientix/client/default/id/1108006", "3": 10765}}, {"id": 1649186, "name": "\u0410\u044d\u0440\u043e\u0439\u043e\u0433\u0430 (1 \u0437\u0430\u043d\u044f\u0442\u0438\u0435 1.5 \u0447\u0430\u0441\u0430)", "account_id": 10765, "date_create": 1516651227, "status": 6, "price": "500", "client_id": 1123433, "roistat": "", "executor": "\u0412\u043b\u0430\u0441\u043e\u0432\u0430 (\u042f\u043a\u0443\u0448\u0435\u0432\u0430) \u0415\u043b\u0435\u043d\u0430 \u0421\u0435\u0440\u0433\u0435\u0435\u0432\u043d\u0430", "is_sale": false, "appointment_id": 1416287, "fields": {"1": "\u0412\u043b\u0430\u0441\u043e\u0432\u0430 (\u042f\u043a\u0443\u0448\u0435\u0432\u0430) \u0415\u043b\u0435\u043d\u0430 \u0421\u0435\u0440\u0433\u0435\u0435\u0432\u043d\u0430", "2": "https://klientiks.ru/clientix/client/default/id/1123433", "3": 10765}}, {"id": 1649187, "name": "\u0410\u044d\u0440\u043e\u0439\u043e\u0433\u0430 (1 \u0437\u0430\u043d\u044f\u0442\u0438\u0435 1.5 \u0447\u0430\u0441\u0430)", "account_id": 10765, "date_create": 1516651228, "status": 6, "price": "500", "client_id": 1123433, "roistat": "", "executor": "\u0412\u043b\u0430\u0441\u043e\u0432\u0430 (\u042f\u043a\u0443\u0448\u0435\u0432\u0430) \u0415\u043b\u0435\u043d\u0430 \u0421\u0435\u0440\u0433\u0435\u0435\u0432\u043d\u0430", "is_sale": false, "appointment_id": 1416288, "fields": {"1": "\u0412\u043b\u0430\u0441\u043e\u0432\u0430 (\u042f\u043a\u0443\u0448\u0435\u0432\u0430) \u0415\u043b\u0435\u043d\u0430 \u0421\u0435\u0440\u0433\u0435\u0435\u0432\u043d\u0430", "2": "https://klientiks.ru/clientix/client/default/id/1123433", "3": 10765}}, {"id": 1649188, "name": "\u0410\u044d\u0440\u043e\u0439\u043e\u0433\u0430 (1 \u0437\u0430\u043d\u044f\u0442\u0438\u0435 1.5 \u0447\u0430\u0441\u0430)", "account_id": 10765, "date_create": 1516651229, "status": 6, "price": "500", "client_id": 1123433, "roistat": "", "executor": "\u0412\u043b\u0430\u0441\u043e\u0432\u0430 (\u042f\u043a\u0443\u0448\u0435\u0432\u0430) \u0415\u043b\u0435\u043d\u0430 \u0421\u0435\u0440\u0433\u0435\u0435\u0432\u043d\u0430", "is_sale": false, "appointment_id": 1416289, "fields": {"1": "\u0412\u043b\u0430\u0441\u043e\u0432\u0430 (\u042f\u043a\u0443\u0448\u0435\u0432\u0430) \u0415\u043b\u0435\u043d\u0430 \u0421\u0435\u0440\u0433\u0435\u0435\u0432\u043d\u0430", "2": "https://klientiks.ru/clientix/client/default/id/1123433", "3": 10765}}, {"id": 1649189, "name": "\u0410\u044d\u0440\u043e\u0439\u043e\u0433\u0430 (1 \u0437\u0430\u043d\u044f\u0442\u0438\u0435 1.5 \u0447\u0430\u0441\u0430)", "account_id": 10765, "date_create": 1516651230, "status": 6, "price": "500", "client_id": 1123433, "roistat": "", "executor": "\u0412\u043b\u0430\u0441\u043e\u0432\u0430 (\u042f\u043a\u0443\u0448\u0435\u0432\u0430) \u0415\u043b\u0435\u043d\u0430 \u0421\u0435\u0440\u0433\u0435\u0435\u0432\u043d\u0430", "is_sale": false, "appointment_id": 1416290, "fields": {"1": "\u0412\u043b\u0430\u0441\u043e\u0432\u0430 (\u042f\u043a\u0443\u0448\u0435\u0432\u0430) \u0415\u043b\u0435\u043d\u0430 \u0421\u0435\u0440\u0433\u0435\u0435\u0432\u043d\u0430", "2": "https://klientiks.ru/clientix/client/default/id/1123433", "3": 10765}}, {"id": 1649190, "name": "\u041a\u043e\u043d\u0441\u0443\u043b\u044c\u0442\u0430\u0446\u0438\u044f \u0432\u0440\u0430\u0447\u0430 \u0434\u0435\u0442\u0441\u043a\u043e\u0439 \u0430\u044e\u0440\u0432\u0435\u0434\u044b (60 \u043c\u0438\u043d)", "account_id": 10765, "date_create": 1516651230, "status": 6, "price": "2500", "client_id": 1108151, "roistat": "", "executor": "\u041f\u0430\u0440\u0435\u0448 \u0414\u0436\u0430\u0434\u0445\u0430\u0432", "is_sale": false, "appointment_id": 1416291, "fields": {"1": "\u041f\u0430\u0440\u0435\u0448 \u0414\u0436\u0430\u0434\u0445\u0430\u0432", "2": "https://klientiks.ru/clientix/client/default/id/1108151", "3": 10765}}, {"id": 1649191, "name": "\u041a\u043e\u043d\u0441\u0443\u043b\u044c\u0442\u0430\u0446\u0438\u044f \u0432\u0440\u0430\u0447\u0430 \u0434\u0435\u0442\u0441\u043a\u043e\u0439 \u0430\u044e\u0440\u0432\u0435\u0434\u044b \u043f\u043e\u0432\u0442\u043e\u0440\u043d\u0430\u044f (30 \u043c\u0438\u043d)", "account_id": 10765, "date_create": 1516651231, "status": 6, "price": "1250", "client_id": 1108259, "roistat": "", "executor": "\u041f\u0430\u0440\u0435\u0448 \u0414\u0436\u0430\u0434\u0445\u0430\u0432", "is_sale": false, "appointment_id": 1416292, "fields": {"1": "\u041f\u0430\u0440\u0435\u0448 \u0414\u0436\u0430\u0434\u0445\u0430\u0432", "2": "https://klientiks.ru/clientix/client/default/id/1108259", "3": 10765}}, {"id": 1649192, "name": "\u041f\u0440\u0438\u0435\u043c \u043f\u0435\u0440\u0432\u0438\u0447\u043d\u044b\u0439 \u0432\u0440\u0430\u0447\u0430 \u043c\u0430\u043d\u0443\u0430\u043b\u044c\u043d\u043e\u0433\u043e \u0442\u0435\u0440\u0430\u043f\u0435\u0432\u0442\u0430 (\u043e\u0441\u0442\u0435\u043e\u043f\u0430\u0442\u0430) \u0434\u043b\u044f \u0432\u0437\u0440\u043e\u0441\u043b\u044b\u0445 \u0438 \u0434\u0435\u0442\u0435\u0439 \u0443 \u041c\u0430\u0440\u043a\u043e\u0432\u0430 \u0418.\u0412. 45 \u043c\u0438\u043d", "account_id": 10765, "date_create": 1516651231, "status": 6, "price": "3500", "client_id": 1108259, "roistat": "", "executor": "\u041c\u0430\u0440\u043a\u043e\u0432 \u0418\u0432\u0430\u043d \u0412\u044f\u0447\u0435\u0441\u043b\u0430\u0432\u043e\u0432\u0438\u0447", "is_sale": false, "appointment_id": 1416293, "fields": {"1": "\u041c\u0430\u0440\u043a\u043e\u0432 \u0418\u0432\u0430\u043d \u0412\u044f\u0447\u0435\u0441\u043b\u0430\u0432\u043e\u0432\u0438\u0447", "2": "https://klientiks.ru/clientix/client/default/id/1108259", "3": 10765}}, {"id": 1649193, "name": "\u041a\u043e\u043d\u0441\u0443\u043b\u044c\u0442\u0430\u0446\u0438\u044f \u0432\u0440\u0430\u0447\u0430 \u0430\u044e\u0440\u0432\u0435\u0434\u044b (60 \u043c\u0438\u043d)", "account_id": 10765, "date_create": 1516651232, "status": 6, "price": "2500", "client_id": 1108038, "roistat": "", "executor": "\u041f\u0430\u0440\u0435\u0448 \u0414\u0436\u0430\u0434\u0445\u0430\u0432", "is_sale": false, "appointment_id": 1416294, "fields": {"1": "\u041f\u0430\u0440\u0435\u0448 \u0414\u0436\u0430\u0434\u0445\u0430\u0432", "2": "https://klientiks.ru/clientix/client/default/id/1108038", "3": 10765}}, {"id": 1649194, "name": "\u0410\u044d\u0440\u043e\u0439\u043e\u0433\u0430 (1 \u0437\u0430\u043d\u044f\u0442\u0438\u0435 1.5 \u0447\u0430\u0441\u0430)", "account_id": 10765, "date_create": 1516651233, "status": 6, "price": "500", "client_id": 1108038, "roistat": "", "executor": "\u0412\u043b\u0430\u0441\u043e\u0432\u0430 (\u042f\u043a\u0443\u0448\u0435\u0432\u0430) \u0415\u043b\u0435\u043d\u0430 \u0421\u0435\u0440\u0433\u0435\u0435\u0432\u043d\u0430", "is_sale": false, "appointment_id": 1416295, "fields": {"1": "\u0412\u043b\u0430\u0441\u043e\u0432\u0430 (\u042f\u043a\u0443\u0448\u0435\u0432\u0430) \u0415\u043b\u0435\u043d\u0430 \u0421\u0435\u0440\u0433\u0435\u0435\u0432\u043d\u0430", "2": "https://klientiks.ru/clientix/client/default/id/1108038", "3": 10765}}, {"id": 1649195, "name": "\u0410\u044d\u0440\u043e\u0439\u043e\u0433\u0430 (1 \u0437\u0430\u043d\u044f\u0442\u0438\u0435 1.5 \u0447\u0430\u0441\u0430)", "account_id": 10765, "date_create": 1516651233, "status": 6, "price": "500", "client_id": 1108038, "roistat": "", "executor": "\u0412\u043b\u0430\u0441\u043e\u0432\u0430 (\u042f\u043a\u0443\u0448\u0435\u0432\u0430) \u0415\u043b\u0435\u043d\u0430 \u0421\u0435\u0440\u0433\u0435\u0435\u0432\u043d\u0430", "is_sale": false, "appointment_id": 1416296, "fields": {"1": "\u0412\u043b\u0430\u0441\u043e\u0432\u0430 (\u042f\u043a\u0443\u0448\u0435\u0432\u0430) \u0415\u043b\u0435\u043d\u0430 \u0421\u0435\u0440\u0433\u0435\u0435\u0432\u043d\u0430", "2": "https://klientiks.ru/clientix/client/default/id/1108038", "3": 10765}}, {"id": 1649196, "name": "\u041a\u043e\u043d\u0441\u0443\u043b\u044c\u0442\u0430\u0446\u0438\u044f \u0432\u0440\u0430\u0447\u0430 \u0430\u044e\u0440\u0432\u0435\u0434\u044b (60 \u043c\u0438\u043d)", "account_id": 10765, "date_create": 1516651234, "status": 6, "price": "2500", "client_id": 1121689, "roistat": "", "executor": "\u0410\u043d\u0430\u043d\u0434 \u041f\u0430\u0434\u0438\u043d\u0436\u0430\u0440\u0435 \u041a\u0443\u043d\u0430\u0442 \u0412\u0430\u0441\u0443\u0434\u0435\u0432\u0430\u043d", "is_sale": false, "appointment_id": 1416297, "fields": {"1": "\u0410\u043d\u0430\u043d\u0434 \u041f\u0430\u0434\u0438\u043d\u0436\u0430\u0440\u0435 \u041a\u0443\u043d\u0430\u0442 \u0412\u0430\u0441\u0443\u0434\u0435\u0432\u0430\u043d", "2": "https://klientiks.ru/clientix/client/default/id/1121689", "3": 10765}}, {"id": 1649197, "name": "\u0410\u044e\u0440\u0432\u0435\u0434\u0430 \u043e\u0437\u043d\u0430\u043a\u043e\u043c\u0438\u0442\u0435\u043b\u044c\u043d\u044b\u0439 \u0441\u0435\u0430\u043d\u0441 (60 \u043c\u0438\u043d)", "account_id": 10765, "date_create": 1516651235, "status": 6, "price": "2600", "client_id": 1121689, "roistat": "", "executor": "\u0420\u0430\u0433\u0438\u043b \u0420\u0430\u0434\u0436 \u0420\u0430\u0434\u0436\u0438\u0432", "is_sale": false, "appointment_id": 1416298, "fields": {"1": "\u0420\u0430\u0433\u0438\u043b \u0420\u0430\u0434\u0436 \u0420\u0430\u0434\u0436\u0438\u0432", "2": "https://klientiks.ru/clientix/client/default/id/1121689", "3": 10765}}, {"id": 1649198, "name": "\u0421\u0435\u0430\u043d\u0441 \u0432 \u043a\u0435\u0434\u0440\u043e\u0432\u043e\u0439 \u0431\u043e\u0447\u043a\u0435", "account_id": 10765, "date_create": 1516651235, "status": 6, "price": "300", "client_id": 1121689, "roistat": "", "executor": "\u041a\u0435\u0434\u0440\u043e\u0432\u0430\u044f \u0431\u043e\u0447\u043a\u0430", "is_sale": false, "appointment_id": 1416299, "fields": {"1": "\u041a\u0435\u0434\u0440\u043e\u0432\u0430\u044f \u0431\u043e\u0447\u043a\u0430", "2": "https://klientiks.ru/clientix/client/default/id/1121689", "3": 10765}}, {"id": 1649199, "name": "\u041c\u0443\u043a\u0445\u0430\u0431\u0445\u044a\u044f\u043d\u0433\u0430 (30 \u043c\u0438\u043d. \u041c\u0430\u0441\u0441\u0430\u0436 \u043b\u0438\u0446\u0430)", "account_id": 10765, "date_create": 1516651236, "status": 6, "price": "1100", "client_id": 1121689, "roistat": "", "executor": "\u0420\u0430\u0433\u0438\u043b \u0420\u0430\u0434\u0436 \u0420\u0430\u0434\u0436\u0438\u0432", "is_sale": false, "appointment_id": 1416300, "fields": {"1": "\u0420\u0430\u0433\u0438\u043b \u0420\u0430\u0434\u0436 \u0420\u0430\u0434\u0436\u0438\u0432", "2": "https://klientiks.ru/clientix/client/default/id/1121689", "3": 10765}}, {"id": 1649200, "name": "\u0410\u044d\u0440\u043e\u0439\u043e\u0433\u0430 (1 \u0437\u0430\u043d\u044f\u0442\u0438\u0435 1.5 \u0447\u0430\u0441\u0430)", "account_id": 10765, "date_create": 1516651236, "status": 6, "price": "500", "client_id": 1123557, "roistat": "", "executor": "\u041c\u0430\u0440\u043a\u0438\u043d\u0430 \u0422\u0430\u0442\u044c\u044f\u043d\u0430 \u0415\u0432\u0433\u0435\u043d\u044c\u0435\u0432\u043d\u0430", "is_sale": false, "appointment_id": 1416301, "fields": {"1": "\u041c\u0430\u0440\u043a\u0438\u043d\u0430 \u0422\u0430\u0442\u044c\u044f\u043d\u0430 \u0415\u0432\u0433\u0435\u043d\u044c\u0435\u0432\u043d\u0430", "2": "https://klientiks.ru/clientix/client/default/id/1123557", "3": 10765}}, {"id": 1649201, "name": "\u0410\u044d\u0440\u043e\u0439\u043e\u0433\u0430 (1 \u0437\u0430\u043d\u044f\u0442\u0438\u0435 1.5 \u0447\u0430\u0441\u0430)", "account_id": 10765, "date_create": 1516651237, "status": 6, "price": "500", "client_id": 1123557, "roistat": "", "executor": "\u041c\u0430\u0440\u043a\u0438\u043d\u0430 \u0422\u0430\u0442\u044c\u044f\u043d\u0430 \u0415\u0432\u0433\u0435\u043d\u044c\u0435\u0432\u043d\u0430", "is_sale": false, "appointment_id": 1416302, "fields": {"1": "\u041c\u0430\u0440\u043a\u0438\u043d\u0430 \u0422\u0430\u0442\u044c\u044f\u043d\u0430 \u0415\u0432\u0433\u0435\u043d\u044c\u0435\u0432\u043d\u0430", "2": "https://klientiks.ru/clientix/client/default/id/1123557", "3": 10765}}, {"id": 1649202, "name": "\u0410\u044d\u0440\u043e\u0439\u043e\u0433\u0430 (1 \u0437\u0430\u043d\u044f\u0442\u0438\u0435 1.5 \u0447\u0430\u0441\u0430)", "account_id": 10765, "date_create": 1516651238, "status": 6, "price": "500", "client_id": 1123557, "roistat": "", "executor": "\u041c\u0430\u0440\u043a\u0438\u043d\u0430 \u0422\u0430\u0442\u044c\u044f\u043d\u0430 \u0415\u0432\u0433\u0435\u043d\u044c\u0435\u0432\u043d\u0430", "is_sale": false, "appointment_id": 1416303, "fields": {"1": "\u041c\u0430\u0440\u043a\u0438\u043d\u0430 \u0422\u0430\u0442\u044c\u044f\u043d\u0430 \u0415\u0432\u0433\u0435\u043d\u044c\u0435\u0432\u043d\u0430", "2": "https://klientiks.ru/clientix/client/default/id/1123557", "3": 10765}}, {"id": 1649203, "name": "\u0410\u044d\u0440\u043e\u0439\u043e\u0433\u0430 (1 \u0437\u0430\u043d\u044f\u0442\u0438\u0435 1.5 \u0447\u0430\u0441\u0430)", "account_id": 10765, "date_create": 1516651238, "status": 6, "price": "500", "client_id": 1123557, "roistat": "", "executor": "\u041c\u0430\u0440\u043a\u0438\u043d\u0430 \u0422\u0430\u0442\u044c\u044f\u043d\u0430 \u0415\u0432\u0433\u0435\u043d\u044c\u0435\u0432\u043d\u0430", "is_sale": false, "appointment_id": 1416304, "fields": {"1": "\u041c\u0430\u0440\u043a\u0438\u043d\u0430 \u0422\u0430\u0442\u044c\u044f\u043d\u0430 \u0415\u0432\u0433\u0435\u043d\u044c\u0435\u0432\u043d\u0430", "2": "https://klientiks.ru/clientix/client/default/id/1123557", "3": 10765}}, {"id": 1649204, "name": "\u0410\u044d\u0440\u043e\u0439\u043e\u0433\u0430 (1 \u0437\u0430\u043d\u044f\u0442\u0438\u0435 1.5 \u0447\u0430\u0441\u0430)", "account_id": 10765, "date_create": 1516651239, "status": 6, "price": "500", "client_id": 1123557, "roistat": "", "executor": "\u041c\u0430\u0440\u043a\u0438\u043d\u0430 \u0422\u0430\u0442\u044c\u044f\u043d\u0430 \u0415\u0432\u0433\u0435\u043d\u044c\u0435\u0432\u043d\u0430", "is_sale": false, "appointment_id": 1416305, "fields": {"1": "\u041c\u0430\u0440\u043a\u0438\u043d\u0430 \u0422\u0430\u0442\u044c\u044f\u043d\u0430 \u0415\u0432\u0433\u0435\u043d\u044c\u0435\u0432\u043d\u0430", "2": "https://klientiks.ru/clientix/client/default/id/1123557", "3": 10765}}, {"id": 1649205, "name": "\u0410\u044d\u0440\u043e\u0439\u043e\u0433\u0430 (1 \u0437\u0430\u043d\u044f\u0442\u0438\u0435 1.5 \u0447\u0430\u0441\u0430)", "account_id": 10765, "date_create": 1516651240, "status": 6, "price": "500", "client_id": 1123557, "roistat": "", "executor": "\u041c\u0430\u0440\u043a\u0438\u043d\u0430 \u0422\u0430\u0442\u044c\u044f\u043d\u0430 \u0415\u0432\u0433\u0435\u043d\u044c\u0435\u0432\u043d\u0430", "is_sale": false, "appointment_id": 1416306, "fields": {"1": "\u041c\u0430\u0440\u043a\u0438\u043d\u0430 \u0422\u0430\u0442\u044c\u044f\u043d\u0430 \u0415\u0432\u0433\u0435\u043d\u044c\u0435\u0432\u043d\u0430", "2": "https://klientiks.ru/clientix/client/default/id/1123557", "3": 10765}}, {"id": 1649206, "name": "\u0410\u044d\u0440\u043e\u0439\u043e\u0433\u0430 (1 \u0437\u0430\u043d\u044f\u0442\u0438\u0435 1.5 \u0447\u0430\u0441\u0430)", "account_id": 10765, "date_create": 1516651241, "status": 6, "price": "500", "client_id": 1123557, "roistat": "", "executor": "\u041c\u0430\u0440\u043a\u0438\u043d\u0430 \u0422\u0430\u0442\u044c\u044f\u043d\u0430 \u0415\u0432\u0433\u0435\u043d\u044c\u0435\u0432\u043d\u0430", "is_sale": false, "appointment_id": 1416307, "fields": {"1": "\u041c\u0430\u0440\u043a\u0438\u043d\u0430 \u0422\u0430\u0442\u044c\u044f\u043d\u0430 \u0415\u0432\u0433\u0435\u043d\u044c\u0435\u0432\u043d\u0430", "2": "https://klientiks.ru/clientix/client/default/id/1123557", "3": 10765}}, {"id": 1649207, "name": "\u041a\u043e\u043d\u0441\u0443\u043b\u044c\u0442\u0430\u0446\u0438\u044f \u0432\u0440\u0430\u0447\u0430 \u0430\u044e\u0440\u0432\u0435\u0434\u044b \u043f\u043e\u0432\u0442\u043e\u0440\u043d\u0430\u044f (30 \u043c\u0438\u043d)", "account_id": 10765, "date_create": 1516651241, "status": 6, "price": "1250", "client_id": 1123557, "roistat": "", "executor": "\u041f\u0430\u0440\u0435\u0448 \u0414\u0436\u0430\u0434\u0445\u0430\u0432", "is_sale": false, "appointment_id": 1416308, "fields": {"1": "\u041f\u0430\u0440\u0435\u0448 \u0414\u0436\u0430\u0434\u0445\u0430\u0432", "2": "https://klientiks.ru/clientix/client/default/id/1123557", "3": 10765}}, {"id": 1649208, "name": "\u0410\u044d\u0440\u043e\u0439\u043e\u0433\u0430 (1 \u0437\u0430\u043d\u044f\u0442\u0438\u0435 1.5 \u0447\u0430\u0441\u0430)", "account_id": 10765, "date_create": 1516651242, "status": 6, "price": "500", "client_id": 1123557, "roistat": "", "executor": "\u041c\u0430\u0440\u043a\u0438\u043d\u0430 \u0422\u0430\u0442\u044c\u044f\u043d\u0430 \u0415\u0432\u0433\u0435\u043d\u044c\u0435\u0432\u043d\u0430", "is_sale": false, "appointment_id": 1416309, "fields": {"1": "\u041c\u0430\u0440\u043a\u0438\u043d\u0430 \u0422\u0430\u0442\u044c\u044f\u043d\u0430 \u0415\u0432\u0433\u0435\u043d\u044c\u0435\u0432\u043d\u0430", "2": "https://klientiks.ru/clientix/client/default/id/1123557", "3": 10765}}, {"id": 1649209, "name": "\u0410\u044d\u0440\u043e\u0439\u043e\u0433\u0430 (1 \u0437\u0430\u043d\u044f\u0442\u0438\u0435 1.5 \u0447\u0430\u0441\u0430)", "account_id": 10765, "date_create": 1516651243, "status": 6, "price": "500", "client_id": 1123557, "roistat": "", "executor": "\u041c\u0430\u0440\u043a\u0438\u043d\u0430 \u0422\u0430\u0442\u044c\u044f\u043d\u0430 \u0415\u0432\u0433\u0435\u043d\u044c\u0435\u0432\u043d\u0430", "is_sale": false, "appointment_id": 1416310, "fields": {"1": "\u041c\u0430\u0440\u043a\u0438\u043d\u0430 \u0422\u0430\u0442\u044c\u044f\u043d\u0430 \u0415\u0432\u0433\u0435\u043d\u044c\u0435\u0432\u043d\u0430", "2": "https://klientiks.ru/clientix/client/default/id/1123557", "3": 10765}}, {"id": 1649210, "name": "\u0410\u044d\u0440\u043e\u0439\u043e\u0433\u0430 (1 \u0437\u0430\u043d\u044f\u0442\u0438\u0435 1.5 \u0447\u0430\u0441\u0430)", "account_id": 10765, "date_create": 1516651244, "status": 6, "price": "500", "client_id": 1123557, "roistat": "", "executor": "\u041c\u0430\u0440\u043a\u0438\u043d\u0430 \u0422\u0430\u0442\u044c\u044f\u043d\u0430 \u0415\u0432\u0433\u0435\u043d\u044c\u0435\u0432\u043d\u0430", "is_sale": false, "appointment_id": 1416311, "fields": {"1": "\u041c\u0430\u0440\u043a\u0438\u043d\u0430 \u0422\u0430\u0442\u044c\u044f\u043d\u0430 \u0415\u0432\u0433\u0435\u043d\u044c\u0435\u0432\u043d\u0430", "2": "https://klientiks.ru/clientix/client/default/id/1123557", "3": 10765}}, {"id": 1649211, "name": "\u0410\u0431\u043e\u043d\u0435\u043c\u0435\u043d\u0442 \u0430\u044d\u0440\u043e\u0439\u043e\u0433\u0430 \u0443 \u041c\u0430\u0440\u043a\u0438\u043d\u043e\u0439 \u0422.\u0415. 8 \u0437\u0430\u043d\u044f\u0442\u0438\u0439", "account_id": 10765, "date_create": 1516651244, "status": 6, "price": "4000", "client_id": 1123557, "roistat": "", "executor": "\u041c\u0430\u0440\u043a\u0438\u043d\u0430 \u0422\u0430\u0442\u044c\u044f\u043d\u0430 \u0415\u0432\u0433\u0435\u043d\u044c\u0435\u0432\u043d\u0430", "is_sale": false, "appointment_id": 1416312, "fields": {"1": "\u041c\u0430\u0440\u043a\u0438\u043d\u0430 \u0422\u0430\u0442\u044c\u044f\u043d\u0430 \u0415\u0432\u0433\u0435\u043d\u044c\u0435\u0432\u043d\u0430", "2": "https://klientiks.ru/clientix/client/default/id/1123557", "3": 10765}}, {"id": 1649212, "name": "\u0410\u044d\u0440\u043e\u0439\u043e\u0433\u0430 (\u0430\u0431\u043e\u043d\u0435\u043c\u0435\u043d\u0442 \u043d\u0430 8 \u0437\u0430\u043d\u044f\u0442\u0438\u0439)", "account_id": 10765, "date_create": 1516651245, "status": 6, "price": "3600", "client_id": 1123557, "roistat": "", "executor": "\u041d\u0435\u0432\u0441\u043a\u0430\u044f \u0418\u0440\u0438\u043d\u0430 \u0412\u0438\u043a\u0442\u043e\u0440\u043e\u0432\u043d\u0430", "is_sale": false, "appointment_id": 1416313, "fields": {"1": "\u041d\u0435\u0432\u0441\u043a\u0430\u044f \u0418\u0440\u0438\u043d\u0430 \u0412\u0438\u043a\u0442\u043e\u0440\u043e\u0432\u043d\u0430", "2": "https://klientiks.ru/clientix/client/default/id/1123557", "3": 10765}}, {"id": 1649213, "name": "\u0410\u044d\u0440\u043e\u0439\u043e\u0433\u0430 \u0443 \u041c\u0430\u0440\u043a\u0438\u043d\u043e\u0439 \u0422.\u0415. (1.5 \u0447\u0430\u0441\u0430)", "account_id": 10765, "date_create": 1516651246, "status": 6, "price": "600", "client_id": 1123557, "roistat": "", "executor": "\u041c\u0430\u0440\u043a\u0438\u043d\u0430 \u0422\u0430\u0442\u044c\u044f\u043d\u0430 \u0415\u0432\u0433\u0435\u043d\u044c\u0435\u0432\u043d\u0430", "is_sale": false, "appointment_id": 1416314, "fields": {"1": "\u041c\u0430\u0440\u043a\u0438\u043d\u0430 \u0422\u0430\u0442\u044c\u044f\u043d\u0430 \u0415\u0432\u0433\u0435\u043d\u044c\u0435\u0432\u043d\u0430", "2": "https://klientiks.ru/clientix/client/default/id/1123557", "3": 10765}}, {"id": 1649214, "name": "\u0410\u044d\u0440\u043e\u0439\u043e\u0433\u0430 \u0443 \u041c\u0430\u0440\u043a\u0438\u043d\u043e\u0439 \u0422.\u0415. (1.5 \u0447\u0430\u0441\u0430)", "account_id": 10765, "date_create": 1516651247, "status": 6, "price": "600", "client_id": 1123557, "roistat": "", "executor": "\u041c\u0430\u0440\u043a\u0438\u043d\u0430 \u0422\u0430\u0442\u044c\u044f\u043d\u0430 \u0415\u0432\u0433\u0435\u043d\u044c\u0435\u0432\u043d\u0430", "is_sale": false, "appointment_id": 1416315, "fields": {"1": "\u041c\u0430\u0440\u043a\u0438\u043d\u0430 \u0422\u0430\u0442\u044c\u044f\u043d\u0430 \u0415\u0432\u0433\u0435\u043d\u044c\u0435\u0432\u043d\u0430", "2": "https://klientiks.ru/clientix/client/default/id/1123557", "3": 10765}}, {"id": 1649215, "name": "\u0410\u044d\u0440\u043e\u0439\u043e\u0433\u0430 \u0443 \u041c\u0430\u0440\u043a\u0438\u043d\u043e\u0439 \u0422.\u0415. (1.5 \u0447\u0430\u0441\u0430)", "account_id": 10765, "date_create": 1516651247, "status": 6, "price": "600", "client_id": 1123557, "roistat": "", "executor": "\u041c\u0430\u0440\u043a\u0438\u043d\u0430 \u0422\u0430\u0442\u044c\u044f\u043d\u0430 \u0415\u0432\u0433\u0435\u043d\u044c\u0435\u0432\u043d\u0430", "is_sale": false, "appointment_id": 1416316, "fields": {"1": "\u041c\u0430\u0440\u043a\u0438\u043d\u0430 \u0422\u0430\u0442\u044c\u044f\u043d\u0430 \u0415\u0432\u0433\u0435\u043d\u044c\u0435\u0432\u043d\u0430", "2": "https://klientiks.ru/clientix/client/default/id/1123557", "3": 10765}}, {"id": 1649216, "name": "\u0410\u0431\u043e\u043d\u0435\u043c\u0435\u043d\u0442 \u0430\u044d\u0440\u043e\u0439\u043e\u0433\u0430 \u0443 \u041c\u0430\u0440\u043a\u0438\u043d\u043e\u0439 \u0422.\u0415. 9 \u0437\u0430\u043d\u044f\u0442\u0438\u0439", "account_id": 10765, "date_create": 1516651248, "status": 6, "price": "4500", "client_id": 1123557, "roistat": "", "executor": "\u041c\u0430\u0440\u043a\u0438\u043d\u0430 \u0422\u0430\u0442\u044c\u044f\u043d\u0430 \u0415\u0432\u0433\u0435\u043d\u044c\u0435\u0432\u043d\u0430", "is_sale": false, "appointment_id": 1416317, "fields": {"1": "\u041c\u0430\u0440\u043a\u0438\u043d\u0430 \u0422\u0430\u0442\u044c\u044f\u043d\u0430 \u0415\u0432\u0433\u0435\u043d\u044c\u0435\u0432\u043d\u0430", "2": "https://klientiks.ru/clientix/client/default/id/1123557", "3": 10765}}, {"id": 1649217, "name": "\u0410\u044d\u0440\u043e\u0439\u043e\u0433\u0430 \u0434\u043b\u044f \u0441\u043e\u0442\u0440\u0443\u0434\u043d\u0438\u043a\u043e\u0432", "account_id": 10765, "date_create": 1516651249, "status": 6, "price": "400", "client_id": 1123557, "roistat": "", "executor": "\u041c\u0430\u0440\u043a\u0438\u043d\u0430 \u0422\u0430\u0442\u044c\u044f\u043d\u0430 \u0415\u0432\u0433\u0435\u043d\u044c\u0435\u0432\u043d\u0430", "is_sale": false, "appointment_id": 1416318, "fields": {"1": "\u041c\u0430\u0440\u043a\u0438\u043d\u0430 \u0422\u0430\u0442\u044c\u044f\u043d\u0430 \u0415\u0432\u0433\u0435\u043d\u044c\u0435\u0432\u043d\u0430", "2": "https://klientiks.ru/clientix/client/default/id/1123557", "3": 10765}}, {"id": 1649218, "name": "\u0410\u044d\u0440\u043e\u0439\u043e\u0433\u0430 (1 \u0437\u0430\u043d\u044f\u0442\u0438\u0435 1.5 \u0447\u0430\u0441\u0430)", "account_id": 10765, "date_create": 1516651250, "status": 6, "price": "500", "client_id": 1123557, "roistat": "", "executor": "\u0413\u0435\u0440\u0430\u0441\u0438\u043c\u043e\u0432\u0430 \u041e\u043a\u0441\u0430\u043d\u0430 \u0422\u0430\u0440\u0430\u0441\u043e\u0432\u043d\u0430", "is_sale": false, "appointment_id": 1416319, "fields": {"1": "\u0413\u0435\u0440\u0430\u0441\u0438\u043c\u043e\u0432\u0430 \u041e\u043a\u0441\u0430\u043d\u0430 \u0422\u0430\u0440\u0430\u0441\u043e\u0432\u043d\u0430", "2": "https://klientiks.ru/clientix/client/default/id/1123557", "3": 10765}}], "pagination": {"total_count": 22602, "limit": 50, "page_number": 1}, "total_count": 22602, "page_number": 1}
2020-08-23 01:17:21,932 - {'offset': 50, 'count': 50, 'limit': 50, 'statuses': [{'id': 1, 'name': 'scheduled'}, {'id': 2, 'name': 'sms_confirmation_sent'}, {'id': 3, 'name': 'cancelled_by_sms'}, {'id': 4, 'name': 'confirmed'}, {'id': 5, 'name': 'in_progress'}, {'id': 6, 'name': 'finished'}, {'id': 7, 'name': 'cancelled'}, {'id': 8, 'name': 'missed'}, {'id': 9, 'name': 'arrived'}], 'fields': [{'id': '1', 'name': 'Исполнитель'}, {'id': '2', 'name': 'Ссылка на клиента'}, {'id': '3', 'name': 'Айди аккаунта'}], 'orders': [{'id': 1649169, 'name': 'Консультация врача детской аюрведы (60 мин)', 'account_id': 10765, 'date_create': 1516651206, 'status': 6, 'price': '2000', 'client_id': 1123201, 'roistat': '', 'executor': 'Ананд Падинжаре Кунат Васудеван', 'is_sale': False, 'appointment_id': 1416270, 'fields': {'1': 'Ананд Падинжаре Кунат Васудеван', '2': 'https://klientiks.ru/clientix/client/default/id/1123201', '3': 10765}}, {'id': 1649170, 'name': 'Абхъянгам массаж (60 мин. ручной масляный массаж в 2 руки)', 'account_id': 10765, 'date_create': 1516651209, 'status': 6, 'price': '2000', 'client_id': 1121646, 'roistat': '', 'executor': 'Сергеева Екатерина Владимировна', 'is_sale': False, 'appointment_id': 1416271, 'fields': {'1': 'Сергеева Екатерина Владимировна', '2': 'https://klientiks.ru/clientix/client/default/id/1121646', '3': 10765}}, {'id': 1649171, 'name': 'Кижи массаж (60 мин. Пиндасведана. массаж мешочками в 2 руки)', 'account_id': 10765, 'date_create': 1516651212, 'status': 6, 'price': '2000', 'client_id': 1121646, 'roistat': '', 'executor': 'Рагил Радж Раджив', 'is_sale': False, 'appointment_id': 1416272, 'fields': {'1': 'Рагил Радж Раджив', '2': 'https://klientiks.ru/clientix/client/default/id/1121646', '3': 10765}}, {'id': 1649172, 'name': 'Широдхара курс из 3-х процедур (60 мин. Струящееся масло на лоб)', 'account_id': 10765, 'date_create': 1516651214, 'status': 6, 'price': '10800', 'client_id': 1121646, 'roistat': '', 'executor': 'Сергеева Екатерина Владимировна', 'is_sale': False, 'appointment_id': 1416273, 'fields': {'1': 'Сергеева Екатерина Владимировна', '2': 'https://klientiks.ru/clientix/client/default/id/1121646', '3': 10765}}, {'id': 1649173, 'name': 'Кижи массаж (60 мин. Пиндасведана. массаж мешочками в 2 руки)', 'account_id': 10765, 'date_create': 1516651217, 'status': 6, 'price': '2000', 'client_id': 1121646, 'roistat': '', 'executor': 'Рагил Радж Раджив', 'is_sale': False, 'appointment_id': 1416274, 'fields': {'1': 'Рагил Радж Раджив', '2': 'https://klientiks.ru/clientix/client/default/id/1121646', '3': 10765}}, {'id': 1649174, 'name': 'Кижи массаж (60 мин. Пиндасведана. массаж мешочками в 2 руки)', 'account_id': 10765, 'date_create': 1516651219, 'status': 6, 'price': '2000', 'client_id': 1121646, 'roistat': '', 'executor': 'Рагил Радж Раджив', 'is_sale': False, 'appointment_id': 1416275, 'fields': {'1': 'Рагил Радж Раджив', '2': 'https://klientiks.ru/clientix/client/default/id/1121646', '3': 10765}}, {'id': 1649175, 'name': 'Калари массаж (60 мин. ножной масляный массаж)', 'account_id': 10765, 'date_create': 1516651220, 'status': 6, 'price': '2000', 'client_id': 1121646, 'roistat': '', 'executor': 'Рагил Радж Раджив', 'is_sale': False, 'appointment_id': 1416276, 'fields': {'1': 'Рагил Радж Раджив', '2': 'https://klientiks.ru/clientix/client/default/id/1121646', '3': 10765}}, {'id': 1649176, 'name': 'Калари массаж (60 мин. ножной масляный массаж)', 'account_id': 10765, 'date_create': 1516651221, 'status': 6, 'price': '2000', 'client_id': 1121646, 'roistat': '', 'executor': 'Рагил Радж Раджив', 'is_sale': False, 'appointment_id': 1416277, 'fields': {'1': 'Рагил Радж Раджив', '2': 'https://klientiks.ru/clientix/client/default/id/1121646', '3': 10765}}, {'id': 1649177, 'name': 'Абхъянгам массаж (60 мин. ручной масляный массаж в 2 руки)', 'account_id': 10765, 'date_create': 1516651221, 'status': 6, 'price': '2000', 'client_id': 1121646, 'roistat': '', 'executor': 'Сергеева Екатерина Владимировна', 'is_sale': False, 'appointment_id': 1416278, 'fields': {'1': 'Сергеева Екатерина Владимировна', '2': 'https://klientiks.ru/clientix/client/default/id/1121646', '3': 10765}}, {'id': 1649178, 'name': 'Абхъянгам массаж (60 мин. ручной масляный массаж в 2 руки)', 'account_id': 10765, 'date_create': 1516651222, 'status': 6, 'price': '2000', 'client_id': 1121646, 'roistat': '', 'executor': 'Сергеева Екатерина Владимировна', 'is_sale': False, 'appointment_id': 1416279, 'fields': {'1': 'Сергеева Екатерина Владимировна', '2': 'https://klientiks.ru/clientix/client/default/id/1121646', '3': 10765}}, {'id': 1649179, 'name': 'Первичная  консультация врача мануального терапевта (остеопата) для детей 1 час', 'account_id': 10765, 'date_create': 1516651223, 'status': 6, 'price': '2500', 'client_id': 1122227, 'roistat': '', 'executor': 'Марков Иван Вячеславович', 'is_sale': False, 'appointment_id': 1416280, 'fields': {'1': 'Марков Иван Вячеславович', '2': 'https://klientiks.ru/clientix/client/default/id/1122227', '3': 10765}}, {'id': 1649180, 'name': 'Аюрведа ознакомительный сеанс (60 мин)', 'account_id': 10765, 'date_create': 1516651223, 'status': 6, 'price': '2600', 'client_id': 1123553, 'roistat': '', 'executor': 'Рагил Радж Раджив', 'is_sale': False, 'appointment_id': 1416281, 'fields': {'1': 'Рагил Радж Раджив', '2': 'https://klientiks.ru/clientix/client/default/id/1123553', '3': 10765}}, {'id': 1649181, 'name': 'Консультация врача аюрведы Пареша Д.', 'account_id': 10765, 'date_create': 1516651224, 'status': 6, 'price': '3500', 'client_id': 1123554, 'roistat': '', 'executor': 'Пареш Джадхав', 'is_sale': False, 'appointment_id': 1416282, 'fields': {'1': 'Пареш Джадхав', '2': 'https://klientiks.ru/clientix/client/default/id/1123554', '3': 10765}}, {'id': 1649182, 'name': 'Консультация врача аюрведы (60 мин)', 'account_id': 10765, 'date_create': 1516651225, 'status': 6, 'price': '2500', 'client_id': 1123361, 'roistat': '', 'executor': 'Пареш Джадхав', 'is_sale': False, 'appointment_id': 1416283, 'fields': {'1': 'Пареш Джадхав', '2': 'https://klientiks.ru/clientix/client/default/id/1123361', '3': 10765}}, {'id': 1649183, 'name': 'Детский масляный массаж от 1 года до 7 лет (45 минут)', 'account_id': 10765, 'date_create': 1516651225, 'status': 6, 'price': '1200', 'client_id': 1123555, 'roistat': '', 'executor': 'Сергеева Екатерина Владимировна', 'is_sale': False, 'appointment_id': 1416284, 'fields': {'1': 'Сергеева Екатерина Владимировна', '2': 'https://klientiks.ru/clientix/client/default/id/1123555', '3': 10765}}, {'id': 1649184, 'name': 'Консультация врача аюрведы (60 мин)', 'account_id': 10765, 'date_create': 1516651226, 'status': 6, 'price': '2500', 'client_id': 1121898, 'roistat': '', 'executor': 'Пареш Джадхав', 'is_sale': False, 'appointment_id': 1416285, 'fields': {'1': 'Пареш Джадхав', '2': 'https://klientiks.ru/clientix/client/default/id/1121898', '3': 10765}}, {'id': 1649185, 'name': 'Мукхабхъянга (30 мин. Массаж лица)', 'account_id': 10765, 'date_create': 1516651227, 'status': 6, 'price': '1100', 'client_id': 1108006, 'roistat': '', 'executor': 'Сергеева Екатерина Владимировна', 'is_sale': False, 'appointment_id': 1416286, 'fields': {'1': 'Сергеева Екатерина Владимировна', '2': 'https://klientiks.ru/clientix/client/default/id/1108006', '3': 10765}}, {'id': 1649186, 'name': 'Аэройога (1 занятие 1.5 часа)', 'account_id': 10765, 'date_create': 1516651227, 'status': 6, 'price': '500', 'client_id': 1123433, 'roistat': '', 'executor': 'Власова (Якушева) Елена Сергеевна', 'is_sale': False, 'appointment_id': 1416287, 'fields': {'1': 'Власова (Якушева) Елена Сергеевна', '2': 'https://klientiks.ru/clientix/client/default/id/1123433', '3': 10765}}, {'id': 1649187, 'name': 'Аэройога (1 занятие 1.5 часа)', 'account_id': 10765, 'date_create': 1516651228, 'status': 6, 'price': '500', 'client_id': 1123433, 'roistat': '', 'executor': 'Власова (Якушева) Елена Сергеевна', 'is_sale': False, 'appointment_id': 1416288, 'fields': {'1': 'Власова (Якушева) Елена Сергеевна', '2': 'https://klientiks.ru/clientix/client/default/id/1123433', '3': 10765}}, {'id': 1649188, 'name': 'Аэройога (1 занятие 1.5 часа)', 'account_id': 10765, 'date_create': 1516651229, 'status': 6, 'price': '500', 'client_id': 1123433, 'roistat': '', 'executor': 'Власова (Якушева) Елена Сергеевна', 'is_sale': False, 'appointment_id': 1416289, 'fields': {'1': 'Власова (Якушева) Елена Сергеевна', '2': 'https://klientiks.ru/clientix/client/default/id/1123433', '3': 10765}}, {'id': 1649189, 'name': 'Аэройога (1 занятие 1.5 часа)', 'account_id': 10765, 'date_create': 1516651230, 'status': 6, 'price': '500', 'client_id': 1123433, 'roistat': '', 'executor': 'Власова (Якушева) Елена Сергеевна', 'is_sale': False, 'appointment_id': 1416290, 'fields': {'1': 'Власова (Якушева) Елена Сергеевна', '2': 'https://klientiks.ru/clientix/client/default/id/1123433', '3': 10765}}, {'id': 1649190, 'name': 'Консультация врача детской аюрведы (60 мин)', 'account_id': 10765, 'date_create': 1516651230, 'status': 6, 'price': '2500', 'client_id': 1108151, 'roistat': '', 'executor': 'Пареш Джадхав', 'is_sale': False, 'appointment_id': 1416291, 'fields': {'1': 'Пареш Джадхав', '2': 'https://klientiks.ru/clientix/client/default/id/1108151', '3': 10765}}, {'id': 1649191, 'name': 'Консультация врача детской аюрведы повторная (30 мин)', 'account_id': 10765, 'date_create': 1516651231, 'status': 6, 'price': '1250', 'client_id': 1108259, 'roistat': '', 'executor': 'Пареш Джадхав', 'is_sale': False, 'appointment_id': 1416292, 'fields': {'1': 'Пареш Джадхав', '2': 'https://klientiks.ru/clientix/client/default/id/1108259', '3': 10765}}, {'id': 1649192, 'name': 'Прием первичный врача мануального терапевта (остеопата) для взрослых и детей у Маркова И.В. 45 мин', 'account_id': 10765, 'date_create': 1516651231, 'status': 6, 'price': '3500', 'client_id': 1108259, 'roistat': '', 'executor': 'Марков Иван Вячеславович', 'is_sale': False, 'appointment_id': 1416293, 'fields': {'1': 'Марков Иван Вячеславович', '2': 'https://klientiks.ru/clientix/client/default/id/1108259', '3': 10765}}, {'id': 1649193, 'name': 'Консультация врача аюрведы (60 мин)', 'account_id': 10765, 'date_create': 1516651232, 'status': 6, 'price': '2500', 'client_id': 1108038, 'roistat': '', 'executor': 'Пареш Джадхав', 'is_sale': False, 'appointment_id': 1416294, 'fields': {'1': 'Пареш Джадхав', '2': 'https://klientiks.ru/clientix/client/default/id/1108038', '3': 10765}}, {'id': 1649194, 'name': 'Аэройога (1 занятие 1.5 часа)', 'account_id': 10765, 'date_create': 1516651233, 'status': 6, 'price': '500', 'client_id': 1108038, 'roistat': '', 'executor': 'Власова (Якушева) Елена Сергеевна', 'is_sale': False, 'appointment_id': 1416295, 'fields': {'1': 'Власова (Якушева) Елена Сергеевна', '2': 'https://klientiks.ru/clientix/client/default/id/1108038', '3': 10765}}, {'id': 1649195, 'name': 'Аэройога (1 занятие 1.5 часа)', 'account_id': 10765, 'date_create': 1516651233, 'status': 6, 'price': '500', 'client_id': 1108038, 'roistat': '', 'executor': 'Власова (Якушева) Елена Сергеевна', 'is_sale': False, 'appointment_id': 1416296, 'fields': {'1': 'Власова (Якушева) Елена Сергеевна', '2': 'https://klientiks.ru/clientix/client/default/id/1108038', '3': 10765}}, {'id': 1649196, 'name': 'Консультация врача аюрведы (60 мин)', 'account_id': 10765, 'date_create': 1516651234, 'status': 6, 'price': '2500', 'client_id': 1121689, 'roistat': '', 'executor': 'Ананд Падинжаре Кунат Васудеван', 'is_sale': False, 'appointment_id': 1416297, 'fields': {'1': 'Ананд Падинжаре Кунат Васудеван', '2': 'https://klientiks.ru/clientix/client/default/id/1121689', '3': 10765}}, {'id': 1649197, 'name': 'Аюрведа ознакомительный сеанс (60 мин)', 'account_id': 10765, 'date_create': 1516651235, 'status': 6, 'price': '2600', 'client_id': 1121689, 'roistat': '', 'executor': 'Рагил Радж Раджив', 'is_sale': False, 'appointment_id': 1416298, 'fields': {'1': 'Рагил Радж Раджив', '2': 'https://klientiks.ru/clientix/client/default/id/1121689', '3': 10765}}, {'id': 1649198, 'name': 'Сеанс в кедровой бочке', 'account_id': 10765, 'date_create': 1516651235, 'status': 6, 'price': '300', 'client_id': 1121689, 'roistat': '', 'executor': 'Кедровая бочка', 'is_sale': False, 'appointment_id': 1416299, 'fields': {'1': 'Кедровая бочка', '2': 'https://klientiks.ru/clientix/client/default/id/1121689', '3': 10765}}, {'id': 1649199, 'name': 'Мукхабхъянга (30 мин. Массаж лица)', 'account_id': 10765, 'date_create': 1516651236, 'status': 6, 'price': '1100', 'client_id': 1121689, 'roistat': '', 'executor': 'Рагил Радж Раджив', 'is_sale': False, 'appointment_id': 1416300, 'fields': {'1': 'Рагил Радж Раджив', '2': 'https://klientiks.ru/clientix/client/default/id/1121689', '3': 10765}}, {'id': 1649200, 'name': 'Аэройога (1 занятие 1.5 часа)', 'account_id': 10765, 'date_create': 1516651236, 'status': 6, 'price': '500', 'client_id': 1123557, 'roistat': '', 'executor': 'Маркина Татьяна Евгеньевна', 'is_sale': False, 'appointment_id': 1416301, 'fields': {'1': 'Маркина Татьяна Евгеньевна', '2': 'https://klientiks.ru/clientix/client/default/id/1123557', '3': 10765}}, {'id': 1649201, 'name': 'Аэройога (1 занятие 1.5 часа)', 'account_id': 10765, 'date_create': 1516651237, 'status': 6, 'price': '500', 'client_id': 1123557, 'roistat': '', 'executor': 'Маркина Татьяна Евгеньевна', 'is_sale': False, 'appointment_id': 1416302, 'fields': {'1': 'Маркина Татьяна Евгеньевна', '2': 'https://klientiks.ru/clientix/client/default/id/1123557', '3': 10765}}, {'id': 1649202, 'name': 'Аэройога (1 занятие 1.5 часа)', 'account_id': 10765, 'date_create': 1516651238, 'status': 6, 'price': '500', 'client_id': 1123557, 'roistat': '', 'executor': 'Маркина Татьяна Евгеньевна', 'is_sale': False, 'appointment_id': 1416303, 'fields': {'1': 'Маркина Татьяна Евгеньевна', '2': 'https://klientiks.ru/clientix/client/default/id/1123557', '3': 10765}}, {'id': 1649203, 'name': 'Аэройога (1 занятие 1.5 часа)', 'account_id': 10765, 'date_create': 1516651238, 'status': 6, 'price': '500', 'client_id': 1123557, 'roistat': '', 'executor': 'Маркина Татьяна Евгеньевна', 'is_sale': False, 'appointment_id': 1416304, 'fields': {'1': 'Маркина Татьяна Евгеньевна', '2': 'https://klientiks.ru/clientix/client/default/id/1123557', '3': 10765}}, {'id': 1649204, 'name': 'Аэройога (1 занятие 1.5 часа)', 'account_id': 10765, 'date_create': 1516651239, 'status': 6, 'price': '500', 'client_id': 1123557, 'roistat': '', 'executor': 'Маркина Татьяна Евгеньевна', 'is_sale': False, 'appointment_id': 1416305, 'fields': {'1': 'Маркина Татьяна Евгеньевна', '2': 'https://klientiks.ru/clientix/client/default/id/1123557', '3': 10765}}, {'id': 1649205, 'name': 'Аэройога (1 занятие 1.5 часа)', 'account_id': 10765, 'date_create': 1516651240, 'status': 6, 'price': '500', 'client_id': 1123557, 'roistat': '', 'executor': 'Маркина Татьяна Евгеньевна', 'is_sale': False, 'appointment_id': 1416306, 'fields': {'1': 'Маркина Татьяна Евгеньевна', '2': 'https://klientiks.ru/clientix/client/default/id/1123557', '3': 10765}}, {'id': 1649206, 'name': 'Аэройога (1 занятие 1.5 часа)', 'account_id': 10765, 'date_create': 1516651241, 'status': 6, 'price': '500', 'client_id': 1123557, 'roistat': '', 'executor': 'Маркина Татьяна Евгеньевна', 'is_sale': False, 'appointment_id': 1416307, 'fields': {'1': 'Маркина Татьяна Евгеньевна', '2': 'https://klientiks.ru/clientix/client/default/id/1123557', '3': 10765}}, {'id': 1649207, 'name': 'Консультация врача аюрведы повторная (30 мин)', 'account_id': 10765, 'date_create': 1516651241, 'status': 6, 'price': '1250', 'client_id': 1123557, 'roistat': '', 'executor': 'Пареш Джадхав', 'is_sale': False, 'appointment_id': 1416308, 'fields': {'1': 'Пареш Джадхав', '2': 'https://klientiks.ru/clientix/client/default/id/1123557', '3': 10765}}, {'id': 1649208, 'name': 'Аэройога (1 занятие 1.5 часа)', 'account_id': 10765, 'date_create': 1516651242, 'status': 6, 'price': '500', 'client_id': 1123557, 'roistat': '', 'executor': 'Маркина Татьяна Евгеньевна', 'is_sale': False, 'appointment_id': 1416309, 'fields': {'1': 'Маркина Татьяна Евгеньевна', '2': 'https://klientiks.ru/clientix/client/default/id/1123557', '3': 10765}}, {'id': 1649209, 'name': 'Аэройога (1 занятие 1.5 часа)', 'account_id': 10765, 'date_create': 1516651243, 'status': 6, 'price': '500', 'client_id': 1123557, 'roistat': '', 'executor': 'Маркина Татьяна Евгеньевна', 'is_sale': False, 'appointment_id': 1416310, 'fields': {'1': 'Маркина Татьяна Евгеньевна', '2': 'https://klientiks.ru/clientix/client/default/id/1123557', '3': 10765}}, {'id': 1649210, 'name': 'Аэройога (1 занятие 1.5 часа)', 'account_id': 10765, 'date_create': 1516651244, 'status': 6, 'price': '500', 'client_id': 1123557, 'roistat': '', 'executor': 'Маркина Татьяна Евгеньевна', 'is_sale': False, 'appointment_id': 1416311, 'fields': {'1': 'Маркина Татьяна Евгеньевна', '2': 'https://klientiks.ru/clientix/client/default/id/1123557', '3': 10765}}, {'id': 1649211, 'name': 'Абонемент аэройога у Маркиной Т.Е. 8 занятий', 'account_id': 10765, 'date_create': 1516651244, 'status': 6, 'price': '4000', 'client_id': 1123557, 'roistat': '', 'executor': 'Маркина Татьяна Евгеньевна', 'is_sale': False, 'appointment_id': 1416312, 'fields': {'1': 'Маркина Татьяна Евгеньевна', '2': 'https://klientiks.ru/clientix/client/default/id/1123557', '3': 10765}}, {'id': 1649212, 'name': 'Аэройога (абонемент на 8 занятий)', 'account_id': 10765, 'date_create': 1516651245, 'status': 6, 'price': '3600', 'client_id': 1123557, 'roistat': '', 'executor': 'Невская Ирина Викторовна', 'is_sale': False, 'appointment_id': 1416313, 'fields': {'1': 'Невская Ирина Викторовна', '2': 'https://klientiks.ru/clientix/client/default/id/1123557', '3': 10765}}, {'id': 1649213, 'name': 'Аэройога у Маркиной Т.Е. (1.5 часа)', 'account_id': 10765, 'date_create': 1516651246, 'status': 6, 'price': '600', 'client_id': 1123557, 'roistat': '', 'executor': 'Маркина Татьяна Евгеньевна', 'is_sale': False, 'appointment_id': 1416314, 'fields': {'1': 'Маркина Татьяна Евгеньевна', '2': 'https://klientiks.ru/clientix/client/default/id/1123557', '3': 10765}}, {'id': 1649214, 'name': 'Аэройога у Маркиной Т.Е. (1.5 часа)', 'account_id': 10765, 'date_create': 1516651247, 'status': 6, 'price': '600', 'client_id': 1123557, 'roistat': '', 'executor': 'Маркина Татьяна Евгеньевна', 'is_sale': False, 'appointment_id': 1416315, 'fields': {'1': 'Маркина Татьяна Евгеньевна', '2': 'https://klientiks.ru/clientix/client/default/id/1123557', '3': 10765}}, {'id': 1649215, 'name': 'Аэройога у Маркиной Т.Е. (1.5 часа)', 'account_id': 10765, 'date_create': 1516651247, 'status': 6, 'price': '600', 'client_id': 1123557, 'roistat': '', 'executor': 'Маркина Татьяна Евгеньевна', 'is_sale': False, 'appointment_id': 1416316, 'fields': {'1': 'Маркина Татьяна Евгеньевна', '2': 'https://klientiks.ru/clientix/client/default/id/1123557', '3': 10765}}, {'id': 1649216, 'name': 'Абонемент аэройога у Маркиной Т.Е. 9 занятий', 'account_id': 10765, 'date_create': 1516651248, 'status': 6, 'price': '4500', 'client_id': 1123557, 'roistat': '', 'executor': 'Маркина Татьяна Евгеньевна', 'is_sale': False, 'appointment_id': 1416317, 'fields': {'1': 'Маркина Татьяна Евгеньевна', '2': 'https://klientiks.ru/clientix/client/default/id/1123557', '3': 10765}}, {'id': 1649217, 'name': 'Аэройога для сотрудников', 'account_id': 10765, 'date_create': 1516651249, 'status': 6, 'price': '400', 'client_id': 1123557, 'roistat': '', 'executor': 'Маркина Татьяна Евгеньевна', 'is_sale': False, 'appointment_id': 1416318, 'fields': {'1': 'Маркина Татьяна Евгеньевна', '2': 'https://klientiks.ru/clientix/client/default/id/1123557', '3': 10765}}, {'id': 1649218, 'name': 'Аэройога (1 занятие 1.5 часа)', 'account_id': 10765, 'date_create': 1516651250, 'status': 6, 'price': '500', 'client_id': 1123557, 'roistat': '', 'executor': 'Герасимова Оксана Тарасовна', 'is_sale': False, 'appointment_id': 1416319, 'fields': {'1': 'Герасимова Оксана Тарасовна', '2': 'https://klientiks.ru/clientix/client/default/id/1123557', '3': 10765}}], 'pagination': {'total_count': 22602, 'limit': 50, 'page_number': 1}, 'total_count': 22602, 'page_number': 1}
2020-08-23 01:19:34,415 - {"offset": 50, "count": 50, "limit": 50, "statuses": [{"id": 1, "name": "scheduled"}, {"id": 2, "name": "sms_confirmation_sent"}, {"id": 3, "name": "cancelled_by_sms"}, {"id": 4, "name": "confirmed"}, {"id": 5, "name": "in_progress"}, {"id": 6, "name": "finished"}, {"id": 7, "name": "cancelled"}, {"id": 8, "name": "missed"}, {"id": 9, "name": "arrived"}], "fields": [{"id": "1", "name": "\u0418\u0441\u043f\u043e\u043b\u043d\u0438\u0442\u0435\u043b\u044c"}, {"id": "2", "name": "\u0421\u0441\u044b\u043b\u043a\u0430 \u043d\u0430 \u043a\u043b\u0438\u0435\u043d\u0442\u0430"}, {"id": "3", "name": "\u0410\u0439\u0434\u0438 \u0430\u043a\u043a\u0430\u0443\u043d\u0442\u0430"}], "orders": [{"id": 1649169, "name": "\u041a\u043e\u043d\u0441\u0443\u043b\u044c\u0442\u0430\u0446\u0438\u044f \u0432\u0440\u0430\u0447\u0430 \u0434\u0435\u0442\u0441\u043a\u043e\u0439 \u0430\u044e\u0440\u0432\u0435\u0434\u044b (60 \u043c\u0438\u043d)", "account_id": 10765, "date_create": 1516651206, "status": 6, "price": "2000", "client_id": 1123201, "roistat": "", "executor": "\u0410\u043d\u0430\u043d\u0434 \u041f\u0430\u0434\u0438\u043d\u0436\u0430\u0440\u0435 \u041a\u0443\u043d\u0430\u0442 \u0412\u0430\u0441\u0443\u0434\u0435\u0432\u0430\u043d", "is_sale": false, "appointment_id": 1416270, "fields": {"1": "\u0410\u043d\u0430\u043d\u0434 \u041f\u0430\u0434\u0438\u043d\u0436\u0430\u0440\u0435 \u041a\u0443\u043d\u0430\u0442 \u0412\u0430\u0441\u0443\u0434\u0435\u0432\u0430\u043d", "2": "https://klientiks.ru/clientix/client/default/id/1123201", "3": 10765}}, {"id": 1649170, "name": "\u0410\u0431\u0445\u044a\u044f\u043d\u0433\u0430\u043c \u043c\u0430\u0441\u0441\u0430\u0436 (60 \u043c\u0438\u043d. \u0440\u0443\u0447\u043d\u043e\u0439 \u043c\u0430\u0441\u043b\u044f\u043d\u044b\u0439 \u043c\u0430\u0441\u0441\u0430\u0436 \u0432 2 \u0440\u0443\u043a\u0438)", "account_id": 10765, "date_create": 1516651209, "status": 6, "price": "2000", "client_id": 1121646, "roistat": "", "executor": "\u0421\u0435\u0440\u0433\u0435\u0435\u0432\u0430 \u0415\u043a\u0430\u0442\u0435\u0440\u0438\u043d\u0430 \u0412\u043b\u0430\u0434\u0438\u043c\u0438\u0440\u043e\u0432\u043d\u0430", "is_sale": false, "appointment_id": 1416271, "fields": {"1": "\u0421\u0435\u0440\u0433\u0435\u0435\u0432\u0430 \u0415\u043a\u0430\u0442\u0435\u0440\u0438\u043d\u0430 \u0412\u043b\u0430\u0434\u0438\u043c\u0438\u0440\u043e\u0432\u043d\u0430", "2": "https://klientiks.ru/clientix/client/default/id/1121646", "3": 10765}}, {"id": 1649171, "name": "\u041a\u0438\u0436\u0438 \u043c\u0430\u0441\u0441\u0430\u0436 (60 \u043c\u0438\u043d. \u041f\u0438\u043d\u0434\u0430\u0441\u0432\u0435\u0434\u0430\u043d\u0430. \u043c\u0430\u0441\u0441\u0430\u0436 \u043c\u0435\u0448\u043e\u0447\u043a\u0430\u043c\u0438 \u0432 2 \u0440\u0443\u043a\u0438)", "account_id": 10765, "date_create": 1516651212, "status": 6, "price": "2000", "client_id": 1121646, "roistat": "", "executor": "\u0420\u0430\u0433\u0438\u043b \u0420\u0430\u0434\u0436 \u0420\u0430\u0434\u0436\u0438\u0432", "is_sale": false, "appointment_id": 1416272, "fields": {"1": "\u0420\u0430\u0433\u0438\u043b \u0420\u0430\u0434\u0436 \u0420\u0430\u0434\u0436\u0438\u0432", "2": "https://klientiks.ru/clientix/client/default/id/1121646", "3": 10765}}, {"id": 1649172, "name": "\u0428\u0438\u0440\u043e\u0434\u0445\u0430\u0440\u0430 \u043a\u0443\u0440\u0441 \u0438\u0437 3-\u0445 \u043f\u0440\u043e\u0446\u0435\u0434\u0443\u0440 (60 \u043c\u0438\u043d. \u0421\u0442\u0440\u0443\u044f\u0449\u0435\u0435\u0441\u044f \u043c\u0430\u0441\u043b\u043e \u043d\u0430 \u043b\u043e\u0431)", "account_id": 10765, "date_create": 1516651214, "status": 6, "price": "10800", "client_id": 1121646, "roistat": "", "executor": "\u0421\u0435\u0440\u0433\u0435\u0435\u0432\u0430 \u0415\u043a\u0430\u0442\u0435\u0440\u0438\u043d\u0430 \u0412\u043b\u0430\u0434\u0438\u043c\u0438\u0440\u043e\u0432\u043d\u0430", "is_sale": false, "appointment_id": 1416273, "fields": {"1": "\u0421\u0435\u0440\u0433\u0435\u0435\u0432\u0430 \u0415\u043a\u0430\u0442\u0435\u0440\u0438\u043d\u0430 \u0412\u043b\u0430\u0434\u0438\u043c\u0438\u0440\u043e\u0432\u043d\u0430", "2": "https://klientiks.ru/clientix/client/default/id/1121646", "3": 10765}}, {"id": 1649173, "name": "\u041a\u0438\u0436\u0438 \u043c\u0430\u0441\u0441\u0430\u0436 (60 \u043c\u0438\u043d. \u041f\u0438\u043d\u0434\u0430\u0441\u0432\u0435\u0434\u0430\u043d\u0430. \u043c\u0430\u0441\u0441\u0430\u0436 \u043c\u0435\u0448\u043e\u0447\u043a\u0430\u043c\u0438 \u0432 2 \u0440\u0443\u043a\u0438)", "account_id": 10765, "date_create": 1516651217, "status": 6, "price": "2000", "client_id": 1121646, "roistat": "", "executor": "\u0420\u0430\u0433\u0438\u043b \u0420\u0430\u0434\u0436 \u0420\u0430\u0434\u0436\u0438\u0432", "is_sale": false, "appointment_id": 1416274, "fields": {"1": "\u0420\u0430\u0433\u0438\u043b \u0420\u0430\u0434\u0436 \u0420\u0430\u0434\u0436\u0438\u0432", "2": "https://klientiks.ru/clientix/client/default/id/1121646", "3": 10765}}, {"id": 1649174, "name": "\u041a\u0438\u0436\u0438 \u043c\u0430\u0441\u0441\u0430\u0436 (60 \u043c\u0438\u043d. \u041f\u0438\u043d\u0434\u0430\u0441\u0432\u0435\u0434\u0430\u043d\u0430. \u043c\u0430\u0441\u0441\u0430\u0436 \u043c\u0435\u0448\u043e\u0447\u043a\u0430\u043c\u0438 \u0432 2 \u0440\u0443\u043a\u0438)", "account_id": 10765, "date_create": 1516651219, "status": 6, "price": "2000", "client_id": 1121646, "roistat": "", "executor": "\u0420\u0430\u0433\u0438\u043b \u0420\u0430\u0434\u0436 \u0420\u0430\u0434\u0436\u0438\u0432", "is_sale": false, "appointment_id": 1416275, "fields": {"1": "\u0420\u0430\u0433\u0438\u043b \u0420\u0430\u0434\u0436 \u0420\u0430\u0434\u0436\u0438\u0432", "2": "https://klientiks.ru/clientix/client/default/id/1121646", "3": 10765}}, {"id": 1649175, "name": "\u041a\u0430\u043b\u0430\u0440\u0438 \u043c\u0430\u0441\u0441\u0430\u0436 (60 \u043c\u0438\u043d. \u043d\u043e\u0436\u043d\u043e\u0439 \u043c\u0430\u0441\u043b\u044f\u043d\u044b\u0439 \u043c\u0430\u0441\u0441\u0430\u0436)", "account_id": 10765, "date_create": 1516651220, "status": 6, "price": "2000", "client_id": 1121646, "roistat": "", "executor": "\u0420\u0430\u0433\u0438\u043b \u0420\u0430\u0434\u0436 \u0420\u0430\u0434\u0436\u0438\u0432", "is_sale": false, "appointment_id": 1416276, "fields": {"1": "\u0420\u0430\u0433\u0438\u043b \u0420\u0430\u0434\u0436 \u0420\u0430\u0434\u0436\u0438\u0432", "2": "https://klientiks.ru/clientix/client/default/id/1121646", "3": 10765}}, {"id": 1649176, "name": "\u041a\u0430\u043b\u0430\u0440\u0438 \u043c\u0430\u0441\u0441\u0430\u0436 (60 \u043c\u0438\u043d. \u043d\u043e\u0436\u043d\u043e\u0439 \u043c\u0430\u0441\u043b\u044f\u043d\u044b\u0439 \u043c\u0430\u0441\u0441\u0430\u0436)", "account_id": 10765, "date_create": 1516651221, "status": 6, "price": "2000", "client_id": 1121646, "roistat": "", "executor": "\u0420\u0430\u0433\u0438\u043b \u0420\u0430\u0434\u0436 \u0420\u0430\u0434\u0436\u0438\u0432", "is_sale": false, "appointment_id": 1416277, "fields": {"1": "\u0420\u0430\u0433\u0438\u043b \u0420\u0430\u0434\u0436 \u0420\u0430\u0434\u0436\u0438\u0432", "2": "https://klientiks.ru/clientix/client/default/id/1121646", "3": 10765}}, {"id": 1649177, "name": "\u0410\u0431\u0445\u044a\u044f\u043d\u0433\u0430\u043c \u043c\u0430\u0441\u0441\u0430\u0436 (60 \u043c\u0438\u043d. \u0440\u0443\u0447\u043d\u043e\u0439 \u043c\u0430\u0441\u043b\u044f\u043d\u044b\u0439 \u043c\u0430\u0441\u0441\u0430\u0436 \u0432 2 \u0440\u0443\u043a\u0438)", "account_id": 10765, "date_create": 1516651221, "status": 6, "price": "2000", "client_id": 1121646, "roistat": "", "executor": "\u0421\u0435\u0440\u0433\u0435\u0435\u0432\u0430 \u0415\u043a\u0430\u0442\u0435\u0440\u0438\u043d\u0430 \u0412\u043b\u0430\u0434\u0438\u043c\u0438\u0440\u043e\u0432\u043d\u0430", "is_sale": false, "appointment_id": 1416278, "fields": {"1": "\u0421\u0435\u0440\u0433\u0435\u0435\u0432\u0430 \u0415\u043a\u0430\u0442\u0435\u0440\u0438\u043d\u0430 \u0412\u043b\u0430\u0434\u0438\u043c\u0438\u0440\u043e\u0432\u043d\u0430", "2": "https://klientiks.ru/clientix/client/default/id/1121646", "3": 10765}}, {"id": 1649178, "name": "\u0410\u0431\u0445\u044a\u044f\u043d\u0433\u0430\u043c \u043c\u0430\u0441\u0441\u0430\u0436 (60 \u043c\u0438\u043d. \u0440\u0443\u0447\u043d\u043e\u0439 \u043c\u0430\u0441\u043b\u044f\u043d\u044b\u0439 \u043c\u0430\u0441\u0441\u0430\u0436 \u0432 2 \u0440\u0443\u043a\u0438)", "account_id": 10765, "date_create": 1516651222, "status": 6, "price": "2000", "client_id": 1121646, "roistat": "", "executor": "\u0421\u0435\u0440\u0433\u0435\u0435\u0432\u0430 \u0415\u043a\u0430\u0442\u0435\u0440\u0438\u043d\u0430 \u0412\u043b\u0430\u0434\u0438\u043c\u0438\u0440\u043e\u0432\u043d\u0430", "is_sale": false, "appointment_id": 1416279, "fields": {"1": "\u0421\u0435\u0440\u0433\u0435\u0435\u0432\u0430 \u0415\u043a\u0430\u0442\u0435\u0440\u0438\u043d\u0430 \u0412\u043b\u0430\u0434\u0438\u043c\u0438\u0440\u043e\u0432\u043d\u0430", "2": "https://klientiks.ru/clientix/client/default/id/1121646", "3": 10765}}, {"id": 1649179, "name": "\u041f\u0435\u0440\u0432\u0438\u0447\u043d\u0430\u044f  \u043a\u043e\u043d\u0441\u0443\u043b\u044c\u0442\u0430\u0446\u0438\u044f \u0432\u0440\u0430\u0447\u0430 \u043c\u0430\u043d\u0443\u0430\u043b\u044c\u043d\u043e\u0433\u043e \u0442\u0435\u0440\u0430\u043f\u0435\u0432\u0442\u0430 (\u043e\u0441\u0442\u0435\u043e\u043f\u0430\u0442\u0430) \u0434\u043b\u044f \u0434\u0435\u0442\u0435\u0439 1 \u0447\u0430\u0441", "account_id": 10765, "date_create": 1516651223, "status": 6, "price": "2500", "client_id": 1122227, "roistat": "", "executor": "\u041c\u0430\u0440\u043a\u043e\u0432 \u0418\u0432\u0430\u043d \u0412\u044f\u0447\u0435\u0441\u043b\u0430\u0432\u043e\u0432\u0438\u0447", "is_sale": false, "appointment_id": 1416280, "fields": {"1": "\u041c\u0430\u0440\u043a\u043e\u0432 \u0418\u0432\u0430\u043d \u0412\u044f\u0447\u0435\u0441\u043b\u0430\u0432\u043e\u0432\u0438\u0447", "2": "https://klientiks.ru/clientix/client/default/id/1122227", "3": 10765}}, {"id": 1649180, "name": "\u0410\u044e\u0440\u0432\u0435\u0434\u0430 \u043e\u0437\u043d\u0430\u043a\u043e\u043c\u0438\u0442\u0435\u043b\u044c\u043d\u044b\u0439 \u0441\u0435\u0430\u043d\u0441 (60 \u043c\u0438\u043d)", "account_id": 10765, "date_create": 1516651223, "status": 6, "price": "2600", "client_id": 1123553, "roistat": "", "executor": "\u0420\u0430\u0433\u0438\u043b \u0420\u0430\u0434\u0436 \u0420\u0430\u0434\u0436\u0438\u0432", "is_sale": false, "appointment_id": 1416281, "fields": {"1": "\u0420\u0430\u0433\u0438\u043b \u0420\u0430\u0434\u0436 \u0420\u0430\u0434\u0436\u0438\u0432", "2": "https://klientiks.ru/clientix/client/default/id/1123553", "3": 10765}}, {"id": 1649181, "name": "\u041a\u043e\u043d\u0441\u0443\u043b\u044c\u0442\u0430\u0446\u0438\u044f \u0432\u0440\u0430\u0447\u0430 \u0430\u044e\u0440\u0432\u0435\u0434\u044b \u041f\u0430\u0440\u0435\u0448\u0430 \u0414.", "account_id": 10765, "date_create": 1516651224, "status": 6, "price": "3500", "client_id": 1123554, "roistat": "", "executor": "\u041f\u0430\u0440\u0435\u0448 \u0414\u0436\u0430\u0434\u0445\u0430\u0432", "is_sale": false, "appointment_id": 1416282, "fields": {"1": "\u041f\u0430\u0440\u0435\u0448 \u0414\u0436\u0430\u0434\u0445\u0430\u0432", "2": "https://klientiks.ru/clientix/client/default/id/1123554", "3": 10765}}, {"id": 1649182, "name": "\u041a\u043e\u043d\u0441\u0443\u043b\u044c\u0442\u0430\u0446\u0438\u044f \u0432\u0440\u0430\u0447\u0430 \u0430\u044e\u0440\u0432\u0435\u0434\u044b (60 \u043c\u0438\u043d)", "account_id": 10765, "date_create": 1516651225, "status": 6, "price": "2500", "client_id": 1123361, "roistat": "", "executor": "\u041f\u0430\u0440\u0435\u0448 \u0414\u0436\u0430\u0434\u0445\u0430\u0432", "is_sale": false, "appointment_id": 1416283, "fields": {"1": "\u041f\u0430\u0440\u0435\u0448 \u0414\u0436\u0430\u0434\u0445\u0430\u0432", "2": "https://klientiks.ru/clientix/client/default/id/1123361", "3": 10765}}, {"id": 1649183, "name": "\u0414\u0435\u0442\u0441\u043a\u0438\u0439 \u043c\u0430\u0441\u043b\u044f\u043d\u044b\u0439 \u043c\u0430\u0441\u0441\u0430\u0436 \u043e\u0442 1 \u0433\u043e\u0434\u0430 \u0434\u043e 7 \u043b\u0435\u0442 (45 \u043c\u0438\u043d\u0443\u0442)", "account_id": 10765, "date_create": 1516651225, "status": 6, "price": "1200", "client_id": 1123555, "roistat": "", "executor": "\u0421\u0435\u0440\u0433\u0435\u0435\u0432\u0430 \u0415\u043a\u0430\u0442\u0435\u0440\u0438\u043d\u0430 \u0412\u043b\u0430\u0434\u0438\u043c\u0438\u0440\u043e\u0432\u043d\u0430", "is_sale": false, "appointment_id": 1416284, "fields": {"1": "\u0421\u0435\u0440\u0433\u0435\u0435\u0432\u0430 \u0415\u043a\u0430\u0442\u0435\u0440\u0438\u043d\u0430 \u0412\u043b\u0430\u0434\u0438\u043c\u0438\u0440\u043e\u0432\u043d\u0430", "2": "https://klientiks.ru/clientix/client/default/id/1123555", "3": 10765}}, {"id": 1649184, "name": "\u041a\u043e\u043d\u0441\u0443\u043b\u044c\u0442\u0430\u0446\u0438\u044f \u0432\u0440\u0430\u0447\u0430 \u0430\u044e\u0440\u0432\u0435\u0434\u044b (60 \u043c\u0438\u043d)", "account_id": 10765, "date_create": 1516651226, "status": 6, "price": "2500", "client_id": 1121898, "roistat": "", "executor": "\u041f\u0430\u0440\u0435\u0448 \u0414\u0436\u0430\u0434\u0445\u0430\u0432", "is_sale": false, "appointment_id": 1416285, "fields": {"1": "\u041f\u0430\u0440\u0435\u0448 \u0414\u0436\u0430\u0434\u0445\u0430\u0432", "2": "https://klientiks.ru/clientix/client/default/id/1121898", "3": 10765}}, {"id": 1649185, "name": "\u041c\u0443\u043a\u0445\u0430\u0431\u0445\u044a\u044f\u043d\u0433\u0430 (30 \u043c\u0438\u043d. \u041c\u0430\u0441\u0441\u0430\u0436 \u043b\u0438\u0446\u0430)", "account_id": 10765, "date_create": 1516651227, "status": 6, "price": "1100", "client_id": 1108006, "roistat": "", "executor": "\u0421\u0435\u0440\u0433\u0435\u0435\u0432\u0430 \u0415\u043a\u0430\u0442\u0435\u0440\u0438\u043d\u0430 \u0412\u043b\u0430\u0434\u0438\u043c\u0438\u0440\u043e\u0432\u043d\u0430", "is_sale": false, "appointment_id": 1416286, "fields": {"1": "\u0421\u0435\u0440\u0433\u0435\u0435\u0432\u0430 \u0415\u043a\u0430\u0442\u0435\u0440\u0438\u043d\u0430 \u0412\u043b\u0430\u0434\u0438\u043c\u0438\u0440\u043e\u0432\u043d\u0430", "2": "https://klientiks.ru/clientix/client/default/id/1108006", "3": 10765}}, {"id": 1649186, "name": "\u0410\u044d\u0440\u043e\u0439\u043e\u0433\u0430 (1 \u0437\u0430\u043d\u044f\u0442\u0438\u0435 1.5 \u0447\u0430\u0441\u0430)", "account_id": 10765, "date_create": 1516651227, "status": 6, "price": "500", "client_id": 1123433, "roistat": "", "executor": "\u0412\u043b\u0430\u0441\u043e\u0432\u0430 (\u042f\u043a\u0443\u0448\u0435\u0432\u0430) \u0415\u043b\u0435\u043d\u0430 \u0421\u0435\u0440\u0433\u0435\u0435\u0432\u043d\u0430", "is_sale": false, "appointment_id": 1416287, "fields": {"1": "\u0412\u043b\u0430\u0441\u043e\u0432\u0430 (\u042f\u043a\u0443\u0448\u0435\u0432\u0430) \u0415\u043b\u0435\u043d\u0430 \u0421\u0435\u0440\u0433\u0435\u0435\u0432\u043d\u0430", "2": "https://klientiks.ru/clientix/client/default/id/1123433", "3": 10765}}, {"id": 1649187, "name": "\u0410\u044d\u0440\u043e\u0439\u043e\u0433\u0430 (1 \u0437\u0430\u043d\u044f\u0442\u0438\u0435 1.5 \u0447\u0430\u0441\u0430)", "account_id": 10765, "date_create": 1516651228, "status": 6, "price": "500", "client_id": 1123433, "roistat": "", "executor": "\u0412\u043b\u0430\u0441\u043e\u0432\u0430 (\u042f\u043a\u0443\u0448\u0435\u0432\u0430) \u0415\u043b\u0435\u043d\u0430 \u0421\u0435\u0440\u0433\u0435\u0435\u0432\u043d\u0430", "is_sale": false, "appointment_id": 1416288, "fields": {"1": "\u0412\u043b\u0430\u0441\u043e\u0432\u0430 (\u042f\u043a\u0443\u0448\u0435\u0432\u0430) \u0415\u043b\u0435\u043d\u0430 \u0421\u0435\u0440\u0433\u0435\u0435\u0432\u043d\u0430", "2": "https://klientiks.ru/clientix/client/default/id/1123433", "3": 10765}}, {"id": 1649188, "name": "\u0410\u044d\u0440\u043e\u0439\u043e\u0433\u0430 (1 \u0437\u0430\u043d\u044f\u0442\u0438\u0435 1.5 \u0447\u0430\u0441\u0430)", "account_id": 10765, "date_create": 1516651229, "status": 6, "price": "500", "client_id": 1123433, "roistat": "", "executor": "\u0412\u043b\u0430\u0441\u043e\u0432\u0430 (\u042f\u043a\u0443\u0448\u0435\u0432\u0430) \u0415\u043b\u0435\u043d\u0430 \u0421\u0435\u0440\u0433\u0435\u0435\u0432\u043d\u0430", "is_sale": false, "appointment_id": 1416289, "fields": {"1": "\u0412\u043b\u0430\u0441\u043e\u0432\u0430 (\u042f\u043a\u0443\u0448\u0435\u0432\u0430) \u0415\u043b\u0435\u043d\u0430 \u0421\u0435\u0440\u0433\u0435\u0435\u0432\u043d\u0430", "2": "https://klientiks.ru/clientix/client/default/id/1123433", "3": 10765}}, {"id": 1649189, "name": "\u0410\u044d\u0440\u043e\u0439\u043e\u0433\u0430 (1 \u0437\u0430\u043d\u044f\u0442\u0438\u0435 1.5 \u0447\u0430\u0441\u0430)", "account_id": 10765, "date_create": 1516651230, "status": 6, "price": "500", "client_id": 1123433, "roistat": "", "executor": "\u0412\u043b\u0430\u0441\u043e\u0432\u0430 (\u042f\u043a\u0443\u0448\u0435\u0432\u0430) \u0415\u043b\u0435\u043d\u0430 \u0421\u0435\u0440\u0433\u0435\u0435\u0432\u043d\u0430", "is_sale": false, "appointment_id": 1416290, "fields": {"1": "\u0412\u043b\u0430\u0441\u043e\u0432\u0430 (\u042f\u043a\u0443\u0448\u0435\u0432\u0430) \u0415\u043b\u0435\u043d\u0430 \u0421\u0435\u0440\u0433\u0435\u0435\u0432\u043d\u0430", "2": "https://klientiks.ru/clientix/client/default/id/1123433", "3": 10765}}, {"id": 1649190, "name": "\u041a\u043e\u043d\u0441\u0443\u043b\u044c\u0442\u0430\u0446\u0438\u044f \u0432\u0440\u0430\u0447\u0430 \u0434\u0435\u0442\u0441\u043a\u043e\u0439 \u0430\u044e\u0440\u0432\u0435\u0434\u044b (60 \u043c\u0438\u043d)", "account_id": 10765, "date_create": 1516651230, "status": 6, "price": "2500", "client_id": 1108151, "roistat": "", "executor": "\u041f\u0430\u0440\u0435\u0448 \u0414\u0436\u0430\u0434\u0445\u0430\u0432", "is_sale": false, "appointment_id": 1416291, "fields": {"1": "\u041f\u0430\u0440\u0435\u0448 \u0414\u0436\u0430\u0434\u0445\u0430\u0432", "2": "https://klientiks.ru/clientix/client/default/id/1108151", "3": 10765}}, {"id": 1649191, "name": "\u041a\u043e\u043d\u0441\u0443\u043b\u044c\u0442\u0430\u0446\u0438\u044f \u0432\u0440\u0430\u0447\u0430 \u0434\u0435\u0442\u0441\u043a\u043e\u0439 \u0430\u044e\u0440\u0432\u0435\u0434\u044b \u043f\u043e\u0432\u0442\u043e\u0440\u043d\u0430\u044f (30 \u043c\u0438\u043d)", "account_id": 10765, "date_create": 1516651231, "status": 6, "price": "1250", "client_id": 1108259, "roistat": "", "executor": "\u041f\u0430\u0440\u0435\u0448 \u0414\u0436\u0430\u0434\u0445\u0430\u0432", "is_sale": false, "appointment_id": 1416292, "fields": {"1": "\u041f\u0430\u0440\u0435\u0448 \u0414\u0436\u0430\u0434\u0445\u0430\u0432", "2": "https://klientiks.ru/clientix/client/default/id/1108259", "3": 10765}}, {"id": 1649192, "name": "\u041f\u0440\u0438\u0435\u043c \u043f\u0435\u0440\u0432\u0438\u0447\u043d\u044b\u0439 \u0432\u0440\u0430\u0447\u0430 \u043c\u0430\u043d\u0443\u0430\u043b\u044c\u043d\u043e\u0433\u043e \u0442\u0435\u0440\u0430\u043f\u0435\u0432\u0442\u0430 (\u043e\u0441\u0442\u0435\u043e\u043f\u0430\u0442\u0430) \u0434\u043b\u044f \u0432\u0437\u0440\u043e\u0441\u043b\u044b\u0445 \u0438 \u0434\u0435\u0442\u0435\u0439 \u0443 \u041c\u0430\u0440\u043a\u043e\u0432\u0430 \u0418.\u0412. 45 \u043c\u0438\u043d", "account_id": 10765, "date_create": 1516651231, "status": 6, "price": "3500", "client_id": 1108259, "roistat": "", "executor": "\u041c\u0430\u0440\u043a\u043e\u0432 \u0418\u0432\u0430\u043d \u0412\u044f\u0447\u0435\u0441\u043b\u0430\u0432\u043e\u0432\u0438\u0447", "is_sale": false, "appointment_id": 1416293, "fields": {"1": "\u041c\u0430\u0440\u043a\u043e\u0432 \u0418\u0432\u0430\u043d \u0412\u044f\u0447\u0435\u0441\u043b\u0430\u0432\u043e\u0432\u0438\u0447", "2": "https://klientiks.ru/clientix/client/default/id/1108259", "3": 10765}}, {"id": 1649193, "name": "\u041a\u043e\u043d\u0441\u0443\u043b\u044c\u0442\u0430\u0446\u0438\u044f \u0432\u0440\u0430\u0447\u0430 \u0430\u044e\u0440\u0432\u0435\u0434\u044b (60 \u043c\u0438\u043d)", "account_id": 10765, "date_create": 1516651232, "status": 6, "price": "2500", "client_id": 1108038, "roistat": "", "executor": "\u041f\u0430\u0440\u0435\u0448 \u0414\u0436\u0430\u0434\u0445\u0430\u0432", "is_sale": false, "appointment_id": 1416294, "fields": {"1": "\u041f\u0430\u0440\u0435\u0448 \u0414\u0436\u0430\u0434\u0445\u0430\u0432", "2": "https://klientiks.ru/clientix/client/default/id/1108038", "3": 10765}}, {"id": 1649194, "name": "\u0410\u044d\u0440\u043e\u0439\u043e\u0433\u0430 (1 \u0437\u0430\u043d\u044f\u0442\u0438\u0435 1.5 \u0447\u0430\u0441\u0430)", "account_id": 10765, "date_create": 1516651233, "status": 6, "price": "500", "client_id": 1108038, "roistat": "", "executor": "\u0412\u043b\u0430\u0441\u043e\u0432\u0430 (\u042f\u043a\u0443\u0448\u0435\u0432\u0430) \u0415\u043b\u0435\u043d\u0430 \u0421\u0435\u0440\u0433\u0435\u0435\u0432\u043d\u0430", "is_sale": false, "appointment_id": 1416295, "fields": {"1": "\u0412\u043b\u0430\u0441\u043e\u0432\u0430 (\u042f\u043a\u0443\u0448\u0435\u0432\u0430) \u0415\u043b\u0435\u043d\u0430 \u0421\u0435\u0440\u0433\u0435\u0435\u0432\u043d\u0430", "2": "https://klientiks.ru/clientix/client/default/id/1108038", "3": 10765}}, {"id": 1649195, "name": "\u0410\u044d\u0440\u043e\u0439\u043e\u0433\u0430 (1 \u0437\u0430\u043d\u044f\u0442\u0438\u0435 1.5 \u0447\u0430\u0441\u0430)", "account_id": 10765, "date_create": 1516651233, "status": 6, "price": "500", "client_id": 1108038, "roistat": "", "executor": "\u0412\u043b\u0430\u0441\u043e\u0432\u0430 (\u042f\u043a\u0443\u0448\u0435\u0432\u0430) \u0415\u043b\u0435\u043d\u0430 \u0421\u0435\u0440\u0433\u0435\u0435\u0432\u043d\u0430", "is_sale": false, "appointment_id": 1416296, "fields": {"1": "\u0412\u043b\u0430\u0441\u043e\u0432\u0430 (\u042f\u043a\u0443\u0448\u0435\u0432\u0430) \u0415\u043b\u0435\u043d\u0430 \u0421\u0435\u0440\u0433\u0435\u0435\u0432\u043d\u0430", "2": "https://klientiks.ru/clientix/client/default/id/1108038", "3": 10765}}, {"id": 1649196, "name": "\u041a\u043e\u043d\u0441\u0443\u043b\u044c\u0442\u0430\u0446\u0438\u044f \u0432\u0440\u0430\u0447\u0430 \u0430\u044e\u0440\u0432\u0435\u0434\u044b (60 \u043c\u0438\u043d)", "account_id": 10765, "date_create": 1516651234, "status": 6, "price": "2500", "client_id": 1121689, "roistat": "", "executor": "\u0410\u043d\u0430\u043d\u0434 \u041f\u0430\u0434\u0438\u043d\u0436\u0430\u0440\u0435 \u041a\u0443\u043d\u0430\u0442 \u0412\u0430\u0441\u0443\u0434\u0435\u0432\u0430\u043d", "is_sale": false, "appointment_id": 1416297, "fields": {"1": "\u0410\u043d\u0430\u043d\u0434 \u041f\u0430\u0434\u0438\u043d\u0436\u0430\u0440\u0435 \u041a\u0443\u043d\u0430\u0442 \u0412\u0430\u0441\u0443\u0434\u0435\u0432\u0430\u043d", "2": "https://klientiks.ru/clientix/client/default/id/1121689", "3": 10765}}, {"id": 1649197, "name": "\u0410\u044e\u0440\u0432\u0435\u0434\u0430 \u043e\u0437\u043d\u0430\u043a\u043e\u043c\u0438\u0442\u0435\u043b\u044c\u043d\u044b\u0439 \u0441\u0435\u0430\u043d\u0441 (60 \u043c\u0438\u043d)", "account_id": 10765, "date_create": 1516651235, "status": 6, "price": "2600", "client_id": 1121689, "roistat": "", "executor": "\u0420\u0430\u0433\u0438\u043b \u0420\u0430\u0434\u0436 \u0420\u0430\u0434\u0436\u0438\u0432", "is_sale": false, "appointment_id": 1416298, "fields": {"1": "\u0420\u0430\u0433\u0438\u043b \u0420\u0430\u0434\u0436 \u0420\u0430\u0434\u0436\u0438\u0432", "2": "https://klientiks.ru/clientix/client/default/id/1121689", "3": 10765}}, {"id": 1649198, "name": "\u0421\u0435\u0430\u043d\u0441 \u0432 \u043a\u0435\u0434\u0440\u043e\u0432\u043e\u0439 \u0431\u043e\u0447\u043a\u0435", "account_id": 10765, "date_create": 1516651235, "status": 6, "price": "300", "client_id": 1121689, "roistat": "", "executor": "\u041a\u0435\u0434\u0440\u043e\u0432\u0430\u044f \u0431\u043e\u0447\u043a\u0430", "is_sale": false, "appointment_id": 1416299, "fields": {"1": "\u041a\u0435\u0434\u0440\u043e\u0432\u0430\u044f \u0431\u043e\u0447\u043a\u0430", "2": "https://klientiks.ru/clientix/client/default/id/1121689", "3": 10765}}, {"id": 1649199, "name": "\u041c\u0443\u043a\u0445\u0430\u0431\u0445\u044a\u044f\u043d\u0433\u0430 (30 \u043c\u0438\u043d. \u041c\u0430\u0441\u0441\u0430\u0436 \u043b\u0438\u0446\u0430)", "account_id": 10765, "date_create": 1516651236, "status": 6, "price": "1100", "client_id": 1121689, "roistat": "", "executor": "\u0420\u0430\u0433\u0438\u043b \u0420\u0430\u0434\u0436 \u0420\u0430\u0434\u0436\u0438\u0432", "is_sale": false, "appointment_id": 1416300, "fields": {"1": "\u0420\u0430\u0433\u0438\u043b \u0420\u0430\u0434\u0436 \u0420\u0430\u0434\u0436\u0438\u0432", "2": "https://klientiks.ru/clientix/client/default/id/1121689", "3": 10765}}, {"id": 1649200, "name": "\u0410\u044d\u0440\u043e\u0439\u043e\u0433\u0430 (1 \u0437\u0430\u043d\u044f\u0442\u0438\u0435 1.5 \u0447\u0430\u0441\u0430)", "account_id": 10765, "date_create": 1516651236, "status": 6, "price": "500", "client_id": 1123557, "roistat": "", "executor": "\u041c\u0430\u0440\u043a\u0438\u043d\u0430 \u0422\u0430\u0442\u044c\u044f\u043d\u0430 \u0415\u0432\u0433\u0435\u043d\u044c\u0435\u0432\u043d\u0430", "is_sale": false, "appointment_id": 1416301, "fields": {"1": "\u041c\u0430\u0440\u043a\u0438\u043d\u0430 \u0422\u0430\u0442\u044c\u044f\u043d\u0430 \u0415\u0432\u0433\u0435\u043d\u044c\u0435\u0432\u043d\u0430", "2": "https://klientiks.ru/clientix/client/default/id/1123557", "3": 10765}}, {"id": 1649201, "name": "\u0410\u044d\u0440\u043e\u0439\u043e\u0433\u0430 (1 \u0437\u0430\u043d\u044f\u0442\u0438\u0435 1.5 \u0447\u0430\u0441\u0430)", "account_id": 10765, "date_create": 1516651237, "status": 6, "price": "500", "client_id": 1123557, "roistat": "", "executor": "\u041c\u0430\u0440\u043a\u0438\u043d\u0430 \u0422\u0430\u0442\u044c\u044f\u043d\u0430 \u0415\u0432\u0433\u0435\u043d\u044c\u0435\u0432\u043d\u0430", "is_sale": false, "appointment_id": 1416302, "fields": {"1": "\u041c\u0430\u0440\u043a\u0438\u043d\u0430 \u0422\u0430\u0442\u044c\u044f\u043d\u0430 \u0415\u0432\u0433\u0435\u043d\u044c\u0435\u0432\u043d\u0430", "2": "https://klientiks.ru/clientix/client/default/id/1123557", "3": 10765}}, {"id": 1649202, "name": "\u0410\u044d\u0440\u043e\u0439\u043e\u0433\u0430 (1 \u0437\u0430\u043d\u044f\u0442\u0438\u0435 1.5 \u0447\u0430\u0441\u0430)", "account_id": 10765, "date_create": 1516651238, "status": 6, "price": "500", "client_id": 1123557, "roistat": "", "executor": "\u041c\u0430\u0440\u043a\u0438\u043d\u0430 \u0422\u0430\u0442\u044c\u044f\u043d\u0430 \u0415\u0432\u0433\u0435\u043d\u044c\u0435\u0432\u043d\u0430", "is_sale": false, "appointment_id": 1416303, "fields": {"1": "\u041c\u0430\u0440\u043a\u0438\u043d\u0430 \u0422\u0430\u0442\u044c\u044f\u043d\u0430 \u0415\u0432\u0433\u0435\u043d\u044c\u0435\u0432\u043d\u0430", "2": "https://klientiks.ru/clientix/client/default/id/1123557", "3": 10765}}, {"id": 1649203, "name": "\u0410\u044d\u0440\u043e\u0439\u043e\u0433\u0430 (1 \u0437\u0430\u043d\u044f\u0442\u0438\u0435 1.5 \u0447\u0430\u0441\u0430)", "account_id": 10765, "date_create": 1516651238, "status": 6, "price": "500", "client_id": 1123557, "roistat": "", "executor": "\u041c\u0430\u0440\u043a\u0438\u043d\u0430 \u0422\u0430\u0442\u044c\u044f\u043d\u0430 \u0415\u0432\u0433\u0435\u043d\u044c\u0435\u0432\u043d\u0430", "is_sale": false, "appointment_id": 1416304, "fields": {"1": "\u041c\u0430\u0440\u043a\u0438\u043d\u0430 \u0422\u0430\u0442\u044c\u044f\u043d\u0430 \u0415\u0432\u0433\u0435\u043d\u044c\u0435\u0432\u043d\u0430", "2": "https://klientiks.ru/clientix/client/default/id/1123557", "3": 10765}}, {"id": 1649204, "name": "\u0410\u044d\u0440\u043e\u0439\u043e\u0433\u0430 (1 \u0437\u0430\u043d\u044f\u0442\u0438\u0435 1.5 \u0447\u0430\u0441\u0430)", "account_id": 10765, "date_create": 1516651239, "status": 6, "price": "500", "client_id": 1123557, "roistat": "", "executor": "\u041c\u0430\u0440\u043a\u0438\u043d\u0430 \u0422\u0430\u0442\u044c\u044f\u043d\u0430 \u0415\u0432\u0433\u0435\u043d\u044c\u0435\u0432\u043d\u0430", "is_sale": false, "appointment_id": 1416305, "fields": {"1": "\u041c\u0430\u0440\u043a\u0438\u043d\u0430 \u0422\u0430\u0442\u044c\u044f\u043d\u0430 \u0415\u0432\u0433\u0435\u043d\u044c\u0435\u0432\u043d\u0430", "2": "https://klientiks.ru/clientix/client/default/id/1123557", "3": 10765}}, {"id": 1649205, "name": "\u0410\u044d\u0440\u043e\u0439\u043e\u0433\u0430 (1 \u0437\u0430\u043d\u044f\u0442\u0438\u0435 1.5 \u0447\u0430\u0441\u0430)", "account_id": 10765, "date_create": 1516651240, "status": 6, "price": "500", "client_id": 1123557, "roistat": "", "executor": "\u041c\u0430\u0440\u043a\u0438\u043d\u0430 \u0422\u0430\u0442\u044c\u044f\u043d\u0430 \u0415\u0432\u0433\u0435\u043d\u044c\u0435\u0432\u043d\u0430", "is_sale": false, "appointment_id": 1416306, "fields": {"1": "\u041c\u0430\u0440\u043a\u0438\u043d\u0430 \u0422\u0430\u0442\u044c\u044f\u043d\u0430 \u0415\u0432\u0433\u0435\u043d\u044c\u0435\u0432\u043d\u0430", "2": "https://klientiks.ru/clientix/client/default/id/1123557", "3": 10765}}, {"id": 1649206, "name": "\u0410\u044d\u0440\u043e\u0439\u043e\u0433\u0430 (1 \u0437\u0430\u043d\u044f\u0442\u0438\u0435 1.5 \u0447\u0430\u0441\u0430)", "account_id": 10765, "date_create": 1516651241, "status": 6, "price": "500", "client_id": 1123557, "roistat": "", "executor": "\u041c\u0430\u0440\u043a\u0438\u043d\u0430 \u0422\u0430\u0442\u044c\u044f\u043d\u0430 \u0415\u0432\u0433\u0435\u043d\u044c\u0435\u0432\u043d\u0430", "is_sale": false, "appointment_id": 1416307, "fields": {"1": "\u041c\u0430\u0440\u043a\u0438\u043d\u0430 \u0422\u0430\u0442\u044c\u044f\u043d\u0430 \u0415\u0432\u0433\u0435\u043d\u044c\u0435\u0432\u043d\u0430", "2": "https://klientiks.ru/clientix/client/default/id/1123557", "3": 10765}}, {"id": 1649207, "name": "\u041a\u043e\u043d\u0441\u0443\u043b\u044c\u0442\u0430\u0446\u0438\u044f \u0432\u0440\u0430\u0447\u0430 \u0430\u044e\u0440\u0432\u0435\u0434\u044b \u043f\u043e\u0432\u0442\u043e\u0440\u043d\u0430\u044f (30 \u043c\u0438\u043d)", "account_id": 10765, "date_create": 1516651241, "status": 6, "price": "1250", "client_id": 1123557, "roistat": "", "executor": "\u041f\u0430\u0440\u0435\u0448 \u0414\u0436\u0430\u0434\u0445\u0430\u0432", "is_sale": false, "appointment_id": 1416308, "fields": {"1": "\u041f\u0430\u0440\u0435\u0448 \u0414\u0436\u0430\u0434\u0445\u0430\u0432", "2": "https://klientiks.ru/clientix/client/default/id/1123557", "3": 10765}}, {"id": 1649208, "name": "\u0410\u044d\u0440\u043e\u0439\u043e\u0433\u0430 (1 \u0437\u0430\u043d\u044f\u0442\u0438\u0435 1.5 \u0447\u0430\u0441\u0430)", "account_id": 10765, "date_create": 1516651242, "status": 6, "price": "500", "client_id": 1123557, "roistat": "", "executor": "\u041c\u0430\u0440\u043a\u0438\u043d\u0430 \u0422\u0430\u0442\u044c\u044f\u043d\u0430 \u0415\u0432\u0433\u0435\u043d\u044c\u0435\u0432\u043d\u0430", "is_sale": false, "appointment_id": 1416309, "fields": {"1": "\u041c\u0430\u0440\u043a\u0438\u043d\u0430 \u0422\u0430\u0442\u044c\u044f\u043d\u0430 \u0415\u0432\u0433\u0435\u043d\u044c\u0435\u0432\u043d\u0430", "2": "https://klientiks.ru/clientix/client/default/id/1123557", "3": 10765}}, {"id": 1649209, "name": "\u0410\u044d\u0440\u043e\u0439\u043e\u0433\u0430 (1 \u0437\u0430\u043d\u044f\u0442\u0438\u0435 1.5 \u0447\u0430\u0441\u0430)", "account_id": 10765, "date_create": 1516651243, "status": 6, "price": "500", "client_id": 1123557, "roistat": "", "executor": "\u041c\u0430\u0440\u043a\u0438\u043d\u0430 \u0422\u0430\u0442\u044c\u044f\u043d\u0430 \u0415\u0432\u0433\u0435\u043d\u044c\u0435\u0432\u043d\u0430", "is_sale": false, "appointment_id": 1416310, "fields": {"1": "\u041c\u0430\u0440\u043a\u0438\u043d\u0430 \u0422\u0430\u0442\u044c\u044f\u043d\u0430 \u0415\u0432\u0433\u0435\u043d\u044c\u0435\u0432\u043d\u0430", "2": "https://klientiks.ru/clientix/client/default/id/1123557", "3": 10765}}, {"id": 1649210, "name": "\u0410\u044d\u0440\u043e\u0439\u043e\u0433\u0430 (1 \u0437\u0430\u043d\u044f\u0442\u0438\u0435 1.5 \u0447\u0430\u0441\u0430)", "account_id": 10765, "date_create": 1516651244, "status": 6, "price": "500", "client_id": 1123557, "roistat": "", "executor": "\u041c\u0430\u0440\u043a\u0438\u043d\u0430 \u0422\u0430\u0442\u044c\u044f\u043d\u0430 \u0415\u0432\u0433\u0435\u043d\u044c\u0435\u0432\u043d\u0430", "is_sale": false, "appointment_id": 1416311, "fields": {"1": "\u041c\u0430\u0440\u043a\u0438\u043d\u0430 \u0422\u0430\u0442\u044c\u044f\u043d\u0430 \u0415\u0432\u0433\u0435\u043d\u044c\u0435\u0432\u043d\u0430", "2": "https://klientiks.ru/clientix/client/default/id/1123557", "3": 10765}}, {"id": 1649211, "name": "\u0410\u0431\u043e\u043d\u0435\u043c\u0435\u043d\u0442 \u0430\u044d\u0440\u043e\u0439\u043e\u0433\u0430 \u0443 \u041c\u0430\u0440\u043a\u0438\u043d\u043e\u0439 \u0422.\u0415. 8 \u0437\u0430\u043d\u044f\u0442\u0438\u0439", "account_id": 10765, "date_create": 1516651244, "status": 6, "price": "4000", "client_id": 1123557, "roistat": "", "executor": "\u041c\u0430\u0440\u043a\u0438\u043d\u0430 \u0422\u0430\u0442\u044c\u044f\u043d\u0430 \u0415\u0432\u0433\u0435\u043d\u044c\u0435\u0432\u043d\u0430", "is_sale": false, "appointment_id": 1416312, "fields": {"1": "\u041c\u0430\u0440\u043a\u0438\u043d\u0430 \u0422\u0430\u0442\u044c\u044f\u043d\u0430 \u0415\u0432\u0433\u0435\u043d\u044c\u0435\u0432\u043d\u0430", "2": "https://klientiks.ru/clientix/client/default/id/1123557", "3": 10765}}, {"id": 1649212, "name": "\u0410\u044d\u0440\u043e\u0439\u043e\u0433\u0430 (\u0430\u0431\u043e\u043d\u0435\u043c\u0435\u043d\u0442 \u043d\u0430 8 \u0437\u0430\u043d\u044f\u0442\u0438\u0439)", "account_id": 10765, "date_create": 1516651245, "status": 6, "price": "3600", "client_id": 1123557, "roistat": "", "executor": "\u041d\u0435\u0432\u0441\u043a\u0430\u044f \u0418\u0440\u0438\u043d\u0430 \u0412\u0438\u043a\u0442\u043e\u0440\u043e\u0432\u043d\u0430", "is_sale": false, "appointment_id": 1416313, "fields": {"1": "\u041d\u0435\u0432\u0441\u043a\u0430\u044f \u0418\u0440\u0438\u043d\u0430 \u0412\u0438\u043a\u0442\u043e\u0440\u043e\u0432\u043d\u0430", "2": "https://klientiks.ru/clientix/client/default/id/1123557", "3": 10765}}, {"id": 1649213, "name": "\u0410\u044d\u0440\u043e\u0439\u043e\u0433\u0430 \u0443 \u041c\u0430\u0440\u043a\u0438\u043d\u043e\u0439 \u0422.\u0415. (1.5 \u0447\u0430\u0441\u0430)", "account_id": 10765, "date_create": 1516651246, "status": 6, "price": "600", "client_id": 1123557, "roistat": "", "executor": "\u041c\u0430\u0440\u043a\u0438\u043d\u0430 \u0422\u0430\u0442\u044c\u044f\u043d\u0430 \u0415\u0432\u0433\u0435\u043d\u044c\u0435\u0432\u043d\u0430", "is_sale": false, "appointment_id": 1416314, "fields": {"1": "\u041c\u0430\u0440\u043a\u0438\u043d\u0430 \u0422\u0430\u0442\u044c\u044f\u043d\u0430 \u0415\u0432\u0433\u0435\u043d\u044c\u0435\u0432\u043d\u0430", "2": "https://klientiks.ru/clientix/client/default/id/1123557", "3": 10765}}, {"id": 1649214, "name": "\u0410\u044d\u0440\u043e\u0439\u043e\u0433\u0430 \u0443 \u041c\u0430\u0440\u043a\u0438\u043d\u043e\u0439 \u0422.\u0415. (1.5 \u0447\u0430\u0441\u0430)", "account_id": 10765, "date_create": 1516651247, "status": 6, "price": "600", "client_id": 1123557, "roistat": "", "executor": "\u041c\u0430\u0440\u043a\u0438\u043d\u0430 \u0422\u0430\u0442\u044c\u044f\u043d\u0430 \u0415\u0432\u0433\u0435\u043d\u044c\u0435\u0432\u043d\u0430", "is_sale": false, "appointment_id": 1416315, "fields": {"1": "\u041c\u0430\u0440\u043a\u0438\u043d\u0430 \u0422\u0430\u0442\u044c\u044f\u043d\u0430 \u0415\u0432\u0433\u0435\u043d\u044c\u0435\u0432\u043d\u0430", "2": "https://klientiks.ru/clientix/client/default/id/1123557", "3": 10765}}, {"id": 1649215, "name": "\u0410\u044d\u0440\u043e\u0439\u043e\u0433\u0430 \u0443 \u041c\u0430\u0440\u043a\u0438\u043d\u043e\u0439 \u0422.\u0415. (1.5 \u0447\u0430\u0441\u0430)", "account_id": 10765, "date_create": 1516651247, "status": 6, "price": "600", "client_id": 1123557, "roistat": "", "executor": "\u041c\u0430\u0440\u043a\u0438\u043d\u0430 \u0422\u0430\u0442\u044c\u044f\u043d\u0430 \u0415\u0432\u0433\u0435\u043d\u044c\u0435\u0432\u043d\u0430", "is_sale": false, "appointment_id": 1416316, "fields": {"1": "\u041c\u0430\u0440\u043a\u0438\u043d\u0430 \u0422\u0430\u0442\u044c\u044f\u043d\u0430 \u0415\u0432\u0433\u0435\u043d\u044c\u0435\u0432\u043d\u0430", "2": "https://klientiks.ru/clientix/client/default/id/1123557", "3": 10765}}, {"id": 1649216, "name": "\u0410\u0431\u043e\u043d\u0435\u043c\u0435\u043d\u0442 \u0430\u044d\u0440\u043e\u0439\u043e\u0433\u0430 \u0443 \u041c\u0430\u0440\u043a\u0438\u043d\u043e\u0439 \u0422.\u0415. 9 \u0437\u0430\u043d\u044f\u0442\u0438\u0439", "account_id": 10765, "date_create": 1516651248, "status": 6, "price": "4500", "client_id": 1123557, "roistat": "", "executor": "\u041c\u0430\u0440\u043a\u0438\u043d\u0430 \u0422\u0430\u0442\u044c\u044f\u043d\u0430 \u0415\u0432\u0433\u0435\u043d\u044c\u0435\u0432\u043d\u0430", "is_sale": false, "appointment_id": 1416317, "fields": {"1": "\u041c\u0430\u0440\u043a\u0438\u043d\u0430 \u0422\u0430\u0442\u044c\u044f\u043d\u0430 \u0415\u0432\u0433\u0435\u043d\u044c\u0435\u0432\u043d\u0430", "2": "https://klientiks.ru/clientix/client/default/id/1123557", "3": 10765}}, {"id": 1649217, "name": "\u0410\u044d\u0440\u043e\u0439\u043e\u0433\u0430 \u0434\u043b\u044f \u0441\u043e\u0442\u0440\u0443\u0434\u043d\u0438\u043a\u043e\u0432", "account_id": 10765, "date_create": 1516651249, "status": 6, "price": "400", "client_id": 1123557, "roistat": "", "executor": "\u041c\u0430\u0440\u043a\u0438\u043d\u0430 \u0422\u0430\u0442\u044c\u044f\u043d\u0430 \u0415\u0432\u0433\u0435\u043d\u044c\u0435\u0432\u043d\u0430", "is_sale": false, "appointment_id": 1416318, "fields": {"1": "\u041c\u0430\u0440\u043a\u0438\u043d\u0430 \u0422\u0430\u0442\u044c\u044f\u043d\u0430 \u0415\u0432\u0433\u0435\u043d\u044c\u0435\u0432\u043d\u0430", "2": "https://klientiks.ru/clientix/client/default/id/1123557", "3": 10765}}, {"id": 1649218, "name": "\u0410\u044d\u0440\u043e\u0439\u043e\u0433\u0430 (1 \u0437\u0430\u043d\u044f\u0442\u0438\u0435 1.5 \u0447\u0430\u0441\u0430)", "account_id": 10765, "date_create": 1516651250, "status": 6, "price": "500", "client_id": 1123557, "roistat": "", "executor": "\u0413\u0435\u0440\u0430\u0441\u0438\u043c\u043e\u0432\u0430 \u041e\u043a\u0441\u0430\u043d\u0430 \u0422\u0430\u0440\u0430\u0441\u043e\u0432\u043d\u0430", "is_sale": false, "appointment_id": 1416319, "fields": {"1": "\u0413\u0435\u0440\u0430\u0441\u0438\u043c\u043e\u0432\u0430 \u041e\u043a\u0441\u0430\u043d\u0430 \u0422\u0430\u0440\u0430\u0441\u043e\u0432\u043d\u0430", "2": "https://klientiks.ru/clientix/client/default/id/1123557", "3": 10765}}], "pagination": {"total_count": 22602, "limit": 50, "page_number": 1}, "total_count": 22602, "page_number": 1}
2020-08-23 01:20:56,765 - Requesting data chunk https://klientiks.ru/clientix/Restapi/list/a/390b96e2763e/u/d969c9cde78c/t/073de5009f21b34afa022cfa7ca2c124/m/AppointmentClientLinks/ik/orders/rvwk/status,statuses/?date=10&offset=19450
2020-08-23 01:20:56,768 - Starting new HTTPS connection (1): klientiks.ru:443
2020-08-23 01:20:56,936 - OCSP Mode: FAIL_OPEN, OCSP response cache file name: None
2020-08-23 01:20:56,937 - ocsp_response_cache_uri: file://C:/Users/dmitry.mitrofanov/AppData/Local/Snowflake/Caches/ocsp_response_cache.json
2020-08-23 01:20:56,937 - OCSP_VALIDATION_CACHE size: 140
2020-08-23 01:20:56,937 - OCSP response cache server is enabled: http://ocsp.snowflakecomputing.com/ocsp_response_cache.json
2020-08-23 01:20:56,937 - OCSP dynamic cache server RETRY URL: None
2020-08-23 01:20:56,942 - Verifying the attached certificate is signed by the issuer. Valid Not After: 2025-05-12 23:58:59+00:00
2020-08-23 01:20:56,943 - Verifying the attached certificate is signed by the issuer. Valid Not After: 2025-05-12 23:58:59+00:00
2020-08-23 01:20:56,944 - Verifying the attached certificate is signed by the issuer. Valid Not After: 2023-06-11 20:40:26+00:00
2020-08-23 01:20:56,945 - Verifying the attached certificate is signed by the issuer. Valid Not After: 2023-06-11 20:40:26+00:00
2020-08-23 01:20:56,946 - Verifying the attached certificate is signed by the issuer. Valid Not After: 2023-06-11 20:44:21+00:00
2020-08-23 01:20:56,948 - Verifying the attached certificate is signed by the issuer. Valid Not After: 2023-06-11 20:44:21+00:00
2020-08-23 01:20:56,949 - Verifying the attached certificate is signed by the issuer. Valid Not After: 2021-12-14 07:00:00+00:00
2020-08-23 01:20:56,950 - Verifying the attached certificate is signed by the issuer. Valid Not After: 2021-12-14 07:00:00+00:00
2020-08-23 01:20:56,952 - Verifying the attached certificate is signed by the issuer. Valid Not After: 2025-05-12 23:58:59+00:00
2020-08-23 01:20:56,953 - Verifying the attached certificate is signed by the issuer. Valid Not After: 2025-05-12 23:58:59+00:00
2020-08-23 01:20:56,955 - Verifying the attached certificate is signed by the issuer. Valid Not After: 2025-05-12 23:58:59+00:00
2020-08-23 01:20:56,957 - Verifying the attached certificate is signed by the issuer. Valid Not After: 2025-05-12 23:58:59+00:00
2020-08-23 01:20:56,958 - Verifying the attached certificate is signed by the issuer. Valid Not After: 2025-05-12 23:58:59+00:00
2020-08-23 01:20:56,959 - Verifying the attached certificate is signed by the issuer. Valid Not After: 2025-05-12 23:58:59+00:00
2020-08-23 01:20:56,969 - Verifying the attached certificate is signed by the issuer. Valid Not After: 2025-05-12 23:58:59+00:00
2020-08-23 01:20:56,970 - Verifying the attached certificate is signed by the issuer. Valid Not After: 2025-05-12 23:58:59+00:00
2020-08-23 01:20:56,973 - Verifying the attached certificate is signed by the issuer. Valid Not After: 2021-04-02 17:08:26+00:00
2020-08-23 01:20:56,974 - Verifying the attached certificate is signed by the issuer. Valid Not After: 2021-04-02 17:08:26+00:00
2020-08-23 01:20:56,976 - Verifying the attached certificate is signed by the issuer. Valid Not After: 2021-04-02 17:13:33+00:00
2020-08-23 01:20:56,977 - Verifying the attached certificate is signed by the issuer. Valid Not After: 2021-04-02 17:13:33+00:00
2020-08-23 01:20:56,979 - Verifying the attached certificate is signed by the issuer. Valid Not After: 2021-04-02 16:58:09+00:00
2020-08-23 01:20:56,980 - Verifying the attached certificate is signed by the issuer. Valid Not After: 2021-04-02 16:58:09+00:00
2020-08-23 01:20:56,997 - Verifying the attached certificate is signed by the issuer. Valid Not After: 2021-04-02 17:13:33+00:00
2020-08-23 01:20:56,998 - Verifying the attached certificate is signed by the issuer. Valid Not After: 2021-04-02 17:13:33+00:00
2020-08-23 01:20:56,999 - Verifying the attached certificate is signed by the issuer. Valid Not After: 2021-04-02 17:08:26+00:00
2020-08-23 01:20:57,000 - Verifying the attached certificate is signed by the issuer. Valid Not After: 2021-04-02 17:08:26+00:00
2020-08-23 01:20:57,002 - Verifying the attached certificate is signed by the issuer. Valid Not After: 2021-04-02 17:03:51+00:00
2020-08-23 01:20:57,003 - Verifying the attached certificate is signed by the issuer. Valid Not After: 2021-04-02 17:03:51+00:00
2020-08-23 01:20:57,004 - Verifying the attached certificate is signed by the issuer. Valid Not After: 2021-04-02 16:58:09+00:00
2020-08-23 01:20:57,006 - Verifying the attached certificate is signed by the issuer. Valid Not After: 2021-04-02 16:58:09+00:00
2020-08-23 01:20:57,008 - Verifying the attached certificate is signed by the issuer. Valid Not After: 2021-04-02 17:03:51+00:00
2020-08-23 01:20:57,009 - Verifying the attached certificate is signed by the issuer. Valid Not After: 2021-04-02 17:03:51+00:00
2020-08-23 01:20:57,010 - Verifying the attached certificate is signed by the issuer. Valid Not After: 2021-04-02 17:03:51+00:00
2020-08-23 01:20:57,011 - Verifying the attached certificate is signed by the issuer. Valid Not After: 2021-04-02 17:03:51+00:00
2020-08-23 01:20:57,027 - Verifying the attached certificate is signed by the issuer. Valid Not After: 2021-04-02 17:13:33+00:00
2020-08-23 01:20:57,029 - Verifying the attached certificate is signed by the issuer. Valid Not After: 2021-04-02 17:13:33+00:00
2020-08-23 01:20:57,030 - Read OCSP response cache file: C:/Users/dmitry.mitrofanov/AppData/Local/Snowflake/Caches/ocsp_response_cache.json, count=140
2020-08-23 01:20:57,031 - validating certificate: klientiks.ru
2020-08-23 01:20:57,031 - skipping OCSP check: klientiks.ru
2020-08-23 01:20:57,991 - https://klientiks.ru:443 "GET /clientix/Restapi/list/a/390b96e2763e/u/d969c9cde78c/t/073de5009f21b34afa022cfa7ca2c124/m/AppointmentClientLinks/ik/orders/rvwk/status,statuses/?date=10&offset=19450 HTTP/1.1" 200 None
2020-08-23 01:20:57,997 - {"offset": 19500, "count": 50, "limit": 50, "statuses": [{"id": 1, "name": "scheduled"}, {"id": 2, "name": "sms_confirmation_sent"}, {"id": 3, "name": "cancelled_by_sms"}, {"id": 4, "name": "confirmed"}, {"id": 5, "name": "in_progress"}, {"id": 6, "name": "finished"}, {"id": 7, "name": "cancelled"}, {"id": 8, "name": "missed"}, {"id": 9, "name": "arrived"}], "fields": [{"id": "1", "name": "\u0418\u0441\u043f\u043e\u043b\u043d\u0438\u0442\u0435\u043b\u044c"}, {"id": "2", "name": "\u0421\u0441\u044b\u043b\u043a\u0430 \u043d\u0430 \u043a\u043b\u0438\u0435\u043d\u0442\u0430"}, {"id": "3", "name": "\u0410\u0439\u0434\u0438 \u0430\u043a\u043a\u0430\u0443\u043d\u0442\u0430"}], "orders": [{"id": 6607810, "name": "\u0410\u044d\u0440\u043e\u0439\u043e\u0433\u0430 (90 \u043c\u0438\u043d)", "account_id": 10765, "date_create": 1582872496, "status": 6, "price": "0", "client_id": 1122837, "roistat": "\u043f\u043e\u0441\u0442\u043e\u044f\u043d\u043d\u044b\u0439 \u043a\u043b\u0438\u0435\u043d\u0442", "executor": "\u0421\u043e\u0431\u0435\u043d\u043d\u0438\u043a\u043e\u0432\u0430 \u041e\u043a\u0441\u0430\u043d\u0430 \u042e\u0440\u044c\u0435\u0432\u043d\u0430", "is_sale": false, "appointment_id": 5833285, "fields": {"1": "\u0421\u043e\u0431\u0435\u043d\u043d\u0438\u043a\u043e\u0432\u0430 \u041e\u043a\u0441\u0430\u043d\u0430 \u042e\u0440\u044c\u0435\u0432\u043d\u0430", "2": "https://klientiks.ru/clientix/client/default/id/1122837", "3": 10765}}, {"id": 6607812, "name": "\u0410\u044d\u0440\u043e\u0439\u043e\u0433\u0430 (90 \u043c\u0438\u043d)", "account_id": 10765, "date_create": 1582872499, "status": 6, "price": "0", "client_id": 2877520, "roistat": "\u0438\u043d\u0442\u0435\u0440\u043d\u0435\u0442", "executor": "\u0421\u043e\u0431\u0435\u043d\u043d\u0438\u043a\u043e\u0432\u0430 \u041e\u043a\u0441\u0430\u043d\u0430 \u042e\u0440\u044c\u0435\u0432\u043d\u0430", "is_sale": false, "appointment_id": 5833285, "fields": {"1": "\u0421\u043e\u0431\u0435\u043d\u043d\u0438\u043a\u043e\u0432\u0430 \u041e\u043a\u0441\u0430\u043d\u0430 \u042e\u0440\u044c\u0435\u0432\u043d\u0430", "2": "https://klientiks.ru/clientix/client/default/id/2877520", "3": 10765}}, {"id": 6608043, "name": "\u0410\u044e\u0440\u0432\u0435\u0434\u0430 \u043a\u043e\u043d\u0441\u0443\u043b\u044c\u0442\u0430\u0446\u0438\u044f \u0432\u0440\u0430\u0447\u0430 (60 \u043c\u0438\u043d)", "account_id": 10765, "date_create": 1582873655, "status": 6, "price": "3500", "client_id": 3319006, "roistat": "\u0412\u0445\u043e\u0434\u044f\u0449\u0438\u0439 \u0437\u0432\u043e\u043d\u043e\u043a", "executor": "\u041f\u0440\u0430\u0432\u0438\u043d \u0421\u0443\u0440\u0435\u043d\u0434\u0440\u0430\u043d\u043f\u0438\u043b\u0430\u0439 \u0412\u0430\u0441\u0430\u043d\u0442\u0430\u043a\u0443\u043c\u0430\u0440\u0438", "is_sale": false, "appointment_id": 5851965, "fields": {"1": "\u041f\u0440\u0430\u0432\u0438\u043d \u0421\u0443\u0440\u0435\u043d\u0434\u0440\u0430\u043d\u043f\u0438\u043b\u0430\u0439 \u0412\u0430\u0441\u0430\u043d\u0442\u0430\u043a\u0443\u043c\u0430\u0440\u0438", "2": "https://klientiks.ru/clientix/client/default/id/3319006", "3": 10765}}, {"id": 6609060, "name": "\u0420\u043e\u0437\u043e\u0432\u044f_\u0432\u043e\u0434\u0430_Khadi", "account_id": 10765, "date_create": 1582877952, "status": 6, "price": "400", "client_id": 1108070, "roistat": "\u0438\u043d\u0442\u0435\u0440\u043d\u0435\u0442", "executor": "\u0410\u0445\u043c\u0435\u0434\u043e\u0432\u0430 \u0422\u0430\u0442\u044c\u044f\u043d\u0430 \u041b\u0435\u043e\u043d\u0438\u0434\u043e\u0432\u043d\u0430", "is_sale": true, "appointment_id": 5852875, "fields": {"1": "\u0410\u0445\u043c\u0435\u0434\u043e\u0432\u0430 \u0422\u0430\u0442\u044c\u044f\u043d\u0430 \u041b\u0435\u043e\u043d\u0438\u0434\u043e\u0432\u043d\u0430", "2": "https://klientiks.ru/clientix/client/default/id/1108070", "3": 10765}}, {"id": 6609134, "name": "\u0420\u043e\u0437\u043e\u0432\u044f_\u0432\u043e\u0434\u0430_Khadi", "account_id": 10765, "date_create": 1582878286, "status": 6, "price": "400", "client_id": 1297843, "roistat": "\u0440\u044f\u0434\u043e\u043c \u0436\u0438\u0432\u0435\u0442", "executor": "\u0410\u0445\u043c\u0435\u0434\u043e\u0432\u0430 \u0422\u0430\u0442\u044c\u044f\u043d\u0430 \u041b\u0435\u043e\u043d\u0438\u0434\u043e\u0432\u043d\u0430", "is_sale": true, "appointment_id": 5852970, "fields": {"1": "\u0410\u0445\u043c\u0435\u0434\u043e\u0432\u0430 \u0422\u0430\u0442\u044c\u044f\u043d\u0430 \u041b\u0435\u043e\u043d\u0438\u0434\u043e\u0432\u043d\u0430", "2": "https://klientiks.ru/clientix/client/default/id/1297843", "3": 10765}}, {"id": 6609341, "name": "Chyawanaprasham_Nagarjuna 500g", "account_id": 10765, "date_create": 1582879137, "status": 6, "price": "700", "client_id": 3215797, "roistat": "\u0438\u043d\u0442\u0435\u0440\u043d\u0435\u0442", "executor": "\u0410\u0445\u043c\u0435\u0434\u043e\u0432\u0430 \u0422\u0430\u0442\u044c\u044f\u043d\u0430 \u041b\u0435\u043e\u043d\u0438\u0434\u043e\u0432\u043d\u0430", "is_sale": true, "appointment_id": 5853140, "fields": {"1": "\u0410\u0445\u043c\u0435\u0434\u043e\u0432\u0430 \u0422\u0430\u0442\u044c\u044f\u043d\u0430 \u041b\u0435\u043e\u043d\u0438\u0434\u043e\u0432\u043d\u0430", "2": "https://klientiks.ru/clientix/client/default/id/3215797", "3": 10765}}, {"id": 6609378, "name": "Chyawanaprasham_Nagarjuna 500g", "account_id": 10765, "date_create": 1582879329, "status": 6, "price": "700", "client_id": 3014911, "roistat": "\u043e\u0442 \u0437\u043d\u0430\u043a\u043e\u043c\u044b\u0445", "executor": "\u0410\u0445\u043c\u0435\u0434\u043e\u0432\u0430 \u0422\u0430\u0442\u044c\u044f\u043d\u0430 \u041b\u0435\u043e\u043d\u0438\u0434\u043e\u0432\u043d\u0430", "is_sale": true, "appointment_id": 5853176, "fields": {"1": "\u0410\u0445\u043c\u0435\u0434\u043e\u0432\u0430 \u0422\u0430\u0442\u044c\u044f\u043d\u0430 \u041b\u0435\u043e\u043d\u0438\u0434\u043e\u0432\u043d\u0430", "2": "https://klientiks.ru/clientix/client/default/id/3014911", "3": 10765}}, {"id": 6609424, "name": "Itone_eye_drop_\u043a\u0430\u043f\u043b\u0438,Chyawanaprasham_Nagarjuna 500g,Itone_eye_drop_\u043a\u0430\u043f\u043b\u0438,Chyawanaprasham_Nagarjuna 500g", "account_id": 10765, "date_create": 1582879528, "status": 6, "price": "980", "client_id": 3058502, "roistat": "\u043e\u0442 \u0437\u043d\u0430\u043a\u043e\u043c\u044b\u0445", "executor": "\u0410\u0445\u043c\u0435\u0434\u043e\u0432\u0430 \u0422\u0430\u0442\u044c\u044f\u043d\u0430 \u041b\u0435\u043e\u043d\u0438\u0434\u043e\u0432\u043d\u0430", "is_sale": true, "appointment_id": 5853219, "fields": {"1": "\u0410\u0445\u043c\u0435\u0434\u043e\u0432\u0430 \u0422\u0430\u0442\u044c\u044f\u043d\u0430 \u041b\u0435\u043e\u043d\u0438\u0434\u043e\u0432\u043d\u0430", "2": "https://klientiks.ru/clientix/client/default/id/3058502", "3": 10765}}, {"id": 6609494, "name": "\u0410\u044d\u0440\u043e\u0439\u043e\u0433\u0430 (90 \u043c\u0438\u043d)", "account_id": 10765, "date_create": 1582879922, "status": 6, "price": "0", "client_id": 3144287, "roistat": "\u0438\u043d\u0442\u0435\u0440\u043d\u0435\u0442", "executor": "\u0421\u043e\u0431\u0435\u043d\u043d\u0438\u043a\u043e\u0432\u0430 \u041e\u043a\u0441\u0430\u043d\u0430 \u042e\u0440\u044c\u0435\u0432\u043d\u0430", "is_sale": false, "appointment_id": 5833242, "fields": {"1": "\u0421\u043e\u0431\u0435\u043d\u043d\u0438\u043a\u043e\u0432\u0430 \u041e\u043a\u0441\u0430\u043d\u0430 \u042e\u0440\u044c\u0435\u0432\u043d\u0430", "2": "https://klientiks.ru/clientix/client/default/id/3144287", "3": 10765}}, {"id": 6609665, "name": "\u0410\u044d\u0440\u043e\u0439\u043e\u0433\u0430 (90 \u043c\u0438\u043d)", "account_id": 10765, "date_create": 1582880922, "status": 6, "price": "0", "client_id": 1108070, "roistat": "\u0438\u043d\u0442\u0435\u0440\u043d\u0435\u0442", "executor": "\u0421\u043e\u0431\u0435\u043d\u043d\u0438\u043a\u043e\u0432\u0430 \u041e\u043a\u0441\u0430\u043d\u0430 \u042e\u0440\u044c\u0435\u0432\u043d\u0430", "is_sale": false, "appointment_id": 5833243, "fields": {"1": "\u0421\u043e\u0431\u0435\u043d\u043d\u0438\u043a\u043e\u0432\u0430 \u041e\u043a\u0441\u0430\u043d\u0430 \u042e\u0440\u044c\u0435\u0432\u043d\u0430", "2": "https://klientiks.ru/clientix/client/default/id/1108070", "3": 10765}}, {"id": 6609667, "name": "\u0410\u044d\u0440\u043e\u0439\u043e\u0433\u0430 (90 \u043c\u0438\u043d)", "account_id": 10765, "date_create": 1582880934, "status": 6, "price": "0", "client_id": 3014911, "roistat": "\u043e\u0442 \u0437\u043d\u0430\u043a\u043e\u043c\u044b\u0445", "executor": "\u0421\u043e\u0431\u0435\u043d\u043d\u0438\u043a\u043e\u0432\u0430 \u041e\u043a\u0441\u0430\u043d\u0430 \u042e\u0440\u044c\u0435\u0432\u043d\u0430", "is_sale": false, "appointment_id": 5833243, "fields": {"1": "\u0421\u043e\u0431\u0435\u043d\u043d\u0438\u043a\u043e\u0432\u0430 \u041e\u043a\u0441\u0430\u043d\u0430 \u042e\u0440\u044c\u0435\u0432\u043d\u0430", "2": "https://klientiks.ru/clientix/client/default/id/3014911", "3": 10765}}, {"id": 6609779, "name": "Drakshadi_kashayam_200ml", "account_id": 10765, "date_create": 1582881396, "status": 6, "price": "850", "client_id": 3188843, "roistat": "\u0438\u043d\u0442\u0435\u0440\u043d\u0435\u0442", "executor": "\u0410\u0445\u043c\u0435\u0434\u043e\u0432\u0430 \u0422\u0430\u0442\u044c\u044f\u043d\u0430 \u041b\u0435\u043e\u043d\u0438\u0434\u043e\u0432\u043d\u0430", "is_sale": true, "appointment_id": 5853564, "fields": {"1": "\u0410\u0445\u043c\u0435\u0434\u043e\u0432\u0430 \u0422\u0430\u0442\u044c\u044f\u043d\u0430 \u041b\u0435\u043e\u043d\u0438\u0434\u043e\u0432\u043d\u0430", "2": "https://klientiks.ru/clientix/client/default/id/3188843", "3": 10765}}, {"id": 6609863, "name": "\u0423\u043c\u0430\u0441\u043b\u0438\u0432\u0430\u043d\u0438\u0435  (30 \u043c\u0438\u043d.),\u0423\u043c\u0430\u0441\u043b\u0438\u0432\u0430\u043d\u0438\u0435  (30 \u043c\u0438\u043d.),\u0428\u0438\u0440\u043e\u0434\u0445\u0430\u0440\u0430 (60 \u043c\u0438\u043d. \u0441\u0442\u0440\u0443\u044f\u0449\u0435\u0435\u0441\u044f \u043c\u0430\u0441\u043b\u043e \u043d\u0430 \u043b\u043e\u0431),\u0428\u0438\u0440\u043e\u0434\u0445\u0430\u0440\u0430 (60 \u043c\u0438\u043d. \u0441\u0442\u0440\u0443\u044f\u0449\u0435\u0435\u0441\u044f \u043c\u0430\u0441\u043b\u043e \u043d\u0430 \u043b\u043e\u0431)", "account_id": 10765, "date_create": 1582881858, "status": 6, "price": "0", "client_id": 3058502, "roistat": "\u043e\u0442 \u0437\u043d\u0430\u043a\u043e\u043c\u044b\u0445", "executor": "\u0424\u0438\u043b\u0438\u043f \u0412\u0438\u043c\u0430\u043b\u0430 \u0412\u0438\u043f\u0438\u043d", "is_sale": false, "appointment_id": 5853640, "fields": {"1": "\u0424\u0438\u043b\u0438\u043f \u0412\u0438\u043c\u0430\u043b\u0430 \u0412\u0438\u043f\u0438\u043d", "2": "https://klientiks.ru/clientix/client/default/id/3058502", "3": 10765}}, {"id": 6610697, "name": "\u0410\u044e\u0440\u0432\u0435\u0434\u0430 \u043a\u043e\u043d\u0441\u0443\u043b\u044c\u0442\u0430\u0446\u0438\u044f \u0432\u0440\u0430\u0447\u0430 (60 \u043c\u0438\u043d)", "account_id": 10765, "date_create": 1582886384, "status": 7, "price": null, "client_id": 3321057, "roistat": "\u0432\u043a", "executor": "\u041f\u0440\u0430\u0432\u0438\u043d \u0421\u0443\u0440\u0435\u043d\u0434\u0440\u0430\u043d\u043f\u0438\u043b\u0430\u0439 \u0412\u0430\u0441\u0430\u043d\u0442\u0430\u043a\u0443\u043c\u0430\u0440\u0438", "is_sale": false, "appointment_id": 5854476, "fields": {"1": "\u041f\u0440\u0430\u0432\u0438\u043d \u0421\u0443\u0440\u0435\u043d\u0434\u0440\u0430\u043d\u043f\u0438\u043b\u0430\u0439 \u0412\u0430\u0441\u0430\u043d\u0442\u0430\u043a\u0443\u043c\u0430\u0440\u0438", "2": "https://klientiks.ru/clientix/client/default/id/3321057", "3": 10765}}, {"id": 6611326, "name": "\u0410\u044e\u0440\u0432\u0435\u0434\u0430 \u043f\u043e\u0432\u0442\u043e\u0440\u043d\u0430\u044f \u043a\u043e\u043d\u0441\u0443\u043b\u044c\u0442\u0430\u0446\u0438\u044f \u0434\u043e\u043a\u0442\u043e\u0440\u0430 \u0412\u0430\u0440\u0443\u043d (30 \u043c\u0438\u043d.)", "account_id": 10765, "date_create": 1582889618, "status": 6, "price": "2000", "client_id": 2542180, "roistat": "\u043e\u0442 \u0437\u043d\u0430\u043a\u043e\u043c\u044b\u0445", "executor": "\u0412\u0430\u0440\u0443\u043d", "is_sale": false, "appointment_id": 5855067, "fields": {"1": "\u0412\u0430\u0440\u0443\u043d", "2": "https://klientiks.ru/clientix/client/default/id/2542180", "3": 10765}}, {"id": 6611774, "name": "\u0410\u044d\u0440\u043e\u0439\u043e\u0433\u0430 (90 \u043c\u0438\u043d)", "account_id": 10765, "date_create": 1582891766, "status": 6, "price": "0", "client_id": 1122031, "roistat": "\u0441\u043e\u0442\u0440\u0443\u0434\u043d\u0438\u043a", "executor": "\u0421\u043e\u0431\u0435\u043d\u043d\u0438\u043a\u043e\u0432\u0430 \u041e\u043a\u0441\u0430\u043d\u0430 \u042e\u0440\u044c\u0435\u0432\u043d\u0430", "is_sale": false, "appointment_id": 5543994, "fields": {"1": "\u0421\u043e\u0431\u0435\u043d\u043d\u0438\u043a\u043e\u0432\u0430 \u041e\u043a\u0441\u0430\u043d\u0430 \u042e\u0440\u044c\u0435\u0432\u043d\u0430", "2": "https://klientiks.ru/clientix/client/default/id/1122031", "3": 10765}}, {"id": 6611781, "name": "\u0410\u044d\u0440\u043e\u0439\u043e\u0433\u0430 (90 \u043c\u0438\u043d)", "account_id": 10765, "date_create": 1582891793, "status": 6, "price": "0", "client_id": 1109904, "roistat": "\u0441\u043e\u0442\u0440\u0443\u0434\u043d\u0438\u043a", "executor": "\u0421\u043e\u0431\u0435\u043d\u043d\u0438\u043a\u043e\u0432\u0430 \u041e\u043a\u0441\u0430\u043d\u0430 \u042e\u0440\u044c\u0435\u0432\u043d\u0430", "is_sale": false, "appointment_id": 5833284, "fields": {"1": "\u0421\u043e\u0431\u0435\u043d\u043d\u0438\u043a\u043e\u0432\u0430 \u041e\u043a\u0441\u0430\u043d\u0430 \u042e\u0440\u044c\u0435\u0432\u043d\u0430", "2": "https://klientiks.ru/clientix/client/default/id/1109904", "3": 10765}}, {"id": 6612051, "name": "\u0410\u044e\u0440\u0432\u0435\u0434\u0430 \u043f\u043e\u0432\u0442\u043e\u0440\u043d\u0430\u044f \u043a\u043e\u043d\u0441\u0443\u043b\u044c\u0442\u0430\u0446\u0438\u044f \u0432\u0440\u0430\u0447\u0430 \u0432 \u043d\u0430\u0437\u043d\u0430\u0447\u0435\u043d\u043d\u044b\u0439 \u0441\u0440\u043e\u043a (30 \u043c\u0438\u043d)", "account_id": 10765, "date_create": 1582893369, "status": 6, "price": "2000", "client_id": 1122769, "roistat": "\u0412\u0445\u043e\u0434\u044f\u0449\u0438\u0439 \u0437\u0432\u043e\u043d\u043e\u043a", "executor": "\u041f\u0440\u0430\u0432\u0438\u043d \u0421\u0443\u0440\u0435\u043d\u0434\u0440\u0430\u043d\u043f\u0438\u043b\u0430\u0439 \u0412\u0430\u0441\u0430\u043d\u0442\u0430\u043a\u0443\u043c\u0430\u0440\u0438", "is_sale": false, "appointment_id": 5855752, "fields": {"1": "\u041f\u0440\u0430\u0432\u0438\u043d \u0421\u0443\u0440\u0435\u043d\u0434\u0440\u0430\u043d\u043f\u0438\u043b\u0430\u0439 \u0412\u0430\u0441\u0430\u043d\u0442\u0430\u043a\u0443\u043c\u0430\u0440\u0438", "2": "https://klientiks.ru/clientix/client/default/id/1122769", "3": 10765}}, {"id": 6612512, "name": "\u0410\u044e\u0440\u0432\u0435\u0434\u0430 \u043f\u043e\u0432\u0442\u043e\u0440\u043d\u0430\u044f  \u043a\u043e\u043d\u0441\u0443\u043b\u044c\u0442\u0430\u0446\u0438\u044f \u0432\u0440\u0430\u0447\u0430 (30 \u043c\u0438\u043d)", "account_id": 10765, "date_create": 1582895755, "status": 7, "price": null, "client_id": 2758536, "roistat": "\u043e\u0442 \u0437\u043d\u0430\u043a\u043e\u043c\u044b\u0445", "executor": "\u041f\u0440\u0430\u0432\u0438\u043d \u0421\u0443\u0440\u0435\u043d\u0434\u0440\u0430\u043d\u043f\u0438\u043b\u0430\u0439 \u0412\u0430\u0441\u0430\u043d\u0442\u0430\u043a\u0443\u043c\u0430\u0440\u0438", "is_sale": false, "appointment_id": 5856150, "fields": {"1": "\u041f\u0440\u0430\u0432\u0438\u043d \u0421\u0443\u0440\u0435\u043d\u0434\u0440\u0430\u043d\u043f\u0438\u043b\u0430\u0439 \u0412\u0430\u0441\u0430\u043d\u0442\u0430\u043a\u0443\u043c\u0430\u0440\u0438", "2": "https://klientiks.ru/clientix/client/default/id/2758536", "3": 10765}}, {"id": 6613111, "name": "Sukumara_Kashayam_200 ml", "account_id": 10765, "date_create": 1582899890, "status": 6, "price": "800", "client_id": 3258794, "roistat": "\u0412\u0445\u043e\u0434\u044f\u0449\u0438\u0439 \u0437\u0432\u043e\u043d\u043e\u043a", "executor": "\u0410\u0445\u043c\u0435\u0434\u043e\u0432\u0430 \u0422\u0430\u0442\u044c\u044f\u043d\u0430 \u041b\u0435\u043e\u043d\u0438\u0434\u043e\u0432\u043d\u0430", "is_sale": true, "appointment_id": 5856720, "fields": {"1": "\u0410\u0445\u043c\u0435\u0434\u043e\u0432\u0430 \u0422\u0430\u0442\u044c\u044f\u043d\u0430 \u041b\u0435\u043e\u043d\u0438\u0434\u043e\u0432\u043d\u0430", "2": "https://klientiks.ru/clientix/client/default/id/3258794", "3": 10765}}, {"id": 6613142, "name": "\u0410\u044d\u0440\u043e\u0439\u043e\u0433\u0430 (90 \u043c\u0438\u043d)", "account_id": 10765, "date_create": 1582900096, "status": 6, "price": "800", "client_id": 3244018, "roistat": "\u0438\u043d\u0442\u0435\u0440\u043d\u0435\u0442", "executor": "\u0412\u043b\u0430\u0441\u043e\u0432\u0430 \u0415\u043b\u0435\u043d\u0430 \u0421\u0435\u0440\u0433\u0435\u0435\u0432\u043d\u0430", "is_sale": false, "appointment_id": 5762040, "fields": {"1": "\u0412\u043b\u0430\u0441\u043e\u0432\u0430 \u0415\u043b\u0435\u043d\u0430 \u0421\u0435\u0440\u0433\u0435\u0435\u0432\u043d\u0430", "2": "https://klientiks.ru/clientix/client/default/id/3244018", "3": 10765}}, {"id": 6613439, "name": "\u0428\u0430\u043c\u043f\u0443\u043d\u044c_Trichup,\u041a\u0430\u0440\u0434\u043e\u043c\u043e\u043d_\u0437\u0435\u043b\u0435\u043d\u044b\u0439,Brahmarasayanam_200ml,\u041a\u0430\u0440\u0434\u043e\u043c\u043e\u043d_\u0437\u0435\u043b\u0435\u043d\u044b\u0439,\u0428\u0430\u043c\u043f\u0443\u043d\u044c_Trichup,Brahmarasayanam_200ml,\u041a\u0430\u0440\u0434\u043e\u043c\u043e\u043d_\u0437\u0435\u043b\u0435\u043d\u044b\u0439,Brahmarasayanam_200ml,\u0428\u0430\u043c\u043f\u0443\u043d\u044c_Trichup", "account_id": 10765, "date_create": 1582901878, "status": 6, "price": "1250", "client_id": 3276868, "roistat": "\u0412\u0445\u043e\u0434\u044f\u0449\u0438\u0439 \u0437\u0432\u043e\u043d\u043e\u043a", "executor": "\u0410\u0445\u043c\u0435\u0434\u043e\u0432\u0430 \u0422\u0430\u0442\u044c\u044f\u043d\u0430 \u041b\u0435\u043e\u043d\u0438\u0434\u043e\u0432\u043d\u0430", "is_sale": true, "appointment_id": 5857007, "fields": {"1": "\u0410\u0445\u043c\u0435\u0434\u043e\u0432\u0430 \u0422\u0430\u0442\u044c\u044f\u043d\u0430 \u041b\u0435\u043e\u043d\u0438\u0434\u043e\u0432\u043d\u0430", "2": "https://klientiks.ru/clientix/client/default/id/3276868", "3": 10765}}, {"id": 6613600, "name": "Arjunarishtam_450ml", "account_id": 10765, "date_create": 1582902783, "status": 6, "price": "835", "client_id": 2623071, "roistat": "\u0441\u043e\u0442\u0440\u0443\u0434\u043d\u0438\u043a", "executor": "\u0410\u0445\u043c\u0435\u0434\u043e\u0432\u0430 \u0422\u0430\u0442\u044c\u044f\u043d\u0430 \u041b\u0435\u043e\u043d\u0438\u0434\u043e\u0432\u043d\u0430", "is_sale": true, "appointment_id": 5857122, "fields": {"1": "\u0410\u0445\u043c\u0435\u0434\u043e\u0432\u0430 \u0422\u0430\u0442\u044c\u044f\u043d\u0430 \u041b\u0435\u043e\u043d\u0438\u0434\u043e\u0432\u043d\u0430", "2": "https://klientiks.ru/clientix/client/default/id/2623071", "3": 10765}}, {"id": 6614597, "name": "\u0410\u044e\u0440\u0432\u0435\u0434\u0430 \u043f\u043e\u0432\u0442\u043e\u0440\u043d\u0430\u044f \u043a\u043e\u043d\u0441\u0443\u043b\u044c\u0442\u0430\u0446\u0438\u044f \u0432\u0440\u0430\u0447\u0430 \u0432 \u043d\u0430\u0437\u043d\u0430\u0447\u0435\u043d\u043d\u044b\u0439 \u0441\u0440\u043e\u043a (30 \u043c\u0438\u043d)", "account_id": 10765, "date_create": 1582905636, "status": 6, "price": "2000", "client_id": 1383790, "roistat": "\u0421\u043e\u0432\u0435\u0442 \u0414\u0440\u0443\u0437\u0435\u0439", "executor": "\u041f\u0440\u0430\u0432\u0438\u043d \u0421\u0443\u0440\u0435\u043d\u0434\u0440\u0430\u043d\u043f\u0438\u043b\u0430\u0439 \u0412\u0430\u0441\u0430\u043d\u0442\u0430\u043a\u0443\u043c\u0430\u0440\u0438", "is_sale": false, "appointment_id": 5857428, "fields": {"1": "\u041f\u0440\u0430\u0432\u0438\u043d \u0421\u0443\u0440\u0435\u043d\u0434\u0440\u0430\u043d\u043f\u0438\u043b\u0430\u0439 \u0412\u0430\u0441\u0430\u043d\u0442\u0430\u043a\u0443\u043c\u0430\u0440\u0438", "2": "https://klientiks.ru/clientix/client/default/id/1383790", "3": 10765}}, {"id": 6614744, "name": "\u041a\u0430\u043b\u0430\u0440\u0438 \u043c\u0430\u0441\u0441\u0430\u0436 (60 \u043c\u0438\u043d. \u043d\u043e\u0436\u043d\u043e\u0439 \u043c\u0430\u0441\u043b\u044f\u043d\u044b\u0439 \u043c\u0430\u0441\u0441\u0430\u0436)", "account_id": 10765, "date_create": 1582906765, "status": 6, "price": "0", "client_id": 2936299, "roistat": "\u0412\u0445\u043e\u0434\u044f\u0449\u0438\u0439 \u0437\u0432\u043e\u043d\u043e\u043a,\u043e\u0442 \u0437\u043d\u0430\u043a\u043e\u043c\u044b\u0445", "executor": "\u0424\u0438\u043b\u0438\u043f \u0412\u0438\u043c\u0430\u043b\u0430 \u0412\u0438\u043f\u0438\u043d", "is_sale": false, "appointment_id": 5857568, "fields": {"1": "\u0424\u0438\u043b\u0438\u043f \u0412\u0438\u043c\u0430\u043b\u0430 \u0412\u0438\u043f\u0438\u043d", "2": "https://klientiks.ru/clientix/client/default/id/2936299", "3": 10765}}, {"id": 6614748, "name": "\u0410\u0431\u0445\u044a\u044f\u043d\u0433\u0430 \u043c\u0430\u0441\u0441\u0430\u0436 (60 \u043c\u0438\u043d. \u0440\u0443\u0447\u043d\u043e\u0439 \u043c\u0430\u0441\u043b\u044f\u043d\u044b\u0439 \u043c\u0430\u0441\u0441\u0430\u0436 \u0432 2 \u0440\u0443\u043a\u0438)", "account_id": 10765, "date_create": 1582906812, "status": 6, "price": "0", "client_id": 2936299, "roistat": "\u0412\u0445\u043e\u0434\u044f\u0449\u0438\u0439 \u0437\u0432\u043e\u043d\u043e\u043a,\u043e\u0442 \u0437\u043d\u0430\u043a\u043e\u043c\u044b\u0445", "executor": "\u041d\u0438\u0431\u0438\u043d \u041a\u043e\u0434\u0430\u0442 \u0414\u0438\u043d\u0435\u0441\u0430\u043d", "is_sale": false, "appointment_id": 5857573, "fields": {"1": "\u041d\u0438\u0431\u0438\u043d \u041a\u043e\u0434\u0430\u0442 \u0414\u0438\u043d\u0435\u0441\u0430\u043d", "2": "https://klientiks.ru/clientix/client/default/id/2936299", "3": 10765}}, {"id": 6614839, "name": "\u0423\u043c\u0430\u0441\u043b\u0438\u0432\u0430\u043d\u0438\u0435  (30 \u043c\u0438\u043d.)", "account_id": 10765, "date_create": 1582907560, "status": 6, "price": "1440", "client_id": 1123631, "roistat": "\u043f\u043e\u0441\u0442\u043e\u044f\u043d\u043d\u044b\u0439 \u043a\u043b\u0438\u0435\u043d\u0442", "executor": "\u0428\u0440\u0438\u0442\u0430", "is_sale": false, "appointment_id": 5857654, "fields": {"1": "\u0428\u0440\u0438\u0442\u0430", "2": "https://klientiks.ru/clientix/client/default/id/1123631", "3": 10765}}, {"id": 6614872, "name": "\u0423\u043c\u0430\u0441\u043b\u0438\u0432\u0430\u043d\u0438\u0435  (30 \u043c\u0438\u043d.)", "account_id": 10765, "date_create": 1582908126, "status": 6, "price": "1440", "client_id": 1123631, "roistat": "\u043f\u043e\u0441\u0442\u043e\u044f\u043d\u043d\u044b\u0439 \u043a\u043b\u0438\u0435\u043d\u0442", "executor": "\u0428\u0440\u0438\u0442\u0430", "is_sale": false, "appointment_id": 5857693, "fields": {"1": "\u0428\u0440\u0438\u0442\u0430", "2": "https://klientiks.ru/clientix/client/default/id/1123631", "3": 10765}}, {"id": 6614880, "name": "Koflet_1_\u043a\u043e\u043d\u0444\u0435\u0442\u0430", "account_id": 10765, "date_create": 1582908200, "status": 6, "price": "150", "client_id": 1123631, "roistat": "\u043f\u043e\u0441\u0442\u043e\u044f\u043d\u043d\u044b\u0439 \u043a\u043b\u0438\u0435\u043d\u0442", "executor": "\u0410\u0445\u043c\u0435\u0434\u043e\u0432\u0430 \u0422\u0430\u0442\u044c\u044f\u043d\u0430 \u041b\u0435\u043e\u043d\u0438\u0434\u043e\u0432\u043d\u0430", "is_sale": true, "appointment_id": 5857701, "fields": {"1": "\u0410\u0445\u043c\u0435\u0434\u043e\u0432\u0430 \u0422\u0430\u0442\u044c\u044f\u043d\u0430 \u041b\u0435\u043e\u043d\u0438\u0434\u043e\u0432\u043d\u0430", "2": "https://klientiks.ru/clientix/client/default/id/1123631", "3": 10765}}, {"id": 6614887, "name": "\u041a\u0430\u043b\u0430\u0440\u0438 \u043c\u0430\u0441\u0441\u0430\u0436 (60 \u043c\u0438\u043d. \u043d\u043e\u0436\u043d\u043e\u0439 \u043c\u0430\u0441\u043b\u044f\u043d\u044b\u0439 \u043c\u0430\u0441\u0441\u0430\u0436)", "account_id": 10765, "date_create": 1582908326, "status": 6, "price": "0", "client_id": 2936299, "roistat": "\u0412\u0445\u043e\u0434\u044f\u0449\u0438\u0439 \u0437\u0432\u043e\u043d\u043e\u043a,\u043e\u0442 \u0437\u043d\u0430\u043a\u043e\u043c\u044b\u0445", "executor": "\u0424\u0438\u043b\u0438\u043f \u0412\u0438\u043c\u0430\u043b\u0430 \u0412\u0438\u043f\u0438\u043d", "is_sale": false, "appointment_id": 5857708, "fields": {"1": "\u0424\u0438\u043b\u0438\u043f \u0412\u0438\u043c\u0430\u043b\u0430 \u0412\u0438\u043f\u0438\u043d", "2": "https://klientiks.ru/clientix/client/default/id/2936299", "3": 10765}}, {"id": 6614892, "name": "\u041a\u0430\u043b\u0430\u0440\u0438 \u043c\u0430\u0441\u0441\u0430\u0436 (60 \u043c\u0438\u043d. \u043d\u043e\u0436\u043d\u043e\u0439 \u043c\u0430\u0441\u043b\u044f\u043d\u044b\u0439 \u043c\u0430\u0441\u0441\u0430\u0436)", "account_id": 10765, "date_create": 1582908371, "status": 7, "price": null, "client_id": 2936299, "roistat": "\u0412\u0445\u043e\u0434\u044f\u0449\u0438\u0439 \u0437\u0432\u043e\u043d\u043e\u043a,\u043e\u0442 \u0437\u043d\u0430\u043a\u043e\u043c\u044b\u0445", "executor": "\u0424\u0438\u043b\u0438\u043f \u0412\u0438\u043c\u0430\u043b\u0430 \u0412\u0438\u043f\u0438\u043d", "is_sale": false, "appointment_id": 5857714, "fields": {"1": "\u0424\u0438\u043b\u0438\u043f \u0412\u0438\u043c\u0430\u043b\u0430 \u0412\u0438\u043f\u0438\u043d", "2": "https://klientiks.ru/clientix/client/default/id/2936299", "3": 10765}}, {"id": 6616355, "name": "\u041c\u0443\u043a\u0445\u0430\u0431\u0445\u044a\u044f\u043d\u0433\u0430 (30 \u043c\u0438\u043d. \u043c\u0430\u0441\u0441\u0430\u0436 \u043b\u0438\u0446\u0430),\u0410\u0431\u0445\u044a\u044f\u043d\u0433\u0430 \u043c\u0430\u0441\u0441\u0430\u0436 (60 \u043c\u0438\u043d. \u0440\u0443\u0447\u043d\u043e\u0439 \u043c\u0430\u0441\u043b\u044f\u043d\u044b\u0439 \u043c\u0430\u0441\u0441\u0430\u0436 \u0432 2 \u0440\u0443\u043a\u0438),\u041c\u0443\u043a\u0445\u0430\u0431\u0445\u044a\u044f\u043d\u0433\u0430 (30 \u043c\u0438\u043d. \u043c\u0430\u0441\u0441\u0430\u0436 \u043b\u0438\u0446\u0430),\u0410\u0431\u0445\u044a\u044f\u043d\u0433\u0430 \u043c\u0430\u0441\u0441\u0430\u0436 (60 \u043c\u0438\u043d. \u0440\u0443\u0447\u043d\u043e\u0439 \u043c\u0430\u0441\u043b\u044f\u043d\u044b\u0439 \u043c\u0430\u0441\u0441\u0430\u0436 \u0432 2 \u0440\u0443\u043a\u0438)", "account_id": 10765, "date_create": 1582958255, "status": 6, "price": "4400", "client_id": 2942716, "roistat": "\u0412\u0445\u043e\u0434\u044f\u0449\u0438\u0439 \u0437\u0432\u043e\u043d\u043e\u043a", "executor": "\u0428\u0440\u0438\u0442\u0430", "is_sale": false, "appointment_id": 5858940, "fields": {"1": "\u0428\u0440\u0438\u0442\u0430", "2": "https://klientiks.ru/clientix/client/default/id/2942716", "3": 10765}}, {"id": 6616633, "name": "\u0410\u044e\u0440\u0432\u0435\u0434\u0430 \u043a\u043e\u043d\u0441\u0443\u043b\u044c\u0442\u0430\u0446\u0438\u044f \u0432\u0440\u0430\u0447\u0430 (60 \u043c\u0438\u043d)", "account_id": 10765, "date_create": 1582960279, "status": 7, "price": null, "client_id": 3332399, "roistat": "\u0412\u0445\u043e\u0434\u044f\u0449\u0438\u0439 \u0437\u0432\u043e\u043d\u043e\u043a,\u0418\u043d\u0442\u0435\u0440\u043d\u0435\u0442", "executor": "\u041f\u0440\u0430\u0432\u0438\u043d \u0421\u0443\u0440\u0435\u043d\u0434\u0440\u0430\u043d\u043f\u0438\u043b\u0430\u0439 \u0412\u0430\u0441\u0430\u043d\u0442\u0430\u043a\u0443\u043c\u0430\u0440\u0438", "is_sale": false, "appointment_id": 5859207, "fields": {"1": "\u041f\u0440\u0430\u0432\u0438\u043d \u0421\u0443\u0440\u0435\u043d\u0434\u0440\u0430\u043d\u043f\u0438\u043b\u0430\u0439 \u0412\u0430\u0441\u0430\u043d\u0442\u0430\u043a\u0443\u043c\u0430\u0440\u0438", "2": "https://klientiks.ru/clientix/client/default/id/3332399", "3": 10765}}, {"id": 6617138, "name": "Tiktaka_Kwatham_100tab", "account_id": 10765, "date_create": 1582962755, "status": 6, "price": "1250", "client_id": 2695457, "roistat": "\u043e\u0442 \u0437\u043d\u0430\u043a\u043e\u043c\u044b\u0445", "executor": "\u0410\u0445\u043c\u0435\u0434\u043e\u0432\u0430 \u0422\u0430\u0442\u044c\u044f\u043d\u0430 \u041b\u0435\u043e\u043d\u0438\u0434\u043e\u0432\u043d\u0430", "is_sale": true, "appointment_id": 5859697, "fields": {"1": "\u0410\u0445\u043c\u0435\u0434\u043e\u0432\u0430 \u0422\u0430\u0442\u044c\u044f\u043d\u0430 \u041b\u0435\u043e\u043d\u0438\u0434\u043e\u0432\u043d\u0430", "2": "https://klientiks.ru/clientix/client/default/id/2695457", "3": 10765}}, {"id": 6617942, "name": "\u041a\u043e\u043d\u0441\u0443\u043b\u044c\u0442\u0430\u0446\u0438\u044f \u0430\u0441\u0442\u0440\u043e\u043b\u043e\u0433\u0430 \u0420\u0430\u0433\u0445\u0443\u043d\u0430\u0442\u0445  \u0441\u043a\u0430\u0439\u043f", "account_id": 10765, "date_create": 1582966621, "status": 7, "price": null, "client_id": 3325787, "roistat": "\u0412\u0445\u043e\u0434\u044f\u0449\u0438\u0439 \u0437\u0432\u043e\u043d\u043e\u043a,\u0418\u043d\u0442\u0435\u0440\u043d\u0435\u0442", "executor": "\u0420\u0430\u0433\u0445\u0443\u043d\u0430\u0442\u0445 \u041c\u0435\u043d\u043e\u043d", "is_sale": false, "appointment_id": 5860448, "fields": {"1": "\u0420\u0430\u0433\u0445\u0443\u043d\u0430\u0442\u0445 \u041c\u0435\u043d\u043e\u043d", "2": "https://klientiks.ru/clientix/client/default/id/3325787", "3": 10765}}, {"id": 6618358, "name": "\u0410\u044e\u0440\u0432\u0435\u0434\u0430 \u043a\u043e\u043d\u0441\u0443\u043b\u044c\u0442\u0430\u0446\u0438\u044f \u0432\u0440\u0430\u0447\u0430 (60 \u043c\u0438\u043d)", "account_id": 10765, "date_create": 1582968635, "status": 6, "price": "3200", "client_id": 3332878, "roistat": "\u0412\u0445\u043e\u0434\u044f\u0449\u0438\u0439 \u0437\u0432\u043e\u043d\u043e\u043a", "executor": "\u041f\u0440\u0430\u0432\u0438\u043d \u0421\u0443\u0440\u0435\u043d\u0434\u0440\u0430\u043d\u043f\u0438\u043b\u0430\u0439 \u0412\u0430\u0441\u0430\u043d\u0442\u0430\u043a\u0443\u043c\u0430\u0440\u0438", "is_sale": false, "appointment_id": 5860861, "fields": {"1": "\u041f\u0440\u0430\u0432\u0438\u043d \u0421\u0443\u0440\u0435\u043d\u0434\u0440\u0430\u043d\u043f\u0438\u043b\u0430\u0439 \u0412\u0430\u0441\u0430\u043d\u0442\u0430\u043a\u0443\u043c\u0430\u0440\u0438", "2": "https://klientiks.ru/clientix/client/default/id/3332878", "3": 10765}}, {"id": 6618409, "name": "\u0410\u044e\u0440\u0432\u0435\u0434\u0430 \u043a\u043e\u043d\u0441\u0443\u043b\u044c\u0442\u0430\u0446\u0438\u044f \u0432\u0440\u0430\u0447\u0430 (60 \u043c\u0438\u043d)", "account_id": 10765, "date_create": 1582968860, "status": 6, "price": "3200", "client_id": 3332903, "roistat": "\u0412\u0445\u043e\u0434\u044f\u0449\u0438\u0439 \u0437\u0432\u043e\u043d\u043e\u043a,\u0418\u043d\u0442\u0435\u0440\u043d\u0435\u0442", "executor": "\u041f\u0440\u0430\u0432\u0438\u043d \u0421\u0443\u0440\u0435\u043d\u0434\u0440\u0430\u043d\u043f\u0438\u043b\u0430\u0439 \u0412\u0430\u0441\u0430\u043d\u0442\u0430\u043a\u0443\u043c\u0430\u0440\u0438", "is_sale": false, "appointment_id": 5860916, "fields": {"1": "\u041f\u0440\u0430\u0432\u0438\u043d \u0421\u0443\u0440\u0435\u043d\u0434\u0440\u0430\u043d\u043f\u0438\u043b\u0430\u0439 \u0412\u0430\u0441\u0430\u043d\u0442\u0430\u043a\u0443\u043c\u0430\u0440\u0438", "2": "https://klientiks.ru/clientix/client/default/id/3332903", "3": 10765}}, {"id": 6618428, "name": "Drakshadi_kashayam_200ml,Ashwagandha_60tab_Kutir's,Septilin_Himalaya_60 tab,\u041a\u0443\u043d\u0436\u0443\u0442\u043d\u043e\u0435_\u043c\u0430\u0441\u043b\u043e_\u041a\u0430\u043c\u0430\u043b\u0430,Drakshadi_kashayam_200ml,Drakshadi_kashayam_200ml,Septilin_Himalaya_60 tab,Ashwagandha_60tab_Kutir's,Avipathi_choornam_30g,\u041a\u0443\u043d\u0436\u0443\u0442\u043d\u043e\u0435_\u043c\u0430\u0441\u043b\u043e_\u041a\u0430\u043c\u0430\u043b\u0430,Septilin_Himalaya_60 tab,Ashwagandha_60tab_Kutir's,Avipathi_choornam_30g,\u041a\u0443\u043d\u0436\u0443\u0442\u043d\u043e\u0435_\u043c\u0430\u0441\u043b\u043e_\u041a\u0430\u043c\u0430\u043b\u0430,Drakshadi_kashayam_200ml,Septilin_Himalaya_60 tab,Ashwagandha_60tab_Kutir's,Avipathi_choornam_30g,\u041a\u0443\u043d\u0436\u0443\u0442\u043d\u043e\u0435_\u043c\u0430\u0441\u043b\u043e_\u041a\u0430\u043c\u0430\u043b\u0430,Drakshadi_kashayam_200ml,Septilin_Himalaya_60 tab,Ashwagandha_60tab_Kutir's,Avipathi_choornam_30g,\u041a\u0443\u043d\u0436\u0443\u0442\u043d\u043e\u0435_\u043c\u0430\u0441\u043b\u043e_\u041a\u0430\u043c\u0430\u043b\u0430,Avipathi_choornam_30g", "account_id": 10765, "date_create": 1582968967, "status": 6, "price": "1750", "client_id": 3255176, "roistat": "\u043e\u0442 \u0437\u043d\u0430\u043a\u043e\u043c\u044b\u0445,\u0418\u043d\u0442\u0435\u0440\u043d\u0435\u0442", "executor": "\u0410\u0445\u043c\u0435\u0434\u043e\u0432\u0430 \u0422\u0430\u0442\u044c\u044f\u043d\u0430 \u041b\u0435\u043e\u043d\u0438\u0434\u043e\u0432\u043d\u0430", "is_sale": true, "appointment_id": 5860936, "fields": {"1": "\u0410\u0445\u043c\u0435\u0434\u043e\u0432\u0430 \u0422\u0430\u0442\u044c\u044f\u043d\u0430 \u041b\u0435\u043e\u043d\u0438\u0434\u043e\u0432\u043d\u0430", "2": "https://klientiks.ru/clientix/client/default/id/3255176", "3": 10765}}, {"id": 6618714, "name": "\u0410\u0431\u0445\u044a\u044f\u043d\u0433\u0430 \u043c\u0430\u0441\u0441\u0430\u0436 (60 \u043c\u0438\u043d. \u0440\u0443\u0447\u043d\u043e\u0439 \u043c\u0430\u0441\u043b\u044f\u043d\u044b\u0439 \u043c\u0430\u0441\u0441\u0430\u0436 \u0432 2 \u0440\u0443\u043a\u0438)", "account_id": 10765, "date_create": 1582970573, "status": 6, "price": "3200", "client_id": 3255176, "roistat": "\u043e\u0442 \u0437\u043d\u0430\u043a\u043e\u043c\u044b\u0445,\u0418\u043d\u0442\u0435\u0440\u043d\u0435\u0442", "executor": "\u0428\u0440\u0438\u0442\u0430", "is_sale": false, "appointment_id": 5727454, "fields": {"1": "\u0428\u0440\u0438\u0442\u0430", "2": "https://klientiks.ru/clientix/client/default/id/3255176", "3": 10765}}, {"id": 6619065, "name": "\u0410\u044e\u0440\u0432\u0435\u0434\u0430 \u043f\u043e\u0432\u0442\u043e\u0440\u043d\u0430\u044f \u043a\u043e\u043d\u0441\u0443\u043b\u044c\u0442\u0430\u0446\u0438\u044f \u0432\u0440\u0430\u0447\u0430 \u0432 \u043d\u0430\u0437\u043d\u0430\u0447\u0435\u043d\u043d\u044b\u0439 \u0441\u0440\u043e\u043a (30 \u043c\u0438\u043d)", "account_id": 10765, "date_create": 1582972818, "status": 7, "price": null, "client_id": 3255176, "roistat": "\u043e\u0442 \u0437\u043d\u0430\u043a\u043e\u043c\u044b\u0445,\u0418\u043d\u0442\u0435\u0440\u043d\u0435\u0442", "executor": "\u041f\u0440\u0430\u0432\u0438\u043d \u0421\u0443\u0440\u0435\u043d\u0434\u0440\u0430\u043d\u043f\u0438\u043b\u0430\u0439 \u0412\u0430\u0441\u0430\u043d\u0442\u0430\u043a\u0443\u043c\u0430\u0440\u0438", "is_sale": false, "appointment_id": 5861541, "fields": {"1": "\u041f\u0440\u0430\u0432\u0438\u043d \u0421\u0443\u0440\u0435\u043d\u0434\u0440\u0430\u043d\u043f\u0438\u043b\u0430\u0439 \u0412\u0430\u0441\u0430\u043d\u0442\u0430\u043a\u0443\u043c\u0430\u0440\u0438", "2": "https://klientiks.ru/clientix/client/default/id/3255176", "3": 10765}}, {"id": 6619635, "name": "\u0410\u0431\u0445\u044a\u044f\u043d\u0433\u0430 \u043c\u0430\u0441\u0441\u0430\u0436 (60 \u043c\u0438\u043d. \u0440\u0443\u0447\u043d\u043e\u0439 \u043c\u0430\u0441\u043b\u044f\u043d\u044b\u0439 \u043c\u0430\u0441\u0441\u0430\u0436 \u0432 2 \u0440\u0443\u043a\u0438)", "account_id": 10765, "date_create": 1582976474, "status": 7, "price": null, "client_id": 2319865, "roistat": "\u0412\u0445\u043e\u0434\u044f\u0449\u0438\u0439 \u0437\u0432\u043e\u043d\u043e\u043a", "executor": "\u0410\u043f\u043f\u043e", "is_sale": false, "appointment_id": 5862108, "fields": {"1": "\u0410\u043f\u043f\u043e", "2": "https://klientiks.ru/clientix/client/default/id/2319865", "3": 10765}}, {"id": 6619896, "name": "\u041a\u0438\u0436\u0438 \u043c\u0430\u0441\u0441\u0430\u0436 (60 \u043c\u0438\u043d. \u043f\u0438\u043d\u0434\u0430\u0441\u0432\u0435\u0434\u0430\u043d\u0430, \u043c\u0430\u0441\u0441\u0430\u0436 \u043c\u0435\u0448\u043e\u0447\u043a\u0430\u043c\u0438 \u0432 2 \u0440\u0443\u043a\u0438)", "account_id": 10765, "date_create": 1582978641, "status": 7, "price": null, "client_id": 3122840, "roistat": "\u0420\u043e\u0434\u0441\u0442\u0432\u0435\u043d\u043d\u0438\u043a \u043d\u0430\u0448\u0435\u0433\u043e \u043a\u043b\u0438\u0435\u043d\u0442\u0430", "executor": "\u0424\u0438\u043b\u0438\u043f \u0412\u0438\u043c\u0430\u043b\u0430 \u0412\u0438\u043f\u0438\u043d", "is_sale": false, "appointment_id": 5862352, "fields": {"1": "\u0424\u0438\u043b\u0438\u043f \u0412\u0438\u043c\u0430\u043b\u0430 \u0412\u0438\u043f\u0438\u043d", "2": "https://klientiks.ru/clientix/client/default/id/3122840", "3": 10765}}, {"id": 6620022, "name": "\u0410\u044e\u0440\u0432\u0435\u0434\u0430 \u043f\u043e\u0432\u0442\u043e\u0440\u043d\u0430\u044f  \u043a\u043e\u043d\u0441\u0443\u043b\u044c\u0442\u0430\u0446\u0438\u044f \u043f\u0440\u0438\u0433\u043b\u0430\u0448\u0435\u043d\u043d\u043e\u0433\u043e \u0441\u043f\u0435\u0446\u0438\u0430\u043b\u0438\u0441\u0442\u0430 (30 \u043c\u0438\u043d)", "account_id": 10765, "date_create": 1582979786, "status": 6, "price": "2500", "client_id": 2823274, "roistat": "\u0421\u043e\u0432\u0435\u0442 \u0414\u0440\u0443\u0437\u0435\u0439,\u0438\u043d\u0442\u0435\u0440\u043d\u0435\u0442", "executor": "\u0414\u0436\u0430\u0442\u0445\u0430\u0432 \u041f\u0430\u0440\u0435\u0448", "is_sale": false, "appointment_id": 5862466, "fields": {"1": "\u0414\u0436\u0430\u0442\u0445\u0430\u0432 \u041f\u0430\u0440\u0435\u0448", "2": "https://klientiks.ru/clientix/client/default/id/2823274", "3": 10765}}, {"id": 6620738, "name": "\u0421\u0435\u0430\u043d\u0441 \u0432 \u043a\u0435\u0434\u0440\u043e\u0432\u043e\u0439 \u0431\u043e\u0447\u043a\u0435 \u0441 \u0444\u0438\u0442\u043e\u0441\u0431\u043e\u0440\u043e\u043c,\u0421\u0435\u0430\u043d\u0441 \u0432 \u043a\u0435\u0434\u0440\u043e\u0432\u043e\u0439 \u0431\u043e\u0447\u043a\u0435 \u0441 \u0444\u0438\u0442\u043e\u0441\u0431\u043e\u0440\u043e\u043c,\u0410\u0431\u0445\u044a\u044f\u043d\u0433\u0430 \u043c\u0430\u0441\u0441\u0430\u0436 (60 \u043c\u0438\u043d. \u0440\u0443\u0447\u043d\u043e\u0439 \u043c\u0430\u0441\u043b\u044f\u043d\u044b\u0439 \u043c\u0430\u0441\u0441\u0430\u0436 \u0432 2 \u0440\u0443\u043a\u0438),\u0410\u0431\u0445\u044a\u044f\u043d\u0433\u0430 \u043c\u0430\u0441\u0441\u0430\u0436 (60 \u043c\u0438\u043d. \u0440\u0443\u0447\u043d\u043e\u0439 \u043c\u0430\u0441\u043b\u044f\u043d\u044b\u0439 \u043c\u0430\u0441\u0441\u0430\u0436 \u0432 2 \u0440\u0443\u043a\u0438)", "account_id": 10765, "date_create": 1582985690, "status": 6, "price": "0", "client_id": 3263662, "roistat": "\u043f\u043e\u0441\u0442\u043e\u044f\u043d\u043d\u044b\u0439 \u043a\u043b\u0438\u0435\u043d\u0442", "executor": "\u0428\u0440\u0438\u0442\u0430", "is_sale": false, "appointment_id": 5863078, "fields": {"1": "\u0428\u0440\u0438\u0442\u0430", "2": "https://klientiks.ru/clientix/client/default/id/3263662", "3": 10765}}, {"id": 6620742, "name": "\u041a\u0430\u043b\u0430\u0440\u0438 \u043c\u0430\u0441\u0441\u0430\u0436 (60 \u043c\u0438\u043d. \u043d\u043e\u0436\u043d\u043e\u0439 \u043c\u0430\u0441\u043b\u044f\u043d\u044b\u0439 \u043c\u0430\u0441\u0441\u0430\u0436),\u0412\u0438\u0440\u0435\u0447\u0430\u043d\u0430 (\u0441\u043b\u0430\u0431\u0438\u0442\u0435\u043b\u044c\u043d\u0430\u044f \u0442\u0435\u0440\u0430\u043f\u0438\u044f),\u041a\u0430\u043b\u0430\u0440\u0438 \u043c\u0430\u0441\u0441\u0430\u0436 (60 \u043c\u0438\u043d. \u043d\u043e\u0436\u043d\u043e\u0439 \u043c\u0430\u0441\u043b\u044f\u043d\u044b\u0439 \u043c\u0430\u0441\u0441\u0430\u0436),\u0412\u0438\u0440\u0435\u0447\u0430\u043d\u0430 (\u0441\u043b\u0430\u0431\u0438\u0442\u0435\u043b\u044c\u043d\u0430\u044f \u0442\u0435\u0440\u0430\u043f\u0438\u044f)", "account_id": 10765, "date_create": 1582985730, "status": 6, "price": "0", "client_id": 3263662, "roistat": "\u043f\u043e\u0441\u0442\u043e\u044f\u043d\u043d\u044b\u0439 \u043a\u043b\u0438\u0435\u043d\u0442", "executor": "\u0428\u0440\u0438\u0442\u0430", "is_sale": false, "appointment_id": 5863080, "fields": {"1": "\u0428\u0440\u0438\u0442\u0430", "2": "https://klientiks.ru/clientix/client/default/id/3263662", "3": 10765}}, {"id": 6620748, "name": "\u0410\u0431\u0445\u044a\u044f\u043d\u0433\u0430 \u043c\u0430\u0441\u0441\u0430\u0436 (60 \u043c\u0438\u043d. \u0440\u0443\u0447\u043d\u043e\u0439 \u043c\u0430\u0441\u043b\u044f\u043d\u044b\u0439 \u043c\u0430\u0441\u0441\u0430\u0436 \u0432 2 \u0440\u0443\u043a\u0438),\u0410\u0431\u0445\u044a\u044f\u043d\u0433\u0430 \u043c\u0430\u0441\u0441\u0430\u0436 (60 \u043c\u0438\u043d. \u0440\u0443\u0447\u043d\u043e\u0439 \u043c\u0430\u0441\u043b\u044f\u043d\u044b\u0439 \u043c\u0430\u0441\u0441\u0430\u0436 \u0432 2 \u0440\u0443\u043a\u0438),\u041a\u0438\u0436\u0438 \u043d\u0430 \u0447\u0430\u0441\u0442\u0438 \u0442\u0435\u043b\u0430 (30 \u043c\u0438\u043d),\u041a\u0438\u0436\u0438 \u043d\u0430 \u0447\u0430\u0441\u0442\u0438 \u0442\u0435\u043b\u0430 (30 \u043c\u0438\u043d)", "account_id": 10765, "date_create": 1582985805, "status": 6, "price": "0", "client_id": 3263662, "roistat": "\u043f\u043e\u0441\u0442\u043e\u044f\u043d\u043d\u044b\u0439 \u043a\u043b\u0438\u0435\u043d\u0442", "executor": "\u041d\u0438\u0431\u0438\u043d \u041a\u043e\u0434\u0430\u0442 \u0414\u0438\u043d\u0435\u0441\u0430\u043d", "is_sale": false, "appointment_id": 5863085, "fields": {"1": "\u041d\u0438\u0431\u0438\u043d \u041a\u043e\u0434\u0430\u0442 \u0414\u0438\u043d\u0435\u0441\u0430\u043d", "2": "https://klientiks.ru/clientix/client/default/id/3263662", "3": 10765}}, {"id": 6620754, "name": "\u0410\u0431\u0445\u044a\u044f\u043d\u0433\u0430 \u043c\u0430\u0441\u0441\u0430\u0436 (60 \u043c\u0438\u043d. \u0440\u0443\u0447\u043d\u043e\u0439 \u043c\u0430\u0441\u043b\u044f\u043d\u044b\u0439 \u043c\u0430\u0441\u0441\u0430\u0436 \u0432 2 \u0440\u0443\u043a\u0438),\u0410\u0431\u0445\u044a\u044f\u043d\u0433\u0430 \u043c\u0430\u0441\u0441\u0430\u0436 (60 \u043c\u0438\u043d. \u0440\u0443\u0447\u043d\u043e\u0439 \u043c\u0430\u0441\u043b\u044f\u043d\u044b\u0439 \u043c\u0430\u0441\u0441\u0430\u0436 \u0432 2 \u0440\u0443\u043a\u0438),\u041a\u0438\u0436\u0438 \u043d\u0430 \u0447\u0430\u0441\u0442\u0438 \u0442\u0435\u043b\u0430 (30 \u043c\u0438\u043d),\u041a\u0438\u0436\u0438 \u043d\u0430 \u0447\u0430\u0441\u0442\u0438 \u0442\u0435\u043b\u0430 (30 \u043c\u0438\u043d)", "account_id": 10765, "date_create": 1582985849, "status": 6, "price": "0", "client_id": 3263662, "roistat": "\u043f\u043e\u0441\u0442\u043e\u044f\u043d\u043d\u044b\u0439 \u043a\u043b\u0438\u0435\u043d\u0442", "executor": "\u041d\u0438\u0431\u0438\u043d \u041a\u043e\u0434\u0430\u0442 \u0414\u0438\u043d\u0435\u0441\u0430\u043d", "is_sale": false, "appointment_id": 5863092, "fields": {"1": "\u041d\u0438\u0431\u0438\u043d \u041a\u043e\u0434\u0430\u0442 \u0414\u0438\u043d\u0435\u0441\u0430\u043d", "2": "https://klientiks.ru/clientix/client/default/id/3263662", "3": 10765}}, {"id": 6620759, "name": "\u041f\u0438\u0447\u0443 (30 \u043c\u0438\u043d. \u043c\u0430\u0441\u043b\u044f\u043d\u0430\u044f \u0430\u043f\u043f\u043b\u0438\u043a\u0430\u0446\u0438\u044f),\u0410\u043d\u0443\u0432\u0430\u0441\u0430\u043d\u0430 \u0411\u0430\u0441\u0442\u0438 (30 \u043c\u0438\u043d. \u043c\u0430\u0441\u043b\u044f\u043d\u0430\u044f \u0442\u0440\u0430\u0432\u044f\u043d\u0430\u044f \u043a\u043b\u0438\u0437\u043c\u0430),\u041a\u0430\u043b\u0430\u0440\u0438 \u043c\u0430\u0441\u0441\u0430\u0436 (60 \u043c\u0438\u043d. \u043d\u043e\u0436\u043d\u043e\u0439 \u043c\u0430\u0441\u043b\u044f\u043d\u044b\u0439 \u043c\u0430\u0441\u0441\u0430\u0436),\u041f\u0438\u0447\u0443 (30 \u043c\u0438\u043d. \u043c\u0430\u0441\u043b\u044f\u043d\u0430\u044f \u0430\u043f\u043f\u043b\u0438\u043a\u0430\u0446\u0438\u044f),\u0410\u043d\u0443\u0432\u0430\u0441\u0430\u043d\u0430 \u0411\u0430\u0441\u0442\u0438 (30 \u043c\u0438\u043d. \u043c\u0430\u0441\u043b\u044f\u043d\u0430\u044f \u0442\u0440\u0430\u0432\u044f\u043d\u0430\u044f \u043a\u043b\u0438\u0437\u043c\u0430),\u041a\u0430\u043b\u0430\u0440\u0438 \u043c\u0430\u0441\u0441\u0430\u0436 (60 \u043c\u0438\u043d. \u043d\u043e\u0436\u043d\u043e\u0439 \u043c\u0430\u0441\u043b\u044f\u043d\u044b\u0439 \u043c\u0430\u0441\u0441\u0430\u0436),\u041f\u0438\u0447\u0443 (30 \u043c\u0438\u043d. \u043c\u0430\u0441\u043b\u044f\u043d\u0430\u044f \u0430\u043f\u043f\u043b\u0438\u043a\u0430\u0446\u0438\u044f),\u0410\u043d\u0443\u0432\u0430\u0441\u0430\u043d\u0430 \u0411\u0430\u0441\u0442\u0438 (30 \u043c\u0438\u043d. \u043c\u0430\u0441\u043b\u044f\u043d\u0430\u044f \u0442\u0440\u0430\u0432\u044f\u043d\u0430\u044f \u043a\u043b\u0438\u0437\u043c\u0430),\u041a\u0430\u043b\u0430\u0440\u0438 \u043c\u0430\u0441\u0441\u0430\u0436 (60 \u043c\u0438\u043d. \u043d\u043e\u0436\u043d\u043e\u0439 \u043c\u0430\u0441\u043b\u044f\u043d\u044b\u0439 \u043c\u0430\u0441\u0441\u0430\u0436)", "account_id": 10765, "date_create": 1582985911, "status": 6, "price": "0", "client_id": 3263662, "roistat": "\u043f\u043e\u0441\u0442\u043e\u044f\u043d\u043d\u044b\u0439 \u043a\u043b\u0438\u0435\u043d\u0442", "executor": "\u0428\u0440\u0438\u0442\u0430", "is_sale": false, "appointment_id": 5863097, "fields": {"1": "\u0428\u0440\u0438\u0442\u0430", "2": "https://klientiks.ru/clientix/client/default/id/3263662", "3": 10765}}, {"id": 6620763, "name": "\u041f\u0438\u0447\u0443 (30 \u043c\u0438\u043d. \u043c\u0430\u0441\u043b\u044f\u043d\u0430\u044f \u0430\u043f\u043f\u043b\u0438\u043a\u0430\u0446\u0438\u044f),\u0410\u0431\u0445\u044a\u044f\u043d\u0433\u0430 \u043c\u0430\u0441\u0441\u0430\u0436 (60 \u043c\u0438\u043d. \u0440\u0443\u0447\u043d\u043e\u0439 \u043c\u0430\u0441\u043b\u044f\u043d\u044b\u0439 \u043c\u0430\u0441\u0441\u0430\u0436 \u0432 2 \u0440\u0443\u043a\u0438),\u041d\u0438\u0440\u0443\u0445\u0430 \u0411\u0430\u0441\u0442\u0438 (60 \u043c\u0438\u043d. \u043a\u043b\u0438\u0437\u043c\u0430 \u0442\u0440\u0430\u0432\u044f\u043d\u044b\u043c \u043e\u0442\u0432\u0430\u0440\u043e\u043c),\u041f\u0438\u0447\u0443 (30 \u043c\u0438\u043d. \u043c\u0430\u0441\u043b\u044f\u043d\u0430\u044f \u0430\u043f\u043f\u043b\u0438\u043a\u0430\u0446\u0438\u044f),\u0410\u0431\u0445\u044a\u044f\u043d\u0433\u0430 \u043c\u0430\u0441\u0441\u0430\u0436 (60 \u043c\u0438\u043d. \u0440\u0443\u0447\u043d\u043e\u0439 \u043c\u0430\u0441\u043b\u044f\u043d\u044b\u0439 \u043c\u0430\u0441\u0441\u0430\u0436 \u0432 2 \u0440\u0443\u043a\u0438),\u041d\u0438\u0440\u0443\u0445\u0430 \u0411\u0430\u0441\u0442\u0438 (60 \u043c\u0438\u043d. \u043a\u043b\u0438\u0437\u043c\u0430 \u0442\u0440\u0430\u0432\u044f\u043d\u044b\u043c \u043e\u0442\u0432\u0430\u0440\u043e\u043c),\u041f\u0438\u0447\u0443 (30 \u043c\u0438\u043d. \u043c\u0430\u0441\u043b\u044f\u043d\u0430\u044f \u0430\u043f\u043f\u043b\u0438\u043a\u0430\u0446\u0438\u044f),\u0410\u0431\u0445\u044a\u044f\u043d\u0433\u0430 \u043c\u0430\u0441\u0441\u0430\u0436 (60 \u043c\u0438\u043d. \u0440\u0443\u0447\u043d\u043e\u0439 \u043c\u0430\u0441\u043b\u044f\u043d\u044b\u0439 \u043c\u0430\u0441\u0441\u0430\u0436 \u0432 2 \u0440\u0443\u043a\u0438),\u041d\u0438\u0440\u0443\u0445\u0430 \u0411\u0430\u0441\u0442\u0438 (60 \u043c\u0438\u043d. \u043a\u043b\u0438\u0437\u043c\u0430 \u0442\u0440\u0430\u0432\u044f\u043d\u044b\u043c \u043e\u0442\u0432\u0430\u0440\u043e\u043c)", "account_id": 10765, "date_create": 1582985948, "status": 6, "price": "0", "client_id": 3263662, "roistat": "\u043f\u043e\u0441\u0442\u043e\u044f\u043d\u043d\u044b\u0439 \u043a\u043b\u0438\u0435\u043d\u0442", "executor": "\u041d\u0438\u0431\u0438\u043d \u041a\u043e\u0434\u0430\u0442 \u0414\u0438\u043d\u0435\u0441\u0430\u043d", "is_sale": false, "appointment_id": 5863101, "fields": {"1": "\u041d\u0438\u0431\u0438\u043d \u041a\u043e\u0434\u0430\u0442 \u0414\u0438\u043d\u0435\u0441\u0430\u043d", "2": "https://klientiks.ru/clientix/client/default/id/3263662", "3": 10765}}, {"id": 6620773, "name": "\u041a\u0438\u0436\u0438 \u043d\u0430 \u0447\u0430\u0441\u0442\u0438 \u0442\u0435\u043b\u0430 (30 \u043c\u0438\u043d),\u0410\u0431\u0445\u044a\u044f\u043d\u0433\u0430 \u043c\u0430\u0441\u0441\u0430\u0436 (60 \u043c\u0438\u043d. \u0440\u0443\u0447\u043d\u043e\u0439 \u043c\u0430\u0441\u043b\u044f\u043d\u044b\u0439 \u043c\u0430\u0441\u0441\u0430\u0436 \u0432 2 \u0440\u0443\u043a\u0438),\u0410\u043d\u0443\u0432\u0430\u0441\u0430\u043d\u0430 \u0411\u0430\u0441\u0442\u0438 (30 \u043c\u0438\u043d. \u043c\u0430\u0441\u043b\u044f\u043d\u0430\u044f \u0442\u0440\u0430\u0432\u044f\u043d\u0430\u044f \u043a\u043b\u0438\u0437\u043c\u0430)", "account_id": 10765, "date_create": 1582986015, "status": 7, "price": null, "client_id": 3263662, "roistat": "\u043f\u043e\u0441\u0442\u043e\u044f\u043d\u043d\u044b\u0439 \u043a\u043b\u0438\u0435\u043d\u0442", "executor": "\u0428\u0440\u0438\u0442\u0430", "is_sale": false, "appointment_id": 5863108, "fields": {"1": "\u0428\u0440\u0438\u0442\u0430", "2": "https://klientiks.ru/clientix/client/default/id/3263662", "3": 10765}}], "pagination": {"total_count": 22602, "limit": 50, "page_number": 1}, "total_count": 22602, "page_number": 1}
2020-08-23 01:20:57,997 - Snowflake Connector for Python Version: 2.2.10, Python Version: 3.8.5, Platform: Windows-10-10.0.17763-SP0
2020-08-23 01:20:57,997 - connect
2020-08-23 01:20:57,997 - __config
2020-08-23 01:20:57,998 - This connection is in OCSP Fail Open Mode. TLS Certificates would be checked for validity and revocation status. Any other Certificate Revocation related exceptions or OCSP Responder failures would be disregarded in favor of connectivity.
2020-08-23 01:20:57,998 - use_numpy: False
2020-08-23 01:20:57,998 - initialized
2020-08-23 01:20:57,998 - REST API object was created: ringcentral.snowflakecomputing.com:443
2020-08-23 01:20:57,998 - authenticate
2020-08-23 01:20:57,998 - assertion content: *********
2020-08-23 01:20:57,998 - account=ringcentral, user=dmitry.mitrofanov, database=RCUSERS, schema=DMITRYMITROFANOV, warehouse=RCUSERS_WH, role=None, request_id=73949f8e-16c8-47d8-b78a-2510b780bd99
2020-08-23 01:20:57,998 - body['data']: {'CLIENT_APP_ID': 'PythonConnector', 'CLIENT_APP_VERSION': '2.2.10', 'SVN_REVISION': None, 'ACCOUNT_NAME': 'ringcentral', 'LOGIN_NAME': 'dmitry.mitrofanov', 'CLIENT_ENVIRONMENT': {'APPLICATION': 'PythonConnector', 'OS': 'Windows', 'OS_VERSION': 'Windows-10-10.0.17763-SP0', 'PYTHON_VERSION': '3.8.5', 'PYTHON_RUNTIME': 'CPython', 'PYTHON_COMPILER': 'MSC v.1924 64 bit (AMD64)', 'OCSP_MODE': 'FAIL_OPEN', 'TRACING': 10, 'LOGIN_TIMEOUT': 120, 'NETWORK_TIMEOUT': None, 'CLIENT_STORE_TEMPORARY_CREDENTIAL': None}, 'SESSION_PARAMETERS': {'CLIENT_SESSION_KEEP_ALIVE_HEARTBEAT_FREQUENCY': 900, 'CLIENT_PREFETCH_THREADS': 4}}
2020-08-23 01:20:57,999 - Converted retries value: 1 -> Retry(total=1, connect=None, read=None, redirect=None, status=None)
2020-08-23 01:20:57,999 - Converted retries value: 1 -> Retry(total=1, connect=None, read=None, redirect=None, status=None)
2020-08-23 01:20:57,999 - Active requests sessions: 1, idle: 0
2020-08-23 01:20:57,999 - remaining request timeout: 120, retry cnt: 1
2020-08-23 01:20:57,999 - socket timeout: 60
2020-08-23 01:20:58,001 - Starting new HTTPS connection (1): ringcentral.snowflakecomputing.com:443
2020-08-23 01:20:58,786 - OCSP Mode: FAIL_OPEN, OCSP response cache file name: None
2020-08-23 01:20:58,787 - ocsp_response_cache_uri: file://C:/Users/dmitry.mitrofanov/AppData/Local/Snowflake/Caches/ocsp_response_cache.json
2020-08-23 01:20:58,787 - OCSP_VALIDATION_CACHE size: 140
2020-08-23 01:20:58,787 - OCSP response cache server is enabled: http://ocsp.snowflakecomputing.com/ocsp_response_cache.json
2020-08-23 01:20:58,788 - OCSP dynamic cache server RETRY URL: None
2020-08-23 01:20:58,803 - Verifying the attached certificate is signed by the issuer. Valid Not After: 2025-05-12 23:58:59+00:00
2020-08-23 01:20:58,806 - Verifying the attached certificate is signed by the issuer. Valid Not After: 2025-05-12 23:58:59+00:00
2020-08-23 01:20:58,808 - Verifying the attached certificate is signed by the issuer. Valid Not After: 2023-06-11 20:40:26+00:00
2020-08-23 01:20:58,810 - Verifying the attached certificate is signed by the issuer. Valid Not After: 2023-06-11 20:40:26+00:00
2020-08-23 01:20:58,811 - Verifying the attached certificate is signed by the issuer. Valid Not After: 2023-06-11 20:44:21+00:00
2020-08-23 01:20:58,813 - Verifying the attached certificate is signed by the issuer. Valid Not After: 2023-06-11 20:44:21+00:00
2020-08-23 01:20:58,814 - Verifying the attached certificate is signed by the issuer. Valid Not After: 2021-12-14 07:00:00+00:00
2020-08-23 01:20:58,815 - Verifying the attached certificate is signed by the issuer. Valid Not After: 2021-12-14 07:00:00+00:00
2020-08-23 01:20:58,817 - Verifying the attached certificate is signed by the issuer. Valid Not After: 2025-05-12 23:58:59+00:00
2020-08-23 01:20:58,818 - Verifying the attached certificate is signed by the issuer. Valid Not After: 2025-05-12 23:58:59+00:00
2020-08-23 01:20:58,820 - Verifying the attached certificate is signed by the issuer. Valid Not After: 2025-05-12 23:58:59+00:00
2020-08-23 01:20:58,822 - Verifying the attached certificate is signed by the issuer. Valid Not After: 2025-05-12 23:58:59+00:00
2020-08-23 01:20:58,823 - Verifying the attached certificate is signed by the issuer. Valid Not After: 2025-05-12 23:58:59+00:00
2020-08-23 01:20:58,824 - Verifying the attached certificate is signed by the issuer. Valid Not After: 2025-05-12 23:58:59+00:00
2020-08-23 01:20:58,833 - Verifying the attached certificate is signed by the issuer. Valid Not After: 2025-05-12 23:58:59+00:00
2020-08-23 01:20:58,834 - Verifying the attached certificate is signed by the issuer. Valid Not After: 2025-05-12 23:58:59+00:00
2020-08-23 01:20:58,837 - Verifying the attached certificate is signed by the issuer. Valid Not After: 2021-04-02 17:08:26+00:00
2020-08-23 01:20:58,839 - Verifying the attached certificate is signed by the issuer. Valid Not After: 2021-04-02 17:08:26+00:00
2020-08-23 01:20:58,840 - Verifying the attached certificate is signed by the issuer. Valid Not After: 2021-04-02 17:13:33+00:00
2020-08-23 01:20:58,841 - Verifying the attached certificate is signed by the issuer. Valid Not After: 2021-04-02 17:13:33+00:00
2020-08-23 01:20:58,843 - Verifying the attached certificate is signed by the issuer. Valid Not After: 2021-04-02 16:58:09+00:00
2020-08-23 01:20:58,844 - Verifying the attached certificate is signed by the issuer. Valid Not After: 2021-04-02 16:58:09+00:00
2020-08-23 01:20:58,860 - Verifying the attached certificate is signed by the issuer. Valid Not After: 2021-04-02 17:13:33+00:00
2020-08-23 01:20:58,861 - Verifying the attached certificate is signed by the issuer. Valid Not After: 2021-04-02 17:13:33+00:00
2020-08-23 01:20:58,862 - Verifying the attached certificate is signed by the issuer. Valid Not After: 2021-04-02 17:08:26+00:00
2020-08-23 01:20:58,863 - Verifying the attached certificate is signed by the issuer. Valid Not After: 2021-04-02 17:08:26+00:00
2020-08-23 01:20:58,865 - Verifying the attached certificate is signed by the issuer. Valid Not After: 2021-04-02 17:03:51+00:00
2020-08-23 01:20:58,866 - Verifying the attached certificate is signed by the issuer. Valid Not After: 2021-04-02 17:03:51+00:00
2020-08-23 01:20:58,867 - Verifying the attached certificate is signed by the issuer. Valid Not After: 2021-04-02 16:58:09+00:00
2020-08-23 01:20:58,868 - Verifying the attached certificate is signed by the issuer. Valid Not After: 2021-04-02 16:58:09+00:00
2020-08-23 01:20:58,870 - Verifying the attached certificate is signed by the issuer. Valid Not After: 2021-04-02 17:03:51+00:00
2020-08-23 01:20:58,871 - Verifying the attached certificate is signed by the issuer. Valid Not After: 2021-04-02 17:03:51+00:00
2020-08-23 01:20:58,873 - Verifying the attached certificate is signed by the issuer. Valid Not After: 2021-04-02 17:03:51+00:00
2020-08-23 01:20:58,874 - Verifying the attached certificate is signed by the issuer. Valid Not After: 2021-04-02 17:03:51+00:00
2020-08-23 01:20:58,891 - Verifying the attached certificate is signed by the issuer. Valid Not After: 2021-04-02 17:13:33+00:00
2020-08-23 01:20:58,892 - Verifying the attached certificate is signed by the issuer. Valid Not After: 2021-04-02 17:13:33+00:00
2020-08-23 01:20:58,894 - Read OCSP response cache file: C:/Users/dmitry.mitrofanov/AppData/Local/Snowflake/Caches/ocsp_response_cache.json, count=140
2020-08-23 01:20:58,894 - validating certificate: ringcentral.snowflakecomputing.com
2020-08-23 01:20:58,894 - # of certificates: 4
2020-08-23 01:20:58,895 - subject: OrderedDict([('common_name', '*.us-west-2.snowflakecomputing.com')]), issuer: OrderedDict([('country_name', 'US'), ('organization_name', 'Amazon'), ('organizational_unit_name', 'Server CA 1B'), ('common_name', 'Amazon')])
2020-08-23 01:20:58,895 - subject: OrderedDict([('country_name', 'US'), ('organization_name', 'Amazon'), ('organizational_unit_name', 'Server CA 1B'), ('common_name', 'Amazon')]), issuer: OrderedDict([('country_name', 'US'), ('organization_name', 'Amazon'), ('common_name', 'Amazon Root CA 1')])
2020-08-23 01:20:58,896 - subject: OrderedDict([('country_name', 'US'), ('organization_name', 'Amazon'), ('common_name', 'Amazon Root CA 1')]), issuer: OrderedDict([('country_name', 'US'), ('state_or_province_name', 'Arizona'), ('locality_name', 'Scottsdale'), ('organization_name', 'Starfield Technologies, Inc.'), ('common_name', 'Starfield Services Root Certificate Authority - G2')])
2020-08-23 01:20:58,896 - subject: OrderedDict([('country_name', 'US'), ('state_or_province_name', 'Arizona'), ('locality_name', 'Scottsdale'), ('organization_name', 'Starfield Technologies, Inc.'), ('common_name', 'Starfield Services Root Certificate Authority - G2')]), issuer: OrderedDict([('country_name', 'US'), ('organization_name', 'Starfield Technologies, Inc.'), ('organizational_unit_name', 'Starfield Class 2 Certification Authority')])
2020-08-23 01:20:58,898 - not found issuer_der: OrderedDict([('country_name', 'US'), ('organization_name', 'Starfield Technologies, Inc.'), ('organizational_unit_name', 'Starfield Class 2 Certification Authority')])
2020-08-23 01:20:58,899 - hit cache for subject: OrderedDict([('common_name', '*.us-west-2.snowflakecomputing.com')])
2020-08-23 01:20:58,900 - Verifying the attached certificate is signed by the issuer. Valid Not After: 2023-06-11 20:40:26+00:00
2020-08-23 01:20:58,901 - hit cache for subject: OrderedDict([('country_name', 'US'), ('organization_name', 'Amazon'), ('organizational_unit_name', 'Server CA 1B'), ('common_name', 'Amazon')])
2020-08-23 01:20:58,902 - Verifying the attached certificate is signed by the issuer. Valid Not After: 2023-06-11 20:44:21+00:00
2020-08-23 01:20:58,902 - hit cache for subject: OrderedDict([('country_name', 'US'), ('organization_name', 'Amazon'), ('common_name', 'Amazon Root CA 1')])
2020-08-23 01:20:58,904 - Verifying the attached certificate is signed by the issuer. Valid Not After: 2021-12-14 07:00:00+00:00
2020-08-23 01:20:58,904 - hit cache for subject: OrderedDict([('country_name', 'US'), ('state_or_province_name', 'Arizona'), ('locality_name', 'Scottsdale'), ('organization_name', 'Starfield Technologies, Inc.'), ('common_name', 'Starfield Services Root Certificate Authority - G2')])
2020-08-23 01:20:58,905 - hit cache for subject: OrderedDict([('common_name', '*.us-west-2.snowflakecomputing.com')])
2020-08-23 01:20:58,906 - using OCSP response cache
2020-08-23 01:20:58,906 - Certificate is NOT attached in Basic OCSP Response. Using issuer's certificate
2020-08-23 01:20:58,906 - Verifying the OCSP response is signed by the issuer.
2020-08-23 01:20:58,910 - Verifying the attached certificate is signed by the issuer. Valid Not After: 2023-06-11 20:40:26+00:00
2020-08-23 01:20:58,910 - hit cache for subject: OrderedDict([('country_name', 'US'), ('organization_name', 'Amazon'), ('organizational_unit_name', 'Server CA 1B'), ('common_name', 'Amazon')])
2020-08-23 01:20:58,911 - using OCSP response cache
2020-08-23 01:20:58,912 - Certificate is attached in Basic OCSP Response
2020-08-23 01:20:58,912 - Verifying the attached certificate is signed by the issuer
2020-08-23 01:20:58,912 - Valid Not After: 2023-06-11 20:40:26+00:00
2020-08-23 01:20:58,914 - Verifying the OCSP response is signed by the issuer.
2020-08-23 01:20:58,917 - Verifying the attached certificate is signed by the issuer. Valid Not After: 2023-06-11 20:44:21+00:00
2020-08-23 01:20:58,917 - hit cache for subject: OrderedDict([('country_name', 'US'), ('organization_name', 'Amazon'), ('common_name', 'Amazon Root CA 1')])
2020-08-23 01:20:58,918 - using OCSP response cache
2020-08-23 01:20:58,919 - Certificate is attached in Basic OCSP Response
2020-08-23 01:20:58,919 - Verifying the attached certificate is signed by the issuer
2020-08-23 01:20:58,919 - Valid Not After: 2023-06-11 20:44:21+00:00
2020-08-23 01:20:58,921 - Verifying the OCSP response is signed by the issuer.
2020-08-23 01:20:58,924 - Verifying the attached certificate is signed by the issuer. Valid Not After: 2021-12-14 07:00:00+00:00
2020-08-23 01:20:58,925 - hit cache for subject: OrderedDict([('country_name', 'US'), ('state_or_province_name', 'Arizona'), ('locality_name', 'Scottsdale'), ('organization_name', 'Starfield Technologies, Inc.'), ('common_name', 'Starfield Services Root Certificate Authority - G2')])
2020-08-23 01:20:58,926 - using OCSP response cache
2020-08-23 01:20:58,927 - Certificate is attached in Basic OCSP Response
2020-08-23 01:20:58,927 - Verifying the attached certificate is signed by the issuer
2020-08-23 01:20:58,927 - Valid Not After: 2021-12-14 07:00:00+00:00
2020-08-23 01:20:58,929 - Verifying the OCSP response is signed by the issuer.
2020-08-23 01:20:58,931 - writing OCSP response cache file
2020-08-23 01:20:58,931 - encoding OCSP response cache to JSON
2020-08-23 01:20:58,948 - ok
2020-08-23 01:20:59,423 - https://ringcentral.snowflakecomputing.com:443 "POST /session/v1/login-request?request_id=73949f8e-16c8-47d8-b78a-2510b780bd99&databaseName=RCUSERS&schemaName=DMITRYMITROFANOV&warehouse=RCUSERS_WH&request_guid=8ea22521-490c-400e-896f-4bc070bcfe0b HTTP/1.1" 200 1405
2020-08-23 01:20:59,424 - SUCCESS
2020-08-23 01:20:59,424 - Active requests sessions: 0, idle: 1
2020-08-23 01:20:59,424 - ret[code] = None, after post request
2020-08-23 01:20:59,424 - completed authentication
2020-08-23 01:20:59,424 - token = ******
2020-08-23 01:20:59,424 - master_token = ******
2020-08-23 01:20:59,424 - id_token = NULL
2020-08-23 01:20:59,424 - no ID token is given when try to store temporary credential
2020-08-23 01:20:59,424 - cursor
2020-08-23 01:20:59,425 - merge into KAMALA_ACL t using (select parse_json('{"offset": 19500, "count": 50, "limit": 50, "statuses": [{"id": 1, "name": "scheduled"}, {"id": 2, "name": "sms_confirmation_sent"}, {"id": 3, "name": "cancelled_by_sms"}, {"id": 4, "name": "confirmed"}, {"id": 5, "name": "in_progress"}, {"id": 6, "name": "finished"}, {"id": 7, "name": "cancelled"}, {"id": 8, "name": "missed"}, {"id": 9, "name": "arrived"}], "fields": [{"id": "1", "name": "\u0418\u0441\u043f\u043e\u043b\u043d\u0438\u0442\u0435\u043b\u044c"}, {"id": "2", "name": "\u0421\u0441\u044b\u043b\u043a\u0430 \u043d\u0430 \u043a\u043b\u0438\u0435\u043d\u0442\u0430"}, {"id": "3", "name": "\u0410\u0439\u0434\u0438 \u0430\u043a\u043a\u0430\u0443\u043d\u0442\u0430"}], "orders": [{"id": 6607810, "name": "\u0410\u044d\u0440\u043e\u0439\u043e\u0433\u0430 (90 \u043c\u0438\u043d)", "account_id": 10765, "date_create": 1582872496, "status": 6, "price": "0", "client_id": 1122837, "roistat": "\u043f\u043e\u0441\u0442\u043e\u044f\u043d\u043d\u044b\u0439 \u043a\u043b\u0438\u0435\u043d\u0442", "executor": "\u0421\u043e\u0431\u0435\u043d\u043d\u0438\u043a\u043e\u0432\u0430 \u041e\u043a\u0441\u0430\u043d\u0430 \u042e\u0440\u044c\u0435\u0432\u043d\u0430", "is_sale": false, "appointment_id": 5833285, "fields": {"1": "\u0421\u043e\u0431\u0435\u043d\u043d\u0438\u043a\u043e\u0432\u0430 \u041e\u043a\u0441\u0430\u043d\u0430 \u042e\u0440\u044c\u0435\u0432\u043d\u0430", "2": "https://klientiks.ru/clientix/client/default/id/1122837", "3": 10765}}, {"id": 6607812, "name": "\u0410\u044d\u0440\u043e\u0439\u043e\u0433\u0430 (90 \u043c\u0438\u043d)", "account_id": 10765, "date_create": 1582872499, "status": 6, "price": "0", "client_id": 2877520, "roistat": "\u0438\u043d\u0442\u0435\u0440\u043d\u0435\u0442", "executor": "\u0421\u043e\u0431\u0435\u043d\u043d\u0438\u043a\u043e\u0432\u0430 \u041e\u043a\u0441\u0430\u043d\u0430 \u042e\u0440\u044c\u0435\u0432\u043d\u0430", "is_sale": false, "appointment_id": 5833285, "fields": {"1": "\u0421\u043e\u0431\u0435\u043d\u043d\u0438\u043a\u043e\u0432\u0430 \u041e\u043a\u0441\u0430\u043d\u0430 \u042e\u0440\u044c\u0435\u0432\u043d\u0430", "2": "https://klientiks.ru/clientix/client/default/id/2877520", "3": 10765}}, {"id": 6608043, "name": "\u0410\u044e\u0440\u0432\u0435\u0434\u0430 \u043a\u043e\u043d\u0441\u0443\u043b\u044c\u0442\u0430\u0446\u0438\u044f \u0432\u0440\u0430\u0447\u0430 (60 \u043c\u0438\u043d)", "account_id": 10765, "date_create": 1582873655, "status": 6, "price": "3500", "client_id": 3319006, "roistat": "\u0412\u0445\u043e\u0434\u044f\u0449\u0438\u0439 \u0437\u0432\u043e\u043d\u043e\u043a", "executor": "\u041f\u0440\u0430\u0432\u0438\u043d \u0421\u0443\u0440\u0435\u043d\u0434\u0440\u0430\u043d\u043f\u0438\u043b\u0430\u0439 \u0412\u0430\u0441\u0430\u043d\u0442\u0430\u043a\u0443\u043c\u0430\u0440\u0438", "is_sale": false, "appointment_id": 5851965, "fields": {"1": "\u041f\u0440\u0430\u0432\u0438\u043d \u0421\u0443\u0440\u0435\u043d\u0434\u0440\u0430\u043d\u043f\u0438\u043b\u0430\u0439 \u0412\u0430\u0441\u0430\u043d\u0442\u0430\u043a\u0443\u043c\u0430\u0440\u0438", "2": "https://klientiks.ru/clientix/client/default/id/3319006", "3": 10765}}, {"id": 6609060, "name": "\u0420\u043e\u0437\u043e\u0432\u044f_\u0432\u043e\u0434\u0430_Khadi", "account_id": 10765, "date_create": 1582877952, "status": 6, "price": "400", "client_id": 1108070, "roistat": "\u0438\u043d\u0442\u0435\u0440\u043d\u0435\u0442", "executor": "\u0410\u0445\u043c\u0435\u0434\u043e\u0432\u0430 \u0422\u0430\u0442\u044c\u044f\u043d\u0430 \u041b\u0435\u043e\u043d\u0438\u0434\u043e\u0432\u043d\u0430", "is_sale": true, "appointment_id": 5852875, "fields": {"1": "\u0410\u0445\u043c\u0435\u0434\u043e\u0432\u0430 \u0422\u0430\u0442\u044c\u044f\u043d\u0430 \u041b\u0435\u043e\u043d\u0438\u0434\u043e\u0432\u043d\u0430", "2": "https://klientiks.ru/clientix/client/default/id/1108070", "3": 10765}}, {"id": 6609134, "name": "\u0420\u043e\u0437\u043e\u0432\u044f_\u0432\u043e\u0434\u0430_Khadi", "account_id": 10765, "date_create": 1582878286, "status": 6, "price": "400", "client_id": 1297843, "roistat": "\u0440\u044f\u0434\u043e\u043c \u0436\u0438\u0432\u0435\u0442", "executor": "\u0410\u0445\u043c\u0435\u0434\u043e\u0432\u0430 \u0422\u0430\u0442\u044c\u044f\u043d\u0430 \u041b\u0435\u043e\u043d\u0438\u0434\u043e\u0432\u043d\u0430", "is_sale": true, "appointment_id": 5852970, "fields": {"1": "\u0410\u0445\u043c\u0435\u0434\u043e\u0432\u0430 \u0422\u0430\u0442\u044c\u044f\u043d\u0430 \u041b\u0435\u043e\u043d\u0438\u0434\u043e\u0432\u043d\u0430", "2": "https://klientiks.ru/clientix/client/default/id/1297843", "3": 10765}}, {"id": 6609341, "name": "Chyawanaprasham_Nagarjuna 500g", "account_id": 10765, "date_create": 1582879137, "status": 6, "price": "700", "client_id": 3215797, "roistat": "\u0438\u043d\u0442\u0435\u0440\u043d\u0435\u0442", "executor": "\u0410\u0445\u043c\u0435\u0434\u043e\u0432\u0430 \u0422\u0430\u0442\u044c\u044f\u043d\u0430 \u041b\u0435\u043e\u043d\u0438\u0434\u043e\u0432\u043d\u0430", "is_sale": true, "appointment_id": 5853140, "fields": {"1": "\u0410\u0445\u043c\u0435\u0434\u043e\u0432\u0430 \u0422\u0430\u0442\u044c\u044f\u043d\u0430 \u041b\u0435\u043e\u043d\u0438\u0434\u043e\u0432\u043d\u0430", "2": "https://klientiks.ru/clientix/client/default/id/3215797", "3": 10765}}, {"id": 6609378, "name": "Chyawanaprasham_Nagarjuna 500g", "account_id": 10765, "date_create": 1582879329, "status": 6, "price": "700", "client_id": 3014911, "roistat": "\u043e\u0442 \u0437\u043d\u0430\u043a\u043e\u043c\u044b\u0445", "executor": "\u0410\u0445\u043c\u0435\u0434\u043e\u0432\u0430 \u0422\u0430\u0442\u044c\u044f\u043d\u0430 \u041b\u0435\u043e\u043d\u0438\u0434\u043e\u0432\u043d\u0430", "is_sale": true, "appointment_id": 5853176, "fields": {"1": "\u0410\u0445\u043c\u0435\u0434\u043e\u0432\u0430 \u0422\u0430\u0442\u044c\u044f\u043d\u0430 \u041b\u0435\u043e\u043d\u0438\u0434\u043e\u0432\u043d\u0430", "2": "https://klientiks.ru/clientix/client/default/id/3014911", "3": 10765}}, {"id": 6609424, "name": "Itone_eye_drop_\u043a\u0430\u043f\u043b\u0438,Chyawanaprasham_Nagarjuna 500g,Itone_eye_drop_\u043a\u0430\u043f\u043b\u0438,Chyawanaprasham_Nagarjuna 500g", "account_id": 10765, "date_create": 1582879528, "status": 6, "price": "980", "client_id": 3058502, "roistat": "\u043e\u0442 \u0437\u043d\u0430\u043a\u043e\u043c\u044b\u0445", "executor": "\u0410\u0445\u043c\u0435\u0434\u043e\u0432\u0430 \u0422\u0430\u0442\u044c\u044f\u043d\u0430 \u041b\u0435\u043e\u043d\u0438\u0434\u043e\u0432\u043d\u0430", "is_sale": true, "appointment_id": 5853219, "fields": {"1": "\u0410\u0445\u043c\u0435\u0434\u043e\u0432\u0430 \u0422\u0430\u0442\u044c\u044f\u043d\u0430 \u041b\u0435\u043e\u043d\u0438\u0434\u043e\u0432\u043d\u0430", "2": "https://klientiks.ru/clientix/client/default/id/3058502", "3": 10765}}, {"id": 6609494, "name": "\u0410\u044d\u0440\u043e\u0439\u043e\u0433\u0430 (90 \u043c\u0438\u043d)", "account_id": 10765, "date_create": 1582879922, "status": 6, "price": "0", "client_id": 3144287, "roistat": "\u0438\u043d\u0442\u0435\u0440\u043d\u0435\u0442", "executor": "\u0421\u043e\u0431\u0435\u043d\u043d\u0438\u043a\u043e\u0432\u0430 \u041e\u043a\u0441\u0430\u043d\u0430 \u042e\u0440\u044c\u0435\u0432\u043d\u0430", "is_sale": false, "appointment_id": 5833242, "fields": {"1": "\u0421\u043e\u0431\u0435\u043d\u043d\u0438\u043a\u043e\u0432\u0430 \u041e\u043a\u0441\u0430\u043d\u0430 \u042e\u0440\u044c\u0435\u0432\u043d\u0430", "2": "https://klientiks.ru/clientix/client/default/id/3144287", "3": 10765}}, {"id": 6609665, "name": "\u0410\u044d\u0440\u043e\u0439\u043e\u0433\u0430 (90 \u043c\u0438\u043d)", "account_id": 10765, "date_create": 1582880922, "status": 6, "price": "0", "client_id": 1108070, "roistat": "\u0438\u043d\u0442\u0435\u0440\u043d\u0435\u0442", "executor": "\u0421\u043e\u0431\u0435\u043d\u043d\u0438\u043a\u043e\u0432\u0430 \u041e\u043a\u0441\u0430\u043d\u0430 \u042e\u0440\u044c\u0435\u0432\u043d\u0430", "is_sale": false, "appointment_id": 5833243, "fields": {"1": "\u0421\u043e\u0431\u0435\u043d\u043d\u0438\u043a\u043e\u0432\u0430 \u041e\u043a\u0441\u0430\u043d\u0430 \u042e\u0440\u044c\u0435\u0432\u043d\u0430", "2": "https://klientiks.ru/clientix/client/default/id/1108070", "3": 10765}}, {"id": 6609667, "name": "\u0410\u044d\u0440\u043e\u0439\u043e\u0433\u0430 (90 \u043c\u0438\u043d)", "account_id": 10765, "date_create": 1582880934, "status": 6, "price": "0", "client_id": 3014911, "roistat": "\u043e\u0442 \u0437\u043d\u0430\u043a\u043e\u043c\u044b\u0445", "executor": "\u0421\u043e\u0431\u0435\u043d\u043d\u0438\u043a\u043e\u0432\u0430 \u041e\u043a\u0441\u0430\u043d\u0430 \u042e\u0440\u044c\u0435\u0432\u043d\u0430", "is_sale": false, "appointment_id": 5833243, "fields": {"1": "\u0421\u043e\u0431\u0435\u043d\u043d\u0438\u043a\u043e\u0432\u0430 \u041e\u043a\u0441\u0430\u043d\u0430 \u042e\u0440\u044c\u0435\u0432\u043d\u0430", "2": "https://klientiks.ru/clientix/client/default/id/3014911", "3": 10765}}, {"id": 6609779, "name": "Drakshadi_kashayam_200ml", "account_id": 10765, "date_create": 1582881396, "status": 6, "price": "850", "client_id": 3188843, "roistat": "\u0438\u043d\u0442\u0435\u0440\u043d\u0435\u0442", "executor": "\u0410\u0445\u043c\u0435\u0434\u043e\u0432\u0430 \u0422\u0430\u0442\u044c\u044f\u043d\u0430 \u041b\u0435\u043e\u043d\u0438\u0434\u043e\u0432\u043d\u0430", "is_sale": true, "appointment_id": 5853564, "fields": {"1": "\u0410\u0445\u043c\u0435\u0434\u043e\u0432\u0430 \u0422\u0430\u0442\u044c\u044f\u043d\u0430 \u041b\u0435\u043e\u043d\u0438\u0434\u043e\u0432\u043d\u0430", "2": "https://klientiks.ru/clientix/client/default/id/3188843", "3": 10765}}, {"id": 6609863, "name": "\u0423\u043c\u0430\u0441\u043b\u0438\u0432\u0430\u043d\u0438\u0435  (30 \u043c\u0438\u043d.),\u0423\u043c\u0430\u0441\u043b\u0438\u0432\u0430\u043d\u0438\u0435  (30 \u043c\u0438\u043d.),\u0428\u0438\u0440\u043e\u0434\u0445\u0430\u0440\u0430 (60 \u043c\u0438\u043d. \u0441\u0442\u0440\u0443\u044f\u0449\u0435\u0435\u0441\u044f \u043c\u0430\u0441\u043b\u043e \u043d\u0430 \u043b\u043e\u0431),\u0428\u0438\u0440\u043e\u0434\u0445\u0430\u0440\u0430 (60 \u043c\u0438\u043d. \u0441\u0442\u0440\u0443\u044f\u0449\u0435\u0435\u0441\u044f \u043c\u0430\u0441\u043b\u043e \u043d\u0430 \u043b\u043e\u0431)", "account_id": 10765, "date_create": 1582881858, "status": 6, "price": "0", "client_id": 3058502, "roistat": "\u043e\u0442 \u0437\u043d\u0430\u043a\u043e\u043c\u044b\u0445", "executor": "\u0424\u0438\u043b\u0438\u043f \u0412\u0438\u043c\u0430\u043b\u0430 \u0412\u0438\u043f\u0438\u043d", "is_sale": false, "appointment_id": 5853640, "fields": {"1": "\u0424\u0438\u043b\u0438\u043f \u0412\u0438\u043c\u0430\u043b\u0430 \u0412\u0438\u043f\u0438\u043d", "2": "https://klientiks.ru/clientix/client/default/id/3058502", "3": 10765}}, {"id": 6610697, "name": "\u0410\u044e\u0440\u0432\u0435\u0434\u0430 \u043a\u043e\u043d\u0441\u0443\u043b\u044c\u0442\u0430\u0446\u0438\u044f \u0432\u0440\u0430\u0447\u0430 (60 \u043c\u0438\u043d)", "account_id": 10765, "date_create": 1582886384, "status": 7, "price": null, "client_id": 3321057, "roistat": "\u0432\u043a", "executor": "\u041f\u0440\u0430\u0432\u0438\u043d \u0421\u0443\u0440\u0435\u043d\u0434\u0440\u0430\u043d\u043f\u0438\u043b\u0430\u0439 \u0412\u0430\u0441\u0430\u043d\u0442\u0430\u043a\u0443\u043c\u0430\u0440\u0438", "is_sale": false, "appointment_id": 5854476, "fields": {"1": "\u041f\u0440\u0430\u0432\u0438\u043d \u0421\u0443\u0440\u0435\u043d\u0434\u0440\u0430\u043d\u043f\u0438\u043b\u0430\u0439 \u0412\u0430\u0441\u0430\u043d\u0442\u0430\u043a\u0443\u043c\u0430\u0440\u0438", "2": "https://klientiks.ru/clientix/client/default/id/3321057", "3": 10765}}, {"id": 6611326, "name": "\u0410\u044e\u0440\u0432\u0435\u0434\u0430 \u043f\u043e\u0432\u0442\u043e\u0440\u043d\u0430\u044f \u043a\u043e\u043d\u0441\u0443\u043b\u044c\u0442\u0430\u0446\u0438\u044f \u0434\u043e\u043a\u0442\u043e\u0440\u0430 \u0412\u0430\u0440\u0443\u043d (30 \u043c\u0438\u043d.)", "account_id": 10765, "date_create": 1582889618, "status": 6, "price": "2000", "client_id": 2542180, "roistat": "\u043e\u0442 \u0437\u043d\u0430\u043a\u043e\u043c\u044b\u0445", "executor": "\u0412\u0430\u0440\u0443\u043d", "is_sale": false, "appointment_id": 5855067, "fields": {"1": "\u0412\u0430\u0440\u0443\u043d", "2": "https://klientiks.ru/clientix/client/default/id/2542180", "3": 10765}}, {"id": 6611774, "name": "\u0410\u044d\u0440\u043e\u0439\u043e\u0433\u0430 (90 \u043c\u0438\u043d)", "account_id": 10765, "date_create": 1582891766, "status": 6, "price": "0", "client_id": 1122031, "roistat": "\u0441\u043e\u0442\u0440\u0443\u0434\u043d\u0438\u043a", "executor": "\u0421\u043e\u0431\u0435\u043d\u043d\u0438\u043a\u043e\u0432\u0430 \u041e\u043a\u0441\u0430\u043d\u0430 \u042e\u0440\u044c\u0435\u0432\u043d\u0430", "is_sale": false, "appointment_id": 5543994, "fields": {"1": "\u0421\u043e\u0431\u0435\u043d\u043d\u0438\u043a\u043e\u0432\u0430 \u041e\u043a\u0441\u0430\u043d\u0430 \u042e\u0440\u044c\u0435\u0432\u043d\u0430", "2": "https://klientiks.ru/clientix/client/default/id/1122031", "3": 10765}}, {"id": 6611781, "name": "\u0410\u044d\u0440\u043e\u0439\u043e\u0433\u0430 (90 \u043c\u0438\u043d)", "account_id": 10765, "date_create": 1582891793, "status": 6, "price": "0", "client_id": 1109904, "roistat": "\u0441\u043e\u0442\u0440\u0443\u0434\u043d\u0438\u043a", "executor": "\u0421\u043e\u0431\u0435\u043d\u043d\u0438\u043a\u043e\u0432\u0430 \u041e\u043a\u0441\u0430\u043d\u0430 \u042e\u0440\u044c\u0435\u0432\u043d\u0430", "is_sale": false, "appointment_id": 5833284, "fields": {"1": "\u0421\u043e\u0431\u0435\u043d\u043d\u0438\u043a\u043e\u0432\u0430 \u041e\u043a\u0441\u0430\u043d\u0430 \u042e\u0440\u044c\u0435\u0432\u043d\u0430", "2": "https://klientiks.ru/clientix/client/default/id/1109904", "3": 10765}}, {"id": 6612051, "name": "\u0410\u044e\u0440\u0432\u0435\u0434\u0430 \u043f\u043e\u0432\u0442\u043e\u0440\u043d\u0430\u044f \u043a\u043e\u043d\u0441\u0443\u043b\u044c\u0442\u0430\u0446\u0438\u044f \u0432\u0440\u0430\u0447\u0430 \u0432 \u043d\u0430\u0437\u043d\u0430\u0447\u0435\u043d\u043d\u044b\u0439 \u0441\u0440\u043e\u043a (30 \u043c\u0438\u043d)", "account_id": 10765, "date_create": 1582893369, "status": 6, "price": "2000", "client_id": 1122769, "roistat": "\u0412\u0445\u043e\u0434\u044f\u0449\u0438\u0439 \u0437\u0432\u043e\u043d\u043e\u043a", "executor": "\u041f\u0440\u0430\u0432\u0438\u043d \u0421\u0443\u0440\u0435\u043d\u0434\u0440\u0430\u043d\u043f\u0438\u043b\u0430\u0439 \u0412\u0430\u0441\u0430\u043d\u0442\u0430\u043a\u0443\u043c\u0430\u0440\u0438", "is_sale": false, "appointment_id": 5855752, "fields": {"1": "\u041f\u0440\u0430\u0432\u0438\u043d \u0421\u0443\u0440\u0435\u043d\u0434\u0440\u0430\u043d\u043f\u0438\u043b\u0430\u0439 \u0412\u0430\u0441\u0430\u043d\u0442\u0430\u043a\u0443\u043c\u0430\u0440\u0438", "2": "https://klientiks.ru/clientix/client/default/id/1122769", "3": 10765}}, {"id": 6612512, "name": "\u0410\u044e\u0440\u0432\u0435\u0434\u0430 \u043f\u043e\u0432\u0442\u043e\u0440\u043d\u0430\u044f  \u043a\u043e\u043d\u0441\u0443\u043b\u044c\u0442\u0430\u0446\u0438\u044f \u0432\u0440\u0430\u0447\u0430 (30 \u043c\u0438\u043d)", "account_id": 10765, "date_create": 1582895755, "status": 7, "price": null, "client_id": 2758536, "roistat": "\u043e\u0442 \u0437\u043d\u0430\u043a\u043e\u043c\u044b\u0445", "executor": "\u041f\u0440\u0430\u0432\u0438\u043d \u0421\u0443\u0440\u0435\u043d\u0434\u0440\u0430\u043d\u043f\u0438\u043b\u0430\u0439 \u0412\u0430\u0441\u0430\u043d\u0442\u0430\u043a\u0443\u043c\u0430\u0440\u0438", "is_sale": false, "appointment_id": 5856150, "fields": {"1": "\u041f\u0440\u0430\u0432\u0438\u043d \u0421\u0443\u0440\u0435\u043d\u0434\u0440\u0430\u043d\u043f\u0438\u043b\u0430\u0439 \u0412\u0430\u0441\u0430\u043d\u0442\u0430\u043a\u0443\u043c\u0430\u0440\u0438", "2": "https://klientiks.ru/clientix/client/default/id/2758536", "3": 10765}}, {"id": 6613111, "name": "Sukumara_Kashayam_200 ml", "account_id": 10765, "date_create": 1582899890, "status": 6, "price": "800", "client_id": 3258794, "roistat": "\u0412\u0445\u043e\u0434\u044f\u0449\u0438\u0439 \u0437\u0432\u043e\u043d\u043e\u043a", "executor": "\u0410\u0445\u043c\u0435\u0434\u043e\u0432\u0430 \u0422\u0430\u0442\u044c\u044f\u043d\u0430 \u041b\u0435\u043e\u043d\u0438\u0434\u043e\u0432\u043d\u0430", "is_sale": true, "appointment_id": 5856720, "fields": {"1": "\u0410\u0445\u043c\u0435\u0434\u043e\u0432\u0430 \u0422\u0430\u0442\u044c\u044f\u043d\u0430 \u041b\u0435\u043e\u043d\u0438\u0434\u043e\u0432\u043d\u0430", "2": "https://klientiks.ru/clientix/client/default/id/3258794", "3": 10765}}, {"id": 6613142, "name": "\u0410\u044d\u0440\u043e\u0439\u043e\u0433\u0430 (90 \u043c\u0438\u043d)", "account_id": 10765, "date_create": 1582900096, "status": 6, "price": "800", "client_id": 3244018, "roistat": "\u0438\u043d\u0442\u0435\u0440\u043d\u0435\u0442", "executor": "\u0412\u043b\u0430\u0441\u043e\u0432\u0430 \u0415\u043b\u0435\u043d\u0430 \u0421\u0435\u0440\u0433\u0435\u0435\u0432\u043d\u0430", "is_sale": false, "appointment_id": 5762040, "fields": {"1": "\u0412\u043b\u0430\u0441\u043e\u0432\u0430 \u0415\u043b\u0435\u043d\u0430 \u0421\u0435\u0440\u0433\u0435\u0435\u0432\u043d\u0430", "2": "https://klientiks.ru/clientix/client/default/id/3244018", "3": 10765}}, {"id": 6613439, "name": "\u0428\u0430\u043c\u043f\u0443\u043d\u044c_Trichup,\u041a\u0430\u0440\u0434\u043e\u043c\u043e\u043d_\u0437\u0435\u043b\u0435\u043d\u044b\u0439,Brahmarasayanam_200ml,\u041a\u0430\u0440\u0434\u043e\u043c\u043e\u043d_\u0437\u0435\u043b\u0435\u043d\u044b\u0439,\u0428\u0430\u043c\u043f\u0443\u043d\u044c_Trichup,Brahmarasayanam_200ml,\u041a\u0430\u0440\u0434\u043e\u043c\u043e\u043d_\u0437\u0435\u043b\u0435\u043d\u044b\u0439,Brahmarasayanam_200ml,\u0428\u0430\u043c\u043f\u0443\u043d\u044c_Trichup", "account_id": 10765, "date_create": 1582901878, "status": 6, "price": "1250", "client_id": 3276868, "roistat": "\u0412\u0445\u043e\u0434\u044f\u0449\u0438\u0439 \u0437\u0432\u043e\u043d\u043e\u043a", "executor": "\u0410\u0445\u043c\u0435\u0434\u043e\u0432\u0430 \u0422\u0430\u0442\u044c\u044f\u043d\u0430 \u041b\u0435\u043e\u043d\u0438\u0434\u043e\u0432\u043d\u0430", "is_sale": true, "appointment_id": 5857007, "fields": {"1": "\u0410\u0445\u043c\u0435\u0434\u043e\u0432\u0430 \u0422\u0430\u0442\u044c\u044f\u043d\u0430 \u041b\u0435\u043e\u043d\u0438\u0434\u043e\u0432\u043d\u0430", "2": "https://klientiks.ru/clientix/client/default/id/3276868", "3": 10765}}, {"id": 6613600, "name": "Arjunarishtam_450ml", "account_id": 10765, "date_create": 1582902783, "status": 6, "price": "835", "client_id": 2623071, "roistat": "\u0441\u043e\u0442\u0440\u0443\u0434\u043d\u0438\u043a", "executor": "\u0410\u0445\u043c\u0435\u0434\u043e\u0432\u0430 \u0422\u0430\u0442\u044c\u044f\u043d\u0430 \u041b\u0435\u043e\u043d\u0438\u0434\u043e\u0432\u043d\u0430", "is_sale": true, "appointment_id": 5857122, "fields": {"1": "\u0410\u0445\u043c\u0435\u0434\u043e\u0432\u0430 \u0422\u0430\u0442\u044c\u044f\u043d\u0430 \u041b\u0435\u043e\u043d\u0438\u0434\u043e\u0432\u043d\u0430", "2": "https://klientiks.ru/clientix/client/default/id/2623071", "3": 10765}}, {"id": 6614597, "name": "\u0410\u044e\u0440\u0432\u0435\u0434\u0430 \u043f\u043e\u0432\u0442\u043e\u0440\u043d\u0430\u044f \u043a\u043e\u043d\u0441\u0443\u043b\u044c\u0442\u0430\u0446\u0438\u044f \u0432\u0440\u0430\u0447\u0430 \u0432 \u043d\u0430\u0437\u043d\u0430\u0447\u0435\u043d\u043d\u044b\u0439 \u0441\u0440\u043e\u043a (30 \u043c\u0438\u043d)", "account_id": 10765, "date_create": 1582905636, "status": 6, "price": "2000", "client_id": 1383790, "roistat": "\u0421\u043e\u0432\u0435\u0442 \u0414\u0440\u0443\u0437\u0435\u0439", "executor": "\u041f\u0440\u0430\u0432\u0438\u043d \u0421\u0443\u0440\u0435\u043d\u0434\u0440\u0430\u043d\u043f\u0438\u043b\u0430\u0439 \u0412\u0430\u0441\u0430\u043d\u0442\u0430\u043a\u0443\u043c\u0430\u0440\u0438", "is_sale": false, "appointment_id": 5857428, "fields": {"1": "\u041f\u0440\u0430\u0432\u0438\u043d \u0421\u0443\u0440\u0435\u043d\u0434\u0440\u0430\u043d\u043f\u0438\u043b\u0430\u0439 \u0412\u0430\u0441\u0430\u043d\u0442\u0430\u043a\u0443\u043c\u0430\u0440\u0438", "2": "https://klientiks.ru/clientix/client/default/id/1383790", "3": 10765}}, {"id": 6614744, "name": "\u041a\u0430\u043b\u0430\u0440\u0438 \u043c\u0430\u0441\u0441\u0430\u0436 (60 \u043c\u0438\u043d. \u043d\u043e\u0436\u043d\u043e\u0439 \u043c\u0430\u0441\u043b\u044f\u043d\u044b\u0439 \u043c\u0430\u0441\u0441\u0430\u0436)", "account_id": 10765, "date_create": 1582906765, "status": 6, "price": "0", "client_id": 2936299, "roistat": "\u0412\u0445\u043e\u0434\u044f\u0449\u0438\u0439 \u0437\u0432\u043e\u043d\u043e\u043a,\u043e\u0442 \u0437\u043d\u0430\u043a\u043e\u043c\u044b\u0445", "executor": "\u0424\u0438\u043b\u0438\u043f \u0412\u0438\u043c\u0430\u043b\u0430 \u0412\u0438\u043f\u0438\u043d", "is_sale": false, "appointment_id": 5857568, "fields": {"1": "\u0424\u0438\u043b\u0438\u043f \u0412\u0438\u043c\u0430\u043b\u0430 \u0412\u0438\u043f\u0438\u043d", "2": "https://klientiks.ru/clientix/client/default/id/2936299", "3": 10765}}, {"id": 6614748, "name": "\u0410\u0431\u0445\u044a\u044f\u043d\u0433\u0430 \u043c\u0430\u0441\u0441\u0430\u0436 (60 \u043c\u0438\u043d. \u0440\u0443\u0447\u043d\u043e\u0439 \u043c\u0430\u0441\u043b\u044f\u043d\u044b\u0439 \u043c\u0430\u0441\u0441\u0430\u0436 \u0432 2 \u0440\u0443\u043a\u0438)", "account_id": 10765, "date_create": 1582906812, "status": 6, "price": "0", "client_id": 2936299, "roistat": "\u0412\u0445\u043e\u0434\u044f\u0449\u0438\u0439 \u0437\u0432\u043e\u043d\u043e\u043a,\u043e\u0442 \u0437\u043d\u0430\u043a\u043e\u043c\u044b\u0445", "executor": "\u041d\u0438\u0431\u0438\u043d \u041a\u043e\u0434\u0430\u0442 \u0414\u0438\u043d\u0435\u0441\u0430\u043d", "is_sale": false, "appointment_id": 5857573, "fields": {"1": "\u041d\u0438\u0431\u0438\u043d \u041a\u043e\u0434\u0430\u0442 \u0414\u0438\u043d\u0435\u0441\u0430\u043d", "2": "https://klientiks.ru/clientix/client/default/id/2936299", "3": 10765}}, {"id": 6614839, "name": "\u0423\u043c\u0430\u0441\u043b\u0438\u0432\u0430\u043d\u0438\u0435  (30 \u043c\u0438\u043d.)", "account_id": 10765, "date_create": 1582907560, "status": 6, "price": "1440", "client_id": 1123631, "roistat": "\u043f\u043e\u0441\u0442\u043e\u044f\u043d\u043d\u044b\u0439 \u043a\u043b\u0438\u0435\u043d\u0442", "executor": "\u0428\u0440\u0438\u0442\u0430", "is_sale": false, "appointment_id": 5857654, "fields": {"1": "\u0428\u0440\u0438\u0442\u0430", "2": "https://klientiks.ru/clientix/client/default/id/1123631", "3": 10765}}, {"id": 6614872, "name": "\u0423\u043c\u0430\u0441\u043b\u0438\u0432\u0430\u043d\u0438\u0435  (30 \u043c\u0438\u043d.)", "account_id": 10765, "date_create": 1582908126, "status": 6, "price": "1440", "client_id": 1123631, "roistat": "\u043f\u043e\u0441\u0442\u043e\u044f\u043d\u043d\u044b\u0439 \u043a\u043b\u0438\u0435\u043d\u0442", "executor": "\u0428\u0440\u0438\u0442\u0430", "is_sale": false, "appointment_id": 5857693, "fields": {"1": "\u0428\u0440\u0438\u0442\u0430", "2": "https://klientiks.ru/clientix/client/default/id/1123631", "3": 10765}}, {"id": 6614880, "name": "Koflet_1_\u043a\u043e\u043d\u0444\u0435\u0442\u0430", "account_id": 10765, "date_create": 1582908200, "status": 6, "price": "150", "client_id": 1123631, "roistat": "\u043f\u043e\u0441\u0442\u043e\u044f\u043d\u043d\u044b\u0439 \u043a\u043b\u0438\u0435\u043d\u0442", "executor": "\u0410\u0445\u043c\u0435\u0434\u043e\u0432\u0430 \u0422\u0430\u0442\u044c\u044f\u043d\u0430 \u041b\u0435\u043e\u043d\u0438\u0434\u043e\u0432\u043d\u0430", "is_sale": true, "appointment_id": 5857701, "fields": {"1": "\u0410\u0445\u043c\u0435\u0434\u043e\u0432\u0430 \u0422\u0430\u0442\u044c\u044f\u043d\u0430 \u041b\u0435\u043e\u043d\u0438\u0434\u043e\u0432\u043d\u0430", "2": "https://klientiks.ru/clientix/client/default/id/1123631", "3": 10765}}, {"id": 6614887, "name": "\u041a\u0430\u043b\u0430\u0440\u0438 \u043c\u0430\u0441\u0441\u0430\u0436 (60 \u043c\u0438\u043d. \u043d\u043e\u0436\u043d\u043e\u0439 \u043c\u0430\u0441\u043b\u044f\u043d\u044b\u0439 \u043c\u0430\u0441\u0441\u0430\u0436)", "account_id": 10765, "date_create": 1582908326, "status": 6, "price": "0", "client_id": 2936299, "roistat": "\u0412\u0445\u043e\u0434\u044f\u0449\u0438\u0439 \u0437\u0432\u043e\u043d\u043e\u043a,\u043e\u0442 \u0437\u043d\u0430\u043a\u043e\u043c\u044b\u0445", "executor": "\u0424\u0438\u043b\u0438\u043f \u0412\u0438\u043c\u0430\u043b\u0430 \u0412\u0438\u043f\u0438\u043d", "is_sale": false, "appointment_id": 5857708, "fields": {"1": "\u0424\u0438\u043b\u0438\u043f \u0412\u0438\u043c\u0430\u043b\u0430 \u0412\u0438\u043f\u0438\u043d", "2": "https://klientiks.ru/clientix/client/default/id/2936299", "3": 10765}}, {"id": 6614892, "name": "\u041a\u0430\u043b\u0430\u0440\u0438 \u043c\u0430\u0441\u0441\u0430\u0436 (60 \u043c\u0438\u043d. \u043d\u043e\u0436\u043d\u043e\u0439 \u043c\u0430\u0441\u043b\u044f\u043d\u044b\u0439 \u043c\u0430\u0441\u0441\u0430\u0436)", "account_id": 10765, "date_create": 1582908371, "status": 7, "price": null, "client_id": 2936299, "roistat": "\u0412\u0445\u043e\u0434\u044f\u0449\u0438\u0439 \u0437\u0432\u043e\u043d\u043e\u043a,\u043e\u0442 \u0437\u043d\u0430\u043a\u043e\u043c\u044b\u0445", "executor": "\u0424\u0438\u043b\u0438\u043f \u0412\u0438\u043c\u0430\u043b\u0430 \u0412\u0438\u043f\u0438\u043d", "is_sale": false, "appointment_id": 5857714, "fields": {"1": "\u0424\u0438\u043b\u0438\u043f \u0412\u0438\u043c\u0430\u043b\u0430 \u0412\u0438\u043f\u0438\u043d", "2": "https://klientiks.ru/clientix/client/default/id/2936299", "3": 10765}}, {"id": 6616355, "name": "\u041c\u0443\u043a\u0445\u0430\u0431\u0445\u044a\u044f\u043d\u0433\u0430 (30 \u043c\u0438\u043d. \u043c\u0430\u0441\u0441\u0430\u0436 \u043b\u0438\u0446\u0430),\u0410\u0431\u0445\u044a\u044f\u043d\u0433\u0430 \u043c\u0430\u0441\u0441\u0430\u0436 (60 \u043c\u0438\u043d. \u0440\u0443\u0447\u043d\u043e\u0439 \u043c\u0430\u0441\u043b\u044f\u043d\u044b\u0439 \u043c\u0430\u0441\u0441\u0430\u0436 \u0432 2 \u0440\u0443\u043a\u0438),\u041c\u0443\u043a\u0445\u0430\u0431\u0445\u044a\u044f\u043d\u0433\u0430 (30 \u043c\u0438\u043d. \u043c\u0430\u0441\u0441\u0430\u0436 \u043b\u0438\u0446\u0430),\u0410\u0431\u0445\u044a\u044f\u043d\u0433\u0430 \u043c\u0430\u0441\u0441\u0430\u0436 (60 \u043c\u0438\u043d. \u0440\u0443\u0447\u043d\u043e\u0439 \u043c\u0430\u0441\u043b\u044f\u043d\u044b\u0439 \u043c\u0430\u0441\u0441\u0430\u0436 \u0432 2 \u0440\u0443\u043a\u0438)", "account_id": 10765, "date_create": 1582958255, "status": 6, "price": "4400", "client_id": 2942716, "roistat": "\u0412\u0445\u043e\u0434\u044f\u0449\u0438\u0439 \u0437\u0432\u043e\u043d\u043e\u043a", "executor": "\u0428\u0440\u0438\u0442\u0430", "is_sale": false, "appointment_id": 5858940, "fields": {"1": "\u0428\u0440\u0438\u0442\u0430", "2": "https://klientiks.ru/clientix/client/default/id/2942716", "3": 10765}}, {"id": 6616633, "name": "\u0410\u044e\u0440\u0432\u0435\u0434\u0430 \u043a\u043e\u043d\u0441\u0443\u043b\u044c\u0442\u0430\u0446\u0438\u044f \u0432\u0440\u0430\u0447\u0430 (60 \u043c\u0438\u043d)", "account_id": 10765, "date_create": 1582960279, "status": 7, "price": null, "client_id": 3332399, "roistat": "\u0412\u0445\u043e\u0434\u044f\u0449\u0438\u0439 \u0437\u0432\u043e\u043d\u043e\u043a,\u0418\u043d\u0442\u0435\u0440\u043d\u0435\u0442", "executor": "\u041f\u0440\u0430\u0432\u0438\u043d \u0421\u0443\u0440\u0435\u043d\u0434\u0440\u0430\u043d\u043f\u0438\u043b\u0430\u0439 \u0412\u0430\u0441\u0430\u043d\u0442\u0430\u043a\u0443\u043c\u0430\u0440\u0438", "is_sale": false, "appointment_id": 5859207, "fields": {"1": "\u041f\u0440\u0430\u0432\u0438\u043d \u0421\u0443\u0440\u0435\u043d\u0434\u0440\u0430\u043d\u043f\u0438\u043b\u0430\u0439 \u0412\u0430\u0441\u0430\u043d\u0442\u0430\u043a\u0443\u043c\u0430\u0440\u0438", "2": "https://klientiks.ru/clientix/client/default/id/3332399", "3": 10765}}, {"id": 6617138, "name": "Tiktaka_Kwatham_100tab", "account_id": 10765, "date_create": 1582962755, "status": 6, "price": "1250", "client_id": 2695457, "roistat": "\u043e\u0442 \u0437\u043d\u0430\u043a\u043e\u043c\u044b\u0445", "executor": "\u0410\u0445\u043c\u0435\u0434\u043e\u0432\u0430 \u0422\u0430\u0442\u044c\u044f\u043d\u0430 \u041b\u0435\u043e\u043d\u0438\u0434\u043e\u0432\u043d\u0430", "is_sale": true, "appointment_id": 5859697, "fields": {"1": "\u0410\u0445\u043c\u0435\u0434\u043e\u0432\u0430 \u0422\u0430\u0442\u044c\u044f\u043d\u0430 \u041b\u0435\u043e\u043d\u0438\u0434\u043e\u0432\u043d\u0430", "2": "https://klientiks.ru/clientix/client/default/id/2695457", "3": 10765}}, {"id": 6617942, "name": "\u041a\u043e\u043d\u0441\u0443\u043b\u044c\u0442\u0430\u0446\u0438\u044f \u0430\u0441\u0442\u0440\u043e\u043b\u043e\u0433\u0430 \u0420\u0430\u0433\u0445\u0443\u043d\u0430\u0442\u0445  \u0441\u043a\u0430\u0439\u043f", "account_id": 10765, "date_create": 1582966621, "status": 7, "price": null, "client_id": 3325787, "roistat": "\u0412\u0445\u043e\u0434\u044f\u0449\u0438\u0439 \u0437\u0432\u043e\u043d\u043e\u043a,\u0418\u043d\u0442\u0435\u0440\u043d\u0435\u0442", "executor": "\u0420\u0430\u0433\u0445\u0443\u043d\u0430\u0442\u0445 \u041c\u0435\u043d\u043e\u043d", "is_sale": false, "appointment_id": 5860448, "fields": {"1": "\u0420\u0430\u0433\u0445\u0443\u043d\u0430\u0442\u0445 \u041c\u0435\u043d\u043e\u043d", "2": "https://klientiks.ru/clientix/client/default/id/3325787", "3": 10765}}, {"id": 6618358, "name": "\u0410\u044e\u0440\u0432\u0435\u0434\u0430 \u043a\u043e\u043d\u0441\u0443\u043b\u044c\u0442\u0430\u0446\u0438\u044f \u0432\u0440\u0430\u0447\u0430 (60 \u043c\u0438\u043d)", "account_id": 10765, "date_create": 1582968635, "status": 6, "price": "3200", "client_id": 3332878, "roistat": "\u0412\u0445\u043e\u0434\u044f\u0449\u0438\u0439 \u0437\u0432\u043e\u043d\u043e\u043a", "executor": "\u041f\u0440\u0430\u0432\u0438\u043d \u0421\u0443\u0440\u0435\u043d\u0434\u0440\u0430\u043d\u043f\u0438\u043b\u0430\u0439 \u0412\u0430\u0441\u0430\u043d\u0442\u0430\u043a\u0443\u043c\u0430\u0440\u0438", "is_sale": false, "appointment_id": 5860861, "fields": {"1": "\u041f\u0440\u0430\u0432\u0438\u043d \u0421\u0443\u0440\u0435\u043d\u0434\u0440\u0430\u043d\u043f\u0438\u043b\u0430\u0439 \u0412\u0430\u0441\u0430\u043d\u0442\u0430\u043a\u0443\u043c\u0430\u0440\u0438", "2": "https://klientiks.ru/clientix/client/default/id/3332878", "3": 10765}}, {"id": 6618409, "name": "\u0410\u044e\u0440\u0432\u0435\u0434\u0430 \u043a\u043e\u043d\u0441\u0443\u043b\u044c\u0442\u0430\u0446\u0438\u044f \u0432\u0440\u0430\u0447\u0430 (60 \u043c\u0438\u043d)", "account_id": 10765, "date_create": 1582968860, "status": 6, "price": "3200", "client_id": 3332903, "roistat": "\u0412\u0445\u043e\u0434\u044f\u0449\u0438\u0439 \u0437\u0432\u043e\u043d\u043e\u043a,\u0418\u043d\u0442\u0435\u0440\u043d\u0435\u0442", "executor": "\u041f\u0440\u0430\u0432\u0438\u043d \u0421\u0443\u0440\u0435\u043d\u0434\u0440\u0430\u043d\u043f\u0438\u043b\u0430\u0439 \u0412\u0430\u0441\u0430\u043d\u0442\u0430\u043a\u0443\u043c\u0430\u0440\u0438", "is_sale": false, "appointment_id": 5860916, "fields": {"1": "\u041f\u0440\u0430\u0432\u0438\u043d \u0421\u0443\u0440\u0435\u043d\u0434\u0440\u0430\u043d\u043f\u0438\u043b\u0430\u0439 \u0412\u0430\u0441\u0430\u043d\u0442\u0430\u043a\u0443\u043c\u0430\u0440\u0438", "2": "https://klientiks.ru/clientix/client/default/id/3332903", "3": 10765}}, {"id": 6618428, "name": "Drakshadi_kashayam_200ml,Ashwagandha_60tab_Kutir's,Septilin_Himalaya_60 tab,\u041a\u0443\u043d\u0436\u0443\u0442\u043d\u043e\u0435_\u043c\u0430\u0441\u043b\u043e_\u041a\u0430\u043c\u0430\u043b\u0430,Drakshadi_kashayam_200ml,Drakshadi_kashayam_200ml,Septilin_Himalaya_60 tab,Ashwagandha_60tab_Kutir's,Avipathi_choornam_30g,\u041a\u0443\u043d\u0436\u0443\u0442\u043d\u043e\u0435_\u043c\u0430\u0441\u043b\u043e_\u041a\u0430\u043c\u0430\u043b\u0430,Septilin_Himalaya_60 tab,Ashwagandha_60tab_Kutir's,Avipathi_choornam_30g,\u041a\u0443\u043d\u0436\u0443\u0442\u043d\u043e\u0435_\u043c\u0430\u0441\u043b\u043e_\u041a\u0430\u043c\u0430\u043b\u0430,Drakshadi_kashayam_200ml,Septilin_Himalaya_60 tab,Ashwagandha_60tab_Kutir's,Avipathi_choornam_30g,\u041a\u0443\u043d\u0436\u0443\u0442\u043d\u043e\u0435_\u043c\u0430\u0441\u043b\u043e_\u041a\u0430\u043c\u0430\u043b\u0430,Drakshadi_kashayam_200ml,Septilin_Himalaya_60 tab,Ashwagandha_60tab_Kutir's,Avipathi_choornam_30g,\u041a\u0443\u043d\u0436\u0443\u0442\u043d\u043e\u0435_\u043c\u0430\u0441\u043b\u043e_\u041a\u0430\u043c\u0430\u043b\u0430,Avipathi_choornam_30g", "account_id": 10765, "date_create": 1582968967, "status": 6, "price": "1750", "client_id": 3255176, "roistat": "\u043e\u0442 \u0437\u043d\u0430\u043a\u043e\u043c\u044b\u0445,\u0418\u043d\u0442\u0435\u0440\u043d\u0435\u0442", "executor": "\u0410\u0445\u043c\u0435\u0434\u043e\u0432\u0430 \u0422\u0430\u0442\u044c\u044f\u043d\u0430 \u041b\u0435\u043e\u043d\u0438\u0434\u043e\u0432\u043d\u0430", "is_sale": true, "appointment_id": 5860936, "fields": {"1": "\u0410\u0445\u043c\u0435\u0434\u043e\u0432\u0430 \u0422\u0430\u0442\u044c\u044f\u043d\u0430 \u041b\u0435\u043e\u043d\u0438\u0434\u043e\u0432\u043d\u0430", "2": "https://klientiks.ru/clientix/client/default/id/3255176", "3": 10765}}, {"id": 6618714, "name": "\u0410\u0431\u0445\u044a\u044f\u043d\u0433\u0430 \u043c\u0430\u0441\u0441\u0430\u0436 (60 \u043c\u0438\u043d. \u0440\u0443\u0447\u043d\u043e\u0439 \u043c\u0430\u0441\u043b\u044f\u043d\u044b\u0439 \u043c\u0430\u0441\u0441\u0430\u0436 \u0432 2 \u0440\u0443\u043a\u0438)", "account_id": 10765, "date_create": 1582970573, "status": 6, "price": "3200", "client_id": 3255176, "roistat": "\u043e\u0442 \u0437\u043d\u0430\u043a\u043e\u043c\u044b\u0445,\u0418\u043d\u0442\u0435\u0440\u043d\u0435\u0442", "executor": "\u0428\u0440\u0438\u0442\u0430", "is_sale": false, "appointment_id": 5727454, "fields": {"1": "\u0428\u0440\u0438\u0442\u0430", "2": "https://klientiks.ru/clientix/client/default/id/3255176", "3": 10765}}, {"id": 6619065, "name": "\u0410\u044e\u0440\u0432\u0435\u0434\u0430 \u043f\u043e\u0432\u0442\u043e\u0440\u043d\u0430\u044f \u043a\u043e\u043d\u0441\u0443\u043b\u044c\u0442\u0430\u0446\u0438\u044f \u0432\u0440\u0430\u0447\u0430 \u0432 \u043d\u0430\u0437\u043d\u0430\u0447\u0435\u043d\u043d\u044b\u0439 \u0441\u0440\u043e\u043a (30 \u043c\u0438\u043d)", "account_id": 10765, "date_create": 1582972818, "status": 7, "price": null, "client_id": 3255176, "roistat": "\u043e\u0442 \u0437\u043d\u0430\u043a\u043e\u043c\u044b\u0445,\u0418\u043d\u0442\u0435\u0440\u043d\u0435\u0442", "executor": "\u041f\u0440\u0430\u0432\u0438\u043d \u0421\u0443\u0440\u0435\u043d\u0434\u0440\u0430\u043d\u043f\u0438\u043b\u0430\u0439 \u0412\u0430\u0441\u0430\u043d\u0442\u0430\u043a\u0443\u043c\u0430\u0440\u0438", "is_sale": false, "appointment_id": 5861541, "fields": {"1": "\u041f\u0440\u0430\u0432\u0438\u043d \u0421\u0443\u0440\u0435\u043d\u0434\u0440\u0430\u043d\u043f\u0438\u043b\u0430\u0439 \u0412\u0430\u0441\u0430\u043d\u0442\u0430\u043a\u0443\u043c\u0430\u0440\u0438", "2": "https://klientiks.ru/clientix/client/default/id/3255176", "3": 10765}}, {"id": 6619635, "name": "\u0410\u0431\u0445\u044a\u044f\u043d\u0433\u0430 \u043c\u0430\u0441\u0441\u0430\u0436 (60 \u043c\u0438\u043d. \u0440\u0443\u0447\u043d\u043e\u0439 \u043c\u0430\u0441\u043b\u044f\u043d\u044b\u0439 \u043c\u0430\u0441\u0441\u0430\u0436 \u0432 2 \u0440\u0443\u043a\u0438)", "account_id": 10765, "date_create": 1582976474, "status": 7, "price": null, "client_id": 2319865, "roistat": "\u0412\u0445\u043e\u0434\u044f\u0449\u0438\u0439 \u0437\u0432\u043e\u043d\u043e\u043a", "executor": "\u0410\u043f\u043f\u043e", "is_sale": false, "appointment_id": 5862108, "fields": {"1": "\u0410\u043f\u043f\u043e", "2": "https://klientiks.ru/clientix/client/default/id/2319865", "3": 10765}}, {"id": 6619896, "name": "\u041a\u0438\u0436\u0438 \u043c\u0430\u0441\u0441\u0430\u0436 (60 \u043c\u0438\u043d. \u043f\u0438\u043d\u0434\u0430\u0441\u0432\u0435\u0434\u0430\u043d\u0430, \u043c\u0430\u0441\u0441\u0430\u0436 \u043c\u0435\u0448\u043e\u0447\u043a\u0430\u043c\u0438 \u0432 2 \u0440\u0443\u043a\u0438)", "account_id": 10765, "date_create": 1582978641, "status": 7, "price": null, "client_id": 3122840, "roistat": "\u0420\u043e\u0434\u0441\u0442\u0432\u0435\u043d\u043d\u0438\u043a \u043d\u0430\u0448\u0435\u0433\u043e \u043a\u043b\u0438\u0435\u043d\u0442\u0430", "executor": "\u0424\u0438\u043b\u0438\u043f \u0412\u0438\u043c\u0430\u043b\u0430 \u0412\u0438\u043f\u0438\u043d", "is_sale": false, "appointment_id": 5862352, "fields": {"1": "\u0424\u0438\u043b\u0438\u043f \u0412\u0438\u043c\u0430\u043b\u0430 \u0412\u0438\u043f\u0438\u043d", "2": "https://klientiks.ru/clientix/client/default/id/3122840", "3": 10765}}, {"id": 6620022, "name": "\u0410\u044e\u0440\u0432\u0435\u0434\u0430 \u043f\u043e\u0432\u0442\u043e\u0440\u043d\u0430\u044f  \u043a\u043e\u043d\u0441\u0443\u043b\u044c\u0442\u0430\u0446\u0438\u044f \u043f\u0440\u0438\u0433\u043b\u0430\u0448\u0435\u043d\u043d\u043e\u0433\u043e \u0441\u043f\u0435\u0446\u0438\u0430\u043b\u0438\u0441\u0442\u0430 (30 \u043c\u0438\u043d)", "account_id": 10765, "date_create": 1582979786, "status": 6, "price": "2500", "client_id": 2823274, "roistat": "\u0421\u043e\u0432\u0435\u0442 \u0414\u0440\u0443\u0437\u0435\u0439,\u0438\u043d\u0442\u0435\u0440\u043d\u0435\u0442", "executor": "\u0414\u0436\u0430\u0442\u0445\u0430\u0432 \u041f\u0430\u0440\u0435\u0448", "is_sale": false, "appointment_id": 5862466, "fields": {"1": "\u0414\u0436\u0430\u0442\u0445\u0430\u0432 \u041f\u0430\u0440\u0435\u0448", "2": "https://klientiks.ru/clientix/client/default/id/2823274", "3": 10765}}, {"id": 6620738, "name": "\u0421\u0435\u0430\u043d\u0441 \u0432 \u043a\u0435\u0434\u0440\u043e\u0432\u043e\u0439 \u0431\u043e\u0447\u043a\u0435 \u0441 \u0444\u0438\u0442\u043e\u0441\u0431\u043e\u0440\u043e\u043c,\u0421\u0435\u0430\u043d\u0441 \u0432 \u043a\u0435\u0434\u0440\u043e\u0432\u043e\u0439 \u0431\u043e\u0447\u043a\u0435 \u0441 \u0444\u0438\u0442\u043e\u0441\u0431\u043e\u0440\u043e\u043c,\u0410\u0431\u0445\u044a\u044f\u043d\u0433\u0430 \u043c\u0430\u0441\u0441\u0430\u0436 (60 \u043c\u0438\u043d. \u0440\u0443\u0447\u043d\u043e\u0439 \u043c\u0430\u0441\u043b\u044f\u043d\u044b\u0439 \u043c\u0430\u0441\u0441\u0430\u0436 \u0432 2 \u0440\u0443\u043a\u0438),\u0410\u0431\u0445\u044a\u044f\u043d\u0433\u0430 \u043c\u0430\u0441\u0441\u0430\u0436 (60 \u043c\u0438\u043d. \u0440\u0443\u0447\u043d\u043e\u0439 \u043c\u0430\u0441\u043b\u044f\u043d\u044b\u0439 \u043c\u0430\u0441\u0441\u0430\u0436 \u0432 2 \u0440\u0443\u043a\u0438)", "account_id": 10765, "date_create": 1582985690, "status": 6, "price": "0", "client_id": 3263662, "roistat": "\u043f\u043e\u0441\u0442\u043e\u044f\u043d\u043d\u044b\u0439 \u043a\u043b\u0438\u0435\u043d\u0442", "executor": "\u0428\u0440\u0438\u0442\u0430", "is_sale": false, "appointment_id": 5863078, "fields": {"1": "\u0428\u0440\u0438\u0442\u0430", "2": "https://klientiks.ru/clientix/client/default/id/3263662", "3": 10765}}, {"id": 6620742, "name": "\u041a\u0430\u043b\u0430\u0440\u0438 \u043c\u0430\u0441\u0441\u0430\u0436 (60 \u043c\u0438\u043d. \u043d\u043e\u0436\u043d\u043e\u0439 \u043c\u0430\u0441\u043b\u044f\u043d\u044b\u0439 \u043c\u0430\u0441\u0441\u0430\u0436),\u0412\u0438\u0440\u0435\u0447\u0430\u043d\u0430 (\u0441\u043b\u0430\u0431\u0438\u0442\u0435\u043b\u044c\u043d\u0430\u044f \u0442\u0435\u0440\u0430\u043f\u0438\u044f),\u041a\u0430\u043b\u0430\u0440\u0438 \u043c\u0430\u0441\u0441\u0430\u0436 (60 \u043c\u0438\u043d. \u043d\u043e\u0436\u043d\u043e\u0439 \u043c\u0430\u0441\u043b\u044f\u043d\u044b\u0439 \u043c\u0430\u0441\u0441\u0430\u0436),\u0412\u0438\u0440\u0435\u0447\u0430\u043d\u0430 (\u0441\u043b\u0430\u0431\u0438\u0442\u0435\u043b\u044c\u043d\u0430\u044f \u0442\u0435\u0440\u0430\u043f\u0438\u044f)", "account_id": 10765, "date_create": 1582985730, "status": 6, "price": "0", "client_id": 3263662, "roistat": "\u043f\u043e\u0441\u0442\u043e\u044f\u043d\u043d\u044b\u0439 \u043a\u043b\u0438\u0435\u043d\u0442", "executor": "\u0428\u0440\u0438\u0442\u0430", "is_sale": false, "appointment_id": 5863080, "fields": {"1": "\u0428\u0440\u0438\u0442\u0430", "2": "https://klientiks.ru/clientix/client/default/id/3263662", "3": 10765}}, {"id": 6620748, "name": "\u0410\u0431\u0445\u044a\u044f\u043d\u0433\u0430 \u043c\u0430\u0441\u0441\u0430\u0436 (60 \u043c\u0438\u043d. \u0440\u0443\u0447\u043d\u043e\u0439 \u043c\u0430\u0441\u043b\u044f\u043d\u044b\u0439 \u043c\u0430\u0441\u0441\u0430\u0436 \u0432 2 \u0440\u0443\u043a\u0438),\u0410\u0431\u0445\u044a\u044f\u043d\u0433\u0430 \u043c\u0430\u0441\u0441\u0430\u0436 (60 \u043c\u0438\u043d. \u0440\u0443\u0447\u043d\u043e\u0439 \u043c\u0430\u0441\u043b\u044f\u043d\u044b\u0439 \u043c\u0430\u0441\u0441\u0430\u0436 \u0432 2 \u0440\u0443\u043a\u0438),\u041a\u0438\u0436\u0438 \u043d\u0430 \u0447\u0430\u0441\u0442\u0438 \u0442\u0435\u043b\u0430 (30 \u043c\u0438\u043d),\u041a\u0438\u0436\u0438 \u043d\u0430 \u0447\u0430\u0441\u0442\u0438 \u0442\u0435\u043b\u0430 (30 \u043c\u0438\u043d)", "account_id": 10765, "date_create": 1582985805, "status": 6, "price": "0", "client_id": 3263662, "roistat": "\u043f\u043e\u0441\u0442\u043e\u044f\u043d\u043d\u044b\u0439 \u043a\u043b\u0438\u0435\u043d\u0442", "executor": "\u041d\u0438\u0431\u0438\u043d \u041a\u043e\u0434\u0430\u0442 \u0414\u0438\u043d\u0435\u0441\u0430\u043d", "is_sale": false, "appointment_id": 5863085, "fields": {"1": "\u041d\u0438\u0431\u0438\u043d \u041a\u043e\u0434\u0430\u0442 \u0414\u0438\u043d\u0435\u0441\u0430\u043d", "2": "https://klientiks.ru/clientix/client/default/id/3263662", "3": 10765}}, {"id": 6620754, "name": "\u0410\u0431\u0445\u044a\u044f\u043d\u0433\u0430 \u043c\u0430\u0441\u0441\u0430\u0436 (60 \u043c\u0438\u043d. \u0440\u0443\u0447\u043d\u043e\u0439 \u043c\u0430\u0441\u043b\u044f\u043d\u044b\u0439 \u043c\u0430\u0441\u0441\u0430\u0436 \u0432 2 \u0440\u0443\u043a\u0438),\u0410\u0431\u0445\u044a\u044f\u043d\u0433\u0430 \u043c\u0430\u0441\u0441\u0430\u0436 (60 \u043c\u0438\u043d. \u0440\u0443\u0447\u043d\u043e\u0439 \u043c\u0430\u0441\u043b\u044f\u043d\u044b\u0439 \u043c\u0430\u0441\u0441\u0430\u0436 \u0432 2 \u0440\u0443\u043a\u0438),\u041a\u0438\u0436\u0438 \u043d\u0430 \u0447\u0430\u0441\u0442\u0438 \u0442\u0435\u043b\u0430 (30 \u043c\u0438\u043d),\u041a\u0438\u0436\u0438 \u043d\u0430 \u0447\u0430\u0441\u0442\u0438 \u0442\u0435\u043b\u0430 (30 \u043c\u0438\u043d)", "account_id": 10765, "date_create": 1582985849, "status": 6, "price": "0", "client_id": 3263662, "roistat": "\u043f\u043e\u0441\u0442\u043e\u044f\u043d\u043d\u044b\u0439 \u043a\u043b\u0438\u0435\u043d\u0442", "executor": "\u041d\u0438\u0431\u0438\u043d \u041a\u043e\u0434\u0430\u0442 \u0414\u0438\u043d\u0435\u0441\u0430\u043d", "is_sale": false, "appointment_id": 5863092, "fields": {"1": "\u041d\u0438\u0431\u0438\u043d \u041a\u043e\u0434\u0430\u0442 \u0414\u0438\u043d\u0435\u0441\u0430\u043d", "2": "https://klientiks.ru/clientix/client/default/id/3263662", "3": 10765}}, {"id": 6620759, "name": "\u041f\u0438\u0447\u0443 (30 \u043c\u0438\u043d. \u043c\u0430\u0441\u043b\u044f\u043d\u0430\u044f \u0430\u043f\u043f\u043b\u0438\u043a\u0430\u0446\u0438\u044f),\u0410\u043d\u0443\u0432\u0430\u0441\u0430\u043d\u0430 \u0411\u0430\u0441\u0442\u0438 (30 \u043c\u0438\u043d. \u043c\u0430\u0441\u043b\u044f\u043d\u0430\u044f \u0442\u0440\u0430\u0432\u044f\u043d\u0430\u044f \u043a\u043b\u0438\u0437\u043c\u0430),\u041a\u0430\u043b\u0430\u0440\u0438 \u043c\u0430\u0441\u0441\u0430\u0436 (60 \u043c\u0438\u043d. \u043d\u043e\u0436\u043d\u043e\u0439 \u043c\u0430\u0441\u043b\u044f\u043d\u044b\u0439 \u043c\u0430\u0441\u0441\u0430\u0436),\u041f\u0438\u0447\u0443 (30 \u043c\u0438\u043d. \u043c\u0430\u0441\u043b\u044f\u043d\u0430\u044f \u0430\u043f\u043f\u043b\u0438\u043a\u0430\u0446\u0438\u044f),\u0410\u043d\u0443\u0432\u0430\u0441\u0430\u043d\u0430 \u0411\u0430\u0441\u0442\u0438 (30 \u043c\u0438\u043d. \u043c\u0430\u0441\u043b\u044f\u043d\u0430\u044f \u0442\u0440\u0430\u0432\u044f\u043d\u0430\u044f \u043a\u043b\u0438\u0437\u043c\u0430),\u041a\u0430\u043b\u0430\u0440\u0438 \u043c\u0430\u0441\u0441\u0430\u0436 (60 \u043c\u0438\u043d. \u043d\u043e\u0436\u043d\u043e\u0439 \u043c\u0430\u0441\u043b\u044f\u043d\u044b\u0439 \u043c\u0430\u0441\u0441\u0430\u0436),\u041f\u0438\u0447\u0443 (30 \u043c\u0438\u043d. \u043c\u0430\u0441\u043b\u044f\u043d\u0430\u044f \u0430\u043f\u043f\u043b\u0438\u043a\u0430\u0446\u0438\u044f),\u0410\u043d\u0443\u0432\u0430\u0441\u0430\u043d\u0430 \u0411\u0430\u0441\u0442\u0438 (30 \u043c\u0438\u043d. \u043c\u0430\u0441\u043b\u044f\u043d\u0430\u044f \u0442\u0440\u0430\u0432\u044f\u043d\u0430\u044f \u043a\u043b\u0438\u0437\u043c\u0430),\u041a\u0430\u043b\u0430\u0440\u0438 \u043c\u0430\u0441\u0441\u0430\u0436 (60 \u043c\u0438\u043d. \u043d\u043e\u0436\u043d\u043e\u0439 \u043c\u0430\u0441\u043b\u044f\u043d\u044b\u0439 \u043c\u0430\u0441\u0441\u0430\u0436)", "account_id": 10765, "date_create": 1582985911, "status": 6, "price": "0", "client_id": 3263662, "roistat": "\u043f\u043e\u0441\u0442\u043e\u044f\u043d\u043d\u044b\u0439 \u043a\u043b\u0438\u0435\u043d\u0442", "executor": "\u0428\u0440\u0438\u0442\u0430", "is_sale": false, "appointment_id": 5863097, "fields": {"1": "\u0428\u0440\u0438\u0442\u0430", "2": "https://klientiks.ru/clientix/client/default/id/3263662", "3": 10765}}, {"id": 6620763, "name": "\u041f\u0438\u0447\u0443 (30 \u043c\u0438\u043d. \u043c\u0430\u0441\u043b\u044f\u043d\u0430\u044f \u0430\u043f\u043f\u043b\u0438\u043a\u0430\u0446\u0438\u044f),\u0410\u0431\u0445\u044a\u044f\u043d\u0433\u0430 \u043c\u0430\u0441\u0441\u0430\u0436 (60 \u043c\u0438\u043d. \u0440\u0443\u0447\u043d\u043e\u0439 \u043c\u0430\u0441\u043b\u044f\u043d\u044b\u0439 \u043c\u0430\u0441\u0441\u0430\u0436 \u0432 2 \u0440\u0443\u043a\u0438),\u041d\u0438\u0440\u0443\u0445\u0430 \u0411\u0430\u0441\u0442\u0438 (60 \u043c\u0438\u043d. \u043a\u043b\u0438\u0437\u043c\u0430 \u0442\u0440\u0430\u0432\u044f\u043d\u044b\u043c \u043e\u0442\u0432\u0430\u0440\u043e\u043c),\u041f\u0438\u0447\u0443 (30 \u043c\u0438\u043d. \u043c\u0430\u0441\u043b\u044f\u043d\u0430\u044f \u0430\u043f\u043f\u043b\u0438\u043a\u0430\u0446\u0438\u044f),\u0410\u0431\u0445\u044a\u044f\u043d\u0433\u0430 \u043c\u0430\u0441\u0441\u0430\u0436 (60 \u043c\u0438\u043d. \u0440\u0443\u0447\u043d\u043e\u0439 \u043c\u0430\u0441\u043b\u044f\u043d\u044b\u0439 \u043c\u0430\u0441\u0441\u0430\u0436 \u0432 2 \u0440\u0443\u043a\u0438),\u041d\u0438\u0440\u0443\u0445\u0430 \u0411\u0430\u0441\u0442\u0438 (60 \u043c\u0438\u043d. \u043a\u043b\u0438\u0437\u043c\u0430 \u0442\u0440\u0430\u0432\u044f\u043d\u044b\u043c \u043e\u0442\u0432\u0430\u0440\u043e\u043c),\u041f\u0438\u0447\u0443 (30 \u043c\u0438\u043d. \u043c\u0430\u0441\u043b\u044f\u043d\u0430\u044f \u0430\u043f\u043f\u043b\u0438\u043a\u0430\u0446\u0438\u044f),\u0410\u0431\u0445\u044a\u044f\u043d\u0433\u0430 \u043c\u0430\u0441\u0441\u0430\u0436 (60 \u043c\u0438\u043d. \u0440\u0443\u0447\u043d\u043e\u0439 \u043c\u0430\u0441\u043b\u044f\u043d\u044b\u0439 \u043c\u0430\u0441\u0441\u0430\u0436 \u0432 2 \u0440\u0443\u043a\u0438),\u041d\u0438\u0440\u0443\u0445\u0430 \u0411\u0430\u0441\u0442\u0438 (60 \u043c\u0438\u043d. \u043a\u043b\u0438\u0437\u043c\u0430 \u0442\u0440\u0430\u0432\u044f\u043d\u044b\u043c \u043e\u0442\u0432\u0430\u0440\u043e\u043c)", "account_id": 10765, "date_create": 1582985948, "status": 6, "price": "0", "client_id": 3263662, "roistat": "\u043f\u043e\u0441\u0442\u043e\u044f\u043d\u043d\u044b\u0439 \u043a\u043b\u0438\u0435\u043d\u0442", "executor": "\u041d\u0438\u0431\u0438\u043d \u041a\u043e\u0434\u0430\u0442 \u0414\u0438\u043d\u0435\u0441\u0430\u043d", "is_sale": false, "appointment_id": 5863101, "fields": {"1": "\u041d\u0438\u0431\u0438\u043d \u041a\u043e\u0434\u0430\u0442 \u0414\u0438\u043d\u0435\u0441\u0430\u043d", "2": "https://klientiks.ru/clientix/client/default/id/3263662", "3": 10765}}, {"id": 6620773, "name": "\u041a\u0438\u0436\u0438 \u043d\u0430 \u0447\u0430\u0441\u0442\u0438 \u0442\u0435\u043b\u0430 (30 \u043c\u0438\u043d),\u0410\u0431\u0445\u044a\u044f\u043d\u0433\u0430 \u043c\u0430\u0441\u0441\u0430\u0436 (60 \u043c\u0438\u043d. \u0440\u0443\u0447\u043d\u043e\u0439 \u043c\u0430\u0441\u043b\u044f\u043d\u044b\u0439 \u043c\u0430\u0441\u0441\u0430\u0436 \u0432 2 \u0440\u0443\u043a\u0438),\u0410\u043d\u0443\u0432\u0430\u0441\u0430\u043d\u0430 \u0411\u0430\u0441\u0442\u0438 (30 \u043c\u0438\u043d. \u043c\u0430\u0441\u043b\u044f\u043d\u0430\u044f \u0442\u0440\u0430\u0432\u044f\u043d\u0430\u044f \u043a\u043b\u0438\u0437\u043c\u0430)", "account_id": 10765, "date_create": 1582986015, "status": 7, "price": null, "client_id": 3263662, "roistat": "\u043f\u043e\u0441\u0442\u043e\u044f\u043d\u043d\u044b\u0439 \u043a\u043b\u0438\u0435\u043d\u0442", "executor": "\u0428\u0440\u0438\u0442\u0430", "is_sale": false, "appointment_id": 5863108, "fields": {"1": "\u0428\u0440\u0438\u0442\u0430", "2": "https://klientiks.ru/clientix/client/default/id/3263662", "3": 10765}}], "pagination": {"total_count": 22602, "limit": 50, "page_number": 1}, "total_count": 22602, "page_number": 1}') v, current_timestamp ts) s on s.v = parse_json(t.v) when not matched then insert (t.v, changed_at) values (s.v, s.ts)
2020-08-23 01:20:59,425 - executing SQL/command
2020-08-23 01:20:59,425 - binding: [merge into KAMALA_ACL t using (select parse_json('{"offset": 19500, "count": 50,...] with input=[None], processed=[{}]
2020-08-23 01:20:59,425 - query: [merge into KAMALA_ACL t using (select parse_json('{"offset": 19500, "count": 50,...]
2020-08-23 01:20:59,425 - Cannot use arrow result format, fallback to json format
2020-08-23 01:20:59,425 - sequence counter: 1
2020-08-23 01:20:59,425 - running query [merge into KAMALA_ACL t using (select parse_json('{"offset": 19500, "count": 50,...]
2020-08-23 01:20:59,425 - is_file_transfer: False
2020-08-23 01:20:59,426 - _cmd_query
2020-08-23 01:20:59,426 - sql=[merge into KAMALA_ACL t using (select parse_json('{"offset": 19500, "count": 50,...], sequence_id=[1], is_file_transfer=[None]
2020-08-23 01:20:59,426 - Active requests sessions: 1, idle: 0
2020-08-23 01:20:59,426 - remaining request timeout: None, retry cnt: 1
2020-08-23 01:20:59,426 - socket timeout: 60
2020-08-23 01:20:59,830 - https://ringcentral.snowflakecomputing.com:443 "POST /queries/v1/query-request?requestId=e625a1c4-52d7-43e7-a4f7-5071791b7aba&request_guid=0d29e7f2-f5ee-4a39-9a24-d55fbbc33599 HTTP/1.1" 200 662
2020-08-23 01:20:59,831 - SUCCESS
2020-08-23 01:20:59,831 - Active requests sessions: 0, idle: 1
2020-08-23 01:20:59,831 - ret[code] = 001003, after post request
2020-08-23 01:20:59,831 - sfqid: 01966d3c-028f-501d-0003-e00300530af2
2020-08-23 01:20:59,831 - query execution done
2020-08-23 01:20:59,831 - {'code': '001003', 'data': {'internalError': False, 'errorCode': '001003', 'age': 0, 'sqlState': '42000', 'queryId': '01966d3c-028f-501d-0003-e00300530af2', 'line': -1, 'pos': -1, 'type': 'COMPILATION'}, 'message': "SQL compilation error:\nsyntax error line 1 at position 31,449 unexpected 's'.\nsyntax error line 1 at position 31,476 unexpected '\\u'.\nparse error line 1 at position 31,483 near '117'.\nparse error line 1 at position 31,495 near '117'.\nparse error line 1 at position 31,519 near '117'.\nparse error line 1 at position 31,524 near '92'.\nparse error line 1 at position 31,532 near '117'.\nparse error line 1 at position 31,538 near '117'.\nparse error line 1 at position 31,556 near '117'.\nparse error line 1 at position 31,561 near '95'.\nparse error line 1 at position 31,569 near '117'.\nparse error line 1 at position 31,581 near '117'.\nparse error line 1 at position 31,593 near '117'.\nsyntax error line 1 at position 31,697 unexpected ''s,Avipathi_choornam_30g,\\u041a\\u0443\\u043d\\u0436\\u0443\\u0442\\u043d\\u043e\\u0435_\\u043c\\u0430\\u0441\\u043b\\u043e_\\u041a\\u0430\\u043c\\u0430\\u043b\\u0430,Septilin_Himalaya_60 tab,Ashwagandha_60tab_Kutir''.\nparse error line 1 at position 31,925 near '117'.\nparse error line 1 at position 31,937 near '117'.\nparse error line 1 at position 31,961 near '117'.\nparse error line 1 at position 31,966 near '92'.\nparse error line 1 at position 31,974 near '117'.\nparse error line 1 at position 31,980 near '117'.\nparse error line 1 at position 31,998 near '117'.\nparse error line 1 at position 32,003 near '95'.\nparse error line 1 at position 32,011 near '117'.\nparse error line 1 at position 32,023 near '117'.\nparse error line 1 at position 32,035 near '117'.\nparse error line 1 at position 32,367 near '117'.\nparse error line 1 at position 32,379 near '117'.\nparse error line 1 at position 32,403 near '117'.\nparse error line 1 at position 32,408 near '92'.\nparse error line 1 at position 32,416 near '117'.\nparse error line 1 at position 32,422 near '117'.\nparse error line 1 at position 32,440 near '117'.\nparse error line 1 at position 32,445 near '95'.\nparse error line 1 at position 32,453 near '117'.\nparse error line 1 at position 32,465 near '117'.\nparse error line 1 at position 32,477 near '117'.\nparse error line 1 at position 32,625 near '92'.\nparse error line 1 at position 32,645 near '117'.\nparse error line 1 at position 32,657 near '117'.\nparse error line 1 at position 32,662 near '92'.\nparse error line 1 at position 32,669 near '117'.\nparse error line 1 at position 32,675 near '117'.\nparse error line 1 at position 32,694 near '117'.\nparse error line 1 at position 32,718 near '117'.\nparse error line 1 at position 32,764 near '117'.\nparse error line 1 at position 32,781 near '92'.\nparse error line 1 at position 32,788 near '117'.\nparse error line 1 at position 32,819 near '117'.\nparse error line 1 at position 32,825 near '117'.\nparse error line 1 at position 32,831 near '117'.\nThis input had 68 total errors.", 'success': False, 'headers': None}
2020-08-23 01:24:39,394 - Requesting data chunk https://klientiks.ru/clientix/Restapi/list/a/390b96e2763e/u/d969c9cde78c/t/073de5009f21b34afa022cfa7ca2c124/m/AppointmentClientLinks/ik/orders/rvwk/status,statuses/?date=10&offset=19450
2020-08-23 01:24:39,396 - Starting new HTTPS connection (1): klientiks.ru:443
2020-08-23 01:24:39,573 - OCSP Mode: FAIL_OPEN, OCSP response cache file name: None
2020-08-23 01:24:39,573 - ocsp_response_cache_uri: file://C:/Users/dmitry.mitrofanov/AppData/Local/Snowflake/Caches/ocsp_response_cache.json
2020-08-23 01:24:39,573 - OCSP_VALIDATION_CACHE size: 140
2020-08-23 01:24:39,573 - OCSP response cache server is enabled: http://ocsp.snowflakecomputing.com/ocsp_response_cache.json
2020-08-23 01:24:39,573 - OCSP dynamic cache server RETRY URL: None
2020-08-23 01:24:39,579 - Verifying the attached certificate is signed by the issuer. Valid Not After: 2025-05-12 23:58:59+00:00
2020-08-23 01:24:39,580 - Verifying the attached certificate is signed by the issuer. Valid Not After: 2025-05-12 23:58:59+00:00
2020-08-23 01:24:39,581 - Verifying the attached certificate is signed by the issuer. Valid Not After: 2023-06-11 20:40:26+00:00
2020-08-23 01:24:39,582 - Verifying the attached certificate is signed by the issuer. Valid Not After: 2023-06-11 20:40:26+00:00
2020-08-23 01:24:39,583 - Verifying the attached certificate is signed by the issuer. Valid Not After: 2023-06-11 20:44:21+00:00
2020-08-23 01:24:39,585 - Verifying the attached certificate is signed by the issuer. Valid Not After: 2023-06-11 20:44:21+00:00
2020-08-23 01:24:39,586 - Verifying the attached certificate is signed by the issuer. Valid Not After: 2021-12-14 07:00:00+00:00
2020-08-23 01:24:39,588 - Verifying the attached certificate is signed by the issuer. Valid Not After: 2021-12-14 07:00:00+00:00
2020-08-23 01:24:39,589 - Verifying the attached certificate is signed by the issuer. Valid Not After: 2025-05-12 23:58:59+00:00
2020-08-23 01:24:39,590 - Verifying the attached certificate is signed by the issuer. Valid Not After: 2025-05-12 23:58:59+00:00
2020-08-23 01:24:39,593 - Verifying the attached certificate is signed by the issuer. Valid Not After: 2025-05-12 23:58:59+00:00
2020-08-23 01:24:39,594 - Verifying the attached certificate is signed by the issuer. Valid Not After: 2025-05-12 23:58:59+00:00
2020-08-23 01:24:39,596 - Verifying the attached certificate is signed by the issuer. Valid Not After: 2025-05-12 23:58:59+00:00
2020-08-23 01:24:39,599 - Verifying the attached certificate is signed by the issuer. Valid Not After: 2025-05-12 23:58:59+00:00
2020-08-23 01:24:39,613 - Verifying the attached certificate is signed by the issuer. Valid Not After: 2025-05-12 23:58:59+00:00
2020-08-23 01:24:39,614 - Verifying the attached certificate is signed by the issuer. Valid Not After: 2025-05-12 23:58:59+00:00
2020-08-23 01:24:39,617 - Verifying the attached certificate is signed by the issuer. Valid Not After: 2021-04-02 17:08:26+00:00
2020-08-23 01:24:39,618 - Verifying the attached certificate is signed by the issuer. Valid Not After: 2021-04-02 17:08:26+00:00
2020-08-23 01:24:39,619 - Verifying the attached certificate is signed by the issuer. Valid Not After: 2021-04-02 17:13:33+00:00
2020-08-23 01:24:39,621 - Verifying the attached certificate is signed by the issuer. Valid Not After: 2021-04-02 17:13:33+00:00
2020-08-23 01:24:39,622 - Verifying the attached certificate is signed by the issuer. Valid Not After: 2021-04-02 16:58:09+00:00
2020-08-23 01:24:39,623 - Verifying the attached certificate is signed by the issuer. Valid Not After: 2021-04-02 16:58:09+00:00
2020-08-23 01:24:39,640 - Verifying the attached certificate is signed by the issuer. Valid Not After: 2021-04-02 17:13:33+00:00
2020-08-23 01:24:39,642 - Verifying the attached certificate is signed by the issuer. Valid Not After: 2021-04-02 17:13:33+00:00
2020-08-23 01:24:39,643 - Verifying the attached certificate is signed by the issuer. Valid Not After: 2021-04-02 17:08:26+00:00
2020-08-23 01:24:39,644 - Verifying the attached certificate is signed by the issuer. Valid Not After: 2021-04-02 17:08:26+00:00
2020-08-23 01:24:39,646 - Verifying the attached certificate is signed by the issuer. Valid Not After: 2021-04-02 17:03:51+00:00
2020-08-23 01:24:39,647 - Verifying the attached certificate is signed by the issuer. Valid Not After: 2021-04-02 17:03:51+00:00
2020-08-23 01:24:39,648 - Verifying the attached certificate is signed by the issuer. Valid Not After: 2021-04-02 16:58:09+00:00
2020-08-23 01:24:39,649 - Verifying the attached certificate is signed by the issuer. Valid Not After: 2021-04-02 16:58:09+00:00
2020-08-23 01:24:39,652 - Verifying the attached certificate is signed by the issuer. Valid Not After: 2021-04-02 17:03:51+00:00
2020-08-23 01:24:39,653 - Verifying the attached certificate is signed by the issuer. Valid Not After: 2021-04-02 17:03:51+00:00
2020-08-23 01:24:39,654 - Verifying the attached certificate is signed by the issuer. Valid Not After: 2021-04-02 17:03:51+00:00
2020-08-23 01:24:39,655 - Verifying the attached certificate is signed by the issuer. Valid Not After: 2021-04-02 17:03:51+00:00
2020-08-23 01:24:39,672 - Verifying the attached certificate is signed by the issuer. Valid Not After: 2021-04-02 17:13:33+00:00
2020-08-23 01:24:39,673 - Verifying the attached certificate is signed by the issuer. Valid Not After: 2021-04-02 17:13:33+00:00
2020-08-23 01:24:39,675 - Read OCSP response cache file: C:/Users/dmitry.mitrofanov/AppData/Local/Snowflake/Caches/ocsp_response_cache.json, count=140
2020-08-23 01:24:39,675 - validating certificate: klientiks.ru
2020-08-23 01:24:39,675 - skipping OCSP check: klientiks.ru
2020-08-23 01:24:41,065 - https://klientiks.ru:443 "GET /clientix/Restapi/list/a/390b96e2763e/u/d969c9cde78c/t/073de5009f21b34afa022cfa7ca2c124/m/AppointmentClientLinks/ik/orders/rvwk/status,statuses/?date=10&offset=19450 HTTP/1.1" 200 None
2020-08-23 01:24:41,068 - {"offset": 19500, "count": 50, "limit": 50, "statuses": [{"id": 1, "name": "scheduled"}, {"id": 2, "name": "sms_confirmation_sent"}, {"id": 3, "name": "cancelled_by_sms"}, {"id": 4, "name": "confirmed"}, {"id": 5, "name": "in_progress"}, {"id": 6, "name": "finished"}, {"id": 7, "name": "cancelled"}, {"id": 8, "name": "missed"}, {"id": 9, "name": "arrived"}], "fields": [{"id": "1", "name": "\u0418\u0441\u043f\u043e\u043b\u043d\u0438\u0442\u0435\u043b\u044c"}, {"id": "2", "name": "\u0421\u0441\u044b\u043b\u043a\u0430 \u043d\u0430 \u043a\u043b\u0438\u0435\u043d\u0442\u0430"}, {"id": "3", "name": "\u0410\u0439\u0434\u0438 \u0430\u043a\u043a\u0430\u0443\u043d\u0442\u0430"}], "orders": [{"id": 6607810, "name": "\u0410\u044d\u0440\u043e\u0439\u043e\u0433\u0430 (90 \u043c\u0438\u043d)", "account_id": 10765, "date_create": 1582872496, "status": 6, "price": "0", "client_id": 1122837, "roistat": "\u043f\u043e\u0441\u0442\u043e\u044f\u043d\u043d\u044b\u0439 \u043a\u043b\u0438\u0435\u043d\u0442", "executor": "\u0421\u043e\u0431\u0435\u043d\u043d\u0438\u043a\u043e\u0432\u0430 \u041e\u043a\u0441\u0430\u043d\u0430 \u042e\u0440\u044c\u0435\u0432\u043d\u0430", "is_sale": false, "appointment_id": 5833285, "fields": {"1": "\u0421\u043e\u0431\u0435\u043d\u043d\u0438\u043a\u043e\u0432\u0430 \u041e\u043a\u0441\u0430\u043d\u0430 \u042e\u0440\u044c\u0435\u0432\u043d\u0430", "2": "https://klientiks.ru/clientix/client/default/id/1122837", "3": 10765}}, {"id": 6607812, "name": "\u0410\u044d\u0440\u043e\u0439\u043e\u0433\u0430 (90 \u043c\u0438\u043d)", "account_id": 10765, "date_create": 1582872499, "status": 6, "price": "0", "client_id": 2877520, "roistat": "\u0438\u043d\u0442\u0435\u0440\u043d\u0435\u0442", "executor": "\u0421\u043e\u0431\u0435\u043d\u043d\u0438\u043a\u043e\u0432\u0430 \u041e\u043a\u0441\u0430\u043d\u0430 \u042e\u0440\u044c\u0435\u0432\u043d\u0430", "is_sale": false, "appointment_id": 5833285, "fields": {"1": "\u0421\u043e\u0431\u0435\u043d\u043d\u0438\u043a\u043e\u0432\u0430 \u041e\u043a\u0441\u0430\u043d\u0430 \u042e\u0440\u044c\u0435\u0432\u043d\u0430", "2": "https://klientiks.ru/clientix/client/default/id/2877520", "3": 10765}}, {"id": 6608043, "name": "\u0410\u044e\u0440\u0432\u0435\u0434\u0430 \u043a\u043e\u043d\u0441\u0443\u043b\u044c\u0442\u0430\u0446\u0438\u044f \u0432\u0440\u0430\u0447\u0430 (60 \u043c\u0438\u043d)", "account_id": 10765, "date_create": 1582873655, "status": 6, "price": "3500", "client_id": 3319006, "roistat": "\u0412\u0445\u043e\u0434\u044f\u0449\u0438\u0439 \u0437\u0432\u043e\u043d\u043e\u043a", "executor": "\u041f\u0440\u0430\u0432\u0438\u043d \u0421\u0443\u0440\u0435\u043d\u0434\u0440\u0430\u043d\u043f\u0438\u043b\u0430\u0439 \u0412\u0430\u0441\u0430\u043d\u0442\u0430\u043a\u0443\u043c\u0430\u0440\u0438", "is_sale": false, "appointment_id": 5851965, "fields": {"1": "\u041f\u0440\u0430\u0432\u0438\u043d \u0421\u0443\u0440\u0435\u043d\u0434\u0440\u0430\u043d\u043f\u0438\u043b\u0430\u0439 \u0412\u0430\u0441\u0430\u043d\u0442\u0430\u043a\u0443\u043c\u0430\u0440\u0438", "2": "https://klientiks.ru/clientix/client/default/id/3319006", "3": 10765}}, {"id": 6609060, "name": "\u0420\u043e\u0437\u043e\u0432\u044f_\u0432\u043e\u0434\u0430_Khadi", "account_id": 10765, "date_create": 1582877952, "status": 6, "price": "400", "client_id": 1108070, "roistat": "\u0438\u043d\u0442\u0435\u0440\u043d\u0435\u0442", "executor": "\u0410\u0445\u043c\u0435\u0434\u043e\u0432\u0430 \u0422\u0430\u0442\u044c\u044f\u043d\u0430 \u041b\u0435\u043e\u043d\u0438\u0434\u043e\u0432\u043d\u0430", "is_sale": true, "appointment_id": 5852875, "fields": {"1": "\u0410\u0445\u043c\u0435\u0434\u043e\u0432\u0430 \u0422\u0430\u0442\u044c\u044f\u043d\u0430 \u041b\u0435\u043e\u043d\u0438\u0434\u043e\u0432\u043d\u0430", "2": "https://klientiks.ru/clientix/client/default/id/1108070", "3": 10765}}, {"id": 6609134, "name": "\u0420\u043e\u0437\u043e\u0432\u044f_\u0432\u043e\u0434\u0430_Khadi", "account_id": 10765, "date_create": 1582878286, "status": 6, "price": "400", "client_id": 1297843, "roistat": "\u0440\u044f\u0434\u043e\u043c \u0436\u0438\u0432\u0435\u0442", "executor": "\u0410\u0445\u043c\u0435\u0434\u043e\u0432\u0430 \u0422\u0430\u0442\u044c\u044f\u043d\u0430 \u041b\u0435\u043e\u043d\u0438\u0434\u043e\u0432\u043d\u0430", "is_sale": true, "appointment_id": 5852970, "fields": {"1": "\u0410\u0445\u043c\u0435\u0434\u043e\u0432\u0430 \u0422\u0430\u0442\u044c\u044f\u043d\u0430 \u041b\u0435\u043e\u043d\u0438\u0434\u043e\u0432\u043d\u0430", "2": "https://klientiks.ru/clientix/client/default/id/1297843", "3": 10765}}, {"id": 6609341, "name": "Chyawanaprasham_Nagarjuna 500g", "account_id": 10765, "date_create": 1582879137, "status": 6, "price": "700", "client_id": 3215797, "roistat": "\u0438\u043d\u0442\u0435\u0440\u043d\u0435\u0442", "executor": "\u0410\u0445\u043c\u0435\u0434\u043e\u0432\u0430 \u0422\u0430\u0442\u044c\u044f\u043d\u0430 \u041b\u0435\u043e\u043d\u0438\u0434\u043e\u0432\u043d\u0430", "is_sale": true, "appointment_id": 5853140, "fields": {"1": "\u0410\u0445\u043c\u0435\u0434\u043e\u0432\u0430 \u0422\u0430\u0442\u044c\u044f\u043d\u0430 \u041b\u0435\u043e\u043d\u0438\u0434\u043e\u0432\u043d\u0430", "2": "https://klientiks.ru/clientix/client/default/id/3215797", "3": 10765}}, {"id": 6609378, "name": "Chyawanaprasham_Nagarjuna 500g", "account_id": 10765, "date_create": 1582879329, "status": 6, "price": "700", "client_id": 3014911, "roistat": "\u043e\u0442 \u0437\u043d\u0430\u043a\u043e\u043c\u044b\u0445", "executor": "\u0410\u0445\u043c\u0435\u0434\u043e\u0432\u0430 \u0422\u0430\u0442\u044c\u044f\u043d\u0430 \u041b\u0435\u043e\u043d\u0438\u0434\u043e\u0432\u043d\u0430", "is_sale": true, "appointment_id": 5853176, "fields": {"1": "\u0410\u0445\u043c\u0435\u0434\u043e\u0432\u0430 \u0422\u0430\u0442\u044c\u044f\u043d\u0430 \u041b\u0435\u043e\u043d\u0438\u0434\u043e\u0432\u043d\u0430", "2": "https://klientiks.ru/clientix/client/default/id/3014911", "3": 10765}}, {"id": 6609424, "name": "Itone_eye_drop_\u043a\u0430\u043f\u043b\u0438,Itone_eye_drop_\u043a\u0430\u043f\u043b\u0438,Chyawanaprasham_Nagarjuna 500g,Chyawanaprasham_Nagarjuna 500g", "account_id": 10765, "date_create": 1582879528, "status": 6, "price": "980", "client_id": 3058502, "roistat": "\u043e\u0442 \u0437\u043d\u0430\u043a\u043e\u043c\u044b\u0445", "executor": "\u0410\u0445\u043c\u0435\u0434\u043e\u0432\u0430 \u0422\u0430\u0442\u044c\u044f\u043d\u0430 \u041b\u0435\u043e\u043d\u0438\u0434\u043e\u0432\u043d\u0430", "is_sale": true, "appointment_id": 5853219, "fields": {"1": "\u0410\u0445\u043c\u0435\u0434\u043e\u0432\u0430 \u0422\u0430\u0442\u044c\u044f\u043d\u0430 \u041b\u0435\u043e\u043d\u0438\u0434\u043e\u0432\u043d\u0430", "2": "https://klientiks.ru/clientix/client/default/id/3058502", "3": 10765}}, {"id": 6609494, "name": "\u0410\u044d\u0440\u043e\u0439\u043e\u0433\u0430 (90 \u043c\u0438\u043d)", "account_id": 10765, "date_create": 1582879922, "status": 6, "price": "0", "client_id": 3144287, "roistat": "\u0438\u043d\u0442\u0435\u0440\u043d\u0435\u0442", "executor": "\u0421\u043e\u0431\u0435\u043d\u043d\u0438\u043a\u043e\u0432\u0430 \u041e\u043a\u0441\u0430\u043d\u0430 \u042e\u0440\u044c\u0435\u0432\u043d\u0430", "is_sale": false, "appointment_id": 5833242, "fields": {"1": "\u0421\u043e\u0431\u0435\u043d\u043d\u0438\u043a\u043e\u0432\u0430 \u041e\u043a\u0441\u0430\u043d\u0430 \u042e\u0440\u044c\u0435\u0432\u043d\u0430", "2": "https://klientiks.ru/clientix/client/default/id/3144287", "3": 10765}}, {"id": 6609665, "name": "\u0410\u044d\u0440\u043e\u0439\u043e\u0433\u0430 (90 \u043c\u0438\u043d)", "account_id": 10765, "date_create": 1582880922, "status": 6, "price": "0", "client_id": 1108070, "roistat": "\u0438\u043d\u0442\u0435\u0440\u043d\u0435\u0442", "executor": "\u0421\u043e\u0431\u0435\u043d\u043d\u0438\u043a\u043e\u0432\u0430 \u041e\u043a\u0441\u0430\u043d\u0430 \u042e\u0440\u044c\u0435\u0432\u043d\u0430", "is_sale": false, "appointment_id": 5833243, "fields": {"1": "\u0421\u043e\u0431\u0435\u043d\u043d\u0438\u043a\u043e\u0432\u0430 \u041e\u043a\u0441\u0430\u043d\u0430 \u042e\u0440\u044c\u0435\u0432\u043d\u0430", "2": "https://klientiks.ru/clientix/client/default/id/1108070", "3": 10765}}, {"id": 6609667, "name": "\u0410\u044d\u0440\u043e\u0439\u043e\u0433\u0430 (90 \u043c\u0438\u043d)", "account_id": 10765, "date_create": 1582880934, "status": 6, "price": "0", "client_id": 3014911, "roistat": "\u043e\u0442 \u0437\u043d\u0430\u043a\u043e\u043c\u044b\u0445", "executor": "\u0421\u043e\u0431\u0435\u043d\u043d\u0438\u043a\u043e\u0432\u0430 \u041e\u043a\u0441\u0430\u043d\u0430 \u042e\u0440\u044c\u0435\u0432\u043d\u0430", "is_sale": false, "appointment_id": 5833243, "fields": {"1": "\u0421\u043e\u0431\u0435\u043d\u043d\u0438\u043a\u043e\u0432\u0430 \u041e\u043a\u0441\u0430\u043d\u0430 \u042e\u0440\u044c\u0435\u0432\u043d\u0430", "2": "https://klientiks.ru/clientix/client/default/id/3014911", "3": 10765}}, {"id": 6609779, "name": "Drakshadi_kashayam_200ml", "account_id": 10765, "date_create": 1582881396, "status": 6, "price": "850", "client_id": 3188843, "roistat": "\u0438\u043d\u0442\u0435\u0440\u043d\u0435\u0442", "executor": "\u0410\u0445\u043c\u0435\u0434\u043e\u0432\u0430 \u0422\u0430\u0442\u044c\u044f\u043d\u0430 \u041b\u0435\u043e\u043d\u0438\u0434\u043e\u0432\u043d\u0430", "is_sale": true, "appointment_id": 5853564, "fields": {"1": "\u0410\u0445\u043c\u0435\u0434\u043e\u0432\u0430 \u0422\u0430\u0442\u044c\u044f\u043d\u0430 \u041b\u0435\u043e\u043d\u0438\u0434\u043e\u0432\u043d\u0430", "2": "https://klientiks.ru/clientix/client/default/id/3188843", "3": 10765}}, {"id": 6609863, "name": "\u0428\u0438\u0440\u043e\u0434\u0445\u0430\u0440\u0430 (60 \u043c\u0438\u043d. \u0441\u0442\u0440\u0443\u044f\u0449\u0435\u0435\u0441\u044f \u043c\u0430\u0441\u043b\u043e \u043d\u0430 \u043b\u043e\u0431),\u0423\u043c\u0430\u0441\u043b\u0438\u0432\u0430\u043d\u0438\u0435  (30 \u043c\u0438\u043d.),\u0428\u0438\u0440\u043e\u0434\u0445\u0430\u0440\u0430 (60 \u043c\u0438\u043d. \u0441\u0442\u0440\u0443\u044f\u0449\u0435\u0435\u0441\u044f \u043c\u0430\u0441\u043b\u043e \u043d\u0430 \u043b\u043e\u0431),\u0423\u043c\u0430\u0441\u043b\u0438\u0432\u0430\u043d\u0438\u0435  (30 \u043c\u0438\u043d.)", "account_id": 10765, "date_create": 1582881858, "status": 6, "price": "0", "client_id": 3058502, "roistat": "\u043e\u0442 \u0437\u043d\u0430\u043a\u043e\u043c\u044b\u0445", "executor": "\u0424\u0438\u043b\u0438\u043f \u0412\u0438\u043c\u0430\u043b\u0430 \u0412\u0438\u043f\u0438\u043d", "is_sale": false, "appointment_id": 5853640, "fields": {"1": "\u0424\u0438\u043b\u0438\u043f \u0412\u0438\u043c\u0430\u043b\u0430 \u0412\u0438\u043f\u0438\u043d", "2": "https://klientiks.ru/clientix/client/default/id/3058502", "3": 10765}}, {"id": 6610697, "name": "\u0410\u044e\u0440\u0432\u0435\u0434\u0430 \u043a\u043e\u043d\u0441\u0443\u043b\u044c\u0442\u0430\u0446\u0438\u044f \u0432\u0440\u0430\u0447\u0430 (60 \u043c\u0438\u043d)", "account_id": 10765, "date_create": 1582886384, "status": 7, "price": null, "client_id": 3321057, "roistat": "\u0432\u043a", "executor": "\u041f\u0440\u0430\u0432\u0438\u043d \u0421\u0443\u0440\u0435\u043d\u0434\u0440\u0430\u043d\u043f\u0438\u043b\u0430\u0439 \u0412\u0430\u0441\u0430\u043d\u0442\u0430\u043a\u0443\u043c\u0430\u0440\u0438", "is_sale": false, "appointment_id": 5854476, "fields": {"1": "\u041f\u0440\u0430\u0432\u0438\u043d \u0421\u0443\u0440\u0435\u043d\u0434\u0440\u0430\u043d\u043f\u0438\u043b\u0430\u0439 \u0412\u0430\u0441\u0430\u043d\u0442\u0430\u043a\u0443\u043c\u0430\u0440\u0438", "2": "https://klientiks.ru/clientix/client/default/id/3321057", "3": 10765}}, {"id": 6611326, "name": "\u0410\u044e\u0440\u0432\u0435\u0434\u0430 \u043f\u043e\u0432\u0442\u043e\u0440\u043d\u0430\u044f \u043a\u043e\u043d\u0441\u0443\u043b\u044c\u0442\u0430\u0446\u0438\u044f \u0434\u043e\u043a\u0442\u043e\u0440\u0430 \u0412\u0430\u0440\u0443\u043d (30 \u043c\u0438\u043d.)", "account_id": 10765, "date_create": 1582889618, "status": 6, "price": "2000", "client_id": 2542180, "roistat": "\u043e\u0442 \u0437\u043d\u0430\u043a\u043e\u043c\u044b\u0445", "executor": "\u0412\u0430\u0440\u0443\u043d", "is_sale": false, "appointment_id": 5855067, "fields": {"1": "\u0412\u0430\u0440\u0443\u043d", "2": "https://klientiks.ru/clientix/client/default/id/2542180", "3": 10765}}, {"id": 6611774, "name": "\u0410\u044d\u0440\u043e\u0439\u043e\u0433\u0430 (90 \u043c\u0438\u043d)", "account_id": 10765, "date_create": 1582891766, "status": 6, "price": "0", "client_id": 1122031, "roistat": "\u0441\u043e\u0442\u0440\u0443\u0434\u043d\u0438\u043a", "executor": "\u0421\u043e\u0431\u0435\u043d\u043d\u0438\u043a\u043e\u0432\u0430 \u041e\u043a\u0441\u0430\u043d\u0430 \u042e\u0440\u044c\u0435\u0432\u043d\u0430", "is_sale": false, "appointment_id": 5543994, "fields": {"1": "\u0421\u043e\u0431\u0435\u043d\u043d\u0438\u043a\u043e\u0432\u0430 \u041e\u043a\u0441\u0430\u043d\u0430 \u042e\u0440\u044c\u0435\u0432\u043d\u0430", "2": "https://klientiks.ru/clientix/client/default/id/1122031", "3": 10765}}, {"id": 6611781, "name": "\u0410\u044d\u0440\u043e\u0439\u043e\u0433\u0430 (90 \u043c\u0438\u043d)", "account_id": 10765, "date_create": 1582891793, "status": 6, "price": "0", "client_id": 1109904, "roistat": "\u0441\u043e\u0442\u0440\u0443\u0434\u043d\u0438\u043a", "executor": "\u0421\u043e\u0431\u0435\u043d\u043d\u0438\u043a\u043e\u0432\u0430 \u041e\u043a\u0441\u0430\u043d\u0430 \u042e\u0440\u044c\u0435\u0432\u043d\u0430", "is_sale": false, "appointment_id": 5833284, "fields": {"1": "\u0421\u043e\u0431\u0435\u043d\u043d\u0438\u043a\u043e\u0432\u0430 \u041e\u043a\u0441\u0430\u043d\u0430 \u042e\u0440\u044c\u0435\u0432\u043d\u0430", "2": "https://klientiks.ru/clientix/client/default/id/1109904", "3": 10765}}, {"id": 6612051, "name": "\u0410\u044e\u0440\u0432\u0435\u0434\u0430 \u043f\u043e\u0432\u0442\u043e\u0440\u043d\u0430\u044f \u043a\u043e\u043d\u0441\u0443\u043b\u044c\u0442\u0430\u0446\u0438\u044f \u0432\u0440\u0430\u0447\u0430 \u0432 \u043d\u0430\u0437\u043d\u0430\u0447\u0435\u043d\u043d\u044b\u0439 \u0441\u0440\u043e\u043a (30 \u043c\u0438\u043d)", "account_id": 10765, "date_create": 1582893369, "status": 6, "price": "2000", "client_id": 1122769, "roistat": "\u0412\u0445\u043e\u0434\u044f\u0449\u0438\u0439 \u0437\u0432\u043e\u043d\u043e\u043a", "executor": "\u041f\u0440\u0430\u0432\u0438\u043d \u0421\u0443\u0440\u0435\u043d\u0434\u0440\u0430\u043d\u043f\u0438\u043b\u0430\u0439 \u0412\u0430\u0441\u0430\u043d\u0442\u0430\u043a\u0443\u043c\u0430\u0440\u0438", "is_sale": false, "appointment_id": 5855752, "fields": {"1": "\u041f\u0440\u0430\u0432\u0438\u043d \u0421\u0443\u0440\u0435\u043d\u0434\u0440\u0430\u043d\u043f\u0438\u043b\u0430\u0439 \u0412\u0430\u0441\u0430\u043d\u0442\u0430\u043a\u0443\u043c\u0430\u0440\u0438", "2": "https://klientiks.ru/clientix/client/default/id/1122769", "3": 10765}}, {"id": 6612512, "name": "\u0410\u044e\u0440\u0432\u0435\u0434\u0430 \u043f\u043e\u0432\u0442\u043e\u0440\u043d\u0430\u044f  \u043a\u043e\u043d\u0441\u0443\u043b\u044c\u0442\u0430\u0446\u0438\u044f \u0432\u0440\u0430\u0447\u0430 (30 \u043c\u0438\u043d)", "account_id": 10765, "date_create": 1582895755, "status": 7, "price": null, "client_id": 2758536, "roistat": "\u043e\u0442 \u0437\u043d\u0430\u043a\u043e\u043c\u044b\u0445", "executor": "\u041f\u0440\u0430\u0432\u0438\u043d \u0421\u0443\u0440\u0435\u043d\u0434\u0440\u0430\u043d\u043f\u0438\u043b\u0430\u0439 \u0412\u0430\u0441\u0430\u043d\u0442\u0430\u043a\u0443\u043c\u0430\u0440\u0438", "is_sale": false, "appointment_id": 5856150, "fields": {"1": "\u041f\u0440\u0430\u0432\u0438\u043d \u0421\u0443\u0440\u0435\u043d\u0434\u0440\u0430\u043d\u043f\u0438\u043b\u0430\u0439 \u0412\u0430\u0441\u0430\u043d\u0442\u0430\u043a\u0443\u043c\u0430\u0440\u0438", "2": "https://klientiks.ru/clientix/client/default/id/2758536", "3": 10765}}, {"id": 6613111, "name": "Sukumara_Kashayam_200 ml", "account_id": 10765, "date_create": 1582899890, "status": 6, "price": "800", "client_id": 3258794, "roistat": "\u0412\u0445\u043e\u0434\u044f\u0449\u0438\u0439 \u0437\u0432\u043e\u043d\u043e\u043a", "executor": "\u0410\u0445\u043c\u0435\u0434\u043e\u0432\u0430 \u0422\u0430\u0442\u044c\u044f\u043d\u0430 \u041b\u0435\u043e\u043d\u0438\u0434\u043e\u0432\u043d\u0430", "is_sale": true, "appointment_id": 5856720, "fields": {"1": "\u0410\u0445\u043c\u0435\u0434\u043e\u0432\u0430 \u0422\u0430\u0442\u044c\u044f\u043d\u0430 \u041b\u0435\u043e\u043d\u0438\u0434\u043e\u0432\u043d\u0430", "2": "https://klientiks.ru/clientix/client/default/id/3258794", "3": 10765}}, {"id": 6613142, "name": "\u0410\u044d\u0440\u043e\u0439\u043e\u0433\u0430 (90 \u043c\u0438\u043d)", "account_id": 10765, "date_create": 1582900096, "status": 6, "price": "800", "client_id": 3244018, "roistat": "\u0438\u043d\u0442\u0435\u0440\u043d\u0435\u0442", "executor": "\u0412\u043b\u0430\u0441\u043e\u0432\u0430 \u0415\u043b\u0435\u043d\u0430 \u0421\u0435\u0440\u0433\u0435\u0435\u0432\u043d\u0430", "is_sale": false, "appointment_id": 5762040, "fields": {"1": "\u0412\u043b\u0430\u0441\u043e\u0432\u0430 \u0415\u043b\u0435\u043d\u0430 \u0421\u0435\u0440\u0433\u0435\u0435\u0432\u043d\u0430", "2": "https://klientiks.ru/clientix/client/default/id/3244018", "3": 10765}}, {"id": 6613439, "name": "\u041a\u0430\u0440\u0434\u043e\u043c\u043e\u043d_\u0437\u0435\u043b\u0435\u043d\u044b\u0439,\u0428\u0430\u043c\u043f\u0443\u043d\u044c_Trichup,Brahmarasayanam_200ml,\u041a\u0430\u0440\u0434\u043e\u043c\u043e\u043d_\u0437\u0435\u043b\u0435\u043d\u044b\u0439,\u0428\u0430\u043c\u043f\u0443\u043d\u044c_Trichup,Brahmarasayanam_200ml,\u041a\u0430\u0440\u0434\u043e\u043c\u043e\u043d_\u0437\u0435\u043b\u0435\u043d\u044b\u0439,\u0428\u0430\u043c\u043f\u0443\u043d\u044c_Trichup,Brahmarasayanam_200ml", "account_id": 10765, "date_create": 1582901878, "status": 6, "price": "1250", "client_id": 3276868, "roistat": "\u0412\u0445\u043e\u0434\u044f\u0449\u0438\u0439 \u0437\u0432\u043e\u043d\u043e\u043a", "executor": "\u0410\u0445\u043c\u0435\u0434\u043e\u0432\u0430 \u0422\u0430\u0442\u044c\u044f\u043d\u0430 \u041b\u0435\u043e\u043d\u0438\u0434\u043e\u0432\u043d\u0430", "is_sale": true, "appointment_id": 5857007, "fields": {"1": "\u0410\u0445\u043c\u0435\u0434\u043e\u0432\u0430 \u0422\u0430\u0442\u044c\u044f\u043d\u0430 \u041b\u0435\u043e\u043d\u0438\u0434\u043e\u0432\u043d\u0430", "2": "https://klientiks.ru/clientix/client/default/id/3276868", "3": 10765}}, {"id": 6613600, "name": "Arjunarishtam_450ml", "account_id": 10765, "date_create": 1582902783, "status": 6, "price": "835", "client_id": 2623071, "roistat": "\u0441\u043e\u0442\u0440\u0443\u0434\u043d\u0438\u043a", "executor": "\u0410\u0445\u043c\u0435\u0434\u043e\u0432\u0430 \u0422\u0430\u0442\u044c\u044f\u043d\u0430 \u041b\u0435\u043e\u043d\u0438\u0434\u043e\u0432\u043d\u0430", "is_sale": true, "appointment_id": 5857122, "fields": {"1": "\u0410\u0445\u043c\u0435\u0434\u043e\u0432\u0430 \u0422\u0430\u0442\u044c\u044f\u043d\u0430 \u041b\u0435\u043e\u043d\u0438\u0434\u043e\u0432\u043d\u0430", "2": "https://klientiks.ru/clientix/client/default/id/2623071", "3": 10765}}, {"id": 6614597, "name": "\u0410\u044e\u0440\u0432\u0435\u0434\u0430 \u043f\u043e\u0432\u0442\u043e\u0440\u043d\u0430\u044f \u043a\u043e\u043d\u0441\u0443\u043b\u044c\u0442\u0430\u0446\u0438\u044f \u0432\u0440\u0430\u0447\u0430 \u0432 \u043d\u0430\u0437\u043d\u0430\u0447\u0435\u043d\u043d\u044b\u0439 \u0441\u0440\u043e\u043a (30 \u043c\u0438\u043d)", "account_id": 10765, "date_create": 1582905636, "status": 6, "price": "2000", "client_id": 1383790, "roistat": "\u0421\u043e\u0432\u0435\u0442 \u0414\u0440\u0443\u0437\u0435\u0439", "executor": "\u041f\u0440\u0430\u0432\u0438\u043d \u0421\u0443\u0440\u0435\u043d\u0434\u0440\u0430\u043d\u043f\u0438\u043b\u0430\u0439 \u0412\u0430\u0441\u0430\u043d\u0442\u0430\u043a\u0443\u043c\u0430\u0440\u0438", "is_sale": false, "appointment_id": 5857428, "fields": {"1": "\u041f\u0440\u0430\u0432\u0438\u043d \u0421\u0443\u0440\u0435\u043d\u0434\u0440\u0430\u043d\u043f\u0438\u043b\u0430\u0439 \u0412\u0430\u0441\u0430\u043d\u0442\u0430\u043a\u0443\u043c\u0430\u0440\u0438", "2": "https://klientiks.ru/clientix/client/default/id/1383790", "3": 10765}}, {"id": 6614744, "name": "\u041a\u0430\u043b\u0430\u0440\u0438 \u043c\u0430\u0441\u0441\u0430\u0436 (60 \u043c\u0438\u043d. \u043d\u043e\u0436\u043d\u043e\u0439 \u043c\u0430\u0441\u043b\u044f\u043d\u044b\u0439 \u043c\u0430\u0441\u0441\u0430\u0436)", "account_id": 10765, "date_create": 1582906765, "status": 6, "price": "0", "client_id": 2936299, "roistat": "\u0412\u0445\u043e\u0434\u044f\u0449\u0438\u0439 \u0437\u0432\u043e\u043d\u043e\u043a,\u043e\u0442 \u0437\u043d\u0430\u043a\u043e\u043c\u044b\u0445", "executor": "\u0424\u0438\u043b\u0438\u043f \u0412\u0438\u043c\u0430\u043b\u0430 \u0412\u0438\u043f\u0438\u043d", "is_sale": false, "appointment_id": 5857568, "fields": {"1": "\u0424\u0438\u043b\u0438\u043f \u0412\u0438\u043c\u0430\u043b\u0430 \u0412\u0438\u043f\u0438\u043d", "2": "https://klientiks.ru/clientix/client/default/id/2936299", "3": 10765}}, {"id": 6614748, "name": "\u0410\u0431\u0445\u044a\u044f\u043d\u0433\u0430 \u043c\u0430\u0441\u0441\u0430\u0436 (60 \u043c\u0438\u043d. \u0440\u0443\u0447\u043d\u043e\u0439 \u043c\u0430\u0441\u043b\u044f\u043d\u044b\u0439 \u043c\u0430\u0441\u0441\u0430\u0436 \u0432 2 \u0440\u0443\u043a\u0438)", "account_id": 10765, "date_create": 1582906812, "status": 6, "price": "0", "client_id": 2936299, "roistat": "\u0412\u0445\u043e\u0434\u044f\u0449\u0438\u0439 \u0437\u0432\u043e\u043d\u043e\u043a,\u043e\u0442 \u0437\u043d\u0430\u043a\u043e\u043c\u044b\u0445", "executor": "\u041d\u0438\u0431\u0438\u043d \u041a\u043e\u0434\u0430\u0442 \u0414\u0438\u043d\u0435\u0441\u0430\u043d", "is_sale": false, "appointment_id": 5857573, "fields": {"1": "\u041d\u0438\u0431\u0438\u043d \u041a\u043e\u0434\u0430\u0442 \u0414\u0438\u043d\u0435\u0441\u0430\u043d", "2": "https://klientiks.ru/clientix/client/default/id/2936299", "3": 10765}}, {"id": 6614839, "name": "\u0423\u043c\u0430\u0441\u043b\u0438\u0432\u0430\u043d\u0438\u0435  (30 \u043c\u0438\u043d.)", "account_id": 10765, "date_create": 1582907560, "status": 6, "price": "1440", "client_id": 1123631, "roistat": "\u043f\u043e\u0441\u0442\u043e\u044f\u043d\u043d\u044b\u0439 \u043a\u043b\u0438\u0435\u043d\u0442", "executor": "\u0428\u0440\u0438\u0442\u0430", "is_sale": false, "appointment_id": 5857654, "fields": {"1": "\u0428\u0440\u0438\u0442\u0430", "2": "https://klientiks.ru/clientix/client/default/id/1123631", "3": 10765}}, {"id": 6614872, "name": "\u0423\u043c\u0430\u0441\u043b\u0438\u0432\u0430\u043d\u0438\u0435  (30 \u043c\u0438\u043d.)", "account_id": 10765, "date_create": 1582908126, "status": 6, "price": "1440", "client_id": 1123631, "roistat": "\u043f\u043e\u0441\u0442\u043e\u044f\u043d\u043d\u044b\u0439 \u043a\u043b\u0438\u0435\u043d\u0442", "executor": "\u0428\u0440\u0438\u0442\u0430", "is_sale": false, "appointment_id": 5857693, "fields": {"1": "\u0428\u0440\u0438\u0442\u0430", "2": "https://klientiks.ru/clientix/client/default/id/1123631", "3": 10765}}, {"id": 6614880, "name": "Koflet_1_\u043a\u043e\u043d\u0444\u0435\u0442\u0430", "account_id": 10765, "date_create": 1582908200, "status": 6, "price": "150", "client_id": 1123631, "roistat": "\u043f\u043e\u0441\u0442\u043e\u044f\u043d\u043d\u044b\u0439 \u043a\u043b\u0438\u0435\u043d\u0442", "executor": "\u0410\u0445\u043c\u0435\u0434\u043e\u0432\u0430 \u0422\u0430\u0442\u044c\u044f\u043d\u0430 \u041b\u0435\u043e\u043d\u0438\u0434\u043e\u0432\u043d\u0430", "is_sale": true, "appointment_id": 5857701, "fields": {"1": "\u0410\u0445\u043c\u0435\u0434\u043e\u0432\u0430 \u0422\u0430\u0442\u044c\u044f\u043d\u0430 \u041b\u0435\u043e\u043d\u0438\u0434\u043e\u0432\u043d\u0430", "2": "https://klientiks.ru/clientix/client/default/id/1123631", "3": 10765}}, {"id": 6614887, "name": "\u041a\u0430\u043b\u0430\u0440\u0438 \u043c\u0430\u0441\u0441\u0430\u0436 (60 \u043c\u0438\u043d. \u043d\u043e\u0436\u043d\u043e\u0439 \u043c\u0430\u0441\u043b\u044f\u043d\u044b\u0439 \u043c\u0430\u0441\u0441\u0430\u0436)", "account_id": 10765, "date_create": 1582908326, "status": 6, "price": "0", "client_id": 2936299, "roistat": "\u0412\u0445\u043e\u0434\u044f\u0449\u0438\u0439 \u0437\u0432\u043e\u043d\u043e\u043a,\u043e\u0442 \u0437\u043d\u0430\u043a\u043e\u043c\u044b\u0445", "executor": "\u0424\u0438\u043b\u0438\u043f \u0412\u0438\u043c\u0430\u043b\u0430 \u0412\u0438\u043f\u0438\u043d", "is_sale": false, "appointment_id": 5857708, "fields": {"1": "\u0424\u0438\u043b\u0438\u043f \u0412\u0438\u043c\u0430\u043b\u0430 \u0412\u0438\u043f\u0438\u043d", "2": "https://klientiks.ru/clientix/client/default/id/2936299", "3": 10765}}, {"id": 6614892, "name": "\u041a\u0430\u043b\u0430\u0440\u0438 \u043c\u0430\u0441\u0441\u0430\u0436 (60 \u043c\u0438\u043d. \u043d\u043e\u0436\u043d\u043e\u0439 \u043c\u0430\u0441\u043b\u044f\u043d\u044b\u0439 \u043c\u0430\u0441\u0441\u0430\u0436)", "account_id": 10765, "date_create": 1582908371, "status": 7, "price": null, "client_id": 2936299, "roistat": "\u0412\u0445\u043e\u0434\u044f\u0449\u0438\u0439 \u0437\u0432\u043e\u043d\u043e\u043a,\u043e\u0442 \u0437\u043d\u0430\u043a\u043e\u043c\u044b\u0445", "executor": "\u0424\u0438\u043b\u0438\u043f \u0412\u0438\u043c\u0430\u043b\u0430 \u0412\u0438\u043f\u0438\u043d", "is_sale": false, "appointment_id": 5857714, "fields": {"1": "\u0424\u0438\u043b\u0438\u043f \u0412\u0438\u043c\u0430\u043b\u0430 \u0412\u0438\u043f\u0438\u043d", "2": "https://klientiks.ru/clientix/client/default/id/2936299", "3": 10765}}, {"id": 6616355, "name": "\u0410\u0431\u0445\u044a\u044f\u043d\u0433\u0430 \u043c\u0430\u0441\u0441\u0430\u0436 (60 \u043c\u0438\u043d. \u0440\u0443\u0447\u043d\u043e\u0439 \u043c\u0430\u0441\u043b\u044f\u043d\u044b\u0439 \u043c\u0430\u0441\u0441\u0430\u0436 \u0432 2 \u0440\u0443\u043a\u0438),\u041c\u0443\u043a\u0445\u0430\u0431\u0445\u044a\u044f\u043d\u0433\u0430 (30 \u043c\u0438\u043d. \u043c\u0430\u0441\u0441\u0430\u0436 \u043b\u0438\u0446\u0430),\u0410\u0431\u0445\u044a\u044f\u043d\u0433\u0430 \u043c\u0430\u0441\u0441\u0430\u0436 (60 \u043c\u0438\u043d. \u0440\u0443\u0447\u043d\u043e\u0439 \u043c\u0430\u0441\u043b\u044f\u043d\u044b\u0439 \u043c\u0430\u0441\u0441\u0430\u0436 \u0432 2 \u0440\u0443\u043a\u0438),\u041c\u0443\u043a\u0445\u0430\u0431\u0445\u044a\u044f\u043d\u0433\u0430 (30 \u043c\u0438\u043d. \u043c\u0430\u0441\u0441\u0430\u0436 \u043b\u0438\u0446\u0430)", "account_id": 10765, "date_create": 1582958255, "status": 6, "price": "4400", "client_id": 2942716, "roistat": "\u0412\u0445\u043e\u0434\u044f\u0449\u0438\u0439 \u0437\u0432\u043e\u043d\u043e\u043a", "executor": "\u0428\u0440\u0438\u0442\u0430", "is_sale": false, "appointment_id": 5858940, "fields": {"1": "\u0428\u0440\u0438\u0442\u0430", "2": "https://klientiks.ru/clientix/client/default/id/2942716", "3": 10765}}, {"id": 6616633, "name": "\u0410\u044e\u0440\u0432\u0435\u0434\u0430 \u043a\u043e\u043d\u0441\u0443\u043b\u044c\u0442\u0430\u0446\u0438\u044f \u0432\u0440\u0430\u0447\u0430 (60 \u043c\u0438\u043d)", "account_id": 10765, "date_create": 1582960279, "status": 7, "price": null, "client_id": 3332399, "roistat": "\u0412\u0445\u043e\u0434\u044f\u0449\u0438\u0439 \u0437\u0432\u043e\u043d\u043e\u043a,\u0418\u043d\u0442\u0435\u0440\u043d\u0435\u0442", "executor": "\u041f\u0440\u0430\u0432\u0438\u043d \u0421\u0443\u0440\u0435\u043d\u0434\u0440\u0430\u043d\u043f\u0438\u043b\u0430\u0439 \u0412\u0430\u0441\u0430\u043d\u0442\u0430\u043a\u0443\u043c\u0430\u0440\u0438", "is_sale": false, "appointment_id": 5859207, "fields": {"1": "\u041f\u0440\u0430\u0432\u0438\u043d \u0421\u0443\u0440\u0435\u043d\u0434\u0440\u0430\u043d\u043f\u0438\u043b\u0430\u0439 \u0412\u0430\u0441\u0430\u043d\u0442\u0430\u043a\u0443\u043c\u0430\u0440\u0438", "2": "https://klientiks.ru/clientix/client/default/id/3332399", "3": 10765}}, {"id": 6617138, "name": "Tiktaka_Kwatham_100tab", "account_id": 10765, "date_create": 1582962755, "status": 6, "price": "1250", "client_id": 2695457, "roistat": "\u043e\u0442 \u0437\u043d\u0430\u043a\u043e\u043c\u044b\u0445", "executor": "\u0410\u0445\u043c\u0435\u0434\u043e\u0432\u0430 \u0422\u0430\u0442\u044c\u044f\u043d\u0430 \u041b\u0435\u043e\u043d\u0438\u0434\u043e\u0432\u043d\u0430", "is_sale": true, "appointment_id": 5859697, "fields": {"1": "\u0410\u0445\u043c\u0435\u0434\u043e\u0432\u0430 \u0422\u0430\u0442\u044c\u044f\u043d\u0430 \u041b\u0435\u043e\u043d\u0438\u0434\u043e\u0432\u043d\u0430", "2": "https://klientiks.ru/clientix/client/default/id/2695457", "3": 10765}}, {"id": 6617942, "name": "\u041a\u043e\u043d\u0441\u0443\u043b\u044c\u0442\u0430\u0446\u0438\u044f \u0430\u0441\u0442\u0440\u043e\u043b\u043e\u0433\u0430 \u0420\u0430\u0433\u0445\u0443\u043d\u0430\u0442\u0445  \u0441\u043a\u0430\u0439\u043f", "account_id": 10765, "date_create": 1582966621, "status": 7, "price": null, "client_id": 3325787, "roistat": "\u0412\u0445\u043e\u0434\u044f\u0449\u0438\u0439 \u0437\u0432\u043e\u043d\u043e\u043a,\u0418\u043d\u0442\u0435\u0440\u043d\u0435\u0442", "executor": "\u0420\u0430\u0433\u0445\u0443\u043d\u0430\u0442\u0445 \u041c\u0435\u043d\u043e\u043d", "is_sale": false, "appointment_id": 5860448, "fields": {"1": "\u0420\u0430\u0433\u0445\u0443\u043d\u0430\u0442\u0445 \u041c\u0435\u043d\u043e\u043d", "2": "https://klientiks.ru/clientix/client/default/id/3325787", "3": 10765}}, {"id": 6618358, "name": "\u0410\u044e\u0440\u0432\u0435\u0434\u0430 \u043a\u043e\u043d\u0441\u0443\u043b\u044c\u0442\u0430\u0446\u0438\u044f \u0432\u0440\u0430\u0447\u0430 (60 \u043c\u0438\u043d)", "account_id": 10765, "date_create": 1582968635, "status": 6, "price": "3200", "client_id": 3332878, "roistat": "\u0412\u0445\u043e\u0434\u044f\u0449\u0438\u0439 \u0437\u0432\u043e\u043d\u043e\u043a", "executor": "\u041f\u0440\u0430\u0432\u0438\u043d \u0421\u0443\u0440\u0435\u043d\u0434\u0440\u0430\u043d\u043f\u0438\u043b\u0430\u0439 \u0412\u0430\u0441\u0430\u043d\u0442\u0430\u043a\u0443\u043c\u0430\u0440\u0438", "is_sale": false, "appointment_id": 5860861, "fields": {"1": "\u041f\u0440\u0430\u0432\u0438\u043d \u0421\u0443\u0440\u0435\u043d\u0434\u0440\u0430\u043d\u043f\u0438\u043b\u0430\u0439 \u0412\u0430\u0441\u0430\u043d\u0442\u0430\u043a\u0443\u043c\u0430\u0440\u0438", "2": "https://klientiks.ru/clientix/client/default/id/3332878", "3": 10765}}, {"id": 6618409, "name": "\u0410\u044e\u0440\u0432\u0435\u0434\u0430 \u043a\u043e\u043d\u0441\u0443\u043b\u044c\u0442\u0430\u0446\u0438\u044f \u0432\u0440\u0430\u0447\u0430 (60 \u043c\u0438\u043d)", "account_id": 10765, "date_create": 1582968860, "status": 6, "price": "3200", "client_id": 3332903, "roistat": "\u0412\u0445\u043e\u0434\u044f\u0449\u0438\u0439 \u0437\u0432\u043e\u043d\u043e\u043a,\u0418\u043d\u0442\u0435\u0440\u043d\u0435\u0442", "executor": "\u041f\u0440\u0430\u0432\u0438\u043d \u0421\u0443\u0440\u0435\u043d\u0434\u0440\u0430\u043d\u043f\u0438\u043b\u0430\u0439 \u0412\u0430\u0441\u0430\u043d\u0442\u0430\u043a\u0443\u043c\u0430\u0440\u0438", "is_sale": false, "appointment_id": 5860916, "fields": {"1": "\u041f\u0440\u0430\u0432\u0438\u043d \u0421\u0443\u0440\u0435\u043d\u0434\u0440\u0430\u043d\u043f\u0438\u043b\u0430\u0439 \u0412\u0430\u0441\u0430\u043d\u0442\u0430\u043a\u0443\u043c\u0430\u0440\u0438", "2": "https://klientiks.ru/clientix/client/default/id/3332903", "3": 10765}}, {"id": 6618428, "name": "Drakshadi_kashayam_200ml,Drakshadi_kashayam_200ml,Septilin_Himalaya_60 tab,Ashwagandha_60tab_Kutir's,Avipathi_choornam_30g,\u041a\u0443\u043d\u0436\u0443\u0442\u043d\u043e\u0435_\u043c\u0430\u0441\u043b\u043e_\u041a\u0430\u043c\u0430\u043b\u0430,Drakshadi_kashayam_200ml,Septilin_Himalaya_60 tab,Ashwagandha_60tab_Kutir's,Avipathi_choornam_30g,\u041a\u0443\u043d\u0436\u0443\u0442\u043d\u043e\u0435_\u043c\u0430\u0441\u043b\u043e_\u041a\u0430\u043c\u0430\u043b\u0430,Drakshadi_kashayam_200ml,Septilin_Himalaya_60 tab,Ashwagandha_60tab_Kutir's,Avipathi_choornam_30g,\u041a\u0443\u043d\u0436\u0443\u0442\u043d\u043e\u0435_\u043c\u0430\u0441\u043b\u043e_\u041a\u0430\u043c\u0430\u043b\u0430,Drakshadi_kashayam_200ml,Septilin_Himalaya_60 tab,Ashwagandha_60tab_Kutir's,Avipathi_choornam_30g,\u041a\u0443\u043d\u0436\u0443\u0442\u043d\u043e\u0435_\u043c\u0430\u0441\u043b\u043e_\u041a\u0430\u043c\u0430\u043b\u0430,Septilin_Himalaya_60 tab,Ashwagandha_60tab_Kutir's,Avipathi_choornam_30g,\u041a\u0443\u043d\u0436\u0443\u0442\u043d\u043e\u0435_\u043c\u0430\u0441\u043b\u043e_\u041a\u0430\u043c\u0430\u043b\u0430", "account_id": 10765, "date_create": 1582968967, "status": 6, "price": "1750", "client_id": 3255176, "roistat": "\u043e\u0442 \u0437\u043d\u0430\u043a\u043e\u043c\u044b\u0445,\u0418\u043d\u0442\u0435\u0440\u043d\u0435\u0442", "executor": "\u0410\u0445\u043c\u0435\u0434\u043e\u0432\u0430 \u0422\u0430\u0442\u044c\u044f\u043d\u0430 \u041b\u0435\u043e\u043d\u0438\u0434\u043e\u0432\u043d\u0430", "is_sale": true, "appointment_id": 5860936, "fields": {"1": "\u0410\u0445\u043c\u0435\u0434\u043e\u0432\u0430 \u0422\u0430\u0442\u044c\u044f\u043d\u0430 \u041b\u0435\u043e\u043d\u0438\u0434\u043e\u0432\u043d\u0430", "2": "https://klientiks.ru/clientix/client/default/id/3255176", "3": 10765}}, {"id": 6618714, "name": "\u0410\u0431\u0445\u044a\u044f\u043d\u0433\u0430 \u043c\u0430\u0441\u0441\u0430\u0436 (60 \u043c\u0438\u043d. \u0440\u0443\u0447\u043d\u043e\u0439 \u043c\u0430\u0441\u043b\u044f\u043d\u044b\u0439 \u043c\u0430\u0441\u0441\u0430\u0436 \u0432 2 \u0440\u0443\u043a\u0438)", "account_id": 10765, "date_create": 1582970573, "status": 6, "price": "3200", "client_id": 3255176, "roistat": "\u043e\u0442 \u0437\u043d\u0430\u043a\u043e\u043c\u044b\u0445,\u0418\u043d\u0442\u0435\u0440\u043d\u0435\u0442", "executor": "\u0428\u0440\u0438\u0442\u0430", "is_sale": false, "appointment_id": 5727454, "fields": {"1": "\u0428\u0440\u0438\u0442\u0430", "2": "https://klientiks.ru/clientix/client/default/id/3255176", "3": 10765}}, {"id": 6619065, "name": "\u0410\u044e\u0440\u0432\u0435\u0434\u0430 \u043f\u043e\u0432\u0442\u043e\u0440\u043d\u0430\u044f \u043a\u043e\u043d\u0441\u0443\u043b\u044c\u0442\u0430\u0446\u0438\u044f \u0432\u0440\u0430\u0447\u0430 \u0432 \u043d\u0430\u0437\u043d\u0430\u0447\u0435\u043d\u043d\u044b\u0439 \u0441\u0440\u043e\u043a (30 \u043c\u0438\u043d)", "account_id": 10765, "date_create": 1582972818, "status": 7, "price": null, "client_id": 3255176, "roistat": "\u043e\u0442 \u0437\u043d\u0430\u043a\u043e\u043c\u044b\u0445,\u0418\u043d\u0442\u0435\u0440\u043d\u0435\u0442", "executor": "\u041f\u0440\u0430\u0432\u0438\u043d \u0421\u0443\u0440\u0435\u043d\u0434\u0440\u0430\u043d\u043f\u0438\u043b\u0430\u0439 \u0412\u0430\u0441\u0430\u043d\u0442\u0430\u043a\u0443\u043c\u0430\u0440\u0438", "is_sale": false, "appointment_id": 5861541, "fields": {"1": "\u041f\u0440\u0430\u0432\u0438\u043d \u0421\u0443\u0440\u0435\u043d\u0434\u0440\u0430\u043d\u043f\u0438\u043b\u0430\u0439 \u0412\u0430\u0441\u0430\u043d\u0442\u0430\u043a\u0443\u043c\u0430\u0440\u0438", "2": "https://klientiks.ru/clientix/client/default/id/3255176", "3": 10765}}, {"id": 6619635, "name": "\u0410\u0431\u0445\u044a\u044f\u043d\u0433\u0430 \u043c\u0430\u0441\u0441\u0430\u0436 (60 \u043c\u0438\u043d. \u0440\u0443\u0447\u043d\u043e\u0439 \u043c\u0430\u0441\u043b\u044f\u043d\u044b\u0439 \u043c\u0430\u0441\u0441\u0430\u0436 \u0432 2 \u0440\u0443\u043a\u0438)", "account_id": 10765, "date_create": 1582976474, "status": 7, "price": null, "client_id": 2319865, "roistat": "\u0412\u0445\u043e\u0434\u044f\u0449\u0438\u0439 \u0437\u0432\u043e\u043d\u043e\u043a", "executor": "\u0410\u043f\u043f\u043e", "is_sale": false, "appointment_id": 5862108, "fields": {"1": "\u0410\u043f\u043f\u043e", "2": "https://klientiks.ru/clientix/client/default/id/2319865", "3": 10765}}, {"id": 6619896, "name": "\u041a\u0438\u0436\u0438 \u043c\u0430\u0441\u0441\u0430\u0436 (60 \u043c\u0438\u043d. \u043f\u0438\u043d\u0434\u0430\u0441\u0432\u0435\u0434\u0430\u043d\u0430, \u043c\u0430\u0441\u0441\u0430\u0436 \u043c\u0435\u0448\u043e\u0447\u043a\u0430\u043c\u0438 \u0432 2 \u0440\u0443\u043a\u0438)", "account_id": 10765, "date_create": 1582978641, "status": 7, "price": null, "client_id": 3122840, "roistat": "\u0420\u043e\u0434\u0441\u0442\u0432\u0435\u043d\u043d\u0438\u043a \u043d\u0430\u0448\u0435\u0433\u043e \u043a\u043b\u0438\u0435\u043d\u0442\u0430", "executor": "\u0424\u0438\u043b\u0438\u043f \u0412\u0438\u043c\u0430\u043b\u0430 \u0412\u0438\u043f\u0438\u043d", "is_sale": false, "appointment_id": 5862352, "fields": {"1": "\u0424\u0438\u043b\u0438\u043f \u0412\u0438\u043c\u0430\u043b\u0430 \u0412\u0438\u043f\u0438\u043d", "2": "https://klientiks.ru/clientix/client/default/id/3122840", "3": 10765}}, {"id": 6620022, "name": "\u0410\u044e\u0440\u0432\u0435\u0434\u0430 \u043f\u043e\u0432\u0442\u043e\u0440\u043d\u0430\u044f  \u043a\u043e\u043d\u0441\u0443\u043b\u044c\u0442\u0430\u0446\u0438\u044f \u043f\u0440\u0438\u0433\u043b\u0430\u0448\u0435\u043d\u043d\u043e\u0433\u043e \u0441\u043f\u0435\u0446\u0438\u0430\u043b\u0438\u0441\u0442\u0430 (30 \u043c\u0438\u043d)", "account_id": 10765, "date_create": 1582979786, "status": 6, "price": "2500", "client_id": 2823274, "roistat": "\u0421\u043e\u0432\u0435\u0442 \u0414\u0440\u0443\u0437\u0435\u0439,\u0438\u043d\u0442\u0435\u0440\u043d\u0435\u0442", "executor": "\u0414\u0436\u0430\u0442\u0445\u0430\u0432 \u041f\u0430\u0440\u0435\u0448", "is_sale": false, "appointment_id": 5862466, "fields": {"1": "\u0414\u0436\u0430\u0442\u0445\u0430\u0432 \u041f\u0430\u0440\u0435\u0448", "2": "https://klientiks.ru/clientix/client/default/id/2823274", "3": 10765}}, {"id": 6620738, "name": "\u0421\u0435\u0430\u043d\u0441 \u0432 \u043a\u0435\u0434\u0440\u043e\u0432\u043e\u0439 \u0431\u043e\u0447\u043a\u0435 \u0441 \u0444\u0438\u0442\u043e\u0441\u0431\u043e\u0440\u043e\u043c,\u0410\u0431\u0445\u044a\u044f\u043d\u0433\u0430 \u043c\u0430\u0441\u0441\u0430\u0436 (60 \u043c\u0438\u043d. \u0440\u0443\u0447\u043d\u043e\u0439 \u043c\u0430\u0441\u043b\u044f\u043d\u044b\u0439 \u043c\u0430\u0441\u0441\u0430\u0436 \u0432 2 \u0440\u0443\u043a\u0438),\u0421\u0435\u0430\u043d\u0441 \u0432 \u043a\u0435\u0434\u0440\u043e\u0432\u043e\u0439 \u0431\u043e\u0447\u043a\u0435 \u0441 \u0444\u0438\u0442\u043e\u0441\u0431\u043e\u0440\u043e\u043c,\u0410\u0431\u0445\u044a\u044f\u043d\u0433\u0430 \u043c\u0430\u0441\u0441\u0430\u0436 (60 \u043c\u0438\u043d. \u0440\u0443\u0447\u043d\u043e\u0439 \u043c\u0430\u0441\u043b\u044f\u043d\u044b\u0439 \u043c\u0430\u0441\u0441\u0430\u0436 \u0432 2 \u0440\u0443\u043a\u0438)", "account_id": 10765, "date_create": 1582985690, "status": 6, "price": "0", "client_id": 3263662, "roistat": "\u043f\u043e\u0441\u0442\u043e\u044f\u043d\u043d\u044b\u0439 \u043a\u043b\u0438\u0435\u043d\u0442", "executor": "\u0428\u0440\u0438\u0442\u0430", "is_sale": false, "appointment_id": 5863078, "fields": {"1": "\u0428\u0440\u0438\u0442\u0430", "2": "https://klientiks.ru/clientix/client/default/id/3263662", "3": 10765}}, {"id": 6620742, "name": "\u0412\u0438\u0440\u0435\u0447\u0430\u043d\u0430 (\u0441\u043b\u0430\u0431\u0438\u0442\u0435\u043b\u044c\u043d\u0430\u044f \u0442\u0435\u0440\u0430\u043f\u0438\u044f),\u041a\u0430\u043b\u0430\u0440\u0438 \u043c\u0430\u0441\u0441\u0430\u0436 (60 \u043c\u0438\u043d. \u043d\u043e\u0436\u043d\u043e\u0439 \u043c\u0430\u0441\u043b\u044f\u043d\u044b\u0439 \u043c\u0430\u0441\u0441\u0430\u0436),\u0412\u0438\u0440\u0435\u0447\u0430\u043d\u0430 (\u0441\u043b\u0430\u0431\u0438\u0442\u0435\u043b\u044c\u043d\u0430\u044f \u0442\u0435\u0440\u0430\u043f\u0438\u044f),\u041a\u0430\u043b\u0430\u0440\u0438 \u043c\u0430\u0441\u0441\u0430\u0436 (60 \u043c\u0438\u043d. \u043d\u043e\u0436\u043d\u043e\u0439 \u043c\u0430\u0441\u043b\u044f\u043d\u044b\u0439 \u043c\u0430\u0441\u0441\u0430\u0436)", "account_id": 10765, "date_create": 1582985730, "status": 6, "price": "0", "client_id": 3263662, "roistat": "\u043f\u043e\u0441\u0442\u043e\u044f\u043d\u043d\u044b\u0439 \u043a\u043b\u0438\u0435\u043d\u0442", "executor": "\u0428\u0440\u0438\u0442\u0430", "is_sale": false, "appointment_id": 5863080, "fields": {"1": "\u0428\u0440\u0438\u0442\u0430", "2": "https://klientiks.ru/clientix/client/default/id/3263662", "3": 10765}}, {"id": 6620748, "name": "\u041a\u0438\u0436\u0438 \u043d\u0430 \u0447\u0430\u0441\u0442\u0438 \u0442\u0435\u043b\u0430 (30 \u043c\u0438\u043d),\u0410\u0431\u0445\u044a\u044f\u043d\u0433\u0430 \u043c\u0430\u0441\u0441\u0430\u0436 (60 \u043c\u0438\u043d. \u0440\u0443\u0447\u043d\u043e\u0439 \u043c\u0430\u0441\u043b\u044f\u043d\u044b\u0439 \u043c\u0430\u0441\u0441\u0430\u0436 \u0432 2 \u0440\u0443\u043a\u0438),\u041a\u0438\u0436\u0438 \u043d\u0430 \u0447\u0430\u0441\u0442\u0438 \u0442\u0435\u043b\u0430 (30 \u043c\u0438\u043d),\u0410\u0431\u0445\u044a\u044f\u043d\u0433\u0430 \u043c\u0430\u0441\u0441\u0430\u0436 (60 \u043c\u0438\u043d. \u0440\u0443\u0447\u043d\u043e\u0439 \u043c\u0430\u0441\u043b\u044f\u043d\u044b\u0439 \u043c\u0430\u0441\u0441\u0430\u0436 \u0432 2 \u0440\u0443\u043a\u0438)", "account_id": 10765, "date_create": 1582985805, "status": 6, "price": "0", "client_id": 3263662, "roistat": "\u043f\u043e\u0441\u0442\u043e\u044f\u043d\u043d\u044b\u0439 \u043a\u043b\u0438\u0435\u043d\u0442", "executor": "\u041d\u0438\u0431\u0438\u043d \u041a\u043e\u0434\u0430\u0442 \u0414\u0438\u043d\u0435\u0441\u0430\u043d", "is_sale": false, "appointment_id": 5863085, "fields": {"1": "\u041d\u0438\u0431\u0438\u043d \u041a\u043e\u0434\u0430\u0442 \u0414\u0438\u043d\u0435\u0441\u0430\u043d", "2": "https://klientiks.ru/clientix/client/default/id/3263662", "3": 10765}}, {"id": 6620754, "name": "\u0410\u0431\u0445\u044a\u044f\u043d\u0433\u0430 \u043c\u0430\u0441\u0441\u0430\u0436 (60 \u043c\u0438\u043d. \u0440\u0443\u0447\u043d\u043e\u0439 \u043c\u0430\u0441\u043b\u044f\u043d\u044b\u0439 \u043c\u0430\u0441\u0441\u0430\u0436 \u0432 2 \u0440\u0443\u043a\u0438),\u041a\u0438\u0436\u0438 \u043d\u0430 \u0447\u0430\u0441\u0442\u0438 \u0442\u0435\u043b\u0430 (30 \u043c\u0438\u043d),\u0410\u0431\u0445\u044a\u044f\u043d\u0433\u0430 \u043c\u0430\u0441\u0441\u0430\u0436 (60 \u043c\u0438\u043d. \u0440\u0443\u0447\u043d\u043e\u0439 \u043c\u0430\u0441\u043b\u044f\u043d\u044b\u0439 \u043c\u0430\u0441\u0441\u0430\u0436 \u0432 2 \u0440\u0443\u043a\u0438),\u041a\u0438\u0436\u0438 \u043d\u0430 \u0447\u0430\u0441\u0442\u0438 \u0442\u0435\u043b\u0430 (30 \u043c\u0438\u043d)", "account_id": 10765, "date_create": 1582985849, "status": 6, "price": "0", "client_id": 3263662, "roistat": "\u043f\u043e\u0441\u0442\u043e\u044f\u043d\u043d\u044b\u0439 \u043a\u043b\u0438\u0435\u043d\u0442", "executor": "\u041d\u0438\u0431\u0438\u043d \u041a\u043e\u0434\u0430\u0442 \u0414\u0438\u043d\u0435\u0441\u0430\u043d", "is_sale": false, "appointment_id": 5863092, "fields": {"1": "\u041d\u0438\u0431\u0438\u043d \u041a\u043e\u0434\u0430\u0442 \u0414\u0438\u043d\u0435\u0441\u0430\u043d", "2": "https://klientiks.ru/clientix/client/default/id/3263662", "3": 10765}}, {"id": 6620759, "name": "\u0410\u043d\u0443\u0432\u0430\u0441\u0430\u043d\u0430 \u0411\u0430\u0441\u0442\u0438 (30 \u043c\u0438\u043d. \u043c\u0430\u0441\u043b\u044f\u043d\u0430\u044f \u0442\u0440\u0430\u0432\u044f\u043d\u0430\u044f \u043a\u043b\u0438\u0437\u043c\u0430),\u041f\u0438\u0447\u0443 (30 \u043c\u0438\u043d. \u043c\u0430\u0441\u043b\u044f\u043d\u0430\u044f \u0430\u043f\u043f\u043b\u0438\u043a\u0430\u0446\u0438\u044f),\u041f\u0438\u0447\u0443 (30 \u043c\u0438\u043d. \u043c\u0430\u0441\u043b\u044f\u043d\u0430\u044f \u0430\u043f\u043f\u043b\u0438\u043a\u0430\u0446\u0438\u044f),\u041a\u0430\u043b\u0430\u0440\u0438 \u043c\u0430\u0441\u0441\u0430\u0436 (60 \u043c\u0438\u043d. \u043d\u043e\u0436\u043d\u043e\u0439 \u043c\u0430\u0441\u043b\u044f\u043d\u044b\u0439 \u043c\u0430\u0441\u0441\u0430\u0436),\u041a\u0430\u043b\u0430\u0440\u0438 \u043c\u0430\u0441\u0441\u0430\u0436 (60 \u043c\u0438\u043d. \u043d\u043e\u0436\u043d\u043e\u0439 \u043c\u0430\u0441\u043b\u044f\u043d\u044b\u0439 \u043c\u0430\u0441\u0441\u0430\u0436),\u0410\u043d\u0443\u0432\u0430\u0441\u0430\u043d\u0430 \u0411\u0430\u0441\u0442\u0438 (30 \u043c\u0438\u043d. \u043c\u0430\u0441\u043b\u044f\u043d\u0430\u044f \u0442\u0440\u0430\u0432\u044f\u043d\u0430\u044f \u043a\u043b\u0438\u0437\u043c\u0430),\u041f\u0438\u0447\u0443 (30 \u043c\u0438\u043d. \u043c\u0430\u0441\u043b\u044f\u043d\u0430\u044f \u0430\u043f\u043f\u043b\u0438\u043a\u0430\u0446\u0438\u044f),\u0410\u043d\u0443\u0432\u0430\u0441\u0430\u043d\u0430 \u0411\u0430\u0441\u0442\u0438 (30 \u043c\u0438\u043d. \u043c\u0430\u0441\u043b\u044f\u043d\u0430\u044f \u0442\u0440\u0430\u0432\u044f\u043d\u0430\u044f \u043a\u043b\u0438\u0437\u043c\u0430),\u041a\u0430\u043b\u0430\u0440\u0438 \u043c\u0430\u0441\u0441\u0430\u0436 (60 \u043c\u0438\u043d. \u043d\u043e\u0436\u043d\u043e\u0439 \u043c\u0430\u0441\u043b\u044f\u043d\u044b\u0439 \u043c\u0430\u0441\u0441\u0430\u0436)", "account_id": 10765, "date_create": 1582985911, "status": 6, "price": "0", "client_id": 3263662, "roistat": "\u043f\u043e\u0441\u0442\u043e\u044f\u043d\u043d\u044b\u0439 \u043a\u043b\u0438\u0435\u043d\u0442", "executor": "\u0428\u0440\u0438\u0442\u0430", "is_sale": false, "appointment_id": 5863097, "fields": {"1": "\u0428\u0440\u0438\u0442\u0430", "2": "https://klientiks.ru/clientix/client/default/id/3263662", "3": 10765}}, {"id": 6620763, "name": "\u0410\u0431\u0445\u044a\u044f\u043d\u0433\u0430 \u043c\u0430\u0441\u0441\u0430\u0436 (60 \u043c\u0438\u043d. \u0440\u0443\u0447\u043d\u043e\u0439 \u043c\u0430\u0441\u043b\u044f\u043d\u044b\u0439 \u043c\u0430\u0441\u0441\u0430\u0436 \u0432 2 \u0440\u0443\u043a\u0438),\u041d\u0438\u0440\u0443\u0445\u0430 \u0411\u0430\u0441\u0442\u0438 (60 \u043c\u0438\u043d. \u043a\u043b\u0438\u0437\u043c\u0430 \u0442\u0440\u0430\u0432\u044f\u043d\u044b\u043c \u043e\u0442\u0432\u0430\u0440\u043e\u043c),\u0410\u0431\u0445\u044a\u044f\u043d\u0433\u0430 \u043c\u0430\u0441\u0441\u0430\u0436 (60 \u043c\u0438\u043d. \u0440\u0443\u0447\u043d\u043e\u0439 \u043c\u0430\u0441\u043b\u044f\u043d\u044b\u0439 \u043c\u0430\u0441\u0441\u0430\u0436 \u0432 2 \u0440\u0443\u043a\u0438),\u041f\u0438\u0447\u0443 (30 \u043c\u0438\u043d. \u043c\u0430\u0441\u043b\u044f\u043d\u0430\u044f \u0430\u043f\u043f\u043b\u0438\u043a\u0430\u0446\u0438\u044f),\u041d\u0438\u0440\u0443\u0445\u0430 \u0411\u0430\u0441\u0442\u0438 (60 \u043c\u0438\u043d. \u043a\u043b\u0438\u0437\u043c\u0430 \u0442\u0440\u0430\u0432\u044f\u043d\u044b\u043c \u043e\u0442\u0432\u0430\u0440\u043e\u043c),\u0410\u0431\u0445\u044a\u044f\u043d\u0433\u0430 \u043c\u0430\u0441\u0441\u0430\u0436 (60 \u043c\u0438\u043d. \u0440\u0443\u0447\u043d\u043e\u0439 \u043c\u0430\u0441\u043b\u044f\u043d\u044b\u0439 \u043c\u0430\u0441\u0441\u0430\u0436 \u0432 2 \u0440\u0443\u043a\u0438),\u041f\u0438\u0447\u0443 (30 \u043c\u0438\u043d. \u043c\u0430\u0441\u043b\u044f\u043d\u0430\u044f \u0430\u043f\u043f\u043b\u0438\u043a\u0430\u0446\u0438\u044f),\u041d\u0438\u0440\u0443\u0445\u0430 \u0411\u0430\u0441\u0442\u0438 (60 \u043c\u0438\u043d. \u043a\u043b\u0438\u0437\u043c\u0430 \u0442\u0440\u0430\u0432\u044f\u043d\u044b\u043c \u043e\u0442\u0432\u0430\u0440\u043e\u043c),\u041f\u0438\u0447\u0443 (30 \u043c\u0438\u043d. \u043c\u0430\u0441\u043b\u044f\u043d\u0430\u044f \u0430\u043f\u043f\u043b\u0438\u043a\u0430\u0446\u0438\u044f)", "account_id": 10765, "date_create": 1582985948, "status": 6, "price": "0", "client_id": 3263662, "roistat": "\u043f\u043e\u0441\u0442\u043e\u044f\u043d\u043d\u044b\u0439 \u043a\u043b\u0438\u0435\u043d\u0442", "executor": "\u041d\u0438\u0431\u0438\u043d \u041a\u043e\u0434\u0430\u0442 \u0414\u0438\u043d\u0435\u0441\u0430\u043d", "is_sale": false, "appointment_id": 5863101, "fields": {"1": "\u041d\u0438\u0431\u0438\u043d \u041a\u043e\u0434\u0430\u0442 \u0414\u0438\u043d\u0435\u0441\u0430\u043d", "2": "https://klientiks.ru/clientix/client/default/id/3263662", "3": 10765}}, {"id": 6620773, "name": "\u0410\u0431\u0445\u044a\u044f\u043d\u0433\u0430 \u043c\u0430\u0441\u0441\u0430\u0436 (60 \u043c\u0438\u043d. \u0440\u0443\u0447\u043d\u043e\u0439 \u043c\u0430\u0441\u043b\u044f\u043d\u044b\u0439 \u043c\u0430\u0441\u0441\u0430\u0436 \u0432 2 \u0440\u0443\u043a\u0438),\u041a\u0438\u0436\u0438 \u043d\u0430 \u0447\u0430\u0441\u0442\u0438 \u0442\u0435\u043b\u0430 (30 \u043c\u0438\u043d),\u0410\u043d\u0443\u0432\u0430\u0441\u0430\u043d\u0430 \u0411\u0430\u0441\u0442\u0438 (30 \u043c\u0438\u043d. \u043c\u0430\u0441\u043b\u044f\u043d\u0430\u044f \u0442\u0440\u0430\u0432\u044f\u043d\u0430\u044f \u043a\u043b\u0438\u0437\u043c\u0430)", "account_id": 10765, "date_create": 1582986015, "status": 7, "price": null, "client_id": 3263662, "roistat": "\u043f\u043e\u0441\u0442\u043e\u044f\u043d\u043d\u044b\u0439 \u043a\u043b\u0438\u0435\u043d\u0442", "executor": "\u0428\u0440\u0438\u0442\u0430", "is_sale": false, "appointment_id": 5863108, "fields": {"1": "\u0428\u0440\u0438\u0442\u0430", "2": "https://klientiks.ru/clientix/client/default/id/3263662", "3": 10765}}], "pagination": {"total_count": 22602, "limit": 50, "page_number": 1}, "total_count": 22602, "page_number": 1}
2020-08-23 01:24:41,069 - Snowflake Connector for Python Version: 2.2.10, Python Version: 3.8.5, Platform: Windows-10-10.0.17763-SP0
2020-08-23 01:24:41,069 - connect
2020-08-23 01:24:41,069 - __config
2020-08-23 01:24:41,069 - This connection is in OCSP Fail Open Mode. TLS Certificates would be checked for validity and revocation status. Any other Certificate Revocation related exceptions or OCSP Responder failures would be disregarded in favor of connectivity.
2020-08-23 01:24:41,069 - use_numpy: False
2020-08-23 01:24:41,069 - initialized
2020-08-23 01:24:41,069 - REST API object was created: ringcentral.snowflakecomputing.com:443
2020-08-23 01:24:41,069 - authenticate
2020-08-23 01:24:41,069 - assertion content: *********
2020-08-23 01:24:41,069 - account=ringcentral, user=dmitry.mitrofanov, database=RCUSERS, schema=DMITRYMITROFANOV, warehouse=RCUSERS_WH, role=None, request_id=c624352e-5708-44ec-84f4-559c12234597
2020-08-23 01:24:41,069 - body['data']: {'CLIENT_APP_ID': 'PythonConnector', 'CLIENT_APP_VERSION': '2.2.10', 'SVN_REVISION': None, 'ACCOUNT_NAME': 'ringcentral', 'LOGIN_NAME': 'dmitry.mitrofanov', 'CLIENT_ENVIRONMENT': {'APPLICATION': 'PythonConnector', 'OS': 'Windows', 'OS_VERSION': 'Windows-10-10.0.17763-SP0', 'PYTHON_VERSION': '3.8.5', 'PYTHON_RUNTIME': 'CPython', 'PYTHON_COMPILER': 'MSC v.1924 64 bit (AMD64)', 'OCSP_MODE': 'FAIL_OPEN', 'TRACING': 10, 'LOGIN_TIMEOUT': 120, 'NETWORK_TIMEOUT': None, 'CLIENT_STORE_TEMPORARY_CREDENTIAL': None}, 'SESSION_PARAMETERS': {'CLIENT_SESSION_KEEP_ALIVE_HEARTBEAT_FREQUENCY': 900, 'CLIENT_PREFETCH_THREADS': 4}}
2020-08-23 01:24:41,070 - Converted retries value: 1 -> Retry(total=1, connect=None, read=None, redirect=None, status=None)
2020-08-23 01:24:41,070 - Converted retries value: 1 -> Retry(total=1, connect=None, read=None, redirect=None, status=None)
2020-08-23 01:24:41,070 - Active requests sessions: 1, idle: 0
2020-08-23 01:24:41,070 - remaining request timeout: 120, retry cnt: 1
2020-08-23 01:24:41,070 - socket timeout: 60
2020-08-23 01:24:41,072 - Starting new HTTPS connection (1): ringcentral.snowflakecomputing.com:443
2020-08-23 01:24:41,817 - OCSP Mode: FAIL_OPEN, OCSP response cache file name: None
2020-08-23 01:24:41,817 - ocsp_response_cache_uri: file://C:/Users/dmitry.mitrofanov/AppData/Local/Snowflake/Caches/ocsp_response_cache.json
2020-08-23 01:24:41,817 - OCSP_VALIDATION_CACHE size: 140
2020-08-23 01:24:41,817 - OCSP response cache server is enabled: http://ocsp.snowflakecomputing.com/ocsp_response_cache.json
2020-08-23 01:24:41,817 - OCSP dynamic cache server RETRY URL: None
2020-08-23 01:24:41,822 - Verifying the attached certificate is signed by the issuer. Valid Not After: 2025-05-12 23:58:59+00:00
2020-08-23 01:24:41,823 - Verifying the attached certificate is signed by the issuer. Valid Not After: 2025-05-12 23:58:59+00:00
2020-08-23 01:24:41,824 - Verifying the attached certificate is signed by the issuer. Valid Not After: 2023-06-11 20:40:26+00:00
2020-08-23 01:24:41,825 - Verifying the attached certificate is signed by the issuer. Valid Not After: 2023-06-11 20:40:26+00:00
2020-08-23 01:24:41,826 - Verifying the attached certificate is signed by the issuer. Valid Not After: 2023-06-11 20:44:21+00:00
2020-08-23 01:24:41,828 - Verifying the attached certificate is signed by the issuer. Valid Not After: 2023-06-11 20:44:21+00:00
2020-08-23 01:24:41,829 - Verifying the attached certificate is signed by the issuer. Valid Not After: 2021-12-14 07:00:00+00:00
2020-08-23 01:24:41,830 - Verifying the attached certificate is signed by the issuer. Valid Not After: 2021-12-14 07:00:00+00:00
2020-08-23 01:24:41,832 - Verifying the attached certificate is signed by the issuer. Valid Not After: 2025-05-12 23:58:59+00:00
2020-08-23 01:24:41,833 - Verifying the attached certificate is signed by the issuer. Valid Not After: 2025-05-12 23:58:59+00:00
2020-08-23 01:24:41,835 - Verifying the attached certificate is signed by the issuer. Valid Not After: 2025-05-12 23:58:59+00:00
2020-08-23 01:24:41,836 - Verifying the attached certificate is signed by the issuer. Valid Not After: 2025-05-12 23:58:59+00:00
2020-08-23 01:24:41,838 - Verifying the attached certificate is signed by the issuer. Valid Not After: 2025-05-12 23:58:59+00:00
2020-08-23 01:24:41,839 - Verifying the attached certificate is signed by the issuer. Valid Not After: 2025-05-12 23:58:59+00:00
2020-08-23 01:24:41,848 - Verifying the attached certificate is signed by the issuer. Valid Not After: 2025-05-12 23:58:59+00:00
2020-08-23 01:24:41,849 - Verifying the attached certificate is signed by the issuer. Valid Not After: 2025-05-12 23:58:59+00:00
2020-08-23 01:24:41,852 - Verifying the attached certificate is signed by the issuer. Valid Not After: 2021-04-02 17:08:26+00:00
2020-08-23 01:24:41,853 - Verifying the attached certificate is signed by the issuer. Valid Not After: 2021-04-02 17:08:26+00:00
2020-08-23 01:24:41,855 - Verifying the attached certificate is signed by the issuer. Valid Not After: 2021-04-02 17:13:33+00:00
2020-08-23 01:24:41,856 - Verifying the attached certificate is signed by the issuer. Valid Not After: 2021-04-02 17:13:33+00:00
2020-08-23 01:24:41,857 - Verifying the attached certificate is signed by the issuer. Valid Not After: 2021-04-02 16:58:09+00:00
2020-08-23 01:24:41,859 - Verifying the attached certificate is signed by the issuer. Valid Not After: 2021-04-02 16:58:09+00:00
2020-08-23 01:24:41,874 - Verifying the attached certificate is signed by the issuer. Valid Not After: 2021-04-02 17:13:33+00:00
2020-08-23 01:24:41,875 - Verifying the attached certificate is signed by the issuer. Valid Not After: 2021-04-02 17:13:33+00:00
2020-08-23 01:24:41,877 - Verifying the attached certificate is signed by the issuer. Valid Not After: 2021-04-02 17:08:26+00:00
2020-08-23 01:24:41,878 - Verifying the attached certificate is signed by the issuer. Valid Not After: 2021-04-02 17:08:26+00:00
2020-08-23 01:24:41,879 - Verifying the attached certificate is signed by the issuer. Valid Not After: 2021-04-02 17:03:51+00:00
2020-08-23 01:24:41,881 - Verifying the attached certificate is signed by the issuer. Valid Not After: 2021-04-02 17:03:51+00:00
2020-08-23 01:24:41,882 - Verifying the attached certificate is signed by the issuer. Valid Not After: 2021-04-02 16:58:09+00:00
2020-08-23 01:24:41,883 - Verifying the attached certificate is signed by the issuer. Valid Not After: 2021-04-02 16:58:09+00:00
2020-08-23 01:24:41,885 - Verifying the attached certificate is signed by the issuer. Valid Not After: 2021-04-02 17:03:51+00:00
2020-08-23 01:24:41,886 - Verifying the attached certificate is signed by the issuer. Valid Not After: 2021-04-02 17:03:51+00:00
2020-08-23 01:24:41,887 - Verifying the attached certificate is signed by the issuer. Valid Not After: 2021-04-02 17:03:51+00:00
2020-08-23 01:24:41,888 - Verifying the attached certificate is signed by the issuer. Valid Not After: 2021-04-02 17:03:51+00:00
2020-08-23 01:24:41,906 - Verifying the attached certificate is signed by the issuer. Valid Not After: 2021-04-02 17:13:33+00:00
2020-08-23 01:24:41,907 - Verifying the attached certificate is signed by the issuer. Valid Not After: 2021-04-02 17:13:33+00:00
2020-08-23 01:24:41,909 - Read OCSP response cache file: C:/Users/dmitry.mitrofanov/AppData/Local/Snowflake/Caches/ocsp_response_cache.json, count=140
2020-08-23 01:24:41,909 - validating certificate: ringcentral.snowflakecomputing.com
2020-08-23 01:24:41,909 - # of certificates: 4
2020-08-23 01:24:41,910 - subject: OrderedDict([('common_name', '*.us-west-2.snowflakecomputing.com')]), issuer: OrderedDict([('country_name', 'US'), ('organization_name', 'Amazon'), ('organizational_unit_name', 'Server CA 1B'), ('common_name', 'Amazon')])
2020-08-23 01:24:41,910 - subject: OrderedDict([('country_name', 'US'), ('organization_name', 'Amazon'), ('organizational_unit_name', 'Server CA 1B'), ('common_name', 'Amazon')]), issuer: OrderedDict([('country_name', 'US'), ('organization_name', 'Amazon'), ('common_name', 'Amazon Root CA 1')])
2020-08-23 01:24:41,911 - subject: OrderedDict([('country_name', 'US'), ('organization_name', 'Amazon'), ('common_name', 'Amazon Root CA 1')]), issuer: OrderedDict([('country_name', 'US'), ('state_or_province_name', 'Arizona'), ('locality_name', 'Scottsdale'), ('organization_name', 'Starfield Technologies, Inc.'), ('common_name', 'Starfield Services Root Certificate Authority - G2')])
2020-08-23 01:24:41,912 - subject: OrderedDict([('country_name', 'US'), ('state_or_province_name', 'Arizona'), ('locality_name', 'Scottsdale'), ('organization_name', 'Starfield Technologies, Inc.'), ('common_name', 'Starfield Services Root Certificate Authority - G2')]), issuer: OrderedDict([('country_name', 'US'), ('organization_name', 'Starfield Technologies, Inc.'), ('organizational_unit_name', 'Starfield Class 2 Certification Authority')])
2020-08-23 01:24:41,915 - not found issuer_der: OrderedDict([('country_name', 'US'), ('organization_name', 'Starfield Technologies, Inc.'), ('organizational_unit_name', 'Starfield Class 2 Certification Authority')])
2020-08-23 01:24:41,916 - hit cache for subject: OrderedDict([('common_name', '*.us-west-2.snowflakecomputing.com')])
2020-08-23 01:24:41,917 - Verifying the attached certificate is signed by the issuer. Valid Not After: 2023-06-11 20:40:26+00:00
2020-08-23 01:24:41,917 - hit cache for subject: OrderedDict([('country_name', 'US'), ('organization_name', 'Amazon'), ('organizational_unit_name', 'Server CA 1B'), ('common_name', 'Amazon')])
2020-08-23 01:24:41,919 - Verifying the attached certificate is signed by the issuer. Valid Not After: 2023-06-11 20:44:21+00:00
2020-08-23 01:24:41,919 - hit cache for subject: OrderedDict([('country_name', 'US'), ('organization_name', 'Amazon'), ('common_name', 'Amazon Root CA 1')])
2020-08-23 01:24:41,921 - Verifying the attached certificate is signed by the issuer. Valid Not After: 2021-12-14 07:00:00+00:00
2020-08-23 01:24:41,921 - hit cache for subject: OrderedDict([('country_name', 'US'), ('state_or_province_name', 'Arizona'), ('locality_name', 'Scottsdale'), ('organization_name', 'Starfield Technologies, Inc.'), ('common_name', 'Starfield Services Root Certificate Authority - G2')])
2020-08-23 01:24:41,922 - hit cache for subject: OrderedDict([('common_name', '*.us-west-2.snowflakecomputing.com')])
2020-08-23 01:24:41,923 - using OCSP response cache
2020-08-23 01:24:41,923 - Certificate is NOT attached in Basic OCSP Response. Using issuer's certificate
2020-08-23 01:24:41,923 - Verifying the OCSP response is signed by the issuer.
2020-08-23 01:24:41,927 - Verifying the attached certificate is signed by the issuer. Valid Not After: 2023-06-11 20:40:26+00:00
2020-08-23 01:24:41,927 - hit cache for subject: OrderedDict([('country_name', 'US'), ('organization_name', 'Amazon'), ('organizational_unit_name', 'Server CA 1B'), ('common_name', 'Amazon')])
2020-08-23 01:24:41,928 - using OCSP response cache
2020-08-23 01:24:41,929 - Certificate is attached in Basic OCSP Response
2020-08-23 01:24:41,929 - Verifying the attached certificate is signed by the issuer
2020-08-23 01:24:41,929 - Valid Not After: 2023-06-11 20:40:26+00:00
2020-08-23 01:24:41,930 - Verifying the OCSP response is signed by the issuer.
2020-08-23 01:24:41,934 - Verifying the attached certificate is signed by the issuer. Valid Not After: 2023-06-11 20:44:21+00:00
2020-08-23 01:24:41,934 - hit cache for subject: OrderedDict([('country_name', 'US'), ('organization_name', 'Amazon'), ('common_name', 'Amazon Root CA 1')])
2020-08-23 01:24:41,935 - using OCSP response cache
2020-08-23 01:24:41,936 - Certificate is attached in Basic OCSP Response
2020-08-23 01:24:41,936 - Verifying the attached certificate is signed by the issuer
2020-08-23 01:24:41,936 - Valid Not After: 2023-06-11 20:44:21+00:00
2020-08-23 01:24:41,938 - Verifying the OCSP response is signed by the issuer.
2020-08-23 01:24:41,941 - Verifying the attached certificate is signed by the issuer. Valid Not After: 2021-12-14 07:00:00+00:00
2020-08-23 01:24:41,942 - hit cache for subject: OrderedDict([('country_name', 'US'), ('state_or_province_name', 'Arizona'), ('locality_name', 'Scottsdale'), ('organization_name', 'Starfield Technologies, Inc.'), ('common_name', 'Starfield Services Root Certificate Authority - G2')])
2020-08-23 01:24:41,943 - using OCSP response cache
2020-08-23 01:24:41,944 - Certificate is attached in Basic OCSP Response
2020-08-23 01:24:41,944 - Verifying the attached certificate is signed by the issuer
2020-08-23 01:24:41,944 - Valid Not After: 2021-12-14 07:00:00+00:00
2020-08-23 01:24:41,946 - Verifying the OCSP response is signed by the issuer.
2020-08-23 01:24:41,948 - writing OCSP response cache file
2020-08-23 01:24:41,948 - encoding OCSP response cache to JSON
2020-08-23 01:24:41,965 - ok
2020-08-23 01:24:42,374 - https://ringcentral.snowflakecomputing.com:443 "POST /session/v1/login-request?request_id=c624352e-5708-44ec-84f4-559c12234597&databaseName=RCUSERS&schemaName=DMITRYMITROFANOV&warehouse=RCUSERS_WH&request_guid=ac9f021a-437b-4646-91f7-9d4accbbe5b6 HTTP/1.1" 200 1405
2020-08-23 01:24:42,374 - SUCCESS
2020-08-23 01:24:42,374 - Active requests sessions: 0, idle: 1
2020-08-23 01:24:42,374 - ret[code] = None, after post request
2020-08-23 01:24:42,375 - completed authentication
2020-08-23 01:24:42,375 - token = ******
2020-08-23 01:24:42,375 - master_token = ******
2020-08-23 01:24:42,375 - id_token = NULL
2020-08-23 01:24:42,375 - no ID token is given when try to store temporary credential
2020-08-23 01:24:42,375 - cursor
2020-08-23 01:24:42,375 - merge into KAMALA_ACL t using (select parse_json('{"offset": 19500, "count": 50, "limit": 50, "statuses": [{"id": 1, "name": "scheduled"}, {"id": 2, "name": "sms_confirmation_sent"}, {"id": 3, "name": "cancelled_by_sms"}, {"id": 4, "name": "confirmed"}, {"id": 5, "name": "in_progress"}, {"id": 6, "name": "finished"}, {"id": 7, "name": "cancelled"}, {"id": 8, "name": "missed"}, {"id": 9, "name": "arrived"}], "fields": [{"id": "1", "name": "\u0418\u0441\u043f\u043e\u043b\u043d\u0438\u0442\u0435\u043b\u044c"}, {"id": "2", "name": "\u0421\u0441\u044b\u043b\u043a\u0430 \u043d\u0430 \u043a\u043b\u0438\u0435\u043d\u0442\u0430"}, {"id": "3", "name": "\u0410\u0439\u0434\u0438 \u0430\u043a\u043a\u0430\u0443\u043d\u0442\u0430"}], "orders": [{"id": 6607810, "name": "\u0410\u044d\u0440\u043e\u0439\u043e\u0433\u0430 (90 \u043c\u0438\u043d)", "account_id": 10765, "date_create": 1582872496, "status": 6, "price": "0", "client_id": 1122837, "roistat": "\u043f\u043e\u0441\u0442\u043e\u044f\u043d\u043d\u044b\u0439 \u043a\u043b\u0438\u0435\u043d\u0442", "executor": "\u0421\u043e\u0431\u0435\u043d\u043d\u0438\u043a\u043e\u0432\u0430 \u041e\u043a\u0441\u0430\u043d\u0430 \u042e\u0440\u044c\u0435\u0432\u043d\u0430", "is_sale": false, "appointment_id": 5833285, "fields": {"1": "\u0421\u043e\u0431\u0435\u043d\u043d\u0438\u043a\u043e\u0432\u0430 \u041e\u043a\u0441\u0430\u043d\u0430 \u042e\u0440\u044c\u0435\u0432\u043d\u0430", "2": "https://klientiks.ru/clientix/client/default/id/1122837", "3": 10765}}, {"id": 6607812, "name": "\u0410\u044d\u0440\u043e\u0439\u043e\u0433\u0430 (90 \u043c\u0438\u043d)", "account_id": 10765, "date_create": 1582872499, "status": 6, "price": "0", "client_id": 2877520, "roistat": "\u0438\u043d\u0442\u0435\u0440\u043d\u0435\u0442", "executor": "\u0421\u043e\u0431\u0435\u043d\u043d\u0438\u043a\u043e\u0432\u0430 \u041e\u043a\u0441\u0430\u043d\u0430 \u042e\u0440\u044c\u0435\u0432\u043d\u0430", "is_sale": false, "appointment_id": 5833285, "fields": {"1": "\u0421\u043e\u0431\u0435\u043d\u043d\u0438\u043a\u043e\u0432\u0430 \u041e\u043a\u0441\u0430\u043d\u0430 \u042e\u0440\u044c\u0435\u0432\u043d\u0430", "2": "https://klientiks.ru/clientix/client/default/id/2877520", "3": 10765}}, {"id": 6608043, "name": "\u0410\u044e\u0440\u0432\u0435\u0434\u0430 \u043a\u043e\u043d\u0441\u0443\u043b\u044c\u0442\u0430\u0446\u0438\u044f \u0432\u0440\u0430\u0447\u0430 (60 \u043c\u0438\u043d)", "account_id": 10765, "date_create": 1582873655, "status": 6, "price": "3500", "client_id": 3319006, "roistat": "\u0412\u0445\u043e\u0434\u044f\u0449\u0438\u0439 \u0437\u0432\u043e\u043d\u043e\u043a", "executor": "\u041f\u0440\u0430\u0432\u0438\u043d \u0421\u0443\u0440\u0435\u043d\u0434\u0440\u0430\u043d\u043f\u0438\u043b\u0430\u0439 \u0412\u0430\u0441\u0430\u043d\u0442\u0430\u043a\u0443\u043c\u0430\u0440\u0438", "is_sale": false, "appointment_id": 5851965, "fields": {"1": "\u041f\u0440\u0430\u0432\u0438\u043d \u0421\u0443\u0440\u0435\u043d\u0434\u0440\u0430\u043d\u043f\u0438\u043b\u0430\u0439 \u0412\u0430\u0441\u0430\u043d\u0442\u0430\u043a\u0443\u043c\u0430\u0440\u0438", "2": "https://klientiks.ru/clientix/client/default/id/3319006", "3": 10765}}, {"id": 6609060, "name": "\u0420\u043e\u0437\u043e\u0432\u044f_\u0432\u043e\u0434\u0430_Khadi", "account_id": 10765, "date_create": 1582877952, "status": 6, "price": "400", "client_id": 1108070, "roistat": "\u0438\u043d\u0442\u0435\u0440\u043d\u0435\u0442", "executor": "\u0410\u0445\u043c\u0435\u0434\u043e\u0432\u0430 \u0422\u0430\u0442\u044c\u044f\u043d\u0430 \u041b\u0435\u043e\u043d\u0438\u0434\u043e\u0432\u043d\u0430", "is_sale": true, "appointment_id": 5852875, "fields": {"1": "\u0410\u0445\u043c\u0435\u0434\u043e\u0432\u0430 \u0422\u0430\u0442\u044c\u044f\u043d\u0430 \u041b\u0435\u043e\u043d\u0438\u0434\u043e\u0432\u043d\u0430", "2": "https://klientiks.ru/clientix/client/default/id/1108070", "3": 10765}}, {"id": 6609134, "name": "\u0420\u043e\u0437\u043e\u0432\u044f_\u0432\u043e\u0434\u0430_Khadi", "account_id": 10765, "date_create": 1582878286, "status": 6, "price": "400", "client_id": 1297843, "roistat": "\u0440\u044f\u0434\u043e\u043c \u0436\u0438\u0432\u0435\u0442", "executor": "\u0410\u0445\u043c\u0435\u0434\u043e\u0432\u0430 \u0422\u0430\u0442\u044c\u044f\u043d\u0430 \u041b\u0435\u043e\u043d\u0438\u0434\u043e\u0432\u043d\u0430", "is_sale": true, "appointment_id": 5852970, "fields": {"1": "\u0410\u0445\u043c\u0435\u0434\u043e\u0432\u0430 \u0422\u0430\u0442\u044c\u044f\u043d\u0430 \u041b\u0435\u043e\u043d\u0438\u0434\u043e\u0432\u043d\u0430", "2": "https://klientiks.ru/clientix/client/default/id/1297843", "3": 10765}}, {"id": 6609341, "name": "Chyawanaprasham_Nagarjuna 500g", "account_id": 10765, "date_create": 1582879137, "status": 6, "price": "700", "client_id": 3215797, "roistat": "\u0438\u043d\u0442\u0435\u0440\u043d\u0435\u0442", "executor": "\u0410\u0445\u043c\u0435\u0434\u043e\u0432\u0430 \u0422\u0430\u0442\u044c\u044f\u043d\u0430 \u041b\u0435\u043e\u043d\u0438\u0434\u043e\u0432\u043d\u0430", "is_sale": true, "appointment_id": 5853140, "fields": {"1": "\u0410\u0445\u043c\u0435\u0434\u043e\u0432\u0430 \u0422\u0430\u0442\u044c\u044f\u043d\u0430 \u041b\u0435\u043e\u043d\u0438\u0434\u043e\u0432\u043d\u0430", "2": "https://klientiks.ru/clientix/client/default/id/3215797", "3": 10765}}, {"id": 6609378, "name": "Chyawanaprasham_Nagarjuna 500g", "account_id": 10765, "date_create": 1582879329, "status": 6, "price": "700", "client_id": 3014911, "roistat": "\u043e\u0442 \u0437\u043d\u0430\u043a\u043e\u043c\u044b\u0445", "executor": "\u0410\u0445\u043c\u0435\u0434\u043e\u0432\u0430 \u0422\u0430\u0442\u044c\u044f\u043d\u0430 \u041b\u0435\u043e\u043d\u0438\u0434\u043e\u0432\u043d\u0430", "is_sale": true, "appointment_id": 5853176, "fields": {"1": "\u0410\u0445\u043c\u0435\u0434\u043e\u0432\u0430 \u0422\u0430\u0442\u044c\u044f\u043d\u0430 \u041b\u0435\u043e\u043d\u0438\u0434\u043e\u0432\u043d\u0430", "2": "https://klientiks.ru/clientix/client/default/id/3014911", "3": 10765}}, {"id": 6609424, "name": "Itone_eye_drop_\u043a\u0430\u043f\u043b\u0438,Itone_eye_drop_\u043a\u0430\u043f\u043b\u0438,Chyawanaprasham_Nagarjuna 500g,Chyawanaprasham_Nagarjuna 500g", "account_id": 10765, "date_create": 1582879528, "status": 6, "price": "980", "client_id": 3058502, "roistat": "\u043e\u0442 \u0437\u043d\u0430\u043a\u043e\u043c\u044b\u0445", "executor": "\u0410\u0445\u043c\u0435\u0434\u043e\u0432\u0430 \u0422\u0430\u0442\u044c\u044f\u043d\u0430 \u041b\u0435\u043e\u043d\u0438\u0434\u043e\u0432\u043d\u0430", "is_sale": true, "appointment_id": 5853219, "fields": {"1": "\u0410\u0445\u043c\u0435\u0434\u043e\u0432\u0430 \u0422\u0430\u0442\u044c\u044f\u043d\u0430 \u041b\u0435\u043e\u043d\u0438\u0434\u043e\u0432\u043d\u0430", "2": "https://klientiks.ru/clientix/client/default/id/3058502", "3": 10765}}, {"id": 6609494, "name": "\u0410\u044d\u0440\u043e\u0439\u043e\u0433\u0430 (90 \u043c\u0438\u043d)", "account_id": 10765, "date_create": 1582879922, "status": 6, "price": "0", "client_id": 3144287, "roistat": "\u0438\u043d\u0442\u0435\u0440\u043d\u0435\u0442", "executor": "\u0421\u043e\u0431\u0435\u043d\u043d\u0438\u043a\u043e\u0432\u0430 \u041e\u043a\u0441\u0430\u043d\u0430 \u042e\u0440\u044c\u0435\u0432\u043d\u0430", "is_sale": false, "appointment_id": 5833242, "fields": {"1": "\u0421\u043e\u0431\u0435\u043d\u043d\u0438\u043a\u043e\u0432\u0430 \u041e\u043a\u0441\u0430\u043d\u0430 \u042e\u0440\u044c\u0435\u0432\u043d\u0430", "2": "https://klientiks.ru/clientix/client/default/id/3144287", "3": 10765}}, {"id": 6609665, "name": "\u0410\u044d\u0440\u043e\u0439\u043e\u0433\u0430 (90 \u043c\u0438\u043d)", "account_id": 10765, "date_create": 1582880922, "status": 6, "price": "0", "client_id": 1108070, "roistat": "\u0438\u043d\u0442\u0435\u0440\u043d\u0435\u0442", "executor": "\u0421\u043e\u0431\u0435\u043d\u043d\u0438\u043a\u043e\u0432\u0430 \u041e\u043a\u0441\u0430\u043d\u0430 \u042e\u0440\u044c\u0435\u0432\u043d\u0430", "is_sale": false, "appointment_id": 5833243, "fields": {"1": "\u0421\u043e\u0431\u0435\u043d\u043d\u0438\u043a\u043e\u0432\u0430 \u041e\u043a\u0441\u0430\u043d\u0430 \u042e\u0440\u044c\u0435\u0432\u043d\u0430", "2": "https://klientiks.ru/clientix/client/default/id/1108070", "3": 10765}}, {"id": 6609667, "name": "\u0410\u044d\u0440\u043e\u0439\u043e\u0433\u0430 (90 \u043c\u0438\u043d)", "account_id": 10765, "date_create": 1582880934, "status": 6, "price": "0", "client_id": 3014911, "roistat": "\u043e\u0442 \u0437\u043d\u0430\u043a\u043e\u043c\u044b\u0445", "executor": "\u0421\u043e\u0431\u0435\u043d\u043d\u0438\u043a\u043e\u0432\u0430 \u041e\u043a\u0441\u0430\u043d\u0430 \u042e\u0440\u044c\u0435\u0432\u043d\u0430", "is_sale": false, "appointment_id": 5833243, "fields": {"1": "\u0421\u043e\u0431\u0435\u043d\u043d\u0438\u043a\u043e\u0432\u0430 \u041e\u043a\u0441\u0430\u043d\u0430 \u042e\u0440\u044c\u0435\u0432\u043d\u0430", "2": "https://klientiks.ru/clientix/client/default/id/3014911", "3": 10765}}, {"id": 6609779, "name": "Drakshadi_kashayam_200ml", "account_id": 10765, "date_create": 1582881396, "status": 6, "price": "850", "client_id": 3188843, "roistat": "\u0438\u043d\u0442\u0435\u0440\u043d\u0435\u0442", "executor": "\u0410\u0445\u043c\u0435\u0434\u043e\u0432\u0430 \u0422\u0430\u0442\u044c\u044f\u043d\u0430 \u041b\u0435\u043e\u043d\u0438\u0434\u043e\u0432\u043d\u0430", "is_sale": true, "appointment_id": 5853564, "fields": {"1": "\u0410\u0445\u043c\u0435\u0434\u043e\u0432\u0430 \u0422\u0430\u0442\u044c\u044f\u043d\u0430 \u041b\u0435\u043e\u043d\u0438\u0434\u043e\u0432\u043d\u0430", "2": "https://klientiks.ru/clientix/client/default/id/3188843", "3": 10765}}, {"id": 6609863, "name": "\u0428\u0438\u0440\u043e\u0434\u0445\u0430\u0440\u0430 (60 \u043c\u0438\u043d. \u0441\u0442\u0440\u0443\u044f\u0449\u0435\u0435\u0441\u044f \u043c\u0430\u0441\u043b\u043e \u043d\u0430 \u043b\u043e\u0431),\u0423\u043c\u0430\u0441\u043b\u0438\u0432\u0430\u043d\u0438\u0435  (30 \u043c\u0438\u043d.),\u0428\u0438\u0440\u043e\u0434\u0445\u0430\u0440\u0430 (60 \u043c\u0438\u043d. \u0441\u0442\u0440\u0443\u044f\u0449\u0435\u0435\u0441\u044f \u043c\u0430\u0441\u043b\u043e \u043d\u0430 \u043b\u043e\u0431),\u0423\u043c\u0430\u0441\u043b\u0438\u0432\u0430\u043d\u0438\u0435  (30 \u043c\u0438\u043d.)", "account_id": 10765, "date_create": 1582881858, "status": 6, "price": "0", "client_id": 3058502, "roistat": "\u043e\u0442 \u0437\u043d\u0430\u043a\u043e\u043c\u044b\u0445", "executor": "\u0424\u0438\u043b\u0438\u043f \u0412\u0438\u043c\u0430\u043b\u0430 \u0412\u0438\u043f\u0438\u043d", "is_sale": false, "appointment_id": 5853640, "fields": {"1": "\u0424\u0438\u043b\u0438\u043f \u0412\u0438\u043c\u0430\u043b\u0430 \u0412\u0438\u043f\u0438\u043d", "2": "https://klientiks.ru/clientix/client/default/id/3058502", "3": 10765}}, {"id": 6610697, "name": "\u0410\u044e\u0440\u0432\u0435\u0434\u0430 \u043a\u043e\u043d\u0441\u0443\u043b\u044c\u0442\u0430\u0446\u0438\u044f \u0432\u0440\u0430\u0447\u0430 (60 \u043c\u0438\u043d)", "account_id": 10765, "date_create": 1582886384, "status": 7, "price": null, "client_id": 3321057, "roistat": "\u0432\u043a", "executor": "\u041f\u0440\u0430\u0432\u0438\u043d \u0421\u0443\u0440\u0435\u043d\u0434\u0440\u0430\u043d\u043f\u0438\u043b\u0430\u0439 \u0412\u0430\u0441\u0430\u043d\u0442\u0430\u043a\u0443\u043c\u0430\u0440\u0438", "is_sale": false, "appointment_id": 5854476, "fields": {"1": "\u041f\u0440\u0430\u0432\u0438\u043d \u0421\u0443\u0440\u0435\u043d\u0434\u0440\u0430\u043d\u043f\u0438\u043b\u0430\u0439 \u0412\u0430\u0441\u0430\u043d\u0442\u0430\u043a\u0443\u043c\u0430\u0440\u0438", "2": "https://klientiks.ru/clientix/client/default/id/3321057", "3": 10765}}, {"id": 6611326, "name": "\u0410\u044e\u0440\u0432\u0435\u0434\u0430 \u043f\u043e\u0432\u0442\u043e\u0440\u043d\u0430\u044f \u043a\u043e\u043d\u0441\u0443\u043b\u044c\u0442\u0430\u0446\u0438\u044f \u0434\u043e\u043a\u0442\u043e\u0440\u0430 \u0412\u0430\u0440\u0443\u043d (30 \u043c\u0438\u043d.)", "account_id": 10765, "date_create": 1582889618, "status": 6, "price": "2000", "client_id": 2542180, "roistat": "\u043e\u0442 \u0437\u043d\u0430\u043a\u043e\u043c\u044b\u0445", "executor": "\u0412\u0430\u0440\u0443\u043d", "is_sale": false, "appointment_id": 5855067, "fields": {"1": "\u0412\u0430\u0440\u0443\u043d", "2": "https://klientiks.ru/clientix/client/default/id/2542180", "3": 10765}}, {"id": 6611774, "name": "\u0410\u044d\u0440\u043e\u0439\u043e\u0433\u0430 (90 \u043c\u0438\u043d)", "account_id": 10765, "date_create": 1582891766, "status": 6, "price": "0", "client_id": 1122031, "roistat": "\u0441\u043e\u0442\u0440\u0443\u0434\u043d\u0438\u043a", "executor": "\u0421\u043e\u0431\u0435\u043d\u043d\u0438\u043a\u043e\u0432\u0430 \u041e\u043a\u0441\u0430\u043d\u0430 \u042e\u0440\u044c\u0435\u0432\u043d\u0430", "is_sale": false, "appointment_id": 5543994, "fields": {"1": "\u0421\u043e\u0431\u0435\u043d\u043d\u0438\u043a\u043e\u0432\u0430 \u041e\u043a\u0441\u0430\u043d\u0430 \u042e\u0440\u044c\u0435\u0432\u043d\u0430", "2": "https://klientiks.ru/clientix/client/default/id/1122031", "3": 10765}}, {"id": 6611781, "name": "\u0410\u044d\u0440\u043e\u0439\u043e\u0433\u0430 (90 \u043c\u0438\u043d)", "account_id": 10765, "date_create": 1582891793, "status": 6, "price": "0", "client_id": 1109904, "roistat": "\u0441\u043e\u0442\u0440\u0443\u0434\u043d\u0438\u043a", "executor": "\u0421\u043e\u0431\u0435\u043d\u043d\u0438\u043a\u043e\u0432\u0430 \u041e\u043a\u0441\u0430\u043d\u0430 \u042e\u0440\u044c\u0435\u0432\u043d\u0430", "is_sale": false, "appointment_id": 5833284, "fields": {"1": "\u0421\u043e\u0431\u0435\u043d\u043d\u0438\u043a\u043e\u0432\u0430 \u041e\u043a\u0441\u0430\u043d\u0430 \u042e\u0440\u044c\u0435\u0432\u043d\u0430", "2": "https://klientiks.ru/clientix/client/default/id/1109904", "3": 10765}}, {"id": 6612051, "name": "\u0410\u044e\u0440\u0432\u0435\u0434\u0430 \u043f\u043e\u0432\u0442\u043e\u0440\u043d\u0430\u044f \u043a\u043e\u043d\u0441\u0443\u043b\u044c\u0442\u0430\u0446\u0438\u044f \u0432\u0440\u0430\u0447\u0430 \u0432 \u043d\u0430\u0437\u043d\u0430\u0447\u0435\u043d\u043d\u044b\u0439 \u0441\u0440\u043e\u043a (30 \u043c\u0438\u043d)", "account_id": 10765, "date_create": 1582893369, "status": 6, "price": "2000", "client_id": 1122769, "roistat": "\u0412\u0445\u043e\u0434\u044f\u0449\u0438\u0439 \u0437\u0432\u043e\u043d\u043e\u043a", "executor": "\u041f\u0440\u0430\u0432\u0438\u043d \u0421\u0443\u0440\u0435\u043d\u0434\u0440\u0430\u043d\u043f\u0438\u043b\u0430\u0439 \u0412\u0430\u0441\u0430\u043d\u0442\u0430\u043a\u0443\u043c\u0430\u0440\u0438", "is_sale": false, "appointment_id": 5855752, "fields": {"1": "\u041f\u0440\u0430\u0432\u0438\u043d \u0421\u0443\u0440\u0435\u043d\u0434\u0440\u0430\u043d\u043f\u0438\u043b\u0430\u0439 \u0412\u0430\u0441\u0430\u043d\u0442\u0430\u043a\u0443\u043c\u0430\u0440\u0438", "2": "https://klientiks.ru/clientix/client/default/id/1122769", "3": 10765}}, {"id": 6612512, "name": "\u0410\u044e\u0440\u0432\u0435\u0434\u0430 \u043f\u043e\u0432\u0442\u043e\u0440\u043d\u0430\u044f  \u043a\u043e\u043d\u0441\u0443\u043b\u044c\u0442\u0430\u0446\u0438\u044f \u0432\u0440\u0430\u0447\u0430 (30 \u043c\u0438\u043d)", "account_id": 10765, "date_create": 1582895755, "status": 7, "price": null, "client_id": 2758536, "roistat": "\u043e\u0442 \u0437\u043d\u0430\u043a\u043e\u043c\u044b\u0445", "executor": "\u041f\u0440\u0430\u0432\u0438\u043d \u0421\u0443\u0440\u0435\u043d\u0434\u0440\u0430\u043d\u043f\u0438\u043b\u0430\u0439 \u0412\u0430\u0441\u0430\u043d\u0442\u0430\u043a\u0443\u043c\u0430\u0440\u0438", "is_sale": false, "appointment_id": 5856150, "fields": {"1": "\u041f\u0440\u0430\u0432\u0438\u043d \u0421\u0443\u0440\u0435\u043d\u0434\u0440\u0430\u043d\u043f\u0438\u043b\u0430\u0439 \u0412\u0430\u0441\u0430\u043d\u0442\u0430\u043a\u0443\u043c\u0430\u0440\u0438", "2": "https://klientiks.ru/clientix/client/default/id/2758536", "3": 10765}}, {"id": 6613111, "name": "Sukumara_Kashayam_200 ml", "account_id": 10765, "date_create": 1582899890, "status": 6, "price": "800", "client_id": 3258794, "roistat": "\u0412\u0445\u043e\u0434\u044f\u0449\u0438\u0439 \u0437\u0432\u043e\u043d\u043e\u043a", "executor": "\u0410\u0445\u043c\u0435\u0434\u043e\u0432\u0430 \u0422\u0430\u0442\u044c\u044f\u043d\u0430 \u041b\u0435\u043e\u043d\u0438\u0434\u043e\u0432\u043d\u0430", "is_sale": true, "appointment_id": 5856720, "fields": {"1": "\u0410\u0445\u043c\u0435\u0434\u043e\u0432\u0430 \u0422\u0430\u0442\u044c\u044f\u043d\u0430 \u041b\u0435\u043e\u043d\u0438\u0434\u043e\u0432\u043d\u0430", "2": "https://klientiks.ru/clientix/client/default/id/3258794", "3": 10765}}, {"id": 6613142, "name": "\u0410\u044d\u0440\u043e\u0439\u043e\u0433\u0430 (90 \u043c\u0438\u043d)", "account_id": 10765, "date_create": 1582900096, "status": 6, "price": "800", "client_id": 3244018, "roistat": "\u0438\u043d\u0442\u0435\u0440\u043d\u0435\u0442", "executor": "\u0412\u043b\u0430\u0441\u043e\u0432\u0430 \u0415\u043b\u0435\u043d\u0430 \u0421\u0435\u0440\u0433\u0435\u0435\u0432\u043d\u0430", "is_sale": false, "appointment_id": 5762040, "fields": {"1": "\u0412\u043b\u0430\u0441\u043e\u0432\u0430 \u0415\u043b\u0435\u043d\u0430 \u0421\u0435\u0440\u0433\u0435\u0435\u0432\u043d\u0430", "2": "https://klientiks.ru/clientix/client/default/id/3244018", "3": 10765}}, {"id": 6613439, "name": "\u041a\u0430\u0440\u0434\u043e\u043c\u043e\u043d_\u0437\u0435\u043b\u0435\u043d\u044b\u0439,\u0428\u0430\u043c\u043f\u0443\u043d\u044c_Trichup,Brahmarasayanam_200ml,\u041a\u0430\u0440\u0434\u043e\u043c\u043e\u043d_\u0437\u0435\u043b\u0435\u043d\u044b\u0439,\u0428\u0430\u043c\u043f\u0443\u043d\u044c_Trichup,Brahmarasayanam_200ml,\u041a\u0430\u0440\u0434\u043e\u043c\u043e\u043d_\u0437\u0435\u043b\u0435\u043d\u044b\u0439,\u0428\u0430\u043c\u043f\u0443\u043d\u044c_Trichup,Brahmarasayanam_200ml", "account_id": 10765, "date_create": 1582901878, "status": 6, "price": "1250", "client_id": 3276868, "roistat": "\u0412\u0445\u043e\u0434\u044f\u0449\u0438\u0439 \u0437\u0432\u043e\u043d\u043e\u043a", "executor": "\u0410\u0445\u043c\u0435\u0434\u043e\u0432\u0430 \u0422\u0430\u0442\u044c\u044f\u043d\u0430 \u041b\u0435\u043e\u043d\u0438\u0434\u043e\u0432\u043d\u0430", "is_sale": true, "appointment_id": 5857007, "fields": {"1": "\u0410\u0445\u043c\u0435\u0434\u043e\u0432\u0430 \u0422\u0430\u0442\u044c\u044f\u043d\u0430 \u041b\u0435\u043e\u043d\u0438\u0434\u043e\u0432\u043d\u0430", "2": "https://klientiks.ru/clientix/client/default/id/3276868", "3": 10765}}, {"id": 6613600, "name": "Arjunarishtam_450ml", "account_id": 10765, "date_create": 1582902783, "status": 6, "price": "835", "client_id": 2623071, "roistat": "\u0441\u043e\u0442\u0440\u0443\u0434\u043d\u0438\u043a", "executor": "\u0410\u0445\u043c\u0435\u0434\u043e\u0432\u0430 \u0422\u0430\u0442\u044c\u044f\u043d\u0430 \u041b\u0435\u043e\u043d\u0438\u0434\u043e\u0432\u043d\u0430", "is_sale": true, "appointment_id": 5857122, "fields": {"1": "\u0410\u0445\u043c\u0435\u0434\u043e\u0432\u0430 \u0422\u0430\u0442\u044c\u044f\u043d\u0430 \u041b\u0435\u043e\u043d\u0438\u0434\u043e\u0432\u043d\u0430", "2": "https://klientiks.ru/clientix/client/default/id/2623071", "3": 10765}}, {"id": 6614597, "name": "\u0410\u044e\u0440\u0432\u0435\u0434\u0430 \u043f\u043e\u0432\u0442\u043e\u0440\u043d\u0430\u044f \u043a\u043e\u043d\u0441\u0443\u043b\u044c\u0442\u0430\u0446\u0438\u044f \u0432\u0440\u0430\u0447\u0430 \u0432 \u043d\u0430\u0437\u043d\u0430\u0447\u0435\u043d\u043d\u044b\u0439 \u0441\u0440\u043e\u043a (30 \u043c\u0438\u043d)", "account_id": 10765, "date_create": 1582905636, "status": 6, "price": "2000", "client_id": 1383790, "roistat": "\u0421\u043e\u0432\u0435\u0442 \u0414\u0440\u0443\u0437\u0435\u0439", "executor": "\u041f\u0440\u0430\u0432\u0438\u043d \u0421\u0443\u0440\u0435\u043d\u0434\u0440\u0430\u043d\u043f\u0438\u043b\u0430\u0439 \u0412\u0430\u0441\u0430\u043d\u0442\u0430\u043a\u0443\u043c\u0430\u0440\u0438", "is_sale": false, "appointment_id": 5857428, "fields": {"1": "\u041f\u0440\u0430\u0432\u0438\u043d \u0421\u0443\u0440\u0435\u043d\u0434\u0440\u0430\u043d\u043f\u0438\u043b\u0430\u0439 \u0412\u0430\u0441\u0430\u043d\u0442\u0430\u043a\u0443\u043c\u0430\u0440\u0438", "2": "https://klientiks.ru/clientix/client/default/id/1383790", "3": 10765}}, {"id": 6614744, "name": "\u041a\u0430\u043b\u0430\u0440\u0438 \u043c\u0430\u0441\u0441\u0430\u0436 (60 \u043c\u0438\u043d. \u043d\u043e\u0436\u043d\u043e\u0439 \u043c\u0430\u0441\u043b\u044f\u043d\u044b\u0439 \u043c\u0430\u0441\u0441\u0430\u0436)", "account_id": 10765, "date_create": 1582906765, "status": 6, "price": "0", "client_id": 2936299, "roistat": "\u0412\u0445\u043e\u0434\u044f\u0449\u0438\u0439 \u0437\u0432\u043e\u043d\u043e\u043a,\u043e\u0442 \u0437\u043d\u0430\u043a\u043e\u043c\u044b\u0445", "executor": "\u0424\u0438\u043b\u0438\u043f \u0412\u0438\u043c\u0430\u043b\u0430 \u0412\u0438\u043f\u0438\u043d", "is_sale": false, "appointment_id": 5857568, "fields": {"1": "\u0424\u0438\u043b\u0438\u043f \u0412\u0438\u043c\u0430\u043b\u0430 \u0412\u0438\u043f\u0438\u043d", "2": "https://klientiks.ru/clientix/client/default/id/2936299", "3": 10765}}, {"id": 6614748, "name": "\u0410\u0431\u0445\u044a\u044f\u043d\u0433\u0430 \u043c\u0430\u0441\u0441\u0430\u0436 (60 \u043c\u0438\u043d. \u0440\u0443\u0447\u043d\u043e\u0439 \u043c\u0430\u0441\u043b\u044f\u043d\u044b\u0439 \u043c\u0430\u0441\u0441\u0430\u0436 \u0432 2 \u0440\u0443\u043a\u0438)", "account_id": 10765, "date_create": 1582906812, "status": 6, "price": "0", "client_id": 2936299, "roistat": "\u0412\u0445\u043e\u0434\u044f\u0449\u0438\u0439 \u0437\u0432\u043e\u043d\u043e\u043a,\u043e\u0442 \u0437\u043d\u0430\u043a\u043e\u043c\u044b\u0445", "executor": "\u041d\u0438\u0431\u0438\u043d \u041a\u043e\u0434\u0430\u0442 \u0414\u0438\u043d\u0435\u0441\u0430\u043d", "is_sale": false, "appointment_id": 5857573, "fields": {"1": "\u041d\u0438\u0431\u0438\u043d \u041a\u043e\u0434\u0430\u0442 \u0414\u0438\u043d\u0435\u0441\u0430\u043d", "2": "https://klientiks.ru/clientix/client/default/id/2936299", "3": 10765}}, {"id": 6614839, "name": "\u0423\u043c\u0430\u0441\u043b\u0438\u0432\u0430\u043d\u0438\u0435  (30 \u043c\u0438\u043d.)", "account_id": 10765, "date_create": 1582907560, "status": 6, "price": "1440", "client_id": 1123631, "roistat": "\u043f\u043e\u0441\u0442\u043e\u044f\u043d\u043d\u044b\u0439 \u043a\u043b\u0438\u0435\u043d\u0442", "executor": "\u0428\u0440\u0438\u0442\u0430", "is_sale": false, "appointment_id": 5857654, "fields": {"1": "\u0428\u0440\u0438\u0442\u0430", "2": "https://klientiks.ru/clientix/client/default/id/1123631", "3": 10765}}, {"id": 6614872, "name": "\u0423\u043c\u0430\u0441\u043b\u0438\u0432\u0430\u043d\u0438\u0435  (30 \u043c\u0438\u043d.)", "account_id": 10765, "date_create": 1582908126, "status": 6, "price": "1440", "client_id": 1123631, "roistat": "\u043f\u043e\u0441\u0442\u043e\u044f\u043d\u043d\u044b\u0439 \u043a\u043b\u0438\u0435\u043d\u0442", "executor": "\u0428\u0440\u0438\u0442\u0430", "is_sale": false, "appointment_id": 5857693, "fields": {"1": "\u0428\u0440\u0438\u0442\u0430", "2": "https://klientiks.ru/clientix/client/default/id/1123631", "3": 10765}}, {"id": 6614880, "name": "Koflet_1_\u043a\u043e\u043d\u0444\u0435\u0442\u0430", "account_id": 10765, "date_create": 1582908200, "status": 6, "price": "150", "client_id": 1123631, "roistat": "\u043f\u043e\u0441\u0442\u043e\u044f\u043d\u043d\u044b\u0439 \u043a\u043b\u0438\u0435\u043d\u0442", "executor": "\u0410\u0445\u043c\u0435\u0434\u043e\u0432\u0430 \u0422\u0430\u0442\u044c\u044f\u043d\u0430 \u041b\u0435\u043e\u043d\u0438\u0434\u043e\u0432\u043d\u0430", "is_sale": true, "appointment_id": 5857701, "fields": {"1": "\u0410\u0445\u043c\u0435\u0434\u043e\u0432\u0430 \u0422\u0430\u0442\u044c\u044f\u043d\u0430 \u041b\u0435\u043e\u043d\u0438\u0434\u043e\u0432\u043d\u0430", "2": "https://klientiks.ru/clientix/client/default/id/1123631", "3": 10765}}, {"id": 6614887, "name": "\u041a\u0430\u043b\u0430\u0440\u0438 \u043c\u0430\u0441\u0441\u0430\u0436 (60 \u043c\u0438\u043d. \u043d\u043e\u0436\u043d\u043e\u0439 \u043c\u0430\u0441\u043b\u044f\u043d\u044b\u0439 \u043c\u0430\u0441\u0441\u0430\u0436)", "account_id": 10765, "date_create": 1582908326, "status": 6, "price": "0", "client_id": 2936299, "roistat": "\u0412\u0445\u043e\u0434\u044f\u0449\u0438\u0439 \u0437\u0432\u043e\u043d\u043e\u043a,\u043e\u0442 \u0437\u043d\u0430\u043a\u043e\u043c\u044b\u0445", "executor": "\u0424\u0438\u043b\u0438\u043f \u0412\u0438\u043c\u0430\u043b\u0430 \u0412\u0438\u043f\u0438\u043d", "is_sale": false, "appointment_id": 5857708, "fields": {"1": "\u0424\u0438\u043b\u0438\u043f \u0412\u0438\u043c\u0430\u043b\u0430 \u0412\u0438\u043f\u0438\u043d", "2": "https://klientiks.ru/clientix/client/default/id/2936299", "3": 10765}}, {"id": 6614892, "name": "\u041a\u0430\u043b\u0430\u0440\u0438 \u043c\u0430\u0441\u0441\u0430\u0436 (60 \u043c\u0438\u043d. \u043d\u043e\u0436\u043d\u043e\u0439 \u043c\u0430\u0441\u043b\u044f\u043d\u044b\u0439 \u043c\u0430\u0441\u0441\u0430\u0436)", "account_id": 10765, "date_create": 1582908371, "status": 7, "price": null, "client_id": 2936299, "roistat": "\u0412\u0445\u043e\u0434\u044f\u0449\u0438\u0439 \u0437\u0432\u043e\u043d\u043e\u043a,\u043e\u0442 \u0437\u043d\u0430\u043a\u043e\u043c\u044b\u0445", "executor": "\u0424\u0438\u043b\u0438\u043f \u0412\u0438\u043c\u0430\u043b\u0430 \u0412\u0438\u043f\u0438\u043d", "is_sale": false, "appointment_id": 5857714, "fields": {"1": "\u0424\u0438\u043b\u0438\u043f \u0412\u0438\u043c\u0430\u043b\u0430 \u0412\u0438\u043f\u0438\u043d", "2": "https://klientiks.ru/clientix/client/default/id/2936299", "3": 10765}}, {"id": 6616355, "name": "\u0410\u0431\u0445\u044a\u044f\u043d\u0433\u0430 \u043c\u0430\u0441\u0441\u0430\u0436 (60 \u043c\u0438\u043d. \u0440\u0443\u0447\u043d\u043e\u0439 \u043c\u0430\u0441\u043b\u044f\u043d\u044b\u0439 \u043c\u0430\u0441\u0441\u0430\u0436 \u0432 2 \u0440\u0443\u043a\u0438),\u041c\u0443\u043a\u0445\u0430\u0431\u0445\u044a\u044f\u043d\u0433\u0430 (30 \u043c\u0438\u043d. \u043c\u0430\u0441\u0441\u0430\u0436 \u043b\u0438\u0446\u0430),\u0410\u0431\u0445\u044a\u044f\u043d\u0433\u0430 \u043c\u0430\u0441\u0441\u0430\u0436 (60 \u043c\u0438\u043d. \u0440\u0443\u0447\u043d\u043e\u0439 \u043c\u0430\u0441\u043b\u044f\u043d\u044b\u0439 \u043c\u0430\u0441\u0441\u0430\u0436 \u0432 2 \u0440\u0443\u043a\u0438),\u041c\u0443\u043a\u0445\u0430\u0431\u0445\u044a\u044f\u043d\u0433\u0430 (30 \u043c\u0438\u043d. \u043c\u0430\u0441\u0441\u0430\u0436 \u043b\u0438\u0446\u0430)", "account_id": 10765, "date_create": 1582958255, "status": 6, "price": "4400", "client_id": 2942716, "roistat": "\u0412\u0445\u043e\u0434\u044f\u0449\u0438\u0439 \u0437\u0432\u043e\u043d\u043e\u043a", "executor": "\u0428\u0440\u0438\u0442\u0430", "is_sale": false, "appointment_id": 5858940, "fields": {"1": "\u0428\u0440\u0438\u0442\u0430", "2": "https://klientiks.ru/clientix/client/default/id/2942716", "3": 10765}}, {"id": 6616633, "name": "\u0410\u044e\u0440\u0432\u0435\u0434\u0430 \u043a\u043e\u043d\u0441\u0443\u043b\u044c\u0442\u0430\u0446\u0438\u044f \u0432\u0440\u0430\u0447\u0430 (60 \u043c\u0438\u043d)", "account_id": 10765, "date_create": 1582960279, "status": 7, "price": null, "client_id": 3332399, "roistat": "\u0412\u0445\u043e\u0434\u044f\u0449\u0438\u0439 \u0437\u0432\u043e\u043d\u043e\u043a,\u0418\u043d\u0442\u0435\u0440\u043d\u0435\u0442", "executor": "\u041f\u0440\u0430\u0432\u0438\u043d \u0421\u0443\u0440\u0435\u043d\u0434\u0440\u0430\u043d\u043f\u0438\u043b\u0430\u0439 \u0412\u0430\u0441\u0430\u043d\u0442\u0430\u043a\u0443\u043c\u0430\u0440\u0438", "is_sale": false, "appointment_id": 5859207, "fields": {"1": "\u041f\u0440\u0430\u0432\u0438\u043d \u0421\u0443\u0440\u0435\u043d\u0434\u0440\u0430\u043d\u043f\u0438\u043b\u0430\u0439 \u0412\u0430\u0441\u0430\u043d\u0442\u0430\u043a\u0443\u043c\u0430\u0440\u0438", "2": "https://klientiks.ru/clientix/client/default/id/3332399", "3": 10765}}, {"id": 6617138, "name": "Tiktaka_Kwatham_100tab", "account_id": 10765, "date_create": 1582962755, "status": 6, "price": "1250", "client_id": 2695457, "roistat": "\u043e\u0442 \u0437\u043d\u0430\u043a\u043e\u043c\u044b\u0445", "executor": "\u0410\u0445\u043c\u0435\u0434\u043e\u0432\u0430 \u0422\u0430\u0442\u044c\u044f\u043d\u0430 \u041b\u0435\u043e\u043d\u0438\u0434\u043e\u0432\u043d\u0430", "is_sale": true, "appointment_id": 5859697, "fields": {"1": "\u0410\u0445\u043c\u0435\u0434\u043e\u0432\u0430 \u0422\u0430\u0442\u044c\u044f\u043d\u0430 \u041b\u0435\u043e\u043d\u0438\u0434\u043e\u0432\u043d\u0430", "2": "https://klientiks.ru/clientix/client/default/id/2695457", "3": 10765}}, {"id": 6617942, "name": "\u041a\u043e\u043d\u0441\u0443\u043b\u044c\u0442\u0430\u0446\u0438\u044f \u0430\u0441\u0442\u0440\u043e\u043b\u043e\u0433\u0430 \u0420\u0430\u0433\u0445\u0443\u043d\u0430\u0442\u0445  \u0441\u043a\u0430\u0439\u043f", "account_id": 10765, "date_create": 1582966621, "status": 7, "price": null, "client_id": 3325787, "roistat": "\u0412\u0445\u043e\u0434\u044f\u0449\u0438\u0439 \u0437\u0432\u043e\u043d\u043e\u043a,\u0418\u043d\u0442\u0435\u0440\u043d\u0435\u0442", "executor": "\u0420\u0430\u0433\u0445\u0443\u043d\u0430\u0442\u0445 \u041c\u0435\u043d\u043e\u043d", "is_sale": false, "appointment_id": 5860448, "fields": {"1": "\u0420\u0430\u0433\u0445\u0443\u043d\u0430\u0442\u0445 \u041c\u0435\u043d\u043e\u043d", "2": "https://klientiks.ru/clientix/client/default/id/3325787", "3": 10765}}, {"id": 6618358, "name": "\u0410\u044e\u0440\u0432\u0435\u0434\u0430 \u043a\u043e\u043d\u0441\u0443\u043b\u044c\u0442\u0430\u0446\u0438\u044f \u0432\u0440\u0430\u0447\u0430 (60 \u043c\u0438\u043d)", "account_id": 10765, "date_create": 1582968635, "status": 6, "price": "3200", "client_id": 3332878, "roistat": "\u0412\u0445\u043e\u0434\u044f\u0449\u0438\u0439 \u0437\u0432\u043e\u043d\u043e\u043a", "executor": "\u041f\u0440\u0430\u0432\u0438\u043d \u0421\u0443\u0440\u0435\u043d\u0434\u0440\u0430\u043d\u043f\u0438\u043b\u0430\u0439 \u0412\u0430\u0441\u0430\u043d\u0442\u0430\u043a\u0443\u043c\u0430\u0440\u0438", "is_sale": false, "appointment_id": 5860861, "fields": {"1": "\u041f\u0440\u0430\u0432\u0438\u043d \u0421\u0443\u0440\u0435\u043d\u0434\u0440\u0430\u043d\u043f\u0438\u043b\u0430\u0439 \u0412\u0430\u0441\u0430\u043d\u0442\u0430\u043a\u0443\u043c\u0430\u0440\u0438", "2": "https://klientiks.ru/clientix/client/default/id/3332878", "3": 10765}}, {"id": 6618409, "name": "\u0410\u044e\u0440\u0432\u0435\u0434\u0430 \u043a\u043e\u043d\u0441\u0443\u043b\u044c\u0442\u0430\u0446\u0438\u044f \u0432\u0440\u0430\u0447\u0430 (60 \u043c\u0438\u043d)", "account_id": 10765, "date_create": 1582968860, "status": 6, "price": "3200", "client_id": 3332903, "roistat": "\u0412\u0445\u043e\u0434\u044f\u0449\u0438\u0439 \u0437\u0432\u043e\u043d\u043e\u043a,\u0418\u043d\u0442\u0435\u0440\u043d\u0435\u0442", "executor": "\u041f\u0440\u0430\u0432\u0438\u043d \u0421\u0443\u0440\u0435\u043d\u0434\u0440\u0430\u043d\u043f\u0438\u043b\u0430\u0439 \u0412\u0430\u0441\u0430\u043d\u0442\u0430\u043a\u0443\u043c\u0430\u0440\u0438", "is_sale": false, "appointment_id": 5860916, "fields": {"1": "\u041f\u0440\u0430\u0432\u0438\u043d \u0421\u0443\u0440\u0435\u043d\u0434\u0440\u0430\u043d\u043f\u0438\u043b\u0430\u0439 \u0412\u0430\u0441\u0430\u043d\u0442\u0430\u043a\u0443\u043c\u0430\u0440\u0438", "2": "https://klientiks.ru/clientix/client/default/id/3332903", "3": 10765}}, {"id": 6618428, "name": "Drakshadi_kashayam_200ml,Drakshadi_kashayam_200ml,Septilin_Himalaya_60 tab,Ashwagandha_60tab_Kutir\u0027s,Avipathi_choornam_30g,\u041a\u0443\u043d\u0436\u0443\u0442\u043d\u043e\u0435_\u043c\u0430\u0441\u043b\u043e_\u041a\u0430\u043c\u0430\u043b\u0430,Drakshadi_kashayam_200ml,Septilin_Himalaya_60 tab,Ashwagandha_60tab_Kutir\u0027s,Avipathi_choornam_30g,\u041a\u0443\u043d\u0436\u0443\u0442\u043d\u043e\u0435_\u043c\u0430\u0441\u043b\u043e_\u041a\u0430\u043c\u0430\u043b\u0430,Drakshadi_kashayam_200ml,Septilin_Himalaya_60 tab,Ashwagandha_60tab_Kutir\u0027s,Avipathi_choornam_30g,\u041a\u0443\u043d\u0436\u0443\u0442\u043d\u043e\u0435_\u043c\u0430\u0441\u043b\u043e_\u041a\u0430\u043c\u0430\u043b\u0430,Drakshadi_kashayam_200ml,Septilin_Himalaya_60 tab,Ashwagandha_60tab_Kutir\u0027s,Avipathi_choornam_30g,\u041a\u0443\u043d\u0436\u0443\u0442\u043d\u043e\u0435_\u043c\u0430\u0441\u043b\u043e_\u041a\u0430\u043c\u0430\u043b\u0430,Septilin_Himalaya_60 tab,Ashwagandha_60tab_Kutir\u0027s,Avipathi_choornam_30g,\u041a\u0443\u043d\u0436\u0443\u0442\u043d\u043e\u0435_\u043c\u0430\u0441\u043b\u043e_\u041a\u0430\u043c\u0430\u043b\u0430", "account_id": 10765, "date_create": 1582968967, "status": 6, "price": "1750", "client_id": 3255176, "roistat": "\u043e\u0442 \u0437\u043d\u0430\u043a\u043e\u043c\u044b\u0445,\u0418\u043d\u0442\u0435\u0440\u043d\u0435\u0442", "executor": "\u0410\u0445\u043c\u0435\u0434\u043e\u0432\u0430 \u0422\u0430\u0442\u044c\u044f\u043d\u0430 \u041b\u0435\u043e\u043d\u0438\u0434\u043e\u0432\u043d\u0430", "is_sale": true, "appointment_id": 5860936, "fields": {"1": "\u0410\u0445\u043c\u0435\u0434\u043e\u0432\u0430 \u0422\u0430\u0442\u044c\u044f\u043d\u0430 \u041b\u0435\u043e\u043d\u0438\u0434\u043e\u0432\u043d\u0430", "2": "https://klientiks.ru/clientix/client/default/id/3255176", "3": 10765}}, {"id": 6618714, "name": "\u0410\u0431\u0445\u044a\u044f\u043d\u0433\u0430 \u043c\u0430\u0441\u0441\u0430\u0436 (60 \u043c\u0438\u043d. \u0440\u0443\u0447\u043d\u043e\u0439 \u043c\u0430\u0441\u043b\u044f\u043d\u044b\u0439 \u043c\u0430\u0441\u0441\u0430\u0436 \u0432 2 \u0440\u0443\u043a\u0438)", "account_id": 10765, "date_create": 1582970573, "status": 6, "price": "3200", "client_id": 3255176, "roistat": "\u043e\u0442 \u0437\u043d\u0430\u043a\u043e\u043c\u044b\u0445,\u0418\u043d\u0442\u0435\u0440\u043d\u0435\u0442", "executor": "\u0428\u0440\u0438\u0442\u0430", "is_sale": false, "appointment_id": 5727454, "fields": {"1": "\u0428\u0440\u0438\u0442\u0430", "2": "https://klientiks.ru/clientix/client/default/id/3255176", "3": 10765}}, {"id": 6619065, "name": "\u0410\u044e\u0440\u0432\u0435\u0434\u0430 \u043f\u043e\u0432\u0442\u043e\u0440\u043d\u0430\u044f \u043a\u043e\u043d\u0441\u0443\u043b\u044c\u0442\u0430\u0446\u0438\u044f \u0432\u0440\u0430\u0447\u0430 \u0432 \u043d\u0430\u0437\u043d\u0430\u0447\u0435\u043d\u043d\u044b\u0439 \u0441\u0440\u043e\u043a (30 \u043c\u0438\u043d)", "account_id": 10765, "date_create": 1582972818, "status": 7, "price": null, "client_id": 3255176, "roistat": "\u043e\u0442 \u0437\u043d\u0430\u043a\u043e\u043c\u044b\u0445,\u0418\u043d\u0442\u0435\u0440\u043d\u0435\u0442", "executor": "\u041f\u0440\u0430\u0432\u0438\u043d \u0421\u0443\u0440\u0435\u043d\u0434\u0440\u0430\u043d\u043f\u0438\u043b\u0430\u0439 \u0412\u0430\u0441\u0430\u043d\u0442\u0430\u043a\u0443\u043c\u0430\u0440\u0438", "is_sale": false, "appointment_id": 5861541, "fields": {"1": "\u041f\u0440\u0430\u0432\u0438\u043d \u0421\u0443\u0440\u0435\u043d\u0434\u0440\u0430\u043d\u043f\u0438\u043b\u0430\u0439 \u0412\u0430\u0441\u0430\u043d\u0442\u0430\u043a\u0443\u043c\u0430\u0440\u0438", "2": "https://klientiks.ru/clientix/client/default/id/3255176", "3": 10765}}, {"id": 6619635, "name": "\u0410\u0431\u0445\u044a\u044f\u043d\u0433\u0430 \u043c\u0430\u0441\u0441\u0430\u0436 (60 \u043c\u0438\u043d. \u0440\u0443\u0447\u043d\u043e\u0439 \u043c\u0430\u0441\u043b\u044f\u043d\u044b\u0439 \u043c\u0430\u0441\u0441\u0430\u0436 \u0432 2 \u0440\u0443\u043a\u0438)", "account_id": 10765, "date_create": 1582976474, "status": 7, "price": null, "client_id": 2319865, "roistat": "\u0412\u0445\u043e\u0434\u044f\u0449\u0438\u0439 \u0437\u0432\u043e\u043d\u043e\u043a", "executor": "\u0410\u043f\u043f\u043e", "is_sale": false, "appointment_id": 5862108, "fields": {"1": "\u0410\u043f\u043f\u043e", "2": "https://klientiks.ru/clientix/client/default/id/2319865", "3": 10765}}, {"id": 6619896, "name": "\u041a\u0438\u0436\u0438 \u043c\u0430\u0441\u0441\u0430\u0436 (60 \u043c\u0438\u043d. \u043f\u0438\u043d\u0434\u0430\u0441\u0432\u0435\u0434\u0430\u043d\u0430, \u043c\u0430\u0441\u0441\u0430\u0436 \u043c\u0435\u0448\u043e\u0447\u043a\u0430\u043c\u0438 \u0432 2 \u0440\u0443\u043a\u0438)", "account_id": 10765, "date_create": 1582978641, "status": 7, "price": null, "client_id": 3122840, "roistat": "\u0420\u043e\u0434\u0441\u0442\u0432\u0435\u043d\u043d\u0438\u043a \u043d\u0430\u0448\u0435\u0433\u043e \u043a\u043b\u0438\u0435\u043d\u0442\u0430", "executor": "\u0424\u0438\u043b\u0438\u043f \u0412\u0438\u043c\u0430\u043b\u0430 \u0412\u0438\u043f\u0438\u043d", "is_sale": false, "appointment_id": 5862352, "fields": {"1": "\u0424\u0438\u043b\u0438\u043f \u0412\u0438\u043c\u0430\u043b\u0430 \u0412\u0438\u043f\u0438\u043d", "2": "https://klientiks.ru/clientix/client/default/id/3122840", "3": 10765}}, {"id": 6620022, "name": "\u0410\u044e\u0440\u0432\u0435\u0434\u0430 \u043f\u043e\u0432\u0442\u043e\u0440\u043d\u0430\u044f  \u043a\u043e\u043d\u0441\u0443\u043b\u044c\u0442\u0430\u0446\u0438\u044f \u043f\u0440\u0438\u0433\u043b\u0430\u0448\u0435\u043d\u043d\u043e\u0433\u043e \u0441\u043f\u0435\u0446\u0438\u0430\u043b\u0438\u0441\u0442\u0430 (30 \u043c\u0438\u043d)", "account_id": 10765, "date_create": 1582979786, "status": 6, "price": "2500", "client_id": 2823274, "roistat": "\u0421\u043e\u0432\u0435\u0442 \u0414\u0440\u0443\u0437\u0435\u0439,\u0438\u043d\u0442\u0435\u0440\u043d\u0435\u0442", "executor": "\u0414\u0436\u0430\u0442\u0445\u0430\u0432 \u041f\u0430\u0440\u0435\u0448", "is_sale": false, "appointment_id": 5862466, "fields": {"1": "\u0414\u0436\u0430\u0442\u0445\u0430\u0432 \u041f\u0430\u0440\u0435\u0448", "2": "https://klientiks.ru/clientix/client/default/id/2823274", "3": 10765}}, {"id": 6620738, "name": "\u0421\u0435\u0430\u043d\u0441 \u0432 \u043a\u0435\u0434\u0440\u043e\u0432\u043e\u0439 \u0431\u043e\u0447\u043a\u0435 \u0441 \u0444\u0438\u0442\u043e\u0441\u0431\u043e\u0440\u043e\u043c,\u0410\u0431\u0445\u044a\u044f\u043d\u0433\u0430 \u043c\u0430\u0441\u0441\u0430\u0436 (60 \u043c\u0438\u043d. \u0440\u0443\u0447\u043d\u043e\u0439 \u043c\u0430\u0441\u043b\u044f\u043d\u044b\u0439 \u043c\u0430\u0441\u0441\u0430\u0436 \u0432 2 \u0440\u0443\u043a\u0438),\u0421\u0435\u0430\u043d\u0441 \u0432 \u043a\u0435\u0434\u0440\u043e\u0432\u043e\u0439 \u0431\u043e\u0447\u043a\u0435 \u0441 \u0444\u0438\u0442\u043e\u0441\u0431\u043e\u0440\u043e\u043c,\u0410\u0431\u0445\u044a\u044f\u043d\u0433\u0430 \u043c\u0430\u0441\u0441\u0430\u0436 (60 \u043c\u0438\u043d. \u0440\u0443\u0447\u043d\u043e\u0439 \u043c\u0430\u0441\u043b\u044f\u043d\u044b\u0439 \u043c\u0430\u0441\u0441\u0430\u0436 \u0432 2 \u0440\u0443\u043a\u0438)", "account_id": 10765, "date_create": 1582985690, "status": 6, "price": "0", "client_id": 3263662, "roistat": "\u043f\u043e\u0441\u0442\u043e\u044f\u043d\u043d\u044b\u0439 \u043a\u043b\u0438\u0435\u043d\u0442", "executor": "\u0428\u0440\u0438\u0442\u0430", "is_sale": false, "appointment_id": 5863078, "fields": {"1": "\u0428\u0440\u0438\u0442\u0430", "2": "https://klientiks.ru/clientix/client/default/id/3263662", "3": 10765}}, {"id": 6620742, "name": "\u0412\u0438\u0440\u0435\u0447\u0430\u043d\u0430 (\u0441\u043b\u0430\u0431\u0438\u0442\u0435\u043b\u044c\u043d\u0430\u044f \u0442\u0435\u0440\u0430\u043f\u0438\u044f),\u041a\u0430\u043b\u0430\u0440\u0438 \u043c\u0430\u0441\u0441\u0430\u0436 (60 \u043c\u0438\u043d. \u043d\u043e\u0436\u043d\u043e\u0439 \u043c\u0430\u0441\u043b\u044f\u043d\u044b\u0439 \u043c\u0430\u0441\u0441\u0430\u0436),\u0412\u0438\u0440\u0435\u0447\u0430\u043d\u0430 (\u0441\u043b\u0430\u0431\u0438\u0442\u0435\u043b\u044c\u043d\u0430\u044f \u0442\u0435\u0440\u0430\u043f\u0438\u044f),\u041a\u0430\u043b\u0430\u0440\u0438 \u043c\u0430\u0441\u0441\u0430\u0436 (60 \u043c\u0438\u043d. \u043d\u043e\u0436\u043d\u043e\u0439 \u043c\u0430\u0441\u043b\u044f\u043d\u044b\u0439 \u043c\u0430\u0441\u0441\u0430\u0436)", "account_id": 10765, "date_create": 1582985730, "status": 6, "price": "0", "client_id": 3263662, "roistat": "\u043f\u043e\u0441\u0442\u043e\u044f\u043d\u043d\u044b\u0439 \u043a\u043b\u0438\u0435\u043d\u0442", "executor": "\u0428\u0440\u0438\u0442\u0430", "is_sale": false, "appointment_id": 5863080, "fields": {"1": "\u0428\u0440\u0438\u0442\u0430", "2": "https://klientiks.ru/clientix/client/default/id/3263662", "3": 10765}}, {"id": 6620748, "name": "\u041a\u0438\u0436\u0438 \u043d\u0430 \u0447\u0430\u0441\u0442\u0438 \u0442\u0435\u043b\u0430 (30 \u043c\u0438\u043d),\u0410\u0431\u0445\u044a\u044f\u043d\u0433\u0430 \u043c\u0430\u0441\u0441\u0430\u0436 (60 \u043c\u0438\u043d. \u0440\u0443\u0447\u043d\u043e\u0439 \u043c\u0430\u0441\u043b\u044f\u043d\u044b\u0439 \u043c\u0430\u0441\u0441\u0430\u0436 \u0432 2 \u0440\u0443\u043a\u0438),\u041a\u0438\u0436\u0438 \u043d\u0430 \u0447\u0430\u0441\u0442\u0438 \u0442\u0435\u043b\u0430 (30 \u043c\u0438\u043d),\u0410\u0431\u0445\u044a\u044f\u043d\u0433\u0430 \u043c\u0430\u0441\u0441\u0430\u0436 (60 \u043c\u0438\u043d. \u0440\u0443\u0447\u043d\u043e\u0439 \u043c\u0430\u0441\u043b\u044f\u043d\u044b\u0439 \u043c\u0430\u0441\u0441\u0430\u0436 \u0432 2 \u0440\u0443\u043a\u0438)", "account_id": 10765, "date_create": 1582985805, "status": 6, "price": "0", "client_id": 3263662, "roistat": "\u043f\u043e\u0441\u0442\u043e\u044f\u043d\u043d\u044b\u0439 \u043a\u043b\u0438\u0435\u043d\u0442", "executor": "\u041d\u0438\u0431\u0438\u043d \u041a\u043e\u0434\u0430\u0442 \u0414\u0438\u043d\u0435\u0441\u0430\u043d", "is_sale": false, "appointment_id": 5863085, "fields": {"1": "\u041d\u0438\u0431\u0438\u043d \u041a\u043e\u0434\u0430\u0442 \u0414\u0438\u043d\u0435\u0441\u0430\u043d", "2": "https://klientiks.ru/clientix/client/default/id/3263662", "3": 10765}}, {"id": 6620754, "name": "\u0410\u0431\u0445\u044a\u044f\u043d\u0433\u0430 \u043c\u0430\u0441\u0441\u0430\u0436 (60 \u043c\u0438\u043d. \u0440\u0443\u0447\u043d\u043e\u0439 \u043c\u0430\u0441\u043b\u044f\u043d\u044b\u0439 \u043c\u0430\u0441\u0441\u0430\u0436 \u0432 2 \u0440\u0443\u043a\u0438),\u041a\u0438\u0436\u0438 \u043d\u0430 \u0447\u0430\u0441\u0442\u0438 \u0442\u0435\u043b\u0430 (30 \u043c\u0438\u043d),\u0410\u0431\u0445\u044a\u044f\u043d\u0433\u0430 \u043c\u0430\u0441\u0441\u0430\u0436 (60 \u043c\u0438\u043d. \u0440\u0443\u0447\u043d\u043e\u0439 \u043c\u0430\u0441\u043b\u044f\u043d\u044b\u0439 \u043c\u0430\u0441\u0441\u0430\u0436 \u0432 2 \u0440\u0443\u043a\u0438),\u041a\u0438\u0436\u0438 \u043d\u0430 \u0447\u0430\u0441\u0442\u0438 \u0442\u0435\u043b\u0430 (30 \u043c\u0438\u043d)", "account_id": 10765, "date_create": 1582985849, "status": 6, "price": "0", "client_id": 3263662, "roistat": "\u043f\u043e\u0441\u0442\u043e\u044f\u043d\u043d\u044b\u0439 \u043a\u043b\u0438\u0435\u043d\u0442", "executor": "\u041d\u0438\u0431\u0438\u043d \u041a\u043e\u0434\u0430\u0442 \u0414\u0438\u043d\u0435\u0441\u0430\u043d", "is_sale": false, "appointment_id": 5863092, "fields": {"1": "\u041d\u0438\u0431\u0438\u043d \u041a\u043e\u0434\u0430\u0442 \u0414\u0438\u043d\u0435\u0441\u0430\u043d", "2": "https://klientiks.ru/clientix/client/default/id/3263662", "3": 10765}}, {"id": 6620759, "name": "\u0410\u043d\u0443\u0432\u0430\u0441\u0430\u043d\u0430 \u0411\u0430\u0441\u0442\u0438 (30 \u043c\u0438\u043d. \u043c\u0430\u0441\u043b\u044f\u043d\u0430\u044f \u0442\u0440\u0430\u0432\u044f\u043d\u0430\u044f \u043a\u043b\u0438\u0437\u043c\u0430),\u041f\u0438\u0447\u0443 (30 \u043c\u0438\u043d. \u043c\u0430\u0441\u043b\u044f\u043d\u0430\u044f \u0430\u043f\u043f\u043b\u0438\u043a\u0430\u0446\u0438\u044f),\u041f\u0438\u0447\u0443 (30 \u043c\u0438\u043d. \u043c\u0430\u0441\u043b\u044f\u043d\u0430\u044f \u0430\u043f\u043f\u043b\u0438\u043a\u0430\u0446\u0438\u044f),\u041a\u0430\u043b\u0430\u0440\u0438 \u043c\u0430\u0441\u0441\u0430\u0436 (60 \u043c\u0438\u043d. \u043d\u043e\u0436\u043d\u043e\u0439 \u043c\u0430\u0441\u043b\u044f\u043d\u044b\u0439 \u043c\u0430\u0441\u0441\u0430\u0436),\u041a\u0430\u043b\u0430\u0440\u0438 \u043c\u0430\u0441\u0441\u0430\u0436 (60 \u043c\u0438\u043d. \u043d\u043e\u0436\u043d\u043e\u0439 \u043c\u0430\u0441\u043b\u044f\u043d\u044b\u0439 \u043c\u0430\u0441\u0441\u0430\u0436),\u0410\u043d\u0443\u0432\u0430\u0441\u0430\u043d\u0430 \u0411\u0430\u0441\u0442\u0438 (30 \u043c\u0438\u043d. \u043c\u0430\u0441\u043b\u044f\u043d\u0430\u044f \u0442\u0440\u0430\u0432\u044f\u043d\u0430\u044f \u043a\u043b\u0438\u0437\u043c\u0430),\u041f\u0438\u0447\u0443 (30 \u043c\u0438\u043d. \u043c\u0430\u0441\u043b\u044f\u043d\u0430\u044f \u0430\u043f\u043f\u043b\u0438\u043a\u0430\u0446\u0438\u044f),\u0410\u043d\u0443\u0432\u0430\u0441\u0430\u043d\u0430 \u0411\u0430\u0441\u0442\u0438 (30 \u043c\u0438\u043d. \u043c\u0430\u0441\u043b\u044f\u043d\u0430\u044f \u0442\u0440\u0430\u0432\u044f\u043d\u0430\u044f \u043a\u043b\u0438\u0437\u043c\u0430),\u041a\u0430\u043b\u0430\u0440\u0438 \u043c\u0430\u0441\u0441\u0430\u0436 (60 \u043c\u0438\u043d. \u043d\u043e\u0436\u043d\u043e\u0439 \u043c\u0430\u0441\u043b\u044f\u043d\u044b\u0439 \u043c\u0430\u0441\u0441\u0430\u0436)", "account_id": 10765, "date_create": 1582985911, "status": 6, "price": "0", "client_id": 3263662, "roistat": "\u043f\u043e\u0441\u0442\u043e\u044f\u043d\u043d\u044b\u0439 \u043a\u043b\u0438\u0435\u043d\u0442", "executor": "\u0428\u0440\u0438\u0442\u0430", "is_sale": false, "appointment_id": 5863097, "fields": {"1": "\u0428\u0440\u0438\u0442\u0430", "2": "https://klientiks.ru/clientix/client/default/id/3263662", "3": 10765}}, {"id": 6620763, "name": "\u0410\u0431\u0445\u044a\u044f\u043d\u0433\u0430 \u043c\u0430\u0441\u0441\u0430\u0436 (60 \u043c\u0438\u043d. \u0440\u0443\u0447\u043d\u043e\u0439 \u043c\u0430\u0441\u043b\u044f\u043d\u044b\u0439 \u043c\u0430\u0441\u0441\u0430\u0436 \u0432 2 \u0440\u0443\u043a\u0438),\u041d\u0438\u0440\u0443\u0445\u0430 \u0411\u0430\u0441\u0442\u0438 (60 \u043c\u0438\u043d. \u043a\u043b\u0438\u0437\u043c\u0430 \u0442\u0440\u0430\u0432\u044f\u043d\u044b\u043c \u043e\u0442\u0432\u0430\u0440\u043e\u043c),\u0410\u0431\u0445\u044a\u044f\u043d\u0433\u0430 \u043c\u0430\u0441\u0441\u0430\u0436 (60 \u043c\u0438\u043d. \u0440\u0443\u0447\u043d\u043e\u0439 \u043c\u0430\u0441\u043b\u044f\u043d\u044b\u0439 \u043c\u0430\u0441\u0441\u0430\u0436 \u0432 2 \u0440\u0443\u043a\u0438),\u041f\u0438\u0447\u0443 (30 \u043c\u0438\u043d. \u043c\u0430\u0441\u043b\u044f\u043d\u0430\u044f \u0430\u043f\u043f\u043b\u0438\u043a\u0430\u0446\u0438\u044f),\u041d\u0438\u0440\u0443\u0445\u0430 \u0411\u0430\u0441\u0442\u0438 (60 \u043c\u0438\u043d. \u043a\u043b\u0438\u0437\u043c\u0430 \u0442\u0440\u0430\u0432\u044f\u043d\u044b\u043c \u043e\u0442\u0432\u0430\u0440\u043e\u043c),\u0410\u0431\u0445\u044a\u044f\u043d\u0433\u0430 \u043c\u0430\u0441\u0441\u0430\u0436 (60 \u043c\u0438\u043d. \u0440\u0443\u0447\u043d\u043e\u0439 \u043c\u0430\u0441\u043b\u044f\u043d\u044b\u0439 \u043c\u0430\u0441\u0441\u0430\u0436 \u0432 2 \u0440\u0443\u043a\u0438),\u041f\u0438\u0447\u0443 (30 \u043c\u0438\u043d. \u043c\u0430\u0441\u043b\u044f\u043d\u0430\u044f \u0430\u043f\u043f\u043b\u0438\u043a\u0430\u0446\u0438\u044f),\u041d\u0438\u0440\u0443\u0445\u0430 \u0411\u0430\u0441\u0442\u0438 (60 \u043c\u0438\u043d. \u043a\u043b\u0438\u0437\u043c\u0430 \u0442\u0440\u0430\u0432\u044f\u043d\u044b\u043c \u043e\u0442\u0432\u0430\u0440\u043e\u043c),\u041f\u0438\u0447\u0443 (30 \u043c\u0438\u043d. \u043c\u0430\u0441\u043b\u044f\u043d\u0430\u044f \u0430\u043f\u043f\u043b\u0438\u043a\u0430\u0446\u0438\u044f)", "account_id": 10765, "date_create": 1582985948, "status": 6, "price": "0", "client_id": 3263662, "roistat": "\u043f\u043e\u0441\u0442\u043e\u044f\u043d\u043d\u044b\u0439 \u043a\u043b\u0438\u0435\u043d\u0442", "executor": "\u041d\u0438\u0431\u0438\u043d \u041a\u043e\u0434\u0430\u0442 \u0414\u0438\u043d\u0435\u0441\u0430\u043d", "is_sale": false, "appointment_id": 5863101, "fields": {"1": "\u041d\u0438\u0431\u0438\u043d \u041a\u043e\u0434\u0430\u0442 \u0414\u0438\u043d\u0435\u0441\u0430\u043d", "2": "https://klientiks.ru/clientix/client/default/id/3263662", "3": 10765}}, {"id": 6620773, "name": "\u0410\u0431\u0445\u044a\u044f\u043d\u0433\u0430 \u043c\u0430\u0441\u0441\u0430\u0436 (60 \u043c\u0438\u043d. \u0440\u0443\u0447\u043d\u043e\u0439 \u043c\u0430\u0441\u043b\u044f\u043d\u044b\u0439 \u043c\u0430\u0441\u0441\u0430\u0436 \u0432 2 \u0440\u0443\u043a\u0438),\u041a\u0438\u0436\u0438 \u043d\u0430 \u0447\u0430\u0441\u0442\u0438 \u0442\u0435\u043b\u0430 (30 \u043c\u0438\u043d),\u0410\u043d\u0443\u0432\u0430\u0441\u0430\u043d\u0430 \u0411\u0430\u0441\u0442\u0438 (30 \u043c\u0438\u043d. \u043c\u0430\u0441\u043b\u044f\u043d\u0430\u044f \u0442\u0440\u0430\u0432\u044f\u043d\u0430\u044f \u043a\u043b\u0438\u0437\u043c\u0430)", "account_id": 10765, "date_create": 1582986015, "status": 7, "price": null, "client_id": 3263662, "roistat": "\u043f\u043e\u0441\u0442\u043e\u044f\u043d\u043d\u044b\u0439 \u043a\u043b\u0438\u0435\u043d\u0442", "executor": "\u0428\u0440\u0438\u0442\u0430", "is_sale": false, "appointment_id": 5863108, "fields": {"1": "\u0428\u0440\u0438\u0442\u0430", "2": "https://klientiks.ru/clientix/client/default/id/3263662", "3": 10765}}], "pagination": {"total_count": 22602, "limit": 50, "page_number": 1}, "total_count": 22602, "page_number": 1}') v, current_timestamp ts) s on s.v = parse_json(t.v) when not matched then insert (t.v, changed_at) values (s.v, s.ts)
2020-08-23 01:24:42,376 - executing SQL/command
2020-08-23 01:24:42,376 - binding: [merge into KAMALA_ACL t using (select parse_json('{"offset": 19500, "count": 50,...] with input=[None], processed=[{}]
2020-08-23 01:24:42,376 - query: [merge into KAMALA_ACL t using (select parse_json('{"offset": 19500, "count": 50,...]
2020-08-23 01:24:42,376 - Cannot use arrow result format, fallback to json format
2020-08-23 01:24:42,376 - sequence counter: 1
2020-08-23 01:24:42,376 - running query [merge into KAMALA_ACL t using (select parse_json('{"offset": 19500, "count": 50,...]
2020-08-23 01:24:42,376 - is_file_transfer: False
2020-08-23 01:24:42,376 - _cmd_query
2020-08-23 01:24:42,376 - sql=[merge into KAMALA_ACL t using (select parse_json('{"offset": 19500, "count": 50,...], sequence_id=[1], is_file_transfer=[None]
2020-08-23 01:24:42,377 - Active requests sessions: 1, idle: 0
2020-08-23 01:24:42,377 - remaining request timeout: None, retry cnt: 1
2020-08-23 01:24:42,377 - socket timeout: 60
2020-08-23 01:24:43,341 - https://ringcentral.snowflakecomputing.com:443 "POST /queries/v1/query-request?requestId=31e67632-e3c9-413d-863c-19ff3d96b6f4&request_guid=b2c8b650-7055-4e2e-8a95-ff9c1a4209dc HTTP/1.1" 200 1043
2020-08-23 01:24:43,343 - SUCCESS
2020-08-23 01:24:43,344 - Active requests sessions: 0, idle: 1
2020-08-23 01:24:43,344 - ret[code] = None, after post request
2020-08-23 01:24:43,345 - sfqid: 01966d40-0245-580b-0003-e00300530ba6
2020-08-23 01:24:43,346 - query execution done
2020-08-23 01:24:43,346 - SUCCESS
2020-08-23 01:24:43,346 - PUT OR GET: None
2020-08-23 01:24:43,347 - Query result format: json
2020-08-23 01:31:13,594 - Requesting data chunk https://klientiks.ru/clientix/Restapi/list/a/390b96e2763e/u/d969c9cde78c/t/073de5009f21b34afa022cfa7ca2c124/m/AppointmentClientLinks/ik/orders/rvwk/status,statuses/?date=10&offset=19450
2020-08-23 01:31:13,597 - Starting new HTTPS connection (1): klientiks.ru:443
2020-08-23 01:31:13,760 - OCSP Mode: FAIL_OPEN, OCSP response cache file name: None
2020-08-23 01:31:13,761 - ocsp_response_cache_uri: file://C:/Users/dmitry.mitrofanov/AppData/Local/Snowflake/Caches/ocsp_response_cache.json
2020-08-23 01:31:13,761 - OCSP_VALIDATION_CACHE size: 140
2020-08-23 01:31:13,761 - OCSP response cache server is enabled: http://ocsp.snowflakecomputing.com/ocsp_response_cache.json
2020-08-23 01:31:13,761 - OCSP dynamic cache server RETRY URL: None
2020-08-23 01:31:13,769 - Verifying the attached certificate is signed by the issuer. Valid Not After: 2025-05-12 23:58:59+00:00
2020-08-23 01:31:13,770 - Verifying the attached certificate is signed by the issuer. Valid Not After: 2025-05-12 23:58:59+00:00
2020-08-23 01:31:13,772 - Verifying the attached certificate is signed by the issuer. Valid Not After: 2023-06-11 20:40:26+00:00
2020-08-23 01:31:13,773 - Verifying the attached certificate is signed by the issuer. Valid Not After: 2023-06-11 20:40:26+00:00
2020-08-23 01:31:13,774 - Verifying the attached certificate is signed by the issuer. Valid Not After: 2023-06-11 20:44:21+00:00
2020-08-23 01:31:13,775 - Verifying the attached certificate is signed by the issuer. Valid Not After: 2023-06-11 20:44:21+00:00
2020-08-23 01:31:13,777 - Verifying the attached certificate is signed by the issuer. Valid Not After: 2021-12-14 07:00:00+00:00
2020-08-23 01:31:13,778 - Verifying the attached certificate is signed by the issuer. Valid Not After: 2021-12-14 07:00:00+00:00
2020-08-23 01:31:13,779 - Verifying the attached certificate is signed by the issuer. Valid Not After: 2025-05-12 23:58:59+00:00
2020-08-23 01:31:13,781 - Verifying the attached certificate is signed by the issuer. Valid Not After: 2025-05-12 23:58:59+00:00
2020-08-23 01:31:13,783 - Verifying the attached certificate is signed by the issuer. Valid Not After: 2025-05-12 23:58:59+00:00
2020-08-23 01:31:13,784 - Verifying the attached certificate is signed by the issuer. Valid Not After: 2025-05-12 23:58:59+00:00
2020-08-23 01:31:13,786 - Verifying the attached certificate is signed by the issuer. Valid Not After: 2025-05-12 23:58:59+00:00
2020-08-23 01:31:13,787 - Verifying the attached certificate is signed by the issuer. Valid Not After: 2025-05-12 23:58:59+00:00
2020-08-23 01:31:13,796 - Verifying the attached certificate is signed by the issuer. Valid Not After: 2025-05-12 23:58:59+00:00
2020-08-23 01:31:13,797 - Verifying the attached certificate is signed by the issuer. Valid Not After: 2025-05-12 23:58:59+00:00
2020-08-23 01:31:13,800 - Verifying the attached certificate is signed by the issuer. Valid Not After: 2021-04-02 17:08:26+00:00
2020-08-23 01:31:13,801 - Verifying the attached certificate is signed by the issuer. Valid Not After: 2021-04-02 17:08:26+00:00
2020-08-23 01:31:13,803 - Verifying the attached certificate is signed by the issuer. Valid Not After: 2021-04-02 17:13:33+00:00
2020-08-23 01:31:13,804 - Verifying the attached certificate is signed by the issuer. Valid Not After: 2021-04-02 17:13:33+00:00
2020-08-23 01:31:13,805 - Verifying the attached certificate is signed by the issuer. Valid Not After: 2021-04-02 16:58:09+00:00
2020-08-23 01:31:13,807 - Verifying the attached certificate is signed by the issuer. Valid Not After: 2021-04-02 16:58:09+00:00
2020-08-23 01:31:13,823 - Verifying the attached certificate is signed by the issuer. Valid Not After: 2021-04-02 17:13:33+00:00
2020-08-23 01:31:13,825 - Verifying the attached certificate is signed by the issuer. Valid Not After: 2021-04-02 17:13:33+00:00
2020-08-23 01:31:13,826 - Verifying the attached certificate is signed by the issuer. Valid Not After: 2021-04-02 17:08:26+00:00
2020-08-23 01:31:13,827 - Verifying the attached certificate is signed by the issuer. Valid Not After: 2021-04-02 17:08:26+00:00
2020-08-23 01:31:13,829 - Verifying the attached certificate is signed by the issuer. Valid Not After: 2021-04-02 17:03:51+00:00
2020-08-23 01:31:13,830 - Verifying the attached certificate is signed by the issuer. Valid Not After: 2021-04-02 17:03:51+00:00
2020-08-23 01:31:13,831 - Verifying the attached certificate is signed by the issuer. Valid Not After: 2021-04-02 16:58:09+00:00
2020-08-23 01:31:13,833 - Verifying the attached certificate is signed by the issuer. Valid Not After: 2021-04-02 16:58:09+00:00
2020-08-23 01:31:13,835 - Verifying the attached certificate is signed by the issuer. Valid Not After: 2021-04-02 17:03:51+00:00
2020-08-23 01:31:13,836 - Verifying the attached certificate is signed by the issuer. Valid Not After: 2021-04-02 17:03:51+00:00
2020-08-23 01:31:13,837 - Verifying the attached certificate is signed by the issuer. Valid Not After: 2021-04-02 17:03:51+00:00
2020-08-23 01:31:13,839 - Verifying the attached certificate is signed by the issuer. Valid Not After: 2021-04-02 17:03:51+00:00
2020-08-23 01:31:13,855 - Verifying the attached certificate is signed by the issuer. Valid Not After: 2021-04-02 17:13:33+00:00
2020-08-23 01:31:13,856 - Verifying the attached certificate is signed by the issuer. Valid Not After: 2021-04-02 17:13:33+00:00
2020-08-23 01:31:13,858 - Read OCSP response cache file: C:/Users/dmitry.mitrofanov/AppData/Local/Snowflake/Caches/ocsp_response_cache.json, count=140
2020-08-23 01:31:13,858 - validating certificate: klientiks.ru
2020-08-23 01:31:13,858 - skipping OCSP check: klientiks.ru
2020-08-23 01:31:14,773 - https://klientiks.ru:443 "GET /clientix/Restapi/list/a/390b96e2763e/u/d969c9cde78c/t/073de5009f21b34afa022cfa7ca2c124/m/AppointmentClientLinks/ik/orders/rvwk/status,statuses/?date=10&offset=19450 HTTP/1.1" 200 None
2020-08-23 01:31:14,779 - {"offset": 19500, "count": 50, "limit": 50, "statuses": [{"id": 1, "name": "scheduled"}, {"id": 2, "name": "sms_confirmation_sent"}, {"id": 3, "name": "cancelled_by_sms"}, {"id": 4, "name": "confirmed"}, {"id": 5, "name": "in_progress"}, {"id": 6, "name": "finished"}, {"id": 7, "name": "cancelled"}, {"id": 8, "name": "missed"}, {"id": 9, "name": "arrived"}], "fields": [{"id": "1", "name": "\u0418\u0441\u043f\u043e\u043b\u043d\u0438\u0442\u0435\u043b\u044c"}, {"id": "2", "name": "\u0421\u0441\u044b\u043b\u043a\u0430 \u043d\u0430 \u043a\u043b\u0438\u0435\u043d\u0442\u0430"}, {"id": "3", "name": "\u0410\u0439\u0434\u0438 \u0430\u043a\u043a\u0430\u0443\u043d\u0442\u0430"}], "orders": [{"id": 6607810, "name": "\u0410\u044d\u0440\u043e\u0439\u043e\u0433\u0430 (90 \u043c\u0438\u043d)", "account_id": 10765, "date_create": 1582872496, "status": 6, "price": "0", "client_id": 1122837, "roistat": "\u043f\u043e\u0441\u0442\u043e\u044f\u043d\u043d\u044b\u0439 \u043a\u043b\u0438\u0435\u043d\u0442", "executor": "\u0421\u043e\u0431\u0435\u043d\u043d\u0438\u043a\u043e\u0432\u0430 \u041e\u043a\u0441\u0430\u043d\u0430 \u042e\u0440\u044c\u0435\u0432\u043d\u0430", "is_sale": false, "appointment_id": 5833285, "fields": {"1": "\u0421\u043e\u0431\u0435\u043d\u043d\u0438\u043a\u043e\u0432\u0430 \u041e\u043a\u0441\u0430\u043d\u0430 \u042e\u0440\u044c\u0435\u0432\u043d\u0430", "2": "https://klientiks.ru/clientix/client/default/id/1122837", "3": 10765}}, {"id": 6607812, "name": "\u0410\u044d\u0440\u043e\u0439\u043e\u0433\u0430 (90 \u043c\u0438\u043d)", "account_id": 10765, "date_create": 1582872499, "status": 6, "price": "0", "client_id": 2877520, "roistat": "\u0438\u043d\u0442\u0435\u0440\u043d\u0435\u0442", "executor": "\u0421\u043e\u0431\u0435\u043d\u043d\u0438\u043a\u043e\u0432\u0430 \u041e\u043a\u0441\u0430\u043d\u0430 \u042e\u0440\u044c\u0435\u0432\u043d\u0430", "is_sale": false, "appointment_id": 5833285, "fields": {"1": "\u0421\u043e\u0431\u0435\u043d\u043d\u0438\u043a\u043e\u0432\u0430 \u041e\u043a\u0441\u0430\u043d\u0430 \u042e\u0440\u044c\u0435\u0432\u043d\u0430", "2": "https://klientiks.ru/clientix/client/default/id/2877520", "3": 10765}}, {"id": 6608043, "name": "\u0410\u044e\u0440\u0432\u0435\u0434\u0430 \u043a\u043e\u043d\u0441\u0443\u043b\u044c\u0442\u0430\u0446\u0438\u044f \u0432\u0440\u0430\u0447\u0430 (60 \u043c\u0438\u043d)", "account_id": 10765, "date_create": 1582873655, "status": 6, "price": "3500", "client_id": 3319006, "roistat": "\u0412\u0445\u043e\u0434\u044f\u0449\u0438\u0439 \u0437\u0432\u043e\u043d\u043e\u043a", "executor": "\u041f\u0440\u0430\u0432\u0438\u043d \u0421\u0443\u0440\u0435\u043d\u0434\u0440\u0430\u043d\u043f\u0438\u043b\u0430\u0439 \u0412\u0430\u0441\u0430\u043d\u0442\u0430\u043a\u0443\u043c\u0430\u0440\u0438", "is_sale": false, "appointment_id": 5851965, "fields": {"1": "\u041f\u0440\u0430\u0432\u0438\u043d \u0421\u0443\u0440\u0435\u043d\u0434\u0440\u0430\u043d\u043f\u0438\u043b\u0430\u0439 \u0412\u0430\u0441\u0430\u043d\u0442\u0430\u043a\u0443\u043c\u0430\u0440\u0438", "2": "https://klientiks.ru/clientix/client/default/id/3319006", "3": 10765}}, {"id": 6609060, "name": "\u0420\u043e\u0437\u043e\u0432\u044f_\u0432\u043e\u0434\u0430_Khadi", "account_id": 10765, "date_create": 1582877952, "status": 6, "price": "400", "client_id": 1108070, "roistat": "\u0438\u043d\u0442\u0435\u0440\u043d\u0435\u0442", "executor": "\u0410\u0445\u043c\u0435\u0434\u043e\u0432\u0430 \u0422\u0430\u0442\u044c\u044f\u043d\u0430 \u041b\u0435\u043e\u043d\u0438\u0434\u043e\u0432\u043d\u0430", "is_sale": true, "appointment_id": 5852875, "fields": {"1": "\u0410\u0445\u043c\u0435\u0434\u043e\u0432\u0430 \u0422\u0430\u0442\u044c\u044f\u043d\u0430 \u041b\u0435\u043e\u043d\u0438\u0434\u043e\u0432\u043d\u0430", "2": "https://klientiks.ru/clientix/client/default/id/1108070", "3": 10765}}, {"id": 6609134, "name": "\u0420\u043e\u0437\u043e\u0432\u044f_\u0432\u043e\u0434\u0430_Khadi", "account_id": 10765, "date_create": 1582878286, "status": 6, "price": "400", "client_id": 1297843, "roistat": "\u0440\u044f\u0434\u043e\u043c \u0436\u0438\u0432\u0435\u0442", "executor": "\u0410\u0445\u043c\u0435\u0434\u043e\u0432\u0430 \u0422\u0430\u0442\u044c\u044f\u043d\u0430 \u041b\u0435\u043e\u043d\u0438\u0434\u043e\u0432\u043d\u0430", "is_sale": true, "appointment_id": 5852970, "fields": {"1": "\u0410\u0445\u043c\u0435\u0434\u043e\u0432\u0430 \u0422\u0430\u0442\u044c\u044f\u043d\u0430 \u041b\u0435\u043e\u043d\u0438\u0434\u043e\u0432\u043d\u0430", "2": "https://klientiks.ru/clientix/client/default/id/1297843", "3": 10765}}, {"id": 6609341, "name": "Chyawanaprasham_Nagarjuna 500g", "account_id": 10765, "date_create": 1582879137, "status": 6, "price": "700", "client_id": 3215797, "roistat": "\u0438\u043d\u0442\u0435\u0440\u043d\u0435\u0442", "executor": "\u0410\u0445\u043c\u0435\u0434\u043e\u0432\u0430 \u0422\u0430\u0442\u044c\u044f\u043d\u0430 \u041b\u0435\u043e\u043d\u0438\u0434\u043e\u0432\u043d\u0430", "is_sale": true, "appointment_id": 5853140, "fields": {"1": "\u0410\u0445\u043c\u0435\u0434\u043e\u0432\u0430 \u0422\u0430\u0442\u044c\u044f\u043d\u0430 \u041b\u0435\u043e\u043d\u0438\u0434\u043e\u0432\u043d\u0430", "2": "https://klientiks.ru/clientix/client/default/id/3215797", "3": 10765}}, {"id": 6609378, "name": "Chyawanaprasham_Nagarjuna 500g", "account_id": 10765, "date_create": 1582879329, "status": 6, "price": "700", "client_id": 3014911, "roistat": "\u043e\u0442 \u0437\u043d\u0430\u043a\u043e\u043c\u044b\u0445", "executor": "\u0410\u0445\u043c\u0435\u0434\u043e\u0432\u0430 \u0422\u0430\u0442\u044c\u044f\u043d\u0430 \u041b\u0435\u043e\u043d\u0438\u0434\u043e\u0432\u043d\u0430", "is_sale": true, "appointment_id": 5853176, "fields": {"1": "\u0410\u0445\u043c\u0435\u0434\u043e\u0432\u0430 \u0422\u0430\u0442\u044c\u044f\u043d\u0430 \u041b\u0435\u043e\u043d\u0438\u0434\u043e\u0432\u043d\u0430", "2": "https://klientiks.ru/clientix/client/default/id/3014911", "3": 10765}}, {"id": 6609424, "name": "Chyawanaprasham_Nagarjuna 500g,Itone_eye_drop_\u043a\u0430\u043f\u043b\u0438,Itone_eye_drop_\u043a\u0430\u043f\u043b\u0438,Chyawanaprasham_Nagarjuna 500g", "account_id": 10765, "date_create": 1582879528, "status": 6, "price": "980", "client_id": 3058502, "roistat": "\u043e\u0442 \u0437\u043d\u0430\u043a\u043e\u043c\u044b\u0445", "executor": "\u0410\u0445\u043c\u0435\u0434\u043e\u0432\u0430 \u0422\u0430\u0442\u044c\u044f\u043d\u0430 \u041b\u0435\u043e\u043d\u0438\u0434\u043e\u0432\u043d\u0430", "is_sale": true, "appointment_id": 5853219, "fields": {"1": "\u0410\u0445\u043c\u0435\u0434\u043e\u0432\u0430 \u0422\u0430\u0442\u044c\u044f\u043d\u0430 \u041b\u0435\u043e\u043d\u0438\u0434\u043e\u0432\u043d\u0430", "2": "https://klientiks.ru/clientix/client/default/id/3058502", "3": 10765}}, {"id": 6609494, "name": "\u0410\u044d\u0440\u043e\u0439\u043e\u0433\u0430 (90 \u043c\u0438\u043d)", "account_id": 10765, "date_create": 1582879922, "status": 6, "price": "0", "client_id": 3144287, "roistat": "\u0438\u043d\u0442\u0435\u0440\u043d\u0435\u0442", "executor": "\u0421\u043e\u0431\u0435\u043d\u043d\u0438\u043a\u043e\u0432\u0430 \u041e\u043a\u0441\u0430\u043d\u0430 \u042e\u0440\u044c\u0435\u0432\u043d\u0430", "is_sale": false, "appointment_id": 5833242, "fields": {"1": "\u0421\u043e\u0431\u0435\u043d\u043d\u0438\u043a\u043e\u0432\u0430 \u041e\u043a\u0441\u0430\u043d\u0430 \u042e\u0440\u044c\u0435\u0432\u043d\u0430", "2": "https://klientiks.ru/clientix/client/default/id/3144287", "3": 10765}}, {"id": 6609665, "name": "\u0410\u044d\u0440\u043e\u0439\u043e\u0433\u0430 (90 \u043c\u0438\u043d)", "account_id": 10765, "date_create": 1582880922, "status": 6, "price": "0", "client_id": 1108070, "roistat": "\u0438\u043d\u0442\u0435\u0440\u043d\u0435\u0442", "executor": "\u0421\u043e\u0431\u0435\u043d\u043d\u0438\u043a\u043e\u0432\u0430 \u041e\u043a\u0441\u0430\u043d\u0430 \u042e\u0440\u044c\u0435\u0432\u043d\u0430", "is_sale": false, "appointment_id": 5833243, "fields": {"1": "\u0421\u043e\u0431\u0435\u043d\u043d\u0438\u043a\u043e\u0432\u0430 \u041e\u043a\u0441\u0430\u043d\u0430 \u042e\u0440\u044c\u0435\u0432\u043d\u0430", "2": "https://klientiks.ru/clientix/client/default/id/1108070", "3": 10765}}, {"id": 6609667, "name": "\u0410\u044d\u0440\u043e\u0439\u043e\u0433\u0430 (90 \u043c\u0438\u043d)", "account_id": 10765, "date_create": 1582880934, "status": 6, "price": "0", "client_id": 3014911, "roistat": "\u043e\u0442 \u0437\u043d\u0430\u043a\u043e\u043c\u044b\u0445", "executor": "\u0421\u043e\u0431\u0435\u043d\u043d\u0438\u043a\u043e\u0432\u0430 \u041e\u043a\u0441\u0430\u043d\u0430 \u042e\u0440\u044c\u0435\u0432\u043d\u0430", "is_sale": false, "appointment_id": 5833243, "fields": {"1": "\u0421\u043e\u0431\u0435\u043d\u043d\u0438\u043a\u043e\u0432\u0430 \u041e\u043a\u0441\u0430\u043d\u0430 \u042e\u0440\u044c\u0435\u0432\u043d\u0430", "2": "https://klientiks.ru/clientix/client/default/id/3014911", "3": 10765}}, {"id": 6609779, "name": "Drakshadi_kashayam_200ml", "account_id": 10765, "date_create": 1582881396, "status": 6, "price": "850", "client_id": 3188843, "roistat": "\u0438\u043d\u0442\u0435\u0440\u043d\u0435\u0442", "executor": "\u0410\u0445\u043c\u0435\u0434\u043e\u0432\u0430 \u0422\u0430\u0442\u044c\u044f\u043d\u0430 \u041b\u0435\u043e\u043d\u0438\u0434\u043e\u0432\u043d\u0430", "is_sale": true, "appointment_id": 5853564, "fields": {"1": "\u0410\u0445\u043c\u0435\u0434\u043e\u0432\u0430 \u0422\u0430\u0442\u044c\u044f\u043d\u0430 \u041b\u0435\u043e\u043d\u0438\u0434\u043e\u0432\u043d\u0430", "2": "https://klientiks.ru/clientix/client/default/id/3188843", "3": 10765}}, {"id": 6609863, "name": "\u0423\u043c\u0430\u0441\u043b\u0438\u0432\u0430\u043d\u0438\u0435  (30 \u043c\u0438\u043d.),\u0428\u0438\u0440\u043e\u0434\u0445\u0430\u0440\u0430 (60 \u043c\u0438\u043d. \u0441\u0442\u0440\u0443\u044f\u0449\u0435\u0435\u0441\u044f \u043c\u0430\u0441\u043b\u043e \u043d\u0430 \u043b\u043e\u0431),\u0428\u0438\u0440\u043e\u0434\u0445\u0430\u0440\u0430 (60 \u043c\u0438\u043d. \u0441\u0442\u0440\u0443\u044f\u0449\u0435\u0435\u0441\u044f \u043c\u0430\u0441\u043b\u043e \u043d\u0430 \u043b\u043e\u0431),\u0423\u043c\u0430\u0441\u043b\u0438\u0432\u0430\u043d\u0438\u0435  (30 \u043c\u0438\u043d.)", "account_id": 10765, "date_create": 1582881858, "status": 6, "price": "0", "client_id": 3058502, "roistat": "\u043e\u0442 \u0437\u043d\u0430\u043a\u043e\u043c\u044b\u0445", "executor": "\u0424\u0438\u043b\u0438\u043f \u0412\u0438\u043c\u0430\u043b\u0430 \u0412\u0438\u043f\u0438\u043d", "is_sale": false, "appointment_id": 5853640, "fields": {"1": "\u0424\u0438\u043b\u0438\u043f \u0412\u0438\u043c\u0430\u043b\u0430 \u0412\u0438\u043f\u0438\u043d", "2": "https://klientiks.ru/clientix/client/default/id/3058502", "3": 10765}}, {"id": 6610697, "name": "\u0410\u044e\u0440\u0432\u0435\u0434\u0430 \u043a\u043e\u043d\u0441\u0443\u043b\u044c\u0442\u0430\u0446\u0438\u044f \u0432\u0440\u0430\u0447\u0430 (60 \u043c\u0438\u043d)", "account_id": 10765, "date_create": 1582886384, "status": 7, "price": null, "client_id": 3321057, "roistat": "\u0432\u043a", "executor": "\u041f\u0440\u0430\u0432\u0438\u043d \u0421\u0443\u0440\u0435\u043d\u0434\u0440\u0430\u043d\u043f\u0438\u043b\u0430\u0439 \u0412\u0430\u0441\u0430\u043d\u0442\u0430\u043a\u0443\u043c\u0430\u0440\u0438", "is_sale": false, "appointment_id": 5854476, "fields": {"1": "\u041f\u0440\u0430\u0432\u0438\u043d \u0421\u0443\u0440\u0435\u043d\u0434\u0440\u0430\u043d\u043f\u0438\u043b\u0430\u0439 \u0412\u0430\u0441\u0430\u043d\u0442\u0430\u043a\u0443\u043c\u0430\u0440\u0438", "2": "https://klientiks.ru/clientix/client/default/id/3321057", "3": 10765}}, {"id": 6611326, "name": "\u0410\u044e\u0440\u0432\u0435\u0434\u0430 \u043f\u043e\u0432\u0442\u043e\u0440\u043d\u0430\u044f \u043a\u043e\u043d\u0441\u0443\u043b\u044c\u0442\u0430\u0446\u0438\u044f \u0434\u043e\u043a\u0442\u043e\u0440\u0430 \u0412\u0430\u0440\u0443\u043d (30 \u043c\u0438\u043d.)", "account_id": 10765, "date_create": 1582889618, "status": 6, "price": "2000", "client_id": 2542180, "roistat": "\u043e\u0442 \u0437\u043d\u0430\u043a\u043e\u043c\u044b\u0445", "executor": "\u0412\u0430\u0440\u0443\u043d", "is_sale": false, "appointment_id": 5855067, "fields": {"1": "\u0412\u0430\u0440\u0443\u043d", "2": "https://klientiks.ru/clientix/client/default/id/2542180", "3": 10765}}, {"id": 6611774, "name": "\u0410\u044d\u0440\u043e\u0439\u043e\u0433\u0430 (90 \u043c\u0438\u043d)", "account_id": 10765, "date_create": 1582891766, "status": 6, "price": "0", "client_id": 1122031, "roistat": "\u0441\u043e\u0442\u0440\u0443\u0434\u043d\u0438\u043a", "executor": "\u0421\u043e\u0431\u0435\u043d\u043d\u0438\u043a\u043e\u0432\u0430 \u041e\u043a\u0441\u0430\u043d\u0430 \u042e\u0440\u044c\u0435\u0432\u043d\u0430", "is_sale": false, "appointment_id": 5543994, "fields": {"1": "\u0421\u043e\u0431\u0435\u043d\u043d\u0438\u043a\u043e\u0432\u0430 \u041e\u043a\u0441\u0430\u043d\u0430 \u042e\u0440\u044c\u0435\u0432\u043d\u0430", "2": "https://klientiks.ru/clientix/client/default/id/1122031", "3": 10765}}, {"id": 6611781, "name": "\u0410\u044d\u0440\u043e\u0439\u043e\u0433\u0430 (90 \u043c\u0438\u043d)", "account_id": 10765, "date_create": 1582891793, "status": 6, "price": "0", "client_id": 1109904, "roistat": "\u0441\u043e\u0442\u0440\u0443\u0434\u043d\u0438\u043a", "executor": "\u0421\u043e\u0431\u0435\u043d\u043d\u0438\u043a\u043e\u0432\u0430 \u041e\u043a\u0441\u0430\u043d\u0430 \u042e\u0440\u044c\u0435\u0432\u043d\u0430", "is_sale": false, "appointment_id": 5833284, "fields": {"1": "\u0421\u043e\u0431\u0435\u043d\u043d\u0438\u043a\u043e\u0432\u0430 \u041e\u043a\u0441\u0430\u043d\u0430 \u042e\u0440\u044c\u0435\u0432\u043d\u0430", "2": "https://klientiks.ru/clientix/client/default/id/1109904", "3": 10765}}, {"id": 6612051, "name": "\u0410\u044e\u0440\u0432\u0435\u0434\u0430 \u043f\u043e\u0432\u0442\u043e\u0440\u043d\u0430\u044f \u043a\u043e\u043d\u0441\u0443\u043b\u044c\u0442\u0430\u0446\u0438\u044f \u0432\u0440\u0430\u0447\u0430 \u0432 \u043d\u0430\u0437\u043d\u0430\u0447\u0435\u043d\u043d\u044b\u0439 \u0441\u0440\u043e\u043a (30 \u043c\u0438\u043d)", "account_id": 10765, "date_create": 1582893369, "status": 6, "price": "2000", "client_id": 1122769, "roistat": "\u0412\u0445\u043e\u0434\u044f\u0449\u0438\u0439 \u0437\u0432\u043e\u043d\u043e\u043a", "executor": "\u041f\u0440\u0430\u0432\u0438\u043d \u0421\u0443\u0440\u0435\u043d\u0434\u0440\u0430\u043d\u043f\u0438\u043b\u0430\u0439 \u0412\u0430\u0441\u0430\u043d\u0442\u0430\u043a\u0443\u043c\u0430\u0440\u0438", "is_sale": false, "appointment_id": 5855752, "fields": {"1": "\u041f\u0440\u0430\u0432\u0438\u043d \u0421\u0443\u0440\u0435\u043d\u0434\u0440\u0430\u043d\u043f\u0438\u043b\u0430\u0439 \u0412\u0430\u0441\u0430\u043d\u0442\u0430\u043a\u0443\u043c\u0430\u0440\u0438", "2": "https://klientiks.ru/clientix/client/default/id/1122769", "3": 10765}}, {"id": 6612512, "name": "\u0410\u044e\u0440\u0432\u0435\u0434\u0430 \u043f\u043e\u0432\u0442\u043e\u0440\u043d\u0430\u044f  \u043a\u043e\u043d\u0441\u0443\u043b\u044c\u0442\u0430\u0446\u0438\u044f \u0432\u0440\u0430\u0447\u0430 (30 \u043c\u0438\u043d)", "account_id": 10765, "date_create": 1582895755, "status": 7, "price": null, "client_id": 2758536, "roistat": "\u043e\u0442 \u0437\u043d\u0430\u043a\u043e\u043c\u044b\u0445", "executor": "\u041f\u0440\u0430\u0432\u0438\u043d \u0421\u0443\u0440\u0435\u043d\u0434\u0440\u0430\u043d\u043f\u0438\u043b\u0430\u0439 \u0412\u0430\u0441\u0430\u043d\u0442\u0430\u043a\u0443\u043c\u0430\u0440\u0438", "is_sale": false, "appointment_id": 5856150, "fields": {"1": "\u041f\u0440\u0430\u0432\u0438\u043d \u0421\u0443\u0440\u0435\u043d\u0434\u0440\u0430\u043d\u043f\u0438\u043b\u0430\u0439 \u0412\u0430\u0441\u0430\u043d\u0442\u0430\u043a\u0443\u043c\u0430\u0440\u0438", "2": "https://klientiks.ru/clientix/client/default/id/2758536", "3": 10765}}, {"id": 6613111, "name": "Sukumara_Kashayam_200 ml", "account_id": 10765, "date_create": 1582899890, "status": 6, "price": "800", "client_id": 3258794, "roistat": "\u0412\u0445\u043e\u0434\u044f\u0449\u0438\u0439 \u0437\u0432\u043e\u043d\u043e\u043a", "executor": "\u0410\u0445\u043c\u0435\u0434\u043e\u0432\u0430 \u0422\u0430\u0442\u044c\u044f\u043d\u0430 \u041b\u0435\u043e\u043d\u0438\u0434\u043e\u0432\u043d\u0430", "is_sale": true, "appointment_id": 5856720, "fields": {"1": "\u0410\u0445\u043c\u0435\u0434\u043e\u0432\u0430 \u0422\u0430\u0442\u044c\u044f\u043d\u0430 \u041b\u0435\u043e\u043d\u0438\u0434\u043e\u0432\u043d\u0430", "2": "https://klientiks.ru/clientix/client/default/id/3258794", "3": 10765}}, {"id": 6613142, "name": "\u0410\u044d\u0440\u043e\u0439\u043e\u0433\u0430 (90 \u043c\u0438\u043d)", "account_id": 10765, "date_create": 1582900096, "status": 6, "price": "800", "client_id": 3244018, "roistat": "\u0438\u043d\u0442\u0435\u0440\u043d\u0435\u0442", "executor": "\u0412\u043b\u0430\u0441\u043e\u0432\u0430 \u0415\u043b\u0435\u043d\u0430 \u0421\u0435\u0440\u0433\u0435\u0435\u0432\u043d\u0430", "is_sale": false, "appointment_id": 5762040, "fields": {"1": "\u0412\u043b\u0430\u0441\u043e\u0432\u0430 \u0415\u043b\u0435\u043d\u0430 \u0421\u0435\u0440\u0433\u0435\u0435\u0432\u043d\u0430", "2": "https://klientiks.ru/clientix/client/default/id/3244018", "3": 10765}}, {"id": 6613439, "name": "Brahmarasayanam_200ml,\u0428\u0430\u043c\u043f\u0443\u043d\u044c_Trichup,\u041a\u0430\u0440\u0434\u043e\u043c\u043e\u043d_\u0437\u0435\u043b\u0435\u043d\u044b\u0439,\u0428\u0430\u043c\u043f\u0443\u043d\u044c_Trichup,\u041a\u0430\u0440\u0434\u043e\u043c\u043e\u043d_\u0437\u0435\u043b\u0435\u043d\u044b\u0439,Brahmarasayanam_200ml,\u0428\u0430\u043c\u043f\u0443\u043d\u044c_Trichup,\u041a\u0430\u0440\u0434\u043e\u043c\u043e\u043d_\u0437\u0435\u043b\u0435\u043d\u044b\u0439,Brahmarasayanam_200ml", "account_id": 10765, "date_create": 1582901878, "status": 6, "price": "1250", "client_id": 3276868, "roistat": "\u0412\u0445\u043e\u0434\u044f\u0449\u0438\u0439 \u0437\u0432\u043e\u043d\u043e\u043a", "executor": "\u0410\u0445\u043c\u0435\u0434\u043e\u0432\u0430 \u0422\u0430\u0442\u044c\u044f\u043d\u0430 \u041b\u0435\u043e\u043d\u0438\u0434\u043e\u0432\u043d\u0430", "is_sale": true, "appointment_id": 5857007, "fields": {"1": "\u0410\u0445\u043c\u0435\u0434\u043e\u0432\u0430 \u0422\u0430\u0442\u044c\u044f\u043d\u0430 \u041b\u0435\u043e\u043d\u0438\u0434\u043e\u0432\u043d\u0430", "2": "https://klientiks.ru/clientix/client/default/id/3276868", "3": 10765}}, {"id": 6613600, "name": "Arjunarishtam_450ml", "account_id": 10765, "date_create": 1582902783, "status": 6, "price": "835", "client_id": 2623071, "roistat": "\u0441\u043e\u0442\u0440\u0443\u0434\u043d\u0438\u043a", "executor": "\u0410\u0445\u043c\u0435\u0434\u043e\u0432\u0430 \u0422\u0430\u0442\u044c\u044f\u043d\u0430 \u041b\u0435\u043e\u043d\u0438\u0434\u043e\u0432\u043d\u0430", "is_sale": true, "appointment_id": 5857122, "fields": {"1": "\u0410\u0445\u043c\u0435\u0434\u043e\u0432\u0430 \u0422\u0430\u0442\u044c\u044f\u043d\u0430 \u041b\u0435\u043e\u043d\u0438\u0434\u043e\u0432\u043d\u0430", "2": "https://klientiks.ru/clientix/client/default/id/2623071", "3": 10765}}, {"id": 6614597, "name": "\u0410\u044e\u0440\u0432\u0435\u0434\u0430 \u043f\u043e\u0432\u0442\u043e\u0440\u043d\u0430\u044f \u043a\u043e\u043d\u0441\u0443\u043b\u044c\u0442\u0430\u0446\u0438\u044f \u0432\u0440\u0430\u0447\u0430 \u0432 \u043d\u0430\u0437\u043d\u0430\u0447\u0435\u043d\u043d\u044b\u0439 \u0441\u0440\u043e\u043a (30 \u043c\u0438\u043d)", "account_id": 10765, "date_create": 1582905636, "status": 6, "price": "2000", "client_id": 1383790, "roistat": "\u0421\u043e\u0432\u0435\u0442 \u0414\u0440\u0443\u0437\u0435\u0439", "executor": "\u041f\u0440\u0430\u0432\u0438\u043d \u0421\u0443\u0440\u0435\u043d\u0434\u0440\u0430\u043d\u043f\u0438\u043b\u0430\u0439 \u0412\u0430\u0441\u0430\u043d\u0442\u0430\u043a\u0443\u043c\u0430\u0440\u0438", "is_sale": false, "appointment_id": 5857428, "fields": {"1": "\u041f\u0440\u0430\u0432\u0438\u043d \u0421\u0443\u0440\u0435\u043d\u0434\u0440\u0430\u043d\u043f\u0438\u043b\u0430\u0439 \u0412\u0430\u0441\u0430\u043d\u0442\u0430\u043a\u0443\u043c\u0430\u0440\u0438", "2": "https://klientiks.ru/clientix/client/default/id/1383790", "3": 10765}}, {"id": 6614744, "name": "\u041a\u0430\u043b\u0430\u0440\u0438 \u043c\u0430\u0441\u0441\u0430\u0436 (60 \u043c\u0438\u043d. \u043d\u043e\u0436\u043d\u043e\u0439 \u043c\u0430\u0441\u043b\u044f\u043d\u044b\u0439 \u043c\u0430\u0441\u0441\u0430\u0436)", "account_id": 10765, "date_create": 1582906765, "status": 6, "price": "0", "client_id": 2936299, "roistat": "\u0412\u0445\u043e\u0434\u044f\u0449\u0438\u0439 \u0437\u0432\u043e\u043d\u043e\u043a,\u043e\u0442 \u0437\u043d\u0430\u043a\u043e\u043c\u044b\u0445", "executor": "\u0424\u0438\u043b\u0438\u043f \u0412\u0438\u043c\u0430\u043b\u0430 \u0412\u0438\u043f\u0438\u043d", "is_sale": false, "appointment_id": 5857568, "fields": {"1": "\u0424\u0438\u043b\u0438\u043f \u0412\u0438\u043c\u0430\u043b\u0430 \u0412\u0438\u043f\u0438\u043d", "2": "https://klientiks.ru/clientix/client/default/id/2936299", "3": 10765}}, {"id": 6614748, "name": "\u0410\u0431\u0445\u044a\u044f\u043d\u0433\u0430 \u043c\u0430\u0441\u0441\u0430\u0436 (60 \u043c\u0438\u043d. \u0440\u0443\u0447\u043d\u043e\u0439 \u043c\u0430\u0441\u043b\u044f\u043d\u044b\u0439 \u043c\u0430\u0441\u0441\u0430\u0436 \u0432 2 \u0440\u0443\u043a\u0438)", "account_id": 10765, "date_create": 1582906812, "status": 6, "price": "0", "client_id": 2936299, "roistat": "\u0412\u0445\u043e\u0434\u044f\u0449\u0438\u0439 \u0437\u0432\u043e\u043d\u043e\u043a,\u043e\u0442 \u0437\u043d\u0430\u043a\u043e\u043c\u044b\u0445", "executor": "\u041d\u0438\u0431\u0438\u043d \u041a\u043e\u0434\u0430\u0442 \u0414\u0438\u043d\u0435\u0441\u0430\u043d", "is_sale": false, "appointment_id": 5857573, "fields": {"1": "\u041d\u0438\u0431\u0438\u043d \u041a\u043e\u0434\u0430\u0442 \u0414\u0438\u043d\u0435\u0441\u0430\u043d", "2": "https://klientiks.ru/clientix/client/default/id/2936299", "3": 10765}}, {"id": 6614839, "name": "\u0423\u043c\u0430\u0441\u043b\u0438\u0432\u0430\u043d\u0438\u0435  (30 \u043c\u0438\u043d.)", "account_id": 10765, "date_create": 1582907560, "status": 6, "price": "1440", "client_id": 1123631, "roistat": "\u043f\u043e\u0441\u0442\u043e\u044f\u043d\u043d\u044b\u0439 \u043a\u043b\u0438\u0435\u043d\u0442", "executor": "\u0428\u0440\u0438\u0442\u0430", "is_sale": false, "appointment_id": 5857654, "fields": {"1": "\u0428\u0440\u0438\u0442\u0430", "2": "https://klientiks.ru/clientix/client/default/id/1123631", "3": 10765}}, {"id": 6614872, "name": "\u0423\u043c\u0430\u0441\u043b\u0438\u0432\u0430\u043d\u0438\u0435  (30 \u043c\u0438\u043d.)", "account_id": 10765, "date_create": 1582908126, "status": 6, "price": "1440", "client_id": 1123631, "roistat": "\u043f\u043e\u0441\u0442\u043e\u044f\u043d\u043d\u044b\u0439 \u043a\u043b\u0438\u0435\u043d\u0442", "executor": "\u0428\u0440\u0438\u0442\u0430", "is_sale": false, "appointment_id": 5857693, "fields": {"1": "\u0428\u0440\u0438\u0442\u0430", "2": "https://klientiks.ru/clientix/client/default/id/1123631", "3": 10765}}, {"id": 6614880, "name": "Koflet_1_\u043a\u043e\u043d\u0444\u0435\u0442\u0430", "account_id": 10765, "date_create": 1582908200, "status": 6, "price": "150", "client_id": 1123631, "roistat": "\u043f\u043e\u0441\u0442\u043e\u044f\u043d\u043d\u044b\u0439 \u043a\u043b\u0438\u0435\u043d\u0442", "executor": "\u0410\u0445\u043c\u0435\u0434\u043e\u0432\u0430 \u0422\u0430\u0442\u044c\u044f\u043d\u0430 \u041b\u0435\u043e\u043d\u0438\u0434\u043e\u0432\u043d\u0430", "is_sale": true, "appointment_id": 5857701, "fields": {"1": "\u0410\u0445\u043c\u0435\u0434\u043e\u0432\u0430 \u0422\u0430\u0442\u044c\u044f\u043d\u0430 \u041b\u0435\u043e\u043d\u0438\u0434\u043e\u0432\u043d\u0430", "2": "https://klientiks.ru/clientix/client/default/id/1123631", "3": 10765}}, {"id": 6614887, "name": "\u041a\u0430\u043b\u0430\u0440\u0438 \u043c\u0430\u0441\u0441\u0430\u0436 (60 \u043c\u0438\u043d. \u043d\u043e\u0436\u043d\u043e\u0439 \u043c\u0430\u0441\u043b\u044f\u043d\u044b\u0439 \u043c\u0430\u0441\u0441\u0430\u0436)", "account_id": 10765, "date_create": 1582908326, "status": 6, "price": "0", "client_id": 2936299, "roistat": "\u0412\u0445\u043e\u0434\u044f\u0449\u0438\u0439 \u0437\u0432\u043e\u043d\u043e\u043a,\u043e\u0442 \u0437\u043d\u0430\u043a\u043e\u043c\u044b\u0445", "executor": "\u0424\u0438\u043b\u0438\u043f \u0412\u0438\u043c\u0430\u043b\u0430 \u0412\u0438\u043f\u0438\u043d", "is_sale": false, "appointment_id": 5857708, "fields": {"1": "\u0424\u0438\u043b\u0438\u043f \u0412\u0438\u043c\u0430\u043b\u0430 \u0412\u0438\u043f\u0438\u043d", "2": "https://klientiks.ru/clientix/client/default/id/2936299", "3": 10765}}, {"id": 6614892, "name": "\u041a\u0430\u043b\u0430\u0440\u0438 \u043c\u0430\u0441\u0441\u0430\u0436 (60 \u043c\u0438\u043d. \u043d\u043e\u0436\u043d\u043e\u0439 \u043c\u0430\u0441\u043b\u044f\u043d\u044b\u0439 \u043c\u0430\u0441\u0441\u0430\u0436)", "account_id": 10765, "date_create": 1582908371, "status": 7, "price": null, "client_id": 2936299, "roistat": "\u0412\u0445\u043e\u0434\u044f\u0449\u0438\u0439 \u0437\u0432\u043e\u043d\u043e\u043a,\u043e\u0442 \u0437\u043d\u0430\u043a\u043e\u043c\u044b\u0445", "executor": "\u0424\u0438\u043b\u0438\u043f \u0412\u0438\u043c\u0430\u043b\u0430 \u0412\u0438\u043f\u0438\u043d", "is_sale": false, "appointment_id": 5857714, "fields": {"1": "\u0424\u0438\u043b\u0438\u043f \u0412\u0438\u043c\u0430\u043b\u0430 \u0412\u0438\u043f\u0438\u043d", "2": "https://klientiks.ru/clientix/client/default/id/2936299", "3": 10765}}, {"id": 6616355, "name": "\u041c\u0443\u043a\u0445\u0430\u0431\u0445\u044a\u044f\u043d\u0433\u0430 (30 \u043c\u0438\u043d. \u043c\u0430\u0441\u0441\u0430\u0436 \u043b\u0438\u0446\u0430),\u0410\u0431\u0445\u044a\u044f\u043d\u0433\u0430 \u043c\u0430\u0441\u0441\u0430\u0436 (60 \u043c\u0438\u043d. \u0440\u0443\u0447\u043d\u043e\u0439 \u043c\u0430\u0441\u043b\u044f\u043d\u044b\u0439 \u043c\u0430\u0441\u0441\u0430\u0436 \u0432 2 \u0440\u0443\u043a\u0438),\u041c\u0443\u043a\u0445\u0430\u0431\u0445\u044a\u044f\u043d\u0433\u0430 (30 \u043c\u0438\u043d. \u043c\u0430\u0441\u0441\u0430\u0436 \u043b\u0438\u0446\u0430),\u0410\u0431\u0445\u044a\u044f\u043d\u0433\u0430 \u043c\u0430\u0441\u0441\u0430\u0436 (60 \u043c\u0438\u043d. \u0440\u0443\u0447\u043d\u043e\u0439 \u043c\u0430\u0441\u043b\u044f\u043d\u044b\u0439 \u043c\u0430\u0441\u0441\u0430\u0436 \u0432 2 \u0440\u0443\u043a\u0438)", "account_id": 10765, "date_create": 1582958255, "status": 6, "price": "4400", "client_id": 2942716, "roistat": "\u0412\u0445\u043e\u0434\u044f\u0449\u0438\u0439 \u0437\u0432\u043e\u043d\u043e\u043a", "executor": "\u0428\u0440\u0438\u0442\u0430", "is_sale": false, "appointment_id": 5858940, "fields": {"1": "\u0428\u0440\u0438\u0442\u0430", "2": "https://klientiks.ru/clientix/client/default/id/2942716", "3": 10765}}, {"id": 6616633, "name": "\u0410\u044e\u0440\u0432\u0435\u0434\u0430 \u043a\u043e\u043d\u0441\u0443\u043b\u044c\u0442\u0430\u0446\u0438\u044f \u0432\u0440\u0430\u0447\u0430 (60 \u043c\u0438\u043d)", "account_id": 10765, "date_create": 1582960279, "status": 7, "price": null, "client_id": 3332399, "roistat": "\u0412\u0445\u043e\u0434\u044f\u0449\u0438\u0439 \u0437\u0432\u043e\u043d\u043e\u043a,\u0418\u043d\u0442\u0435\u0440\u043d\u0435\u0442", "executor": "\u041f\u0440\u0430\u0432\u0438\u043d \u0421\u0443\u0440\u0435\u043d\u0434\u0440\u0430\u043d\u043f\u0438\u043b\u0430\u0439 \u0412\u0430\u0441\u0430\u043d\u0442\u0430\u043a\u0443\u043c\u0430\u0440\u0438", "is_sale": false, "appointment_id": 5859207, "fields": {"1": "\u041f\u0440\u0430\u0432\u0438\u043d \u0421\u0443\u0440\u0435\u043d\u0434\u0440\u0430\u043d\u043f\u0438\u043b\u0430\u0439 \u0412\u0430\u0441\u0430\u043d\u0442\u0430\u043a\u0443\u043c\u0430\u0440\u0438", "2": "https://klientiks.ru/clientix/client/default/id/3332399", "3": 10765}}, {"id": 6617138, "name": "Tiktaka_Kwatham_100tab", "account_id": 10765, "date_create": 1582962755, "status": 6, "price": "1250", "client_id": 2695457, "roistat": "\u043e\u0442 \u0437\u043d\u0430\u043a\u043e\u043c\u044b\u0445", "executor": "\u0410\u0445\u043c\u0435\u0434\u043e\u0432\u0430 \u0422\u0430\u0442\u044c\u044f\u043d\u0430 \u041b\u0435\u043e\u043d\u0438\u0434\u043e\u0432\u043d\u0430", "is_sale": true, "appointment_id": 5859697, "fields": {"1": "\u0410\u0445\u043c\u0435\u0434\u043e\u0432\u0430 \u0422\u0430\u0442\u044c\u044f\u043d\u0430 \u041b\u0435\u043e\u043d\u0438\u0434\u043e\u0432\u043d\u0430", "2": "https://klientiks.ru/clientix/client/default/id/2695457", "3": 10765}}, {"id": 6617942, "name": "\u041a\u043e\u043d\u0441\u0443\u043b\u044c\u0442\u0430\u0446\u0438\u044f \u0430\u0441\u0442\u0440\u043e\u043b\u043e\u0433\u0430 \u0420\u0430\u0433\u0445\u0443\u043d\u0430\u0442\u0445  \u0441\u043a\u0430\u0439\u043f", "account_id": 10765, "date_create": 1582966621, "status": 7, "price": null, "client_id": 3325787, "roistat": "\u0412\u0445\u043e\u0434\u044f\u0449\u0438\u0439 \u0437\u0432\u043e\u043d\u043e\u043a,\u0418\u043d\u0442\u0435\u0440\u043d\u0435\u0442", "executor": "\u0420\u0430\u0433\u0445\u0443\u043d\u0430\u0442\u0445 \u041c\u0435\u043d\u043e\u043d", "is_sale": false, "appointment_id": 5860448, "fields": {"1": "\u0420\u0430\u0433\u0445\u0443\u043d\u0430\u0442\u0445 \u041c\u0435\u043d\u043e\u043d", "2": "https://klientiks.ru/clientix/client/default/id/3325787", "3": 10765}}, {"id": 6618358, "name": "\u0410\u044e\u0440\u0432\u0435\u0434\u0430 \u043a\u043e\u043d\u0441\u0443\u043b\u044c\u0442\u0430\u0446\u0438\u044f \u0432\u0440\u0430\u0447\u0430 (60 \u043c\u0438\u043d)", "account_id": 10765, "date_create": 1582968635, "status": 6, "price": "3200", "client_id": 3332878, "roistat": "\u0412\u0445\u043e\u0434\u044f\u0449\u0438\u0439 \u0437\u0432\u043e\u043d\u043e\u043a", "executor": "\u041f\u0440\u0430\u0432\u0438\u043d \u0421\u0443\u0440\u0435\u043d\u0434\u0440\u0430\u043d\u043f\u0438\u043b\u0430\u0439 \u0412\u0430\u0441\u0430\u043d\u0442\u0430\u043a\u0443\u043c\u0430\u0440\u0438", "is_sale": false, "appointment_id": 5860861, "fields": {"1": "\u041f\u0440\u0430\u0432\u0438\u043d \u0421\u0443\u0440\u0435\u043d\u0434\u0440\u0430\u043d\u043f\u0438\u043b\u0430\u0439 \u0412\u0430\u0441\u0430\u043d\u0442\u0430\u043a\u0443\u043c\u0430\u0440\u0438", "2": "https://klientiks.ru/clientix/client/default/id/3332878", "3": 10765}}, {"id": 6618409, "name": "\u0410\u044e\u0440\u0432\u0435\u0434\u0430 \u043a\u043e\u043d\u0441\u0443\u043b\u044c\u0442\u0430\u0446\u0438\u044f \u0432\u0440\u0430\u0447\u0430 (60 \u043c\u0438\u043d)", "account_id": 10765, "date_create": 1582968860, "status": 6, "price": "3200", "client_id": 3332903, "roistat": "\u0412\u0445\u043e\u0434\u044f\u0449\u0438\u0439 \u0437\u0432\u043e\u043d\u043e\u043a,\u0418\u043d\u0442\u0435\u0440\u043d\u0435\u0442", "executor": "\u041f\u0440\u0430\u0432\u0438\u043d \u0421\u0443\u0440\u0435\u043d\u0434\u0440\u0430\u043d\u043f\u0438\u043b\u0430\u0439 \u0412\u0430\u0441\u0430\u043d\u0442\u0430\u043a\u0443\u043c\u0430\u0440\u0438", "is_sale": false, "appointment_id": 5860916, "fields": {"1": "\u041f\u0440\u0430\u0432\u0438\u043d \u0421\u0443\u0440\u0435\u043d\u0434\u0440\u0430\u043d\u043f\u0438\u043b\u0430\u0439 \u0412\u0430\u0441\u0430\u043d\u0442\u0430\u043a\u0443\u043c\u0430\u0440\u0438", "2": "https://klientiks.ru/clientix/client/default/id/3332903", "3": 10765}}, {"id": 6618428, "name": "Septilin_Himalaya_60 tab,Avipathi_choornam_30g,\u041a\u0443\u043d\u0436\u0443\u0442\u043d\u043e\u0435_\u043c\u0430\u0441\u043b\u043e_\u041a\u0430\u043c\u0430\u043b\u0430,Drakshadi_kashayam_200ml,Drakshadi_kashayam_200ml,Ashwagandha_60tab_Kutir's,Septilin_Himalaya_60 tab,Drakshadi_kashayam_200ml,\u041a\u0443\u043d\u0436\u0443\u0442\u043d\u043e\u0435_\u043c\u0430\u0441\u043b\u043e_\u041a\u0430\u043c\u0430\u043b\u0430,Avipathi_choornam_30g,Ashwagandha_60tab_Kutir's,Septilin_Himalaya_60 tab,Drakshadi_kashayam_200ml,\u041a\u0443\u043d\u0436\u0443\u0442\u043d\u043e\u0435_\u043c\u0430\u0441\u043b\u043e_\u041a\u0430\u043c\u0430\u043b\u0430,Avipathi_choornam_30g,Ashwagandha_60tab_Kutir's,Septilin_Himalaya_60 tab,Ashwagandha_60tab_Kutir's,Avipathi_choornam_30g,\u041a\u0443\u043d\u0436\u0443\u0442\u043d\u043e\u0435_\u043c\u0430\u0441\u043b\u043e_\u041a\u0430\u043c\u0430\u043b\u0430,Drakshadi_kashayam_200ml,Septilin_Himalaya_60 tab,Ashwagandha_60tab_Kutir's,Avipathi_choornam_30g,\u041a\u0443\u043d\u0436\u0443\u0442\u043d\u043e\u0435_\u043c\u0430\u0441\u043b\u043e_\u041a\u0430\u043c\u0430\u043b\u0430", "account_id": 10765, "date_create": 1582968967, "status": 6, "price": "1750", "client_id": 3255176, "roistat": "\u043e\u0442 \u0437\u043d\u0430\u043a\u043e\u043c\u044b\u0445,\u0418\u043d\u0442\u0435\u0440\u043d\u0435\u0442", "executor": "\u0410\u0445\u043c\u0435\u0434\u043e\u0432\u0430 \u0422\u0430\u0442\u044c\u044f\u043d\u0430 \u041b\u0435\u043e\u043d\u0438\u0434\u043e\u0432\u043d\u0430", "is_sale": true, "appointment_id": 5860936, "fields": {"1": "\u0410\u0445\u043c\u0435\u0434\u043e\u0432\u0430 \u0422\u0430\u0442\u044c\u044f\u043d\u0430 \u041b\u0435\u043e\u043d\u0438\u0434\u043e\u0432\u043d\u0430", "2": "https://klientiks.ru/clientix/client/default/id/3255176", "3": 10765}}, {"id": 6618714, "name": "\u0410\u0431\u0445\u044a\u044f\u043d\u0433\u0430 \u043c\u0430\u0441\u0441\u0430\u0436 (60 \u043c\u0438\u043d. \u0440\u0443\u0447\u043d\u043e\u0439 \u043c\u0430\u0441\u043b\u044f\u043d\u044b\u0439 \u043c\u0430\u0441\u0441\u0430\u0436 \u0432 2 \u0440\u0443\u043a\u0438)", "account_id": 10765, "date_create": 1582970573, "status": 6, "price": "3200", "client_id": 3255176, "roistat": "\u043e\u0442 \u0437\u043d\u0430\u043a\u043e\u043c\u044b\u0445,\u0418\u043d\u0442\u0435\u0440\u043d\u0435\u0442", "executor": "\u0428\u0440\u0438\u0442\u0430", "is_sale": false, "appointment_id": 5727454, "fields": {"1": "\u0428\u0440\u0438\u0442\u0430", "2": "https://klientiks.ru/clientix/client/default/id/3255176", "3": 10765}}, {"id": 6619065, "name": "\u0410\u044e\u0440\u0432\u0435\u0434\u0430 \u043f\u043e\u0432\u0442\u043e\u0440\u043d\u0430\u044f \u043a\u043e\u043d\u0441\u0443\u043b\u044c\u0442\u0430\u0446\u0438\u044f \u0432\u0440\u0430\u0447\u0430 \u0432 \u043d\u0430\u0437\u043d\u0430\u0447\u0435\u043d\u043d\u044b\u0439 \u0441\u0440\u043e\u043a (30 \u043c\u0438\u043d)", "account_id": 10765, "date_create": 1582972818, "status": 7, "price": null, "client_id": 3255176, "roistat": "\u043e\u0442 \u0437\u043d\u0430\u043a\u043e\u043c\u044b\u0445,\u0418\u043d\u0442\u0435\u0440\u043d\u0435\u0442", "executor": "\u041f\u0440\u0430\u0432\u0438\u043d \u0421\u0443\u0440\u0435\u043d\u0434\u0440\u0430\u043d\u043f\u0438\u043b\u0430\u0439 \u0412\u0430\u0441\u0430\u043d\u0442\u0430\u043a\u0443\u043c\u0430\u0440\u0438", "is_sale": false, "appointment_id": 5861541, "fields": {"1": "\u041f\u0440\u0430\u0432\u0438\u043d \u0421\u0443\u0440\u0435\u043d\u0434\u0440\u0430\u043d\u043f\u0438\u043b\u0430\u0439 \u0412\u0430\u0441\u0430\u043d\u0442\u0430\u043a\u0443\u043c\u0430\u0440\u0438", "2": "https://klientiks.ru/clientix/client/default/id/3255176", "3": 10765}}, {"id": 6619635, "name": "\u0410\u0431\u0445\u044a\u044f\u043d\u0433\u0430 \u043c\u0430\u0441\u0441\u0430\u0436 (60 \u043c\u0438\u043d. \u0440\u0443\u0447\u043d\u043e\u0439 \u043c\u0430\u0441\u043b\u044f\u043d\u044b\u0439 \u043c\u0430\u0441\u0441\u0430\u0436 \u0432 2 \u0440\u0443\u043a\u0438)", "account_id": 10765, "date_create": 1582976474, "status": 7, "price": null, "client_id": 2319865, "roistat": "\u0412\u0445\u043e\u0434\u044f\u0449\u0438\u0439 \u0437\u0432\u043e\u043d\u043e\u043a", "executor": "\u0410\u043f\u043f\u043e", "is_sale": false, "appointment_id": 5862108, "fields": {"1": "\u0410\u043f\u043f\u043e", "2": "https://klientiks.ru/clientix/client/default/id/2319865", "3": 10765}}, {"id": 6619896, "name": "\u041a\u0438\u0436\u0438 \u043c\u0430\u0441\u0441\u0430\u0436 (60 \u043c\u0438\u043d. \u043f\u0438\u043d\u0434\u0430\u0441\u0432\u0435\u0434\u0430\u043d\u0430, \u043c\u0430\u0441\u0441\u0430\u0436 \u043c\u0435\u0448\u043e\u0447\u043a\u0430\u043c\u0438 \u0432 2 \u0440\u0443\u043a\u0438)", "account_id": 10765, "date_create": 1582978641, "status": 7, "price": null, "client_id": 3122840, "roistat": "\u0420\u043e\u0434\u0441\u0442\u0432\u0435\u043d\u043d\u0438\u043a \u043d\u0430\u0448\u0435\u0433\u043e \u043a\u043b\u0438\u0435\u043d\u0442\u0430", "executor": "\u0424\u0438\u043b\u0438\u043f \u0412\u0438\u043c\u0430\u043b\u0430 \u0412\u0438\u043f\u0438\u043d", "is_sale": false, "appointment_id": 5862352, "fields": {"1": "\u0424\u0438\u043b\u0438\u043f \u0412\u0438\u043c\u0430\u043b\u0430 \u0412\u0438\u043f\u0438\u043d", "2": "https://klientiks.ru/clientix/client/default/id/3122840", "3": 10765}}, {"id": 6620022, "name": "\u0410\u044e\u0440\u0432\u0435\u0434\u0430 \u043f\u043e\u0432\u0442\u043e\u0440\u043d\u0430\u044f  \u043a\u043e\u043d\u0441\u0443\u043b\u044c\u0442\u0430\u0446\u0438\u044f \u043f\u0440\u0438\u0433\u043b\u0430\u0448\u0435\u043d\u043d\u043e\u0433\u043e \u0441\u043f\u0435\u0446\u0438\u0430\u043b\u0438\u0441\u0442\u0430 (30 \u043c\u0438\u043d)", "account_id": 10765, "date_create": 1582979786, "status": 6, "price": "2500", "client_id": 2823274, "roistat": "\u0421\u043e\u0432\u0435\u0442 \u0414\u0440\u0443\u0437\u0435\u0439,\u0438\u043d\u0442\u0435\u0440\u043d\u0435\u0442", "executor": "\u0414\u0436\u0430\u0442\u0445\u0430\u0432 \u041f\u0430\u0440\u0435\u0448", "is_sale": false, "appointment_id": 5862466, "fields": {"1": "\u0414\u0436\u0430\u0442\u0445\u0430\u0432 \u041f\u0430\u0440\u0435\u0448", "2": "https://klientiks.ru/clientix/client/default/id/2823274", "3": 10765}}, {"id": 6620738, "name": "\u0410\u0431\u0445\u044a\u044f\u043d\u0433\u0430 \u043c\u0430\u0441\u0441\u0430\u0436 (60 \u043c\u0438\u043d. \u0440\u0443\u0447\u043d\u043e\u0439 \u043c\u0430\u0441\u043b\u044f\u043d\u044b\u0439 \u043c\u0430\u0441\u0441\u0430\u0436 \u0432 2 \u0440\u0443\u043a\u0438),\u0421\u0435\u0430\u043d\u0441 \u0432 \u043a\u0435\u0434\u0440\u043e\u0432\u043e\u0439 \u0431\u043e\u0447\u043a\u0435 \u0441 \u0444\u0438\u0442\u043e\u0441\u0431\u043e\u0440\u043e\u043c,\u0410\u0431\u0445\u044a\u044f\u043d\u0433\u0430 \u043c\u0430\u0441\u0441\u0430\u0436 (60 \u043c\u0438\u043d. \u0440\u0443\u0447\u043d\u043e\u0439 \u043c\u0430\u0441\u043b\u044f\u043d\u044b\u0439 \u043c\u0430\u0441\u0441\u0430\u0436 \u0432 2 \u0440\u0443\u043a\u0438),\u0421\u0435\u0430\u043d\u0441 \u0432 \u043a\u0435\u0434\u0440\u043e\u0432\u043e\u0439 \u0431\u043e\u0447\u043a\u0435 \u0441 \u0444\u0438\u0442\u043e\u0441\u0431\u043e\u0440\u043e\u043c", "account_id": 10765, "date_create": 1582985690, "status": 6, "price": "0", "client_id": 3263662, "roistat": "\u043f\u043e\u0441\u0442\u043e\u044f\u043d\u043d\u044b\u0439 \u043a\u043b\u0438\u0435\u043d\u0442", "executor": "\u0428\u0440\u0438\u0442\u0430", "is_sale": false, "appointment_id": 5863078, "fields": {"1": "\u0428\u0440\u0438\u0442\u0430", "2": "https://klientiks.ru/clientix/client/default/id/3263662", "3": 10765}}, {"id": 6620742, "name": "\u0412\u0438\u0440\u0435\u0447\u0430\u043d\u0430 (\u0441\u043b\u0430\u0431\u0438\u0442\u0435\u043b\u044c\u043d\u0430\u044f \u0442\u0435\u0440\u0430\u043f\u0438\u044f),\u041a\u0430\u043b\u0430\u0440\u0438 \u043c\u0430\u0441\u0441\u0430\u0436 (60 \u043c\u0438\u043d. \u043d\u043e\u0436\u043d\u043e\u0439 \u043c\u0430\u0441\u043b\u044f\u043d\u044b\u0439 \u043c\u0430\u0441\u0441\u0430\u0436),\u041a\u0430\u043b\u0430\u0440\u0438 \u043c\u0430\u0441\u0441\u0430\u0436 (60 \u043c\u0438\u043d. \u043d\u043e\u0436\u043d\u043e\u0439 \u043c\u0430\u0441\u043b\u044f\u043d\u044b\u0439 \u043c\u0430\u0441\u0441\u0430\u0436),\u0412\u0438\u0440\u0435\u0447\u0430\u043d\u0430 (\u0441\u043b\u0430\u0431\u0438\u0442\u0435\u043b\u044c\u043d\u0430\u044f \u0442\u0435\u0440\u0430\u043f\u0438\u044f)", "account_id": 10765, "date_create": 1582985730, "status": 6, "price": "0", "client_id": 3263662, "roistat": "\u043f\u043e\u0441\u0442\u043e\u044f\u043d\u043d\u044b\u0439 \u043a\u043b\u0438\u0435\u043d\u0442", "executor": "\u0428\u0440\u0438\u0442\u0430", "is_sale": false, "appointment_id": 5863080, "fields": {"1": "\u0428\u0440\u0438\u0442\u0430", "2": "https://klientiks.ru/clientix/client/default/id/3263662", "3": 10765}}, {"id": 6620748, "name": "\u041a\u0438\u0436\u0438 \u043d\u0430 \u0447\u0430\u0441\u0442\u0438 \u0442\u0435\u043b\u0430 (30 \u043c\u0438\u043d),\u041a\u0438\u0436\u0438 \u043d\u0430 \u0447\u0430\u0441\u0442\u0438 \u0442\u0435\u043b\u0430 (30 \u043c\u0438\u043d),\u0410\u0431\u0445\u044a\u044f\u043d\u0433\u0430 \u043c\u0430\u0441\u0441\u0430\u0436 (60 \u043c\u0438\u043d. \u0440\u0443\u0447\u043d\u043e\u0439 \u043c\u0430\u0441\u043b\u044f\u043d\u044b\u0439 \u043c\u0430\u0441\u0441\u0430\u0436 \u0432 2 \u0440\u0443\u043a\u0438),\u0410\u0431\u0445\u044a\u044f\u043d\u0433\u0430 \u043c\u0430\u0441\u0441\u0430\u0436 (60 \u043c\u0438\u043d. \u0440\u0443\u0447\u043d\u043e\u0439 \u043c\u0430\u0441\u043b\u044f\u043d\u044b\u0439 \u043c\u0430\u0441\u0441\u0430\u0436 \u0432 2 \u0440\u0443\u043a\u0438)", "account_id": 10765, "date_create": 1582985805, "status": 6, "price": "0", "client_id": 3263662, "roistat": "\u043f\u043e\u0441\u0442\u043e\u044f\u043d\u043d\u044b\u0439 \u043a\u043b\u0438\u0435\u043d\u0442", "executor": "\u041d\u0438\u0431\u0438\u043d \u041a\u043e\u0434\u0430\u0442 \u0414\u0438\u043d\u0435\u0441\u0430\u043d", "is_sale": false, "appointment_id": 5863085, "fields": {"1": "\u041d\u0438\u0431\u0438\u043d \u041a\u043e\u0434\u0430\u0442 \u0414\u0438\u043d\u0435\u0441\u0430\u043d", "2": "https://klientiks.ru/clientix/client/default/id/3263662", "3": 10765}}, {"id": 6620754, "name": "\u041a\u0438\u0436\u0438 \u043d\u0430 \u0447\u0430\u0441\u0442\u0438 \u0442\u0435\u043b\u0430 (30 \u043c\u0438\u043d),\u041a\u0438\u0436\u0438 \u043d\u0430 \u0447\u0430\u0441\u0442\u0438 \u0442\u0435\u043b\u0430 (30 \u043c\u0438\u043d),\u0410\u0431\u0445\u044a\u044f\u043d\u0433\u0430 \u043c\u0430\u0441\u0441\u0430\u0436 (60 \u043c\u0438\u043d. \u0440\u0443\u0447\u043d\u043e\u0439 \u043c\u0430\u0441\u043b\u044f\u043d\u044b\u0439 \u043c\u0430\u0441\u0441\u0430\u0436 \u0432 2 \u0440\u0443\u043a\u0438),\u0410\u0431\u0445\u044a\u044f\u043d\u0433\u0430 \u043c\u0430\u0441\u0441\u0430\u0436 (60 \u043c\u0438\u043d. \u0440\u0443\u0447\u043d\u043e\u0439 \u043c\u0430\u0441\u043b\u044f\u043d\u044b\u0439 \u043c\u0430\u0441\u0441\u0430\u0436 \u0432 2 \u0440\u0443\u043a\u0438)", "account_id": 10765, "date_create": 1582985849, "status": 6, "price": "0", "client_id": 3263662, "roistat": "\u043f\u043e\u0441\u0442\u043e\u044f\u043d\u043d\u044b\u0439 \u043a\u043b\u0438\u0435\u043d\u0442", "executor": "\u041d\u0438\u0431\u0438\u043d \u041a\u043e\u0434\u0430\u0442 \u0414\u0438\u043d\u0435\u0441\u0430\u043d", "is_sale": false, "appointment_id": 5863092, "fields": {"1": "\u041d\u0438\u0431\u0438\u043d \u041a\u043e\u0434\u0430\u0442 \u0414\u0438\u043d\u0435\u0441\u0430\u043d", "2": "https://klientiks.ru/clientix/client/default/id/3263662", "3": 10765}}, {"id": 6620759, "name": "\u041a\u0430\u043b\u0430\u0440\u0438 \u043c\u0430\u0441\u0441\u0430\u0436 (60 \u043c\u0438\u043d. \u043d\u043e\u0436\u043d\u043e\u0439 \u043c\u0430\u0441\u043b\u044f\u043d\u044b\u0439 \u043c\u0430\u0441\u0441\u0430\u0436),\u041f\u0438\u0447\u0443 (30 \u043c\u0438\u043d. \u043c\u0430\u0441\u043b\u044f\u043d\u0430\u044f \u0430\u043f\u043f\u043b\u0438\u043a\u0430\u0446\u0438\u044f),\u0410\u043d\u0443\u0432\u0430\u0441\u0430\u043d\u0430 \u0411\u0430\u0441\u0442\u0438 (30 \u043c\u0438\u043d. \u043c\u0430\u0441\u043b\u044f\u043d\u0430\u044f \u0442\u0440\u0430\u0432\u044f\u043d\u0430\u044f \u043a\u043b\u0438\u0437\u043c\u0430),\u041a\u0430\u043b\u0430\u0440\u0438 \u043c\u0430\u0441\u0441\u0430\u0436 (60 \u043c\u0438\u043d. \u043d\u043e\u0436\u043d\u043e\u0439 \u043c\u0430\u0441\u043b\u044f\u043d\u044b\u0439 \u043c\u0430\u0441\u0441\u0430\u0436),\u041f\u0438\u0447\u0443 (30 \u043c\u0438\u043d. \u043c\u0430\u0441\u043b\u044f\u043d\u0430\u044f \u0430\u043f\u043f\u043b\u0438\u043a\u0430\u0446\u0438\u044f),\u0410\u043d\u0443\u0432\u0430\u0441\u0430\u043d\u0430 \u0411\u0430\u0441\u0442\u0438 (30 \u043c\u0438\u043d. \u043c\u0430\u0441\u043b\u044f\u043d\u0430\u044f \u0442\u0440\u0430\u0432\u044f\u043d\u0430\u044f \u043a\u043b\u0438\u0437\u043c\u0430),\u041a\u0430\u043b\u0430\u0440\u0438 \u043c\u0430\u0441\u0441\u0430\u0436 (60 \u043c\u0438\u043d. \u043d\u043e\u0436\u043d\u043e\u0439 \u043c\u0430\u0441\u043b\u044f\u043d\u044b\u0439 \u043c\u0430\u0441\u0441\u0430\u0436),\u041f\u0438\u0447\u0443 (30 \u043c\u0438\u043d. \u043c\u0430\u0441\u043b\u044f\u043d\u0430\u044f \u0430\u043f\u043f\u043b\u0438\u043a\u0430\u0446\u0438\u044f),\u0410\u043d\u0443\u0432\u0430\u0441\u0430\u043d\u0430 \u0411\u0430\u0441\u0442\u0438 (30 \u043c\u0438\u043d. \u043c\u0430\u0441\u043b\u044f\u043d\u0430\u044f \u0442\u0440\u0430\u0432\u044f\u043d\u0430\u044f \u043a\u043b\u0438\u0437\u043c\u0430)", "account_id": 10765, "date_create": 1582985911, "status": 6, "price": "0", "client_id": 3263662, "roistat": "\u043f\u043e\u0441\u0442\u043e\u044f\u043d\u043d\u044b\u0439 \u043a\u043b\u0438\u0435\u043d\u0442", "executor": "\u0428\u0440\u0438\u0442\u0430", "is_sale": false, "appointment_id": 5863097, "fields": {"1": "\u0428\u0440\u0438\u0442\u0430", "2": "https://klientiks.ru/clientix/client/default/id/3263662", "3": 10765}}, {"id": 6620763, "name": "\u041d\u0438\u0440\u0443\u0445\u0430 \u0411\u0430\u0441\u0442\u0438 (60 \u043c\u0438\u043d. \u043a\u043b\u0438\u0437\u043c\u0430 \u0442\u0440\u0430\u0432\u044f\u043d\u044b\u043c \u043e\u0442\u0432\u0430\u0440\u043e\u043c),\u0410\u0431\u0445\u044a\u044f\u043d\u0433\u0430 \u043c\u0430\u0441\u0441\u0430\u0436 (60 \u043c\u0438\u043d. \u0440\u0443\u0447\u043d\u043e\u0439 \u043c\u0430\u0441\u043b\u044f\u043d\u044b\u0439 \u043c\u0430\u0441\u0441\u0430\u0436 \u0432 2 \u0440\u0443\u043a\u0438),\u0410\u0431\u0445\u044a\u044f\u043d\u0433\u0430 \u043c\u0430\u0441\u0441\u0430\u0436 (60 \u043c\u0438\u043d. \u0440\u0443\u0447\u043d\u043e\u0439 \u043c\u0430\u0441\u043b\u044f\u043d\u044b\u0439 \u043c\u0430\u0441\u0441\u0430\u0436 \u0432 2 \u0440\u0443\u043a\u0438),\u041d\u0438\u0440\u0443\u0445\u0430 \u0411\u0430\u0441\u0442\u0438 (60 \u043c\u0438\u043d. \u043a\u043b\u0438\u0437\u043c\u0430 \u0442\u0440\u0430\u0432\u044f\u043d\u044b\u043c \u043e\u0442\u0432\u0430\u0440\u043e\u043c),\u041f\u0438\u0447\u0443 (30 \u043c\u0438\u043d. \u043c\u0430\u0441\u043b\u044f\u043d\u0430\u044f \u0430\u043f\u043f\u043b\u0438\u043a\u0430\u0446\u0438\u044f),\u0410\u0431\u0445\u044a\u044f\u043d\u0433\u0430 \u043c\u0430\u0441\u0441\u0430\u0436 (60 \u043c\u0438\u043d. \u0440\u0443\u0447\u043d\u043e\u0439 \u043c\u0430\u0441\u043b\u044f\u043d\u044b\u0439 \u043c\u0430\u0441\u0441\u0430\u0436 \u0432 2 \u0440\u0443\u043a\u0438),\u041d\u0438\u0440\u0443\u0445\u0430 \u0411\u0430\u0441\u0442\u0438 (60 \u043c\u0438\u043d. \u043a\u043b\u0438\u0437\u043c\u0430 \u0442\u0440\u0430\u0432\u044f\u043d\u044b\u043c \u043e\u0442\u0432\u0430\u0440\u043e\u043c),\u041f\u0438\u0447\u0443 (30 \u043c\u0438\u043d. \u043c\u0430\u0441\u043b\u044f\u043d\u0430\u044f \u0430\u043f\u043f\u043b\u0438\u043a\u0430\u0446\u0438\u044f),\u041f\u0438\u0447\u0443 (30 \u043c\u0438\u043d. \u043c\u0430\u0441\u043b\u044f\u043d\u0430\u044f \u0430\u043f\u043f\u043b\u0438\u043a\u0430\u0446\u0438\u044f)", "account_id": 10765, "date_create": 1582985948, "status": 6, "price": "0", "client_id": 3263662, "roistat": "\u043f\u043e\u0441\u0442\u043e\u044f\u043d\u043d\u044b\u0439 \u043a\u043b\u0438\u0435\u043d\u0442", "executor": "\u041d\u0438\u0431\u0438\u043d \u041a\u043e\u0434\u0430\u0442 \u0414\u0438\u043d\u0435\u0441\u0430\u043d", "is_sale": false, "appointment_id": 5863101, "fields": {"1": "\u041d\u0438\u0431\u0438\u043d \u041a\u043e\u0434\u0430\u0442 \u0414\u0438\u043d\u0435\u0441\u0430\u043d", "2": "https://klientiks.ru/clientix/client/default/id/3263662", "3": 10765}}, {"id": 6620773, "name": "\u041a\u0438\u0436\u0438 \u043d\u0430 \u0447\u0430\u0441\u0442\u0438 \u0442\u0435\u043b\u0430 (30 \u043c\u0438\u043d),\u0410\u0431\u0445\u044a\u044f\u043d\u0433\u0430 \u043c\u0430\u0441\u0441\u0430\u0436 (60 \u043c\u0438\u043d. \u0440\u0443\u0447\u043d\u043e\u0439 \u043c\u0430\u0441\u043b\u044f\u043d\u044b\u0439 \u043c\u0430\u0441\u0441\u0430\u0436 \u0432 2 \u0440\u0443\u043a\u0438),\u0410\u043d\u0443\u0432\u0430\u0441\u0430\u043d\u0430 \u0411\u0430\u0441\u0442\u0438 (30 \u043c\u0438\u043d. \u043c\u0430\u0441\u043b\u044f\u043d\u0430\u044f \u0442\u0440\u0430\u0432\u044f\u043d\u0430\u044f \u043a\u043b\u0438\u0437\u043c\u0430)", "account_id": 10765, "date_create": 1582986015, "status": 7, "price": null, "client_id": 3263662, "roistat": "\u043f\u043e\u0441\u0442\u043e\u044f\u043d\u043d\u044b\u0439 \u043a\u043b\u0438\u0435\u043d\u0442", "executor": "\u0428\u0440\u0438\u0442\u0430", "is_sale": false, "appointment_id": 5863108, "fields": {"1": "\u0428\u0440\u0438\u0442\u0430", "2": "https://klientiks.ru/clientix/client/default/id/3263662", "3": 10765}}], "pagination": {"total_count": 22602, "limit": 50, "page_number": 1}, "total_count": 22602, "page_number": 1}
2020-08-23 01:31:14,780 - Snowflake Connector for Python Version: 2.2.10, Python Version: 3.8.5, Platform: Windows-10-10.0.17763-SP0
2020-08-23 01:31:14,780 - connect
2020-08-23 01:31:14,780 - __config
2020-08-23 01:31:14,780 - This connection is in OCSP Fail Open Mode. TLS Certificates would be checked for validity and revocation status. Any other Certificate Revocation related exceptions or OCSP Responder failures would be disregarded in favor of connectivity.
2020-08-23 01:31:14,780 - use_numpy: False
2020-08-23 01:31:14,780 - initialized
2020-08-23 01:31:14,781 - REST API object was created: ringcentral.snowflakecomputing.com:443
2020-08-23 01:31:14,781 - authenticate
2020-08-23 01:31:14,781 - assertion content: *********
2020-08-23 01:31:14,781 - account=ringcentral, user=dmitry.mitrofanov, database=RCUSERS, schema=DMITRYMITROFANOV, warehouse=RCUSERS_WH, role=None, request_id=fa43231e-2d07-473c-9289-8c9b34b85db1
2020-08-23 01:31:14,781 - body['data']: {'CLIENT_APP_ID': 'PythonConnector', 'CLIENT_APP_VERSION': '2.2.10', 'SVN_REVISION': None, 'ACCOUNT_NAME': 'ringcentral', 'LOGIN_NAME': 'dmitry.mitrofanov', 'CLIENT_ENVIRONMENT': {'APPLICATION': 'PythonConnector', 'OS': 'Windows', 'OS_VERSION': 'Windows-10-10.0.17763-SP0', 'PYTHON_VERSION': '3.8.5', 'PYTHON_RUNTIME': 'CPython', 'PYTHON_COMPILER': 'MSC v.1924 64 bit (AMD64)', 'OCSP_MODE': 'FAIL_OPEN', 'TRACING': 10, 'LOGIN_TIMEOUT': 120, 'NETWORK_TIMEOUT': None, 'CLIENT_STORE_TEMPORARY_CREDENTIAL': None}, 'SESSION_PARAMETERS': {'CLIENT_SESSION_KEEP_ALIVE_HEARTBEAT_FREQUENCY': 900, 'CLIENT_PREFETCH_THREADS': 4}}
2020-08-23 01:31:14,782 - Converted retries value: 1 -> Retry(total=1, connect=None, read=None, redirect=None, status=None)
2020-08-23 01:31:14,782 - Converted retries value: 1 -> Retry(total=1, connect=None, read=None, redirect=None, status=None)
2020-08-23 01:31:14,782 - Active requests sessions: 1, idle: 0
2020-08-23 01:31:14,782 - remaining request timeout: 120, retry cnt: 1
2020-08-23 01:31:14,782 - socket timeout: 60
2020-08-23 01:31:14,784 - Starting new HTTPS connection (1): ringcentral.snowflakecomputing.com:443
2020-08-23 01:31:15,399 - OCSP Mode: FAIL_OPEN, OCSP response cache file name: None
2020-08-23 01:31:15,399 - ocsp_response_cache_uri: file://C:/Users/dmitry.mitrofanov/AppData/Local/Snowflake/Caches/ocsp_response_cache.json
2020-08-23 01:31:15,399 - OCSP_VALIDATION_CACHE size: 140
2020-08-23 01:31:15,399 - OCSP response cache server is enabled: http://ocsp.snowflakecomputing.com/ocsp_response_cache.json
2020-08-23 01:31:15,400 - OCSP dynamic cache server RETRY URL: None
2020-08-23 01:31:15,407 - Verifying the attached certificate is signed by the issuer. Valid Not After: 2025-05-12 23:58:59+00:00
2020-08-23 01:31:15,409 - Verifying the attached certificate is signed by the issuer. Valid Not After: 2025-05-12 23:58:59+00:00
2020-08-23 01:31:15,410 - Verifying the attached certificate is signed by the issuer. Valid Not After: 2023-06-11 20:40:26+00:00
2020-08-23 01:31:15,411 - Verifying the attached certificate is signed by the issuer. Valid Not After: 2023-06-11 20:40:26+00:00
2020-08-23 01:31:15,412 - Verifying the attached certificate is signed by the issuer. Valid Not After: 2023-06-11 20:44:21+00:00
2020-08-23 01:31:15,413 - Verifying the attached certificate is signed by the issuer. Valid Not After: 2023-06-11 20:44:21+00:00
2020-08-23 01:31:15,415 - Verifying the attached certificate is signed by the issuer. Valid Not After: 2021-12-14 07:00:00+00:00
2020-08-23 01:31:15,416 - Verifying the attached certificate is signed by the issuer. Valid Not After: 2021-12-14 07:00:00+00:00
2020-08-23 01:31:15,418 - Verifying the attached certificate is signed by the issuer. Valid Not After: 2025-05-12 23:58:59+00:00
2020-08-23 01:31:15,420 - Verifying the attached certificate is signed by the issuer. Valid Not After: 2025-05-12 23:58:59+00:00
2020-08-23 01:31:15,422 - Verifying the attached certificate is signed by the issuer. Valid Not After: 2025-05-12 23:58:59+00:00
2020-08-23 01:31:15,423 - Verifying the attached certificate is signed by the issuer. Valid Not After: 2025-05-12 23:58:59+00:00
2020-08-23 01:31:15,424 - Verifying the attached certificate is signed by the issuer. Valid Not After: 2025-05-12 23:58:59+00:00
2020-08-23 01:31:15,426 - Verifying the attached certificate is signed by the issuer. Valid Not After: 2025-05-12 23:58:59+00:00
2020-08-23 01:31:15,434 - Verifying the attached certificate is signed by the issuer. Valid Not After: 2025-05-12 23:58:59+00:00
2020-08-23 01:31:15,435 - Verifying the attached certificate is signed by the issuer. Valid Not After: 2025-05-12 23:58:59+00:00
2020-08-23 01:31:15,438 - Verifying the attached certificate is signed by the issuer. Valid Not After: 2021-04-02 17:08:26+00:00
2020-08-23 01:31:15,439 - Verifying the attached certificate is signed by the issuer. Valid Not After: 2021-04-02 17:08:26+00:00
2020-08-23 01:31:15,441 - Verifying the attached certificate is signed by the issuer. Valid Not After: 2021-04-02 17:13:33+00:00
2020-08-23 01:31:15,442 - Verifying the attached certificate is signed by the issuer. Valid Not After: 2021-04-02 17:13:33+00:00
2020-08-23 01:31:15,443 - Verifying the attached certificate is signed by the issuer. Valid Not After: 2021-04-02 16:58:09+00:00
2020-08-23 01:31:15,444 - Verifying the attached certificate is signed by the issuer. Valid Not After: 2021-04-02 16:58:09+00:00
2020-08-23 01:31:15,461 - Verifying the attached certificate is signed by the issuer. Valid Not After: 2021-04-02 17:13:33+00:00
2020-08-23 01:31:15,462 - Verifying the attached certificate is signed by the issuer. Valid Not After: 2021-04-02 17:13:33+00:00
2020-08-23 01:31:15,463 - Verifying the attached certificate is signed by the issuer. Valid Not After: 2021-04-02 17:08:26+00:00
2020-08-23 01:31:15,464 - Verifying the attached certificate is signed by the issuer. Valid Not After: 2021-04-02 17:08:26+00:00
2020-08-23 01:31:15,466 - Verifying the attached certificate is signed by the issuer. Valid Not After: 2021-04-02 17:03:51+00:00
2020-08-23 01:31:15,467 - Verifying the attached certificate is signed by the issuer. Valid Not After: 2021-04-02 17:03:51+00:00
2020-08-23 01:31:15,468 - Verifying the attached certificate is signed by the issuer. Valid Not After: 2021-04-02 16:58:09+00:00
2020-08-23 01:31:15,469 - Verifying the attached certificate is signed by the issuer. Valid Not After: 2021-04-02 16:58:09+00:00
2020-08-23 01:31:15,471 - Verifying the attached certificate is signed by the issuer. Valid Not After: 2021-04-02 17:03:51+00:00
2020-08-23 01:31:15,472 - Verifying the attached certificate is signed by the issuer. Valid Not After: 2021-04-02 17:03:51+00:00
2020-08-23 01:31:15,474 - Verifying the attached certificate is signed by the issuer. Valid Not After: 2021-04-02 17:03:51+00:00
2020-08-23 01:31:15,475 - Verifying the attached certificate is signed by the issuer. Valid Not After: 2021-04-02 17:03:51+00:00
2020-08-23 01:31:15,491 - Verifying the attached certificate is signed by the issuer. Valid Not After: 2021-04-02 17:13:33+00:00
2020-08-23 01:31:15,493 - Verifying the attached certificate is signed by the issuer. Valid Not After: 2021-04-02 17:13:33+00:00
2020-08-23 01:31:15,494 - Read OCSP response cache file: C:/Users/dmitry.mitrofanov/AppData/Local/Snowflake/Caches/ocsp_response_cache.json, count=140
2020-08-23 01:31:15,495 - validating certificate: ringcentral.snowflakecomputing.com
2020-08-23 01:31:15,495 - # of certificates: 4
2020-08-23 01:31:15,496 - subject: OrderedDict([('common_name', '*.us-west-2.snowflakecomputing.com')]), issuer: OrderedDict([('country_name', 'US'), ('organization_name', 'Amazon'), ('organizational_unit_name', 'Server CA 1B'), ('common_name', 'Amazon')])
2020-08-23 01:31:15,496 - subject: OrderedDict([('country_name', 'US'), ('organization_name', 'Amazon'), ('organizational_unit_name', 'Server CA 1B'), ('common_name', 'Amazon')]), issuer: OrderedDict([('country_name', 'US'), ('organization_name', 'Amazon'), ('common_name', 'Amazon Root CA 1')])
2020-08-23 01:31:15,496 - subject: OrderedDict([('country_name', 'US'), ('organization_name', 'Amazon'), ('common_name', 'Amazon Root CA 1')]), issuer: OrderedDict([('country_name', 'US'), ('state_or_province_name', 'Arizona'), ('locality_name', 'Scottsdale'), ('organization_name', 'Starfield Technologies, Inc.'), ('common_name', 'Starfield Services Root Certificate Authority - G2')])
2020-08-23 01:31:15,497 - subject: OrderedDict([('country_name', 'US'), ('state_or_province_name', 'Arizona'), ('locality_name', 'Scottsdale'), ('organization_name', 'Starfield Technologies, Inc.'), ('common_name', 'Starfield Services Root Certificate Authority - G2')]), issuer: OrderedDict([('country_name', 'US'), ('organization_name', 'Starfield Technologies, Inc.'), ('organizational_unit_name', 'Starfield Class 2 Certification Authority')])
2020-08-23 01:31:15,499 - not found issuer_der: OrderedDict([('country_name', 'US'), ('organization_name', 'Starfield Technologies, Inc.'), ('organizational_unit_name', 'Starfield Class 2 Certification Authority')])
2020-08-23 01:31:15,500 - hit cache for subject: OrderedDict([('common_name', '*.us-west-2.snowflakecomputing.com')])
2020-08-23 01:31:15,501 - Verifying the attached certificate is signed by the issuer. Valid Not After: 2023-06-11 20:40:26+00:00
2020-08-23 01:31:15,501 - hit cache for subject: OrderedDict([('country_name', 'US'), ('organization_name', 'Amazon'), ('organizational_unit_name', 'Server CA 1B'), ('common_name', 'Amazon')])
2020-08-23 01:31:15,503 - Verifying the attached certificate is signed by the issuer. Valid Not After: 2023-06-11 20:44:21+00:00
2020-08-23 01:31:15,503 - hit cache for subject: OrderedDict([('country_name', 'US'), ('organization_name', 'Amazon'), ('common_name', 'Amazon Root CA 1')])
2020-08-23 01:31:15,505 - Verifying the attached certificate is signed by the issuer. Valid Not After: 2021-12-14 07:00:00+00:00
2020-08-23 01:31:15,505 - hit cache for subject: OrderedDict([('country_name', 'US'), ('state_or_province_name', 'Arizona'), ('locality_name', 'Scottsdale'), ('organization_name', 'Starfield Technologies, Inc.'), ('common_name', 'Starfield Services Root Certificate Authority - G2')])
2020-08-23 01:31:15,506 - hit cache for subject: OrderedDict([('common_name', '*.us-west-2.snowflakecomputing.com')])
2020-08-23 01:31:15,507 - using OCSP response cache
2020-08-23 01:31:15,507 - Certificate is NOT attached in Basic OCSP Response. Using issuer's certificate
2020-08-23 01:31:15,507 - Verifying the OCSP response is signed by the issuer.
2020-08-23 01:31:15,510 - Verifying the attached certificate is signed by the issuer. Valid Not After: 2023-06-11 20:40:26+00:00
2020-08-23 01:31:15,511 - hit cache for subject: OrderedDict([('country_name', 'US'), ('organization_name', 'Amazon'), ('organizational_unit_name', 'Server CA 1B'), ('common_name', 'Amazon')])
2020-08-23 01:31:15,512 - using OCSP response cache
2020-08-23 01:31:15,513 - Certificate is attached in Basic OCSP Response
2020-08-23 01:31:15,513 - Verifying the attached certificate is signed by the issuer
2020-08-23 01:31:15,513 - Valid Not After: 2023-06-11 20:40:26+00:00
2020-08-23 01:31:15,514 - Verifying the OCSP response is signed by the issuer.
2020-08-23 01:31:15,518 - Verifying the attached certificate is signed by the issuer. Valid Not After: 2023-06-11 20:44:21+00:00
2020-08-23 01:31:15,518 - hit cache for subject: OrderedDict([('country_name', 'US'), ('organization_name', 'Amazon'), ('common_name', 'Amazon Root CA 1')])
2020-08-23 01:31:15,519 - using OCSP response cache
2020-08-23 01:31:15,520 - Certificate is attached in Basic OCSP Response
2020-08-23 01:31:15,520 - Verifying the attached certificate is signed by the issuer
2020-08-23 01:31:15,520 - Valid Not After: 2023-06-11 20:44:21+00:00
2020-08-23 01:31:15,522 - Verifying the OCSP response is signed by the issuer.
2020-08-23 01:31:15,525 - Verifying the attached certificate is signed by the issuer. Valid Not After: 2021-12-14 07:00:00+00:00
2020-08-23 01:31:15,525 - hit cache for subject: OrderedDict([('country_name', 'US'), ('state_or_province_name', 'Arizona'), ('locality_name', 'Scottsdale'), ('organization_name', 'Starfield Technologies, Inc.'), ('common_name', 'Starfield Services Root Certificate Authority - G2')])
2020-08-23 01:31:15,526 - using OCSP response cache
2020-08-23 01:31:15,527 - Certificate is attached in Basic OCSP Response
2020-08-23 01:31:15,527 - Verifying the attached certificate is signed by the issuer
2020-08-23 01:31:15,527 - Valid Not After: 2021-12-14 07:00:00+00:00
2020-08-23 01:31:15,529 - Verifying the OCSP response is signed by the issuer.
2020-08-23 01:31:15,531 - writing OCSP response cache file
2020-08-23 01:31:15,531 - encoding OCSP response cache to JSON
2020-08-23 01:31:15,548 - ok
2020-08-23 01:31:15,989 - https://ringcentral.snowflakecomputing.com:443 "POST /session/v1/login-request?request_id=fa43231e-2d07-473c-9289-8c9b34b85db1&databaseName=RCUSERS&schemaName=DMITRYMITROFANOV&warehouse=RCUSERS_WH&request_guid=aa0348c4-3cd3-415f-824e-ceb86971592d HTTP/1.1" 200 1402
2020-08-23 01:31:15,989 - SUCCESS
2020-08-23 01:31:15,990 - Active requests sessions: 0, idle: 1
2020-08-23 01:31:15,990 - ret[code] = None, after post request
2020-08-23 01:31:15,990 - completed authentication
2020-08-23 01:31:15,990 - token = ******
2020-08-23 01:31:15,990 - master_token = ******
2020-08-23 01:31:15,990 - id_token = NULL
2020-08-23 01:31:15,990 - no ID token is given when try to store temporary credential
2020-08-23 01:31:15,990 - cursor
2020-08-23 01:31:15,990 - merge into KAMALA_ACL t using (select parse_json('{"offset": 19500, "count": 50, "limit": 50, "statuses": [{"id": 1, "name": "scheduled"}, {"id": 2, "name": "sms_confirmation_sent"}, {"id": 3, "name": "cancelled_by_sms"}, {"id": 4, "name": "confirmed"}, {"id": 5, "name": "in_progress"}, {"id": 6, "name": "finished"}, {"id": 7, "name": "cancelled"}, {"id": 8, "name": "missed"}, {"id": 9, "name": "arrived"}], "fields": [{"id": "1", "name": "\u0418\u0441\u043f\u043e\u043b\u043d\u0438\u0442\u0435\u043b\u044c"}, {"id": "2", "name": "\u0421\u0441\u044b\u043b\u043a\u0430 \u043d\u0430 \u043a\u043b\u0438\u0435\u043d\u0442\u0430"}, {"id": "3", "name": "\u0410\u0439\u0434\u0438 \u0430\u043a\u043a\u0430\u0443\u043d\u0442\u0430"}], "orders": [{"id": 6607810, "name": "\u0410\u044d\u0440\u043e\u0439\u043e\u0433\u0430 (90 \u043c\u0438\u043d)", "account_id": 10765, "date_create": 1582872496, "status": 6, "price": "0", "client_id": 1122837, "roistat": "\u043f\u043e\u0441\u0442\u043e\u044f\u043d\u043d\u044b\u0439 \u043a\u043b\u0438\u0435\u043d\u0442", "executor": "\u0421\u043e\u0431\u0435\u043d\u043d\u0438\u043a\u043e\u0432\u0430 \u041e\u043a\u0441\u0430\u043d\u0430 \u042e\u0440\u044c\u0435\u0432\u043d\u0430", "is_sale": false, "appointment_id": 5833285, "fields": {"1": "\u0421\u043e\u0431\u0435\u043d\u043d\u0438\u043a\u043e\u0432\u0430 \u041e\u043a\u0441\u0430\u043d\u0430 \u042e\u0440\u044c\u0435\u0432\u043d\u0430", "2": "https://klientiks.ru/clientix/client/default/id/1122837", "3": 10765}}, {"id": 6607812, "name": "\u0410\u044d\u0440\u043e\u0439\u043e\u0433\u0430 (90 \u043c\u0438\u043d)", "account_id": 10765, "date_create": 1582872499, "status": 6, "price": "0", "client_id": 2877520, "roistat": "\u0438\u043d\u0442\u0435\u0440\u043d\u0435\u0442", "executor": "\u0421\u043e\u0431\u0435\u043d\u043d\u0438\u043a\u043e\u0432\u0430 \u041e\u043a\u0441\u0430\u043d\u0430 \u042e\u0440\u044c\u0435\u0432\u043d\u0430", "is_sale": false, "appointment_id": 5833285, "fields": {"1": "\u0421\u043e\u0431\u0435\u043d\u043d\u0438\u043a\u043e\u0432\u0430 \u041e\u043a\u0441\u0430\u043d\u0430 \u042e\u0440\u044c\u0435\u0432\u043d\u0430", "2": "https://klientiks.ru/clientix/client/default/id/2877520", "3": 10765}}, {"id": 6608043, "name": "\u0410\u044e\u0440\u0432\u0435\u0434\u0430 \u043a\u043e\u043d\u0441\u0443\u043b\u044c\u0442\u0430\u0446\u0438\u044f \u0432\u0440\u0430\u0447\u0430 (60 \u043c\u0438\u043d)", "account_id": 10765, "date_create": 1582873655, "status": 6, "price": "3500", "client_id": 3319006, "roistat": "\u0412\u0445\u043e\u0434\u044f\u0449\u0438\u0439 \u0437\u0432\u043e\u043d\u043e\u043a", "executor": "\u041f\u0440\u0430\u0432\u0438\u043d \u0421\u0443\u0440\u0435\u043d\u0434\u0440\u0430\u043d\u043f\u0438\u043b\u0430\u0439 \u0412\u0430\u0441\u0430\u043d\u0442\u0430\u043a\u0443\u043c\u0430\u0440\u0438", "is_sale": false, "appointment_id": 5851965, "fields": {"1": "\u041f\u0440\u0430\u0432\u0438\u043d \u0421\u0443\u0440\u0435\u043d\u0434\u0440\u0430\u043d\u043f\u0438\u043b\u0430\u0439 \u0412\u0430\u0441\u0430\u043d\u0442\u0430\u043a\u0443\u043c\u0430\u0440\u0438", "2": "https://klientiks.ru/clientix/client/default/id/3319006", "3": 10765}}, {"id": 6609060, "name": "\u0420\u043e\u0437\u043e\u0432\u044f_\u0432\u043e\u0434\u0430_Khadi", "account_id": 10765, "date_create": 1582877952, "status": 6, "price": "400", "client_id": 1108070, "roistat": "\u0438\u043d\u0442\u0435\u0440\u043d\u0435\u0442", "executor": "\u0410\u0445\u043c\u0435\u0434\u043e\u0432\u0430 \u0422\u0430\u0442\u044c\u044f\u043d\u0430 \u041b\u0435\u043e\u043d\u0438\u0434\u043e\u0432\u043d\u0430", "is_sale": true, "appointment_id": 5852875, "fields": {"1": "\u0410\u0445\u043c\u0435\u0434\u043e\u0432\u0430 \u0422\u0430\u0442\u044c\u044f\u043d\u0430 \u041b\u0435\u043e\u043d\u0438\u0434\u043e\u0432\u043d\u0430", "2": "https://klientiks.ru/clientix/client/default/id/1108070", "3": 10765}}, {"id": 6609134, "name": "\u0420\u043e\u0437\u043e\u0432\u044f_\u0432\u043e\u0434\u0430_Khadi", "account_id": 10765, "date_create": 1582878286, "status": 6, "price": "400", "client_id": 1297843, "roistat": "\u0440\u044f\u0434\u043e\u043c \u0436\u0438\u0432\u0435\u0442", "executor": "\u0410\u0445\u043c\u0435\u0434\u043e\u0432\u0430 \u0422\u0430\u0442\u044c\u044f\u043d\u0430 \u041b\u0435\u043e\u043d\u0438\u0434\u043e\u0432\u043d\u0430", "is_sale": true, "appointment_id": 5852970, "fields": {"1": "\u0410\u0445\u043c\u0435\u0434\u043e\u0432\u0430 \u0422\u0430\u0442\u044c\u044f\u043d\u0430 \u041b\u0435\u043e\u043d\u0438\u0434\u043e\u0432\u043d\u0430", "2": "https://klientiks.ru/clientix/client/default/id/1297843", "3": 10765}}, {"id": 6609341, "name": "Chyawanaprasham_Nagarjuna 500g", "account_id": 10765, "date_create": 1582879137, "status": 6, "price": "700", "client_id": 3215797, "roistat": "\u0438\u043d\u0442\u0435\u0440\u043d\u0435\u0442", "executor": "\u0410\u0445\u043c\u0435\u0434\u043e\u0432\u0430 \u0422\u0430\u0442\u044c\u044f\u043d\u0430 \u041b\u0435\u043e\u043d\u0438\u0434\u043e\u0432\u043d\u0430", "is_sale": true, "appointment_id": 5853140, "fields": {"1": "\u0410\u0445\u043c\u0435\u0434\u043e\u0432\u0430 \u0422\u0430\u0442\u044c\u044f\u043d\u0430 \u041b\u0435\u043e\u043d\u0438\u0434\u043e\u0432\u043d\u0430", "2": "https://klientiks.ru/clientix/client/default/id/3215797", "3": 10765}}, {"id": 6609378, "name": "Chyawanaprasham_Nagarjuna 500g", "account_id": 10765, "date_create": 1582879329, "status": 6, "price": "700", "client_id": 3014911, "roistat": "\u043e\u0442 \u0437\u043d\u0430\u043a\u043e\u043c\u044b\u0445", "executor": "\u0410\u0445\u043c\u0435\u0434\u043e\u0432\u0430 \u0422\u0430\u0442\u044c\u044f\u043d\u0430 \u041b\u0435\u043e\u043d\u0438\u0434\u043e\u0432\u043d\u0430", "is_sale": true, "appointment_id": 5853176, "fields": {"1": "\u0410\u0445\u043c\u0435\u0434\u043e\u0432\u0430 \u0422\u0430\u0442\u044c\u044f\u043d\u0430 \u041b\u0435\u043e\u043d\u0438\u0434\u043e\u0432\u043d\u0430", "2": "https://klientiks.ru/clientix/client/default/id/3014911", "3": 10765}}, {"id": 6609424, "name": "Chyawanaprasham_Nagarjuna 500g,Itone_eye_drop_\u043a\u0430\u043f\u043b\u0438,Itone_eye_drop_\u043a\u0430\u043f\u043b\u0438,Chyawanaprasham_Nagarjuna 500g", "account_id": 10765, "date_create": 1582879528, "status": 6, "price": "980", "client_id": 3058502, "roistat": "\u043e\u0442 \u0437\u043d\u0430\u043a\u043e\u043c\u044b\u0445", "executor": "\u0410\u0445\u043c\u0435\u0434\u043e\u0432\u0430 \u0422\u0430\u0442\u044c\u044f\u043d\u0430 \u041b\u0435\u043e\u043d\u0438\u0434\u043e\u0432\u043d\u0430", "is_sale": true, "appointment_id": 5853219, "fields": {"1": "\u0410\u0445\u043c\u0435\u0434\u043e\u0432\u0430 \u0422\u0430\u0442\u044c\u044f\u043d\u0430 \u041b\u0435\u043e\u043d\u0438\u0434\u043e\u0432\u043d\u0430", "2": "https://klientiks.ru/clientix/client/default/id/3058502", "3": 10765}}, {"id": 6609494, "name": "\u0410\u044d\u0440\u043e\u0439\u043e\u0433\u0430 (90 \u043c\u0438\u043d)", "account_id": 10765, "date_create": 1582879922, "status": 6, "price": "0", "client_id": 3144287, "roistat": "\u0438\u043d\u0442\u0435\u0440\u043d\u0435\u0442", "executor": "\u0421\u043e\u0431\u0435\u043d\u043d\u0438\u043a\u043e\u0432\u0430 \u041e\u043a\u0441\u0430\u043d\u0430 \u042e\u0440\u044c\u0435\u0432\u043d\u0430", "is_sale": false, "appointment_id": 5833242, "fields": {"1": "\u0421\u043e\u0431\u0435\u043d\u043d\u0438\u043a\u043e\u0432\u0430 \u041e\u043a\u0441\u0430\u043d\u0430 \u042e\u0440\u044c\u0435\u0432\u043d\u0430", "2": "https://klientiks.ru/clientix/client/default/id/3144287", "3": 10765}}, {"id": 6609665, "name": "\u0410\u044d\u0440\u043e\u0439\u043e\u0433\u0430 (90 \u043c\u0438\u043d)", "account_id": 10765, "date_create": 1582880922, "status": 6, "price": "0", "client_id": 1108070, "roistat": "\u0438\u043d\u0442\u0435\u0440\u043d\u0435\u0442", "executor": "\u0421\u043e\u0431\u0435\u043d\u043d\u0438\u043a\u043e\u0432\u0430 \u041e\u043a\u0441\u0430\u043d\u0430 \u042e\u0440\u044c\u0435\u0432\u043d\u0430", "is_sale": false, "appointment_id": 5833243, "fields": {"1": "\u0421\u043e\u0431\u0435\u043d\u043d\u0438\u043a\u043e\u0432\u0430 \u041e\u043a\u0441\u0430\u043d\u0430 \u042e\u0440\u044c\u0435\u0432\u043d\u0430", "2": "https://klientiks.ru/clientix/client/default/id/1108070", "3": 10765}}, {"id": 6609667, "name": "\u0410\u044d\u0440\u043e\u0439\u043e\u0433\u0430 (90 \u043c\u0438\u043d)", "account_id": 10765, "date_create": 1582880934, "status": 6, "price": "0", "client_id": 3014911, "roistat": "\u043e\u0442 \u0437\u043d\u0430\u043a\u043e\u043c\u044b\u0445", "executor": "\u0421\u043e\u0431\u0435\u043d\u043d\u0438\u043a\u043e\u0432\u0430 \u041e\u043a\u0441\u0430\u043d\u0430 \u042e\u0440\u044c\u0435\u0432\u043d\u0430", "is_sale": false, "appointment_id": 5833243, "fields": {"1": "\u0421\u043e\u0431\u0435\u043d\u043d\u0438\u043a\u043e\u0432\u0430 \u041e\u043a\u0441\u0430\u043d\u0430 \u042e\u0440\u044c\u0435\u0432\u043d\u0430", "2": "https://klientiks.ru/clientix/client/default/id/3014911", "3": 10765}}, {"id": 6609779, "name": "Drakshadi_kashayam_200ml", "account_id": 10765, "date_create": 1582881396, "status": 6, "price": "850", "client_id": 3188843, "roistat": "\u0438\u043d\u0442\u0435\u0440\u043d\u0435\u0442", "executor": "\u0410\u0445\u043c\u0435\u0434\u043e\u0432\u0430 \u0422\u0430\u0442\u044c\u044f\u043d\u0430 \u041b\u0435\u043e\u043d\u0438\u0434\u043e\u0432\u043d\u0430", "is_sale": true, "appointment_id": 5853564, "fields": {"1": "\u0410\u0445\u043c\u0435\u0434\u043e\u0432\u0430 \u0422\u0430\u0442\u044c\u044f\u043d\u0430 \u041b\u0435\u043e\u043d\u0438\u0434\u043e\u0432\u043d\u0430", "2": "https://klientiks.ru/clientix/client/default/id/3188843", "3": 10765}}, {"id": 6609863, "name": "\u0423\u043c\u0430\u0441\u043b\u0438\u0432\u0430\u043d\u0438\u0435  (30 \u043c\u0438\u043d.),\u0428\u0438\u0440\u043e\u0434\u0445\u0430\u0440\u0430 (60 \u043c\u0438\u043d. \u0441\u0442\u0440\u0443\u044f\u0449\u0435\u0435\u0441\u044f \u043c\u0430\u0441\u043b\u043e \u043d\u0430 \u043b\u043e\u0431),\u0428\u0438\u0440\u043e\u0434\u0445\u0430\u0440\u0430 (60 \u043c\u0438\u043d. \u0441\u0442\u0440\u0443\u044f\u0449\u0435\u0435\u0441\u044f \u043c\u0430\u0441\u043b\u043e \u043d\u0430 \u043b\u043e\u0431),\u0423\u043c\u0430\u0441\u043b\u0438\u0432\u0430\u043d\u0438\u0435  (30 \u043c\u0438\u043d.)", "account_id": 10765, "date_create": 1582881858, "status": 6, "price": "0", "client_id": 3058502, "roistat": "\u043e\u0442 \u0437\u043d\u0430\u043a\u043e\u043c\u044b\u0445", "executor": "\u0424\u0438\u043b\u0438\u043f \u0412\u0438\u043c\u0430\u043b\u0430 \u0412\u0438\u043f\u0438\u043d", "is_sale": false, "appointment_id": 5853640, "fields": {"1": "\u0424\u0438\u043b\u0438\u043f \u0412\u0438\u043c\u0430\u043b\u0430 \u0412\u0438\u043f\u0438\u043d", "2": "https://klientiks.ru/clientix/client/default/id/3058502", "3": 10765}}, {"id": 6610697, "name": "\u0410\u044e\u0440\u0432\u0435\u0434\u0430 \u043a\u043e\u043d\u0441\u0443\u043b\u044c\u0442\u0430\u0446\u0438\u044f \u0432\u0440\u0430\u0447\u0430 (60 \u043c\u0438\u043d)", "account_id": 10765, "date_create": 1582886384, "status": 7, "price": null, "client_id": 3321057, "roistat": "\u0432\u043a", "executor": "\u041f\u0440\u0430\u0432\u0438\u043d \u0421\u0443\u0440\u0435\u043d\u0434\u0440\u0430\u043d\u043f\u0438\u043b\u0430\u0439 \u0412\u0430\u0441\u0430\u043d\u0442\u0430\u043a\u0443\u043c\u0430\u0440\u0438", "is_sale": false, "appointment_id": 5854476, "fields": {"1": "\u041f\u0440\u0430\u0432\u0438\u043d \u0421\u0443\u0440\u0435\u043d\u0434\u0440\u0430\u043d\u043f\u0438\u043b\u0430\u0439 \u0412\u0430\u0441\u0430\u043d\u0442\u0430\u043a\u0443\u043c\u0430\u0440\u0438", "2": "https://klientiks.ru/clientix/client/default/id/3321057", "3": 10765}}, {"id": 6611326, "name": "\u0410\u044e\u0440\u0432\u0435\u0434\u0430 \u043f\u043e\u0432\u0442\u043e\u0440\u043d\u0430\u044f \u043a\u043e\u043d\u0441\u0443\u043b\u044c\u0442\u0430\u0446\u0438\u044f \u0434\u043e\u043a\u0442\u043e\u0440\u0430 \u0412\u0430\u0440\u0443\u043d (30 \u043c\u0438\u043d.)", "account_id": 10765, "date_create": 1582889618, "status": 6, "price": "2000", "client_id": 2542180, "roistat": "\u043e\u0442 \u0437\u043d\u0430\u043a\u043e\u043c\u044b\u0445", "executor": "\u0412\u0430\u0440\u0443\u043d", "is_sale": false, "appointment_id": 5855067, "fields": {"1": "\u0412\u0430\u0440\u0443\u043d", "2": "https://klientiks.ru/clientix/client/default/id/2542180", "3": 10765}}, {"id": 6611774, "name": "\u0410\u044d\u0440\u043e\u0439\u043e\u0433\u0430 (90 \u043c\u0438\u043d)", "account_id": 10765, "date_create": 1582891766, "status": 6, "price": "0", "client_id": 1122031, "roistat": "\u0441\u043e\u0442\u0440\u0443\u0434\u043d\u0438\u043a", "executor": "\u0421\u043e\u0431\u0435\u043d\u043d\u0438\u043a\u043e\u0432\u0430 \u041e\u043a\u0441\u0430\u043d\u0430 \u042e\u0440\u044c\u0435\u0432\u043d\u0430", "is_sale": false, "appointment_id": 5543994, "fields": {"1": "\u0421\u043e\u0431\u0435\u043d\u043d\u0438\u043a\u043e\u0432\u0430 \u041e\u043a\u0441\u0430\u043d\u0430 \u042e\u0440\u044c\u0435\u0432\u043d\u0430", "2": "https://klientiks.ru/clientix/client/default/id/1122031", "3": 10765}}, {"id": 6611781, "name": "\u0410\u044d\u0440\u043e\u0439\u043e\u0433\u0430 (90 \u043c\u0438\u043d)", "account_id": 10765, "date_create": 1582891793, "status": 6, "price": "0", "client_id": 1109904, "roistat": "\u0441\u043e\u0442\u0440\u0443\u0434\u043d\u0438\u043a", "executor": "\u0421\u043e\u0431\u0435\u043d\u043d\u0438\u043a\u043e\u0432\u0430 \u041e\u043a\u0441\u0430\u043d\u0430 \u042e\u0440\u044c\u0435\u0432\u043d\u0430", "is_sale": false, "appointment_id": 5833284, "fields": {"1": "\u0421\u043e\u0431\u0435\u043d\u043d\u0438\u043a\u043e\u0432\u0430 \u041e\u043a\u0441\u0430\u043d\u0430 \u042e\u0440\u044c\u0435\u0432\u043d\u0430", "2": "https://klientiks.ru/clientix/client/default/id/1109904", "3": 10765}}, {"id": 6612051, "name": "\u0410\u044e\u0440\u0432\u0435\u0434\u0430 \u043f\u043e\u0432\u0442\u043e\u0440\u043d\u0430\u044f \u043a\u043e\u043d\u0441\u0443\u043b\u044c\u0442\u0430\u0446\u0438\u044f \u0432\u0440\u0430\u0447\u0430 \u0432 \u043d\u0430\u0437\u043d\u0430\u0447\u0435\u043d\u043d\u044b\u0439 \u0441\u0440\u043e\u043a (30 \u043c\u0438\u043d)", "account_id": 10765, "date_create": 1582893369, "status": 6, "price": "2000", "client_id": 1122769, "roistat": "\u0412\u0445\u043e\u0434\u044f\u0449\u0438\u0439 \u0437\u0432\u043e\u043d\u043e\u043a", "executor": "\u041f\u0440\u0430\u0432\u0438\u043d \u0421\u0443\u0440\u0435\u043d\u0434\u0440\u0430\u043d\u043f\u0438\u043b\u0430\u0439 \u0412\u0430\u0441\u0430\u043d\u0442\u0430\u043a\u0443\u043c\u0430\u0440\u0438", "is_sale": false, "appointment_id": 5855752, "fields": {"1": "\u041f\u0440\u0430\u0432\u0438\u043d \u0421\u0443\u0440\u0435\u043d\u0434\u0440\u0430\u043d\u043f\u0438\u043b\u0430\u0439 \u0412\u0430\u0441\u0430\u043d\u0442\u0430\u043a\u0443\u043c\u0430\u0440\u0438", "2": "https://klientiks.ru/clientix/client/default/id/1122769", "3": 10765}}, {"id": 6612512, "name": "\u0410\u044e\u0440\u0432\u0435\u0434\u0430 \u043f\u043e\u0432\u0442\u043e\u0440\u043d\u0430\u044f  \u043a\u043e\u043d\u0441\u0443\u043b\u044c\u0442\u0430\u0446\u0438\u044f \u0432\u0440\u0430\u0447\u0430 (30 \u043c\u0438\u043d)", "account_id": 10765, "date_create": 1582895755, "status": 7, "price": null, "client_id": 2758536, "roistat": "\u043e\u0442 \u0437\u043d\u0430\u043a\u043e\u043c\u044b\u0445", "executor": "\u041f\u0440\u0430\u0432\u0438\u043d \u0421\u0443\u0440\u0435\u043d\u0434\u0440\u0430\u043d\u043f\u0438\u043b\u0430\u0439 \u0412\u0430\u0441\u0430\u043d\u0442\u0430\u043a\u0443\u043c\u0430\u0440\u0438", "is_sale": false, "appointment_id": 5856150, "fields": {"1": "\u041f\u0440\u0430\u0432\u0438\u043d \u0421\u0443\u0440\u0435\u043d\u0434\u0440\u0430\u043d\u043f\u0438\u043b\u0430\u0439 \u0412\u0430\u0441\u0430\u043d\u0442\u0430\u043a\u0443\u043c\u0430\u0440\u0438", "2": "https://klientiks.ru/clientix/client/default/id/2758536", "3": 10765}}, {"id": 6613111, "name": "Sukumara_Kashayam_200 ml", "account_id": 10765, "date_create": 1582899890, "status": 6, "price": "800", "client_id": 3258794, "roistat": "\u0412\u0445\u043e\u0434\u044f\u0449\u0438\u0439 \u0437\u0432\u043e\u043d\u043e\u043a", "executor": "\u0410\u0445\u043c\u0435\u0434\u043e\u0432\u0430 \u0422\u0430\u0442\u044c\u044f\u043d\u0430 \u041b\u0435\u043e\u043d\u0438\u0434\u043e\u0432\u043d\u0430", "is_sale": true, "appointment_id": 5856720, "fields": {"1": "\u0410\u0445\u043c\u0435\u0434\u043e\u0432\u0430 \u0422\u0430\u0442\u044c\u044f\u043d\u0430 \u041b\u0435\u043e\u043d\u0438\u0434\u043e\u0432\u043d\u0430", "2": "https://klientiks.ru/clientix/client/default/id/3258794", "3": 10765}}, {"id": 6613142, "name": "\u0410\u044d\u0440\u043e\u0439\u043e\u0433\u0430 (90 \u043c\u0438\u043d)", "account_id": 10765, "date_create": 1582900096, "status": 6, "price": "800", "client_id": 3244018, "roistat": "\u0438\u043d\u0442\u0435\u0440\u043d\u0435\u0442", "executor": "\u0412\u043b\u0430\u0441\u043e\u0432\u0430 \u0415\u043b\u0435\u043d\u0430 \u0421\u0435\u0440\u0433\u0435\u0435\u0432\u043d\u0430", "is_sale": false, "appointment_id": 5762040, "fields": {"1": "\u0412\u043b\u0430\u0441\u043e\u0432\u0430 \u0415\u043b\u0435\u043d\u0430 \u0421\u0435\u0440\u0433\u0435\u0435\u0432\u043d\u0430", "2": "https://klientiks.ru/clientix/client/default/id/3244018", "3": 10765}}, {"id": 6613439, "name": "Brahmarasayanam_200ml,\u0428\u0430\u043c\u043f\u0443\u043d\u044c_Trichup,\u041a\u0430\u0440\u0434\u043e\u043c\u043e\u043d_\u0437\u0435\u043b\u0435\u043d\u044b\u0439,\u0428\u0430\u043c\u043f\u0443\u043d\u044c_Trichup,\u041a\u0430\u0440\u0434\u043e\u043c\u043e\u043d_\u0437\u0435\u043b\u0435\u043d\u044b\u0439,Brahmarasayanam_200ml,\u0428\u0430\u043c\u043f\u0443\u043d\u044c_Trichup,\u041a\u0430\u0440\u0434\u043e\u043c\u043e\u043d_\u0437\u0435\u043b\u0435\u043d\u044b\u0439,Brahmarasayanam_200ml", "account_id": 10765, "date_create": 1582901878, "status": 6, "price": "1250", "client_id": 3276868, "roistat": "\u0412\u0445\u043e\u0434\u044f\u0449\u0438\u0439 \u0437\u0432\u043e\u043d\u043e\u043a", "executor": "\u0410\u0445\u043c\u0435\u0434\u043e\u0432\u0430 \u0422\u0430\u0442\u044c\u044f\u043d\u0430 \u041b\u0435\u043e\u043d\u0438\u0434\u043e\u0432\u043d\u0430", "is_sale": true, "appointment_id": 5857007, "fields": {"1": "\u0410\u0445\u043c\u0435\u0434\u043e\u0432\u0430 \u0422\u0430\u0442\u044c\u044f\u043d\u0430 \u041b\u0435\u043e\u043d\u0438\u0434\u043e\u0432\u043d\u0430", "2": "https://klientiks.ru/clientix/client/default/id/3276868", "3": 10765}}, {"id": 6613600, "name": "Arjunarishtam_450ml", "account_id": 10765, "date_create": 1582902783, "status": 6, "price": "835", "client_id": 2623071, "roistat": "\u0441\u043e\u0442\u0440\u0443\u0434\u043d\u0438\u043a", "executor": "\u0410\u0445\u043c\u0435\u0434\u043e\u0432\u0430 \u0422\u0430\u0442\u044c\u044f\u043d\u0430 \u041b\u0435\u043e\u043d\u0438\u0434\u043e\u0432\u043d\u0430", "is_sale": true, "appointment_id": 5857122, "fields": {"1": "\u0410\u0445\u043c\u0435\u0434\u043e\u0432\u0430 \u0422\u0430\u0442\u044c\u044f\u043d\u0430 \u041b\u0435\u043e\u043d\u0438\u0434\u043e\u0432\u043d\u0430", "2": "https://klientiks.ru/clientix/client/default/id/2623071", "3": 10765}}, {"id": 6614597, "name": "\u0410\u044e\u0440\u0432\u0435\u0434\u0430 \u043f\u043e\u0432\u0442\u043e\u0440\u043d\u0430\u044f \u043a\u043e\u043d\u0441\u0443\u043b\u044c\u0442\u0430\u0446\u0438\u044f \u0432\u0440\u0430\u0447\u0430 \u0432 \u043d\u0430\u0437\u043d\u0430\u0447\u0435\u043d\u043d\u044b\u0439 \u0441\u0440\u043e\u043a (30 \u043c\u0438\u043d)", "account_id": 10765, "date_create": 1582905636, "status": 6, "price": "2000", "client_id": 1383790, "roistat": "\u0421\u043e\u0432\u0435\u0442 \u0414\u0440\u0443\u0437\u0435\u0439", "executor": "\u041f\u0440\u0430\u0432\u0438\u043d \u0421\u0443\u0440\u0435\u043d\u0434\u0440\u0430\u043d\u043f\u0438\u043b\u0430\u0439 \u0412\u0430\u0441\u0430\u043d\u0442\u0430\u043a\u0443\u043c\u0430\u0440\u0438", "is_sale": false, "appointment_id": 5857428, "fields": {"1": "\u041f\u0440\u0430\u0432\u0438\u043d \u0421\u0443\u0440\u0435\u043d\u0434\u0440\u0430\u043d\u043f\u0438\u043b\u0430\u0439 \u0412\u0430\u0441\u0430\u043d\u0442\u0430\u043a\u0443\u043c\u0430\u0440\u0438", "2": "https://klientiks.ru/clientix/client/default/id/1383790", "3": 10765}}, {"id": 6614744, "name": "\u041a\u0430\u043b\u0430\u0440\u0438 \u043c\u0430\u0441\u0441\u0430\u0436 (60 \u043c\u0438\u043d. \u043d\u043e\u0436\u043d\u043e\u0439 \u043c\u0430\u0441\u043b\u044f\u043d\u044b\u0439 \u043c\u0430\u0441\u0441\u0430\u0436)", "account_id": 10765, "date_create": 1582906765, "status": 6, "price": "0", "client_id": 2936299, "roistat": "\u0412\u0445\u043e\u0434\u044f\u0449\u0438\u0439 \u0437\u0432\u043e\u043d\u043e\u043a,\u043e\u0442 \u0437\u043d\u0430\u043a\u043e\u043c\u044b\u0445", "executor": "\u0424\u0438\u043b\u0438\u043f \u0412\u0438\u043c\u0430\u043b\u0430 \u0412\u0438\u043f\u0438\u043d", "is_sale": false, "appointment_id": 5857568, "fields": {"1": "\u0424\u0438\u043b\u0438\u043f \u0412\u0438\u043c\u0430\u043b\u0430 \u0412\u0438\u043f\u0438\u043d", "2": "https://klientiks.ru/clientix/client/default/id/2936299", "3": 10765}}, {"id": 6614748, "name": "\u0410\u0431\u0445\u044a\u044f\u043d\u0433\u0430 \u043c\u0430\u0441\u0441\u0430\u0436 (60 \u043c\u0438\u043d. \u0440\u0443\u0447\u043d\u043e\u0439 \u043c\u0430\u0441\u043b\u044f\u043d\u044b\u0439 \u043c\u0430\u0441\u0441\u0430\u0436 \u0432 2 \u0440\u0443\u043a\u0438)", "account_id": 10765, "date_create": 1582906812, "status": 6, "price": "0", "client_id": 2936299, "roistat": "\u0412\u0445\u043e\u0434\u044f\u0449\u0438\u0439 \u0437\u0432\u043e\u043d\u043e\u043a,\u043e\u0442 \u0437\u043d\u0430\u043a\u043e\u043c\u044b\u0445", "executor": "\u041d\u0438\u0431\u0438\u043d \u041a\u043e\u0434\u0430\u0442 \u0414\u0438\u043d\u0435\u0441\u0430\u043d", "is_sale": false, "appointment_id": 5857573, "fields": {"1": "\u041d\u0438\u0431\u0438\u043d \u041a\u043e\u0434\u0430\u0442 \u0414\u0438\u043d\u0435\u0441\u0430\u043d", "2": "https://klientiks.ru/clientix/client/default/id/2936299", "3": 10765}}, {"id": 6614839, "name": "\u0423\u043c\u0430\u0441\u043b\u0438\u0432\u0430\u043d\u0438\u0435  (30 \u043c\u0438\u043d.)", "account_id": 10765, "date_create": 1582907560, "status": 6, "price": "1440", "client_id": 1123631, "roistat": "\u043f\u043e\u0441\u0442\u043e\u044f\u043d\u043d\u044b\u0439 \u043a\u043b\u0438\u0435\u043d\u0442", "executor": "\u0428\u0440\u0438\u0442\u0430", "is_sale": false, "appointment_id": 5857654, "fields": {"1": "\u0428\u0440\u0438\u0442\u0430", "2": "https://klientiks.ru/clientix/client/default/id/1123631", "3": 10765}}, {"id": 6614872, "name": "\u0423\u043c\u0430\u0441\u043b\u0438\u0432\u0430\u043d\u0438\u0435  (30 \u043c\u0438\u043d.)", "account_id": 10765, "date_create": 1582908126, "status": 6, "price": "1440", "client_id": 1123631, "roistat": "\u043f\u043e\u0441\u0442\u043e\u044f\u043d\u043d\u044b\u0439 \u043a\u043b\u0438\u0435\u043d\u0442", "executor": "\u0428\u0440\u0438\u0442\u0430", "is_sale": false, "appointment_id": 5857693, "fields": {"1": "\u0428\u0440\u0438\u0442\u0430", "2": "https://klientiks.ru/clientix/client/default/id/1123631", "3": 10765}}, {"id": 6614880, "name": "Koflet_1_\u043a\u043e\u043d\u0444\u0435\u0442\u0430", "account_id": 10765, "date_create": 1582908200, "status": 6, "price": "150", "client_id": 1123631, "roistat": "\u043f\u043e\u0441\u0442\u043e\u044f\u043d\u043d\u044b\u0439 \u043a\u043b\u0438\u0435\u043d\u0442", "executor": "\u0410\u0445\u043c\u0435\u0434\u043e\u0432\u0430 \u0422\u0430\u0442\u044c\u044f\u043d\u0430 \u041b\u0435\u043e\u043d\u0438\u0434\u043e\u0432\u043d\u0430", "is_sale": true, "appointment_id": 5857701, "fields": {"1": "\u0410\u0445\u043c\u0435\u0434\u043e\u0432\u0430 \u0422\u0430\u0442\u044c\u044f\u043d\u0430 \u041b\u0435\u043e\u043d\u0438\u0434\u043e\u0432\u043d\u0430", "2": "https://klientiks.ru/clientix/client/default/id/1123631", "3": 10765}}, {"id": 6614887, "name": "\u041a\u0430\u043b\u0430\u0440\u0438 \u043c\u0430\u0441\u0441\u0430\u0436 (60 \u043c\u0438\u043d. \u043d\u043e\u0436\u043d\u043e\u0439 \u043c\u0430\u0441\u043b\u044f\u043d\u044b\u0439 \u043c\u0430\u0441\u0441\u0430\u0436)", "account_id": 10765, "date_create": 1582908326, "status": 6, "price": "0", "client_id": 2936299, "roistat": "\u0412\u0445\u043e\u0434\u044f\u0449\u0438\u0439 \u0437\u0432\u043e\u043d\u043e\u043a,\u043e\u0442 \u0437\u043d\u0430\u043a\u043e\u043c\u044b\u0445", "executor": "\u0424\u0438\u043b\u0438\u043f \u0412\u0438\u043c\u0430\u043b\u0430 \u0412\u0438\u043f\u0438\u043d", "is_sale": false, "appointment_id": 5857708, "fields": {"1": "\u0424\u0438\u043b\u0438\u043f \u0412\u0438\u043c\u0430\u043b\u0430 \u0412\u0438\u043f\u0438\u043d", "2": "https://klientiks.ru/clientix/client/default/id/2936299", "3": 10765}}, {"id": 6614892, "name": "\u041a\u0430\u043b\u0430\u0440\u0438 \u043c\u0430\u0441\u0441\u0430\u0436 (60 \u043c\u0438\u043d. \u043d\u043e\u0436\u043d\u043e\u0439 \u043c\u0430\u0441\u043b\u044f\u043d\u044b\u0439 \u043c\u0430\u0441\u0441\u0430\u0436)", "account_id": 10765, "date_create": 1582908371, "status": 7, "price": null, "client_id": 2936299, "roistat": "\u0412\u0445\u043e\u0434\u044f\u0449\u0438\u0439 \u0437\u0432\u043e\u043d\u043e\u043a,\u043e\u0442 \u0437\u043d\u0430\u043a\u043e\u043c\u044b\u0445", "executor": "\u0424\u0438\u043b\u0438\u043f \u0412\u0438\u043c\u0430\u043b\u0430 \u0412\u0438\u043f\u0438\u043d", "is_sale": false, "appointment_id": 5857714, "fields": {"1": "\u0424\u0438\u043b\u0438\u043f \u0412\u0438\u043c\u0430\u043b\u0430 \u0412\u0438\u043f\u0438\u043d", "2": "https://klientiks.ru/clientix/client/default/id/2936299", "3": 10765}}, {"id": 6616355, "name": "\u041c\u0443\u043a\u0445\u0430\u0431\u0445\u044a\u044f\u043d\u0433\u0430 (30 \u043c\u0438\u043d. \u043c\u0430\u0441\u0441\u0430\u0436 \u043b\u0438\u0446\u0430),\u0410\u0431\u0445\u044a\u044f\u043d\u0433\u0430 \u043c\u0430\u0441\u0441\u0430\u0436 (60 \u043c\u0438\u043d. \u0440\u0443\u0447\u043d\u043e\u0439 \u043c\u0430\u0441\u043b\u044f\u043d\u044b\u0439 \u043c\u0430\u0441\u0441\u0430\u0436 \u0432 2 \u0440\u0443\u043a\u0438),\u041c\u0443\u043a\u0445\u0430\u0431\u0445\u044a\u044f\u043d\u0433\u0430 (30 \u043c\u0438\u043d. \u043c\u0430\u0441\u0441\u0430\u0436 \u043b\u0438\u0446\u0430),\u0410\u0431\u0445\u044a\u044f\u043d\u0433\u0430 \u043c\u0430\u0441\u0441\u0430\u0436 (60 \u043c\u0438\u043d. \u0440\u0443\u0447\u043d\u043e\u0439 \u043c\u0430\u0441\u043b\u044f\u043d\u044b\u0439 \u043c\u0430\u0441\u0441\u0430\u0436 \u0432 2 \u0440\u0443\u043a\u0438)", "account_id": 10765, "date_create": 1582958255, "status": 6, "price": "4400", "client_id": 2942716, "roistat": "\u0412\u0445\u043e\u0434\u044f\u0449\u0438\u0439 \u0437\u0432\u043e\u043d\u043e\u043a", "executor": "\u0428\u0440\u0438\u0442\u0430", "is_sale": false, "appointment_id": 5858940, "fields": {"1": "\u0428\u0440\u0438\u0442\u0430", "2": "https://klientiks.ru/clientix/client/default/id/2942716", "3": 10765}}, {"id": 6616633, "name": "\u0410\u044e\u0440\u0432\u0435\u0434\u0430 \u043a\u043e\u043d\u0441\u0443\u043b\u044c\u0442\u0430\u0446\u0438\u044f \u0432\u0440\u0430\u0447\u0430 (60 \u043c\u0438\u043d)", "account_id": 10765, "date_create": 1582960279, "status": 7, "price": null, "client_id": 3332399, "roistat": "\u0412\u0445\u043e\u0434\u044f\u0449\u0438\u0439 \u0437\u0432\u043e\u043d\u043e\u043a,\u0418\u043d\u0442\u0435\u0440\u043d\u0435\u0442", "executor": "\u041f\u0440\u0430\u0432\u0438\u043d \u0421\u0443\u0440\u0435\u043d\u0434\u0440\u0430\u043d\u043f\u0438\u043b\u0430\u0439 \u0412\u0430\u0441\u0430\u043d\u0442\u0430\u043a\u0443\u043c\u0430\u0440\u0438", "is_sale": false, "appointment_id": 5859207, "fields": {"1": "\u041f\u0440\u0430\u0432\u0438\u043d \u0421\u0443\u0440\u0435\u043d\u0434\u0440\u0430\u043d\u043f\u0438\u043b\u0430\u0439 \u0412\u0430\u0441\u0430\u043d\u0442\u0430\u043a\u0443\u043c\u0430\u0440\u0438", "2": "https://klientiks.ru/clientix/client/default/id/3332399", "3": 10765}}, {"id": 6617138, "name": "Tiktaka_Kwatham_100tab", "account_id": 10765, "date_create": 1582962755, "status": 6, "price": "1250", "client_id": 2695457, "roistat": "\u043e\u0442 \u0437\u043d\u0430\u043a\u043e\u043c\u044b\u0445", "executor": "\u0410\u0445\u043c\u0435\u0434\u043e\u0432\u0430 \u0422\u0430\u0442\u044c\u044f\u043d\u0430 \u041b\u0435\u043e\u043d\u0438\u0434\u043e\u0432\u043d\u0430", "is_sale": true, "appointment_id": 5859697, "fields": {"1": "\u0410\u0445\u043c\u0435\u0434\u043e\u0432\u0430 \u0422\u0430\u0442\u044c\u044f\u043d\u0430 \u041b\u0435\u043e\u043d\u0438\u0434\u043e\u0432\u043d\u0430", "2": "https://klientiks.ru/clientix/client/default/id/2695457", "3": 10765}}, {"id": 6617942, "name": "\u041a\u043e\u043d\u0441\u0443\u043b\u044c\u0442\u0430\u0446\u0438\u044f \u0430\u0441\u0442\u0440\u043e\u043b\u043e\u0433\u0430 \u0420\u0430\u0433\u0445\u0443\u043d\u0430\u0442\u0445  \u0441\u043a\u0430\u0439\u043f", "account_id": 10765, "date_create": 1582966621, "status": 7, "price": null, "client_id": 3325787, "roistat": "\u0412\u0445\u043e\u0434\u044f\u0449\u0438\u0439 \u0437\u0432\u043e\u043d\u043e\u043a,\u0418\u043d\u0442\u0435\u0440\u043d\u0435\u0442", "executor": "\u0420\u0430\u0433\u0445\u0443\u043d\u0430\u0442\u0445 \u041c\u0435\u043d\u043e\u043d", "is_sale": false, "appointment_id": 5860448, "fields": {"1": "\u0420\u0430\u0433\u0445\u0443\u043d\u0430\u0442\u0445 \u041c\u0435\u043d\u043e\u043d", "2": "https://klientiks.ru/clientix/client/default/id/3325787", "3": 10765}}, {"id": 6618358, "name": "\u0410\u044e\u0440\u0432\u0435\u0434\u0430 \u043a\u043e\u043d\u0441\u0443\u043b\u044c\u0442\u0430\u0446\u0438\u044f \u0432\u0440\u0430\u0447\u0430 (60 \u043c\u0438\u043d)", "account_id": 10765, "date_create": 1582968635, "status": 6, "price": "3200", "client_id": 3332878, "roistat": "\u0412\u0445\u043e\u0434\u044f\u0449\u0438\u0439 \u0437\u0432\u043e\u043d\u043e\u043a", "executor": "\u041f\u0440\u0430\u0432\u0438\u043d \u0421\u0443\u0440\u0435\u043d\u0434\u0440\u0430\u043d\u043f\u0438\u043b\u0430\u0439 \u0412\u0430\u0441\u0430\u043d\u0442\u0430\u043a\u0443\u043c\u0430\u0440\u0438", "is_sale": false, "appointment_id": 5860861, "fields": {"1": "\u041f\u0440\u0430\u0432\u0438\u043d \u0421\u0443\u0440\u0435\u043d\u0434\u0440\u0430\u043d\u043f\u0438\u043b\u0430\u0439 \u0412\u0430\u0441\u0430\u043d\u0442\u0430\u043a\u0443\u043c\u0430\u0440\u0438", "2": "https://klientiks.ru/clientix/client/default/id/3332878", "3": 10765}}, {"id": 6618409, "name": "\u0410\u044e\u0440\u0432\u0435\u0434\u0430 \u043a\u043e\u043d\u0441\u0443\u043b\u044c\u0442\u0430\u0446\u0438\u044f \u0432\u0440\u0430\u0447\u0430 (60 \u043c\u0438\u043d)", "account_id": 10765, "date_create": 1582968860, "status": 6, "price": "3200", "client_id": 3332903, "roistat": "\u0412\u0445\u043e\u0434\u044f\u0449\u0438\u0439 \u0437\u0432\u043e\u043d\u043e\u043a,\u0418\u043d\u0442\u0435\u0440\u043d\u0435\u0442", "executor": "\u041f\u0440\u0430\u0432\u0438\u043d \u0421\u0443\u0440\u0435\u043d\u0434\u0440\u0430\u043d\u043f\u0438\u043b\u0430\u0439 \u0412\u0430\u0441\u0430\u043d\u0442\u0430\u043a\u0443\u043c\u0430\u0440\u0438", "is_sale": false, "appointment_id": 5860916, "fields": {"1": "\u041f\u0440\u0430\u0432\u0438\u043d \u0421\u0443\u0440\u0435\u043d\u0434\u0440\u0430\u043d\u043f\u0438\u043b\u0430\u0439 \u0412\u0430\u0441\u0430\u043d\u0442\u0430\u043a\u0443\u043c\u0430\u0440\u0438", "2": "https://klientiks.ru/clientix/client/default/id/3332903", "3": 10765}}, {"id": 6618428, "name": "Septilin_Himalaya_60 tab,Avipathi_choornam_30g,\u041a\u0443\u043d\u0436\u0443\u0442\u043d\u043e\u0435_\u043c\u0430\u0441\u043b\u043e_\u041a\u0430\u043c\u0430\u043b\u0430,Drakshadi_kashayam_200ml,Drakshadi_kashayam_200ml,Ashwagandha_60tab_Kutir\u0027s,Septilin_Himalaya_60 tab,Drakshadi_kashayam_200ml,\u041a\u0443\u043d\u0436\u0443\u0442\u043d\u043e\u0435_\u043c\u0430\u0441\u043b\u043e_\u041a\u0430\u043c\u0430\u043b\u0430,Avipathi_choornam_30g,Ashwagandha_60tab_Kutir\u0027s,Septilin_Himalaya_60 tab,Drakshadi_kashayam_200ml,\u041a\u0443\u043d\u0436\u0443\u0442\u043d\u043e\u0435_\u043c\u0430\u0441\u043b\u043e_\u041a\u0430\u043c\u0430\u043b\u0430,Avipathi_choornam_30g,Ashwagandha_60tab_Kutir\u0027s,Septilin_Himalaya_60 tab,Ashwagandha_60tab_Kutir\u0027s,Avipathi_choornam_30g,\u041a\u0443\u043d\u0436\u0443\u0442\u043d\u043e\u0435_\u043c\u0430\u0441\u043b\u043e_\u041a\u0430\u043c\u0430\u043b\u0430,Drakshadi_kashayam_200ml,Septilin_Himalaya_60 tab,Ashwagandha_60tab_Kutir\u0027s,Avipathi_choornam_30g,\u041a\u0443\u043d\u0436\u0443\u0442\u043d\u043e\u0435_\u043c\u0430\u0441\u043b\u043e_\u041a\u0430\u043c\u0430\u043b\u0430", "account_id": 10765, "date_create": 1582968967, "status": 6, "price": "1750", "client_id": 3255176, "roistat": "\u043e\u0442 \u0437\u043d\u0430\u043a\u043e\u043c\u044b\u0445,\u0418\u043d\u0442\u0435\u0440\u043d\u0435\u0442", "executor": "\u0410\u0445\u043c\u0435\u0434\u043e\u0432\u0430 \u0422\u0430\u0442\u044c\u044f\u043d\u0430 \u041b\u0435\u043e\u043d\u0438\u0434\u043e\u0432\u043d\u0430", "is_sale": true, "appointment_id": 5860936, "fields": {"1": "\u0410\u0445\u043c\u0435\u0434\u043e\u0432\u0430 \u0422\u0430\u0442\u044c\u044f\u043d\u0430 \u041b\u0435\u043e\u043d\u0438\u0434\u043e\u0432\u043d\u0430", "2": "https://klientiks.ru/clientix/client/default/id/3255176", "3": 10765}}, {"id": 6618714, "name": "\u0410\u0431\u0445\u044a\u044f\u043d\u0433\u0430 \u043c\u0430\u0441\u0441\u0430\u0436 (60 \u043c\u0438\u043d. \u0440\u0443\u0447\u043d\u043e\u0439 \u043c\u0430\u0441\u043b\u044f\u043d\u044b\u0439 \u043c\u0430\u0441\u0441\u0430\u0436 \u0432 2 \u0440\u0443\u043a\u0438)", "account_id": 10765, "date_create": 1582970573, "status": 6, "price": "3200", "client_id": 3255176, "roistat": "\u043e\u0442 \u0437\u043d\u0430\u043a\u043e\u043c\u044b\u0445,\u0418\u043d\u0442\u0435\u0440\u043d\u0435\u0442", "executor": "\u0428\u0440\u0438\u0442\u0430", "is_sale": false, "appointment_id": 5727454, "fields": {"1": "\u0428\u0440\u0438\u0442\u0430", "2": "https://klientiks.ru/clientix/client/default/id/3255176", "3": 10765}}, {"id": 6619065, "name": "\u0410\u044e\u0440\u0432\u0435\u0434\u0430 \u043f\u043e\u0432\u0442\u043e\u0440\u043d\u0430\u044f \u043a\u043e\u043d\u0441\u0443\u043b\u044c\u0442\u0430\u0446\u0438\u044f \u0432\u0440\u0430\u0447\u0430 \u0432 \u043d\u0430\u0437\u043d\u0430\u0447\u0435\u043d\u043d\u044b\u0439 \u0441\u0440\u043e\u043a (30 \u043c\u0438\u043d)", "account_id": 10765, "date_create": 1582972818, "status": 7, "price": null, "client_id": 3255176, "roistat": "\u043e\u0442 \u0437\u043d\u0430\u043a\u043e\u043c\u044b\u0445,\u0418\u043d\u0442\u0435\u0440\u043d\u0435\u0442", "executor": "\u041f\u0440\u0430\u0432\u0438\u043d \u0421\u0443\u0440\u0435\u043d\u0434\u0440\u0430\u043d\u043f\u0438\u043b\u0430\u0439 \u0412\u0430\u0441\u0430\u043d\u0442\u0430\u043a\u0443\u043c\u0430\u0440\u0438", "is_sale": false, "appointment_id": 5861541, "fields": {"1": "\u041f\u0440\u0430\u0432\u0438\u043d \u0421\u0443\u0440\u0435\u043d\u0434\u0440\u0430\u043d\u043f\u0438\u043b\u0430\u0439 \u0412\u0430\u0441\u0430\u043d\u0442\u0430\u043a\u0443\u043c\u0430\u0440\u0438", "2": "https://klientiks.ru/clientix/client/default/id/3255176", "3": 10765}}, {"id": 6619635, "name": "\u0410\u0431\u0445\u044a\u044f\u043d\u0433\u0430 \u043c\u0430\u0441\u0441\u0430\u0436 (60 \u043c\u0438\u043d. \u0440\u0443\u0447\u043d\u043e\u0439 \u043c\u0430\u0441\u043b\u044f\u043d\u044b\u0439 \u043c\u0430\u0441\u0441\u0430\u0436 \u0432 2 \u0440\u0443\u043a\u0438)", "account_id": 10765, "date_create": 1582976474, "status": 7, "price": null, "client_id": 2319865, "roistat": "\u0412\u0445\u043e\u0434\u044f\u0449\u0438\u0439 \u0437\u0432\u043e\u043d\u043e\u043a", "executor": "\u0410\u043f\u043f\u043e", "is_sale": false, "appointment_id": 5862108, "fields": {"1": "\u0410\u043f\u043f\u043e", "2": "https://klientiks.ru/clientix/client/default/id/2319865", "3": 10765}}, {"id": 6619896, "name": "\u041a\u0438\u0436\u0438 \u043c\u0430\u0441\u0441\u0430\u0436 (60 \u043c\u0438\u043d. \u043f\u0438\u043d\u0434\u0430\u0441\u0432\u0435\u0434\u0430\u043d\u0430, \u043c\u0430\u0441\u0441\u0430\u0436 \u043c\u0435\u0448\u043e\u0447\u043a\u0430\u043c\u0438 \u0432 2 \u0440\u0443\u043a\u0438)", "account_id": 10765, "date_create": 1582978641, "status": 7, "price": null, "client_id": 3122840, "roistat": "\u0420\u043e\u0434\u0441\u0442\u0432\u0435\u043d\u043d\u0438\u043a \u043d\u0430\u0448\u0435\u0433\u043e \u043a\u043b\u0438\u0435\u043d\u0442\u0430", "executor": "\u0424\u0438\u043b\u0438\u043f \u0412\u0438\u043c\u0430\u043b\u0430 \u0412\u0438\u043f\u0438\u043d", "is_sale": false, "appointment_id": 5862352, "fields": {"1": "\u0424\u0438\u043b\u0438\u043f \u0412\u0438\u043c\u0430\u043b\u0430 \u0412\u0438\u043f\u0438\u043d", "2": "https://klientiks.ru/clientix/client/default/id/3122840", "3": 10765}}, {"id": 6620022, "name": "\u0410\u044e\u0440\u0432\u0435\u0434\u0430 \u043f\u043e\u0432\u0442\u043e\u0440\u043d\u0430\u044f  \u043a\u043e\u043d\u0441\u0443\u043b\u044c\u0442\u0430\u0446\u0438\u044f \u043f\u0440\u0438\u0433\u043b\u0430\u0448\u0435\u043d\u043d\u043e\u0433\u043e \u0441\u043f\u0435\u0446\u0438\u0430\u043b\u0438\u0441\u0442\u0430 (30 \u043c\u0438\u043d)", "account_id": 10765, "date_create": 1582979786, "status": 6, "price": "2500", "client_id": 2823274, "roistat": "\u0421\u043e\u0432\u0435\u0442 \u0414\u0440\u0443\u0437\u0435\u0439,\u0438\u043d\u0442\u0435\u0440\u043d\u0435\u0442", "executor": "\u0414\u0436\u0430\u0442\u0445\u0430\u0432 \u041f\u0430\u0440\u0435\u0448", "is_sale": false, "appointment_id": 5862466, "fields": {"1": "\u0414\u0436\u0430\u0442\u0445\u0430\u0432 \u041f\u0430\u0440\u0435\u0448", "2": "https://klientiks.ru/clientix/client/default/id/2823274", "3": 10765}}, {"id": 6620738, "name": "\u0410\u0431\u0445\u044a\u044f\u043d\u0433\u0430 \u043c\u0430\u0441\u0441\u0430\u0436 (60 \u043c\u0438\u043d. \u0440\u0443\u0447\u043d\u043e\u0439 \u043c\u0430\u0441\u043b\u044f\u043d\u044b\u0439 \u043c\u0430\u0441\u0441\u0430\u0436 \u0432 2 \u0440\u0443\u043a\u0438),\u0421\u0435\u0430\u043d\u0441 \u0432 \u043a\u0435\u0434\u0440\u043e\u0432\u043e\u0439 \u0431\u043e\u0447\u043a\u0435 \u0441 \u0444\u0438\u0442\u043e\u0441\u0431\u043e\u0440\u043e\u043c,\u0410\u0431\u0445\u044a\u044f\u043d\u0433\u0430 \u043c\u0430\u0441\u0441\u0430\u0436 (60 \u043c\u0438\u043d. \u0440\u0443\u0447\u043d\u043e\u0439 \u043c\u0430\u0441\u043b\u044f\u043d\u044b\u0439 \u043c\u0430\u0441\u0441\u0430\u0436 \u0432 2 \u0440\u0443\u043a\u0438),\u0421\u0435\u0430\u043d\u0441 \u0432 \u043a\u0435\u0434\u0440\u043e\u0432\u043e\u0439 \u0431\u043e\u0447\u043a\u0435 \u0441 \u0444\u0438\u0442\u043e\u0441\u0431\u043e\u0440\u043e\u043c", "account_id": 10765, "date_create": 1582985690, "status": 6, "price": "0", "client_id": 3263662, "roistat": "\u043f\u043e\u0441\u0442\u043e\u044f\u043d\u043d\u044b\u0439 \u043a\u043b\u0438\u0435\u043d\u0442", "executor": "\u0428\u0440\u0438\u0442\u0430", "is_sale": false, "appointment_id": 5863078, "fields": {"1": "\u0428\u0440\u0438\u0442\u0430", "2": "https://klientiks.ru/clientix/client/default/id/3263662", "3": 10765}}, {"id": 6620742, "name": "\u0412\u0438\u0440\u0435\u0447\u0430\u043d\u0430 (\u0441\u043b\u0430\u0431\u0438\u0442\u0435\u043b\u044c\u043d\u0430\u044f \u0442\u0435\u0440\u0430\u043f\u0438\u044f),\u041a\u0430\u043b\u0430\u0440\u0438 \u043c\u0430\u0441\u0441\u0430\u0436 (60 \u043c\u0438\u043d. \u043d\u043e\u0436\u043d\u043e\u0439 \u043c\u0430\u0441\u043b\u044f\u043d\u044b\u0439 \u043c\u0430\u0441\u0441\u0430\u0436),\u041a\u0430\u043b\u0430\u0440\u0438 \u043c\u0430\u0441\u0441\u0430\u0436 (60 \u043c\u0438\u043d. \u043d\u043e\u0436\u043d\u043e\u0439 \u043c\u0430\u0441\u043b\u044f\u043d\u044b\u0439 \u043c\u0430\u0441\u0441\u0430\u0436),\u0412\u0438\u0440\u0435\u0447\u0430\u043d\u0430 (\u0441\u043b\u0430\u0431\u0438\u0442\u0435\u043b\u044c\u043d\u0430\u044f \u0442\u0435\u0440\u0430\u043f\u0438\u044f)", "account_id": 10765, "date_create": 1582985730, "status": 6, "price": "0", "client_id": 3263662, "roistat": "\u043f\u043e\u0441\u0442\u043e\u044f\u043d\u043d\u044b\u0439 \u043a\u043b\u0438\u0435\u043d\u0442", "executor": "\u0428\u0440\u0438\u0442\u0430", "is_sale": false, "appointment_id": 5863080, "fields": {"1": "\u0428\u0440\u0438\u0442\u0430", "2": "https://klientiks.ru/clientix/client/default/id/3263662", "3": 10765}}, {"id": 6620748, "name": "\u041a\u0438\u0436\u0438 \u043d\u0430 \u0447\u0430\u0441\u0442\u0438 \u0442\u0435\u043b\u0430 (30 \u043c\u0438\u043d),\u041a\u0438\u0436\u0438 \u043d\u0430 \u0447\u0430\u0441\u0442\u0438 \u0442\u0435\u043b\u0430 (30 \u043c\u0438\u043d),\u0410\u0431\u0445\u044a\u044f\u043d\u0433\u0430 \u043c\u0430\u0441\u0441\u0430\u0436 (60 \u043c\u0438\u043d. \u0440\u0443\u0447\u043d\u043e\u0439 \u043c\u0430\u0441\u043b\u044f\u043d\u044b\u0439 \u043c\u0430\u0441\u0441\u0430\u0436 \u0432 2 \u0440\u0443\u043a\u0438),\u0410\u0431\u0445\u044a\u044f\u043d\u0433\u0430 \u043c\u0430\u0441\u0441\u0430\u0436 (60 \u043c\u0438\u043d. \u0440\u0443\u0447\u043d\u043e\u0439 \u043c\u0430\u0441\u043b\u044f\u043d\u044b\u0439 \u043c\u0430\u0441\u0441\u0430\u0436 \u0432 2 \u0440\u0443\u043a\u0438)", "account_id": 10765, "date_create": 1582985805, "status": 6, "price": "0", "client_id": 3263662, "roistat": "\u043f\u043e\u0441\u0442\u043e\u044f\u043d\u043d\u044b\u0439 \u043a\u043b\u0438\u0435\u043d\u0442", "executor": "\u041d\u0438\u0431\u0438\u043d \u041a\u043e\u0434\u0430\u0442 \u0414\u0438\u043d\u0435\u0441\u0430\u043d", "is_sale": false, "appointment_id": 5863085, "fields": {"1": "\u041d\u0438\u0431\u0438\u043d \u041a\u043e\u0434\u0430\u0442 \u0414\u0438\u043d\u0435\u0441\u0430\u043d", "2": "https://klientiks.ru/clientix/client/default/id/3263662", "3": 10765}}, {"id": 6620754, "name": "\u041a\u0438\u0436\u0438 \u043d\u0430 \u0447\u0430\u0441\u0442\u0438 \u0442\u0435\u043b\u0430 (30 \u043c\u0438\u043d),\u041a\u0438\u0436\u0438 \u043d\u0430 \u0447\u0430\u0441\u0442\u0438 \u0442\u0435\u043b\u0430 (30 \u043c\u0438\u043d),\u0410\u0431\u0445\u044a\u044f\u043d\u0433\u0430 \u043c\u0430\u0441\u0441\u0430\u0436 (60 \u043c\u0438\u043d. \u0440\u0443\u0447\u043d\u043e\u0439 \u043c\u0430\u0441\u043b\u044f\u043d\u044b\u0439 \u043c\u0430\u0441\u0441\u0430\u0436 \u0432 2 \u0440\u0443\u043a\u0438),\u0410\u0431\u0445\u044a\u044f\u043d\u0433\u0430 \u043c\u0430\u0441\u0441\u0430\u0436 (60 \u043c\u0438\u043d. \u0440\u0443\u0447\u043d\u043e\u0439 \u043c\u0430\u0441\u043b\u044f\u043d\u044b\u0439 \u043c\u0430\u0441\u0441\u0430\u0436 \u0432 2 \u0440\u0443\u043a\u0438)", "account_id": 10765, "date_create": 1582985849, "status": 6, "price": "0", "client_id": 3263662, "roistat": "\u043f\u043e\u0441\u0442\u043e\u044f\u043d\u043d\u044b\u0439 \u043a\u043b\u0438\u0435\u043d\u0442", "executor": "\u041d\u0438\u0431\u0438\u043d \u041a\u043e\u0434\u0430\u0442 \u0414\u0438\u043d\u0435\u0441\u0430\u043d", "is_sale": false, "appointment_id": 5863092, "fields": {"1": "\u041d\u0438\u0431\u0438\u043d \u041a\u043e\u0434\u0430\u0442 \u0414\u0438\u043d\u0435\u0441\u0430\u043d", "2": "https://klientiks.ru/clientix/client/default/id/3263662", "3": 10765}}, {"id": 6620759, "name": "\u041a\u0430\u043b\u0430\u0440\u0438 \u043c\u0430\u0441\u0441\u0430\u0436 (60 \u043c\u0438\u043d. \u043d\u043e\u0436\u043d\u043e\u0439 \u043c\u0430\u0441\u043b\u044f\u043d\u044b\u0439 \u043c\u0430\u0441\u0441\u0430\u0436),\u041f\u0438\u0447\u0443 (30 \u043c\u0438\u043d. \u043c\u0430\u0441\u043b\u044f\u043d\u0430\u044f \u0430\u043f\u043f\u043b\u0438\u043a\u0430\u0446\u0438\u044f),\u0410\u043d\u0443\u0432\u0430\u0441\u0430\u043d\u0430 \u0411\u0430\u0441\u0442\u0438 (30 \u043c\u0438\u043d. \u043c\u0430\u0441\u043b\u044f\u043d\u0430\u044f \u0442\u0440\u0430\u0432\u044f\u043d\u0430\u044f \u043a\u043b\u0438\u0437\u043c\u0430),\u041a\u0430\u043b\u0430\u0440\u0438 \u043c\u0430\u0441\u0441\u0430\u0436 (60 \u043c\u0438\u043d. \u043d\u043e\u0436\u043d\u043e\u0439 \u043c\u0430\u0441\u043b\u044f\u043d\u044b\u0439 \u043c\u0430\u0441\u0441\u0430\u0436),\u041f\u0438\u0447\u0443 (30 \u043c\u0438\u043d. \u043c\u0430\u0441\u043b\u044f\u043d\u0430\u044f \u0430\u043f\u043f\u043b\u0438\u043a\u0430\u0446\u0438\u044f),\u0410\u043d\u0443\u0432\u0430\u0441\u0430\u043d\u0430 \u0411\u0430\u0441\u0442\u0438 (30 \u043c\u0438\u043d. \u043c\u0430\u0441\u043b\u044f\u043d\u0430\u044f \u0442\u0440\u0430\u0432\u044f\u043d\u0430\u044f \u043a\u043b\u0438\u0437\u043c\u0430),\u041a\u0430\u043b\u0430\u0440\u0438 \u043c\u0430\u0441\u0441\u0430\u0436 (60 \u043c\u0438\u043d. \u043d\u043e\u0436\u043d\u043e\u0439 \u043c\u0430\u0441\u043b\u044f\u043d\u044b\u0439 \u043c\u0430\u0441\u0441\u0430\u0436),\u041f\u0438\u0447\u0443 (30 \u043c\u0438\u043d. \u043c\u0430\u0441\u043b\u044f\u043d\u0430\u044f \u0430\u043f\u043f\u043b\u0438\u043a\u0430\u0446\u0438\u044f),\u0410\u043d\u0443\u0432\u0430\u0441\u0430\u043d\u0430 \u0411\u0430\u0441\u0442\u0438 (30 \u043c\u0438\u043d. \u043c\u0430\u0441\u043b\u044f\u043d\u0430\u044f \u0442\u0440\u0430\u0432\u044f\u043d\u0430\u044f \u043a\u043b\u0438\u0437\u043c\u0430)", "account_id": 10765, "date_create": 1582985911, "status": 6, "price": "0", "client_id": 3263662, "roistat": "\u043f\u043e\u0441\u0442\u043e\u044f\u043d\u043d\u044b\u0439 \u043a\u043b\u0438\u0435\u043d\u0442", "executor": "\u0428\u0440\u0438\u0442\u0430", "is_sale": false, "appointment_id": 5863097, "fields": {"1": "\u0428\u0440\u0438\u0442\u0430", "2": "https://klientiks.ru/clientix/client/default/id/3263662", "3": 10765}}, {"id": 6620763, "name": "\u041d\u0438\u0440\u0443\u0445\u0430 \u0411\u0430\u0441\u0442\u0438 (60 \u043c\u0438\u043d. \u043a\u043b\u0438\u0437\u043c\u0430 \u0442\u0440\u0430\u0432\u044f\u043d\u044b\u043c \u043e\u0442\u0432\u0430\u0440\u043e\u043c),\u0410\u0431\u0445\u044a\u044f\u043d\u0433\u0430 \u043c\u0430\u0441\u0441\u0430\u0436 (60 \u043c\u0438\u043d. \u0440\u0443\u0447\u043d\u043e\u0439 \u043c\u0430\u0441\u043b\u044f\u043d\u044b\u0439 \u043c\u0430\u0441\u0441\u0430\u0436 \u0432 2 \u0440\u0443\u043a\u0438),\u0410\u0431\u0445\u044a\u044f\u043d\u0433\u0430 \u043c\u0430\u0441\u0441\u0430\u0436 (60 \u043c\u0438\u043d. \u0440\u0443\u0447\u043d\u043e\u0439 \u043c\u0430\u0441\u043b\u044f\u043d\u044b\u0439 \u043c\u0430\u0441\u0441\u0430\u0436 \u0432 2 \u0440\u0443\u043a\u0438),\u041d\u0438\u0440\u0443\u0445\u0430 \u0411\u0430\u0441\u0442\u0438 (60 \u043c\u0438\u043d. \u043a\u043b\u0438\u0437\u043c\u0430 \u0442\u0440\u0430\u0432\u044f\u043d\u044b\u043c \u043e\u0442\u0432\u0430\u0440\u043e\u043c),\u041f\u0438\u0447\u0443 (30 \u043c\u0438\u043d. \u043c\u0430\u0441\u043b\u044f\u043d\u0430\u044f \u0430\u043f\u043f\u043b\u0438\u043a\u0430\u0446\u0438\u044f),\u0410\u0431\u0445\u044a\u044f\u043d\u0433\u0430 \u043c\u0430\u0441\u0441\u0430\u0436 (60 \u043c\u0438\u043d. \u0440\u0443\u0447\u043d\u043e\u0439 \u043c\u0430\u0441\u043b\u044f\u043d\u044b\u0439 \u043c\u0430\u0441\u0441\u0430\u0436 \u0432 2 \u0440\u0443\u043a\u0438),\u041d\u0438\u0440\u0443\u0445\u0430 \u0411\u0430\u0441\u0442\u0438 (60 \u043c\u0438\u043d. \u043a\u043b\u0438\u0437\u043c\u0430 \u0442\u0440\u0430\u0432\u044f\u043d\u044b\u043c \u043e\u0442\u0432\u0430\u0440\u043e\u043c),\u041f\u0438\u0447\u0443 (30 \u043c\u0438\u043d. \u043c\u0430\u0441\u043b\u044f\u043d\u0430\u044f \u0430\u043f\u043f\u043b\u0438\u043a\u0430\u0446\u0438\u044f),\u041f\u0438\u0447\u0443 (30 \u043c\u0438\u043d. \u043c\u0430\u0441\u043b\u044f\u043d\u0430\u044f \u0430\u043f\u043f\u043b\u0438\u043a\u0430\u0446\u0438\u044f)", "account_id": 10765, "date_create": 1582985948, "status": 6, "price": "0", "client_id": 3263662, "roistat": "\u043f\u043e\u0441\u0442\u043e\u044f\u043d\u043d\u044b\u0439 \u043a\u043b\u0438\u0435\u043d\u0442", "executor": "\u041d\u0438\u0431\u0438\u043d \u041a\u043e\u0434\u0430\u0442 \u0414\u0438\u043d\u0435\u0441\u0430\u043d", "is_sale": false, "appointment_id": 5863101, "fields": {"1": "\u041d\u0438\u0431\u0438\u043d \u041a\u043e\u0434\u0430\u0442 \u0414\u0438\u043d\u0435\u0441\u0430\u043d", "2": "https://klientiks.ru/clientix/client/default/id/3263662", "3": 10765}}, {"id": 6620773, "name": "\u041a\u0438\u0436\u0438 \u043d\u0430 \u0447\u0430\u0441\u0442\u0438 \u0442\u0435\u043b\u0430 (30 \u043c\u0438\u043d),\u0410\u0431\u0445\u044a\u044f\u043d\u0433\u0430 \u043c\u0430\u0441\u0441\u0430\u0436 (60 \u043c\u0438\u043d. \u0440\u0443\u0447\u043d\u043e\u0439 \u043c\u0430\u0441\u043b\u044f\u043d\u044b\u0439 \u043c\u0430\u0441\u0441\u0430\u0436 \u0432 2 \u0440\u0443\u043a\u0438),\u0410\u043d\u0443\u0432\u0430\u0441\u0430\u043d\u0430 \u0411\u0430\u0441\u0442\u0438 (30 \u043c\u0438\u043d. \u043c\u0430\u0441\u043b\u044f\u043d\u0430\u044f \u0442\u0440\u0430\u0432\u044f\u043d\u0430\u044f \u043a\u043b\u0438\u0437\u043c\u0430)", "account_id": 10765, "date_create": 1582986015, "status": 7, "price": null, "client_id": 3263662, "roistat": "\u043f\u043e\u0441\u0442\u043e\u044f\u043d\u043d\u044b\u0439 \u043a\u043b\u0438\u0435\u043d\u0442", "executor": "\u0428\u0440\u0438\u0442\u0430", "is_sale": false, "appointment_id": 5863108, "fields": {"1": "\u0428\u0440\u0438\u0442\u0430", "2": "https://klientiks.ru/clientix/client/default/id/3263662", "3": 10765}}], "pagination": {"total_count": 22602, "limit": 50, "page_number": 1}, "total_count": 22602, "page_number": 1}') v, current_timestamp ts) s on s.v = parse_json(t.v) when not matched then insert (t.v, changed_at) values (s.v, s.ts)
2020-08-23 01:31:15,991 - executing SQL/command
2020-08-23 01:31:15,991 - binding: [merge into KAMALA_ACL t using (select parse_json('{"offset": 19500, "count": 50,...] with input=[None], processed=[{}]
2020-08-23 01:31:15,991 - query: [merge into KAMALA_ACL t using (select parse_json('{"offset": 19500, "count": 50,...]
2020-08-23 01:31:15,991 - Cannot use arrow result format, fallback to json format
2020-08-23 01:31:15,991 - sequence counter: 1
2020-08-23 01:31:15,991 - running query [merge into KAMALA_ACL t using (select parse_json('{"offset": 19500, "count": 50,...]
2020-08-23 01:31:15,991 - is_file_transfer: False
2020-08-23 01:31:15,991 - _cmd_query
2020-08-23 01:31:15,991 - sql=[merge into KAMALA_ACL t using (select parse_json('{"offset": 19500, "count": 50,...], sequence_id=[1], is_file_transfer=[None]
2020-08-23 01:31:15,992 - Active requests sessions: 1, idle: 0
2020-08-23 01:31:15,992 - remaining request timeout: None, retry cnt: 1
2020-08-23 01:31:15,992 - socket timeout: 60
2020-08-23 01:31:16,563 - https://ringcentral.snowflakecomputing.com:443 "POST /queries/v1/query-request?requestId=76eebfa0-3137-450a-af4b-344a276c220c&request_guid=979b87de-53b8-45c0-98a7-a1ba2cab8282 HTTP/1.1" 200 1044
2020-08-23 01:31:16,563 - SUCCESS
2020-08-23 01:31:16,564 - Active requests sessions: 0, idle: 1
2020-08-23 01:31:16,564 - ret[code] = None, after post request
2020-08-23 01:31:16,564 - sfqid: 01966d47-0270-3f4b-0003-e00300530c06
2020-08-23 01:31:16,564 - query execution done
2020-08-23 01:31:16,564 - SUCCESS
2020-08-23 01:31:16,564 - PUT OR GET: None
2020-08-23 01:31:16,564 - Query result format: json
2020-08-23 01:32:55,199 - Requesting data chunk https://klientiks.ru/clientix/Restapi/list/a/390b96e2763e/u/d969c9cde78c/t/073de5009f21b34afa022cfa7ca2c124/m/AppointmentClientLinks/ik/orders/rvwk/status,statuses/?date=10&offset=19450
2020-08-23 01:32:55,202 - Starting new HTTPS connection (1): klientiks.ru:443
2020-08-23 01:32:55,399 - OCSP Mode: FAIL_OPEN, OCSP response cache file name: None
2020-08-23 01:32:55,399 - ocsp_response_cache_uri: file://C:/Users/dmitry.mitrofanov/AppData/Local/Snowflake/Caches/ocsp_response_cache.json
2020-08-23 01:32:55,399 - OCSP_VALIDATION_CACHE size: 140
2020-08-23 01:32:55,399 - OCSP response cache server is enabled: http://ocsp.snowflakecomputing.com/ocsp_response_cache.json
2020-08-23 01:32:55,399 - OCSP dynamic cache server RETRY URL: None
2020-08-23 01:32:55,404 - Verifying the attached certificate is signed by the issuer. Valid Not After: 2025-05-12 23:58:59+00:00
2020-08-23 01:32:55,405 - Verifying the attached certificate is signed by the issuer. Valid Not After: 2025-05-12 23:58:59+00:00
2020-08-23 01:32:55,407 - Verifying the attached certificate is signed by the issuer. Valid Not After: 2023-06-11 20:40:26+00:00
2020-08-23 01:32:55,408 - Verifying the attached certificate is signed by the issuer. Valid Not After: 2023-06-11 20:40:26+00:00
2020-08-23 01:32:55,409 - Verifying the attached certificate is signed by the issuer. Valid Not After: 2023-06-11 20:44:21+00:00
2020-08-23 01:32:55,410 - Verifying the attached certificate is signed by the issuer. Valid Not After: 2023-06-11 20:44:21+00:00
2020-08-23 01:32:55,411 - Verifying the attached certificate is signed by the issuer. Valid Not After: 2021-12-14 07:00:00+00:00
2020-08-23 01:32:55,413 - Verifying the attached certificate is signed by the issuer. Valid Not After: 2021-12-14 07:00:00+00:00
2020-08-23 01:32:55,414 - Verifying the attached certificate is signed by the issuer. Valid Not After: 2025-05-12 23:58:59+00:00
2020-08-23 01:32:55,415 - Verifying the attached certificate is signed by the issuer. Valid Not After: 2025-05-12 23:58:59+00:00
2020-08-23 01:32:55,418 - Verifying the attached certificate is signed by the issuer. Valid Not After: 2025-05-12 23:58:59+00:00
2020-08-23 01:32:55,419 - Verifying the attached certificate is signed by the issuer. Valid Not After: 2025-05-12 23:58:59+00:00
2020-08-23 01:32:55,420 - Verifying the attached certificate is signed by the issuer. Valid Not After: 2025-05-12 23:58:59+00:00
2020-08-23 01:32:55,422 - Verifying the attached certificate is signed by the issuer. Valid Not After: 2025-05-12 23:58:59+00:00
2020-08-23 01:32:55,430 - Verifying the attached certificate is signed by the issuer. Valid Not After: 2025-05-12 23:58:59+00:00
2020-08-23 01:32:55,431 - Verifying the attached certificate is signed by the issuer. Valid Not After: 2025-05-12 23:58:59+00:00
2020-08-23 01:32:55,434 - Verifying the attached certificate is signed by the issuer. Valid Not After: 2021-04-02 17:08:26+00:00
2020-08-23 01:32:55,435 - Verifying the attached certificate is signed by the issuer. Valid Not After: 2021-04-02 17:08:26+00:00
2020-08-23 01:32:55,437 - Verifying the attached certificate is signed by the issuer. Valid Not After: 2021-04-02 17:13:33+00:00
2020-08-23 01:32:55,438 - Verifying the attached certificate is signed by the issuer. Valid Not After: 2021-04-02 17:13:33+00:00
2020-08-23 01:32:55,439 - Verifying the attached certificate is signed by the issuer. Valid Not After: 2021-04-02 16:58:09+00:00
2020-08-23 01:32:55,440 - Verifying the attached certificate is signed by the issuer. Valid Not After: 2021-04-02 16:58:09+00:00
2020-08-23 01:32:55,457 - Verifying the attached certificate is signed by the issuer. Valid Not After: 2021-04-02 17:13:33+00:00
2020-08-23 01:32:55,458 - Verifying the attached certificate is signed by the issuer. Valid Not After: 2021-04-02 17:13:33+00:00
2020-08-23 01:32:55,459 - Verifying the attached certificate is signed by the issuer. Valid Not After: 2021-04-02 17:08:26+00:00
2020-08-23 01:32:55,460 - Verifying the attached certificate is signed by the issuer. Valid Not After: 2021-04-02 17:08:26+00:00
2020-08-23 01:32:55,462 - Verifying the attached certificate is signed by the issuer. Valid Not After: 2021-04-02 17:03:51+00:00
2020-08-23 01:32:55,463 - Verifying the attached certificate is signed by the issuer. Valid Not After: 2021-04-02 17:03:51+00:00
2020-08-23 01:32:55,464 - Verifying the attached certificate is signed by the issuer. Valid Not After: 2021-04-02 16:58:09+00:00
2020-08-23 01:32:55,465 - Verifying the attached certificate is signed by the issuer. Valid Not After: 2021-04-02 16:58:09+00:00
2020-08-23 01:32:55,467 - Verifying the attached certificate is signed by the issuer. Valid Not After: 2021-04-02 17:03:51+00:00
2020-08-23 01:32:55,469 - Verifying the attached certificate is signed by the issuer. Valid Not After: 2021-04-02 17:03:51+00:00
2020-08-23 01:32:55,470 - Verifying the attached certificate is signed by the issuer. Valid Not After: 2021-04-02 17:03:51+00:00
2020-08-23 01:32:55,471 - Verifying the attached certificate is signed by the issuer. Valid Not After: 2021-04-02 17:03:51+00:00
2020-08-23 01:32:55,487 - Verifying the attached certificate is signed by the issuer. Valid Not After: 2021-04-02 17:13:33+00:00
2020-08-23 01:32:55,489 - Verifying the attached certificate is signed by the issuer. Valid Not After: 2021-04-02 17:13:33+00:00
2020-08-23 01:32:55,491 - Read OCSP response cache file: C:/Users/dmitry.mitrofanov/AppData/Local/Snowflake/Caches/ocsp_response_cache.json, count=140
2020-08-23 01:32:55,491 - validating certificate: klientiks.ru
2020-08-23 01:32:55,491 - skipping OCSP check: klientiks.ru
2020-08-23 01:32:56,566 - https://klientiks.ru:443 "GET /clientix/Restapi/list/a/390b96e2763e/u/d969c9cde78c/t/073de5009f21b34afa022cfa7ca2c124/m/AppointmentClientLinks/ik/orders/rvwk/status,statuses/?date=10&offset=19450 HTTP/1.1" 200 None
2020-08-23 01:32:56,578 - {"offset": 19500, "count": 50, "limit": 50, "statuses": [{"id": 1, "name": "scheduled"}, {"id": 2, "name": "sms_confirmation_sent"}, {"id": 3, "name": "cancelled_by_sms"}, {"id": 4, "name": "confirmed"}, {"id": 5, "name": "in_progress"}, {"id": 6, "name": "finished"}, {"id": 7, "name": "cancelled"}, {"id": 8, "name": "missed"}, {"id": 9, "name": "arrived"}], "fields": [{"id": "1", "name": "\u0418\u0441\u043f\u043e\u043b\u043d\u0438\u0442\u0435\u043b\u044c"}, {"id": "2", "name": "\u0421\u0441\u044b\u043b\u043a\u0430 \u043d\u0430 \u043a\u043b\u0438\u0435\u043d\u0442\u0430"}, {"id": "3", "name": "\u0410\u0439\u0434\u0438 \u0430\u043a\u043a\u0430\u0443\u043d\u0442\u0430"}], "orders": [{"id": 6607810, "name": "\u0410\u044d\u0440\u043e\u0439\u043e\u0433\u0430 (90 \u043c\u0438\u043d)", "account_id": 10765, "date_create": 1582872496, "status": 6, "price": "0", "client_id": 1122837, "roistat": "\u043f\u043e\u0441\u0442\u043e\u044f\u043d\u043d\u044b\u0439 \u043a\u043b\u0438\u0435\u043d\u0442", "executor": "\u0421\u043e\u0431\u0435\u043d\u043d\u0438\u043a\u043e\u0432\u0430 \u041e\u043a\u0441\u0430\u043d\u0430 \u042e\u0440\u044c\u0435\u0432\u043d\u0430", "is_sale": false, "appointment_id": 5833285, "fields": {"1": "\u0421\u043e\u0431\u0435\u043d\u043d\u0438\u043a\u043e\u0432\u0430 \u041e\u043a\u0441\u0430\u043d\u0430 \u042e\u0440\u044c\u0435\u0432\u043d\u0430", "2": "https://klientiks.ru/clientix/client/default/id/1122837", "3": 10765}}, {"id": 6607812, "name": "\u0410\u044d\u0440\u043e\u0439\u043e\u0433\u0430 (90 \u043c\u0438\u043d)", "account_id": 10765, "date_create": 1582872499, "status": 6, "price": "0", "client_id": 2877520, "roistat": "\u0438\u043d\u0442\u0435\u0440\u043d\u0435\u0442", "executor": "\u0421\u043e\u0431\u0435\u043d\u043d\u0438\u043a\u043e\u0432\u0430 \u041e\u043a\u0441\u0430\u043d\u0430 \u042e\u0440\u044c\u0435\u0432\u043d\u0430", "is_sale": false, "appointment_id": 5833285, "fields": {"1": "\u0421\u043e\u0431\u0435\u043d\u043d\u0438\u043a\u043e\u0432\u0430 \u041e\u043a\u0441\u0430\u043d\u0430 \u042e\u0440\u044c\u0435\u0432\u043d\u0430", "2": "https://klientiks.ru/clientix/client/default/id/2877520", "3": 10765}}, {"id": 6608043, "name": "\u0410\u044e\u0440\u0432\u0435\u0434\u0430 \u043a\u043e\u043d\u0441\u0443\u043b\u044c\u0442\u0430\u0446\u0438\u044f \u0432\u0440\u0430\u0447\u0430 (60 \u043c\u0438\u043d)", "account_id": 10765, "date_create": 1582873655, "status": 6, "price": "3500", "client_id": 3319006, "roistat": "\u0412\u0445\u043e\u0434\u044f\u0449\u0438\u0439 \u0437\u0432\u043e\u043d\u043e\u043a", "executor": "\u041f\u0440\u0430\u0432\u0438\u043d \u0421\u0443\u0440\u0435\u043d\u0434\u0440\u0430\u043d\u043f\u0438\u043b\u0430\u0439 \u0412\u0430\u0441\u0430\u043d\u0442\u0430\u043a\u0443\u043c\u0430\u0440\u0438", "is_sale": false, "appointment_id": 5851965, "fields": {"1": "\u041f\u0440\u0430\u0432\u0438\u043d \u0421\u0443\u0440\u0435\u043d\u0434\u0440\u0430\u043d\u043f\u0438\u043b\u0430\u0439 \u0412\u0430\u0441\u0430\u043d\u0442\u0430\u043a\u0443\u043c\u0430\u0440\u0438", "2": "https://klientiks.ru/clientix/client/default/id/3319006", "3": 10765}}, {"id": 6609060, "name": "\u0420\u043e\u0437\u043e\u0432\u044f_\u0432\u043e\u0434\u0430_Khadi", "account_id": 10765, "date_create": 1582877952, "status": 6, "price": "400", "client_id": 1108070, "roistat": "\u0438\u043d\u0442\u0435\u0440\u043d\u0435\u0442", "executor": "\u0410\u0445\u043c\u0435\u0434\u043e\u0432\u0430 \u0422\u0430\u0442\u044c\u044f\u043d\u0430 \u041b\u0435\u043e\u043d\u0438\u0434\u043e\u0432\u043d\u0430", "is_sale": true, "appointment_id": 5852875, "fields": {"1": "\u0410\u0445\u043c\u0435\u0434\u043e\u0432\u0430 \u0422\u0430\u0442\u044c\u044f\u043d\u0430 \u041b\u0435\u043e\u043d\u0438\u0434\u043e\u0432\u043d\u0430", "2": "https://klientiks.ru/clientix/client/default/id/1108070", "3": 10765}}, {"id": 6609134, "name": "\u0420\u043e\u0437\u043e\u0432\u044f_\u0432\u043e\u0434\u0430_Khadi", "account_id": 10765, "date_create": 1582878286, "status": 6, "price": "400", "client_id": 1297843, "roistat": "\u0440\u044f\u0434\u043e\u043c \u0436\u0438\u0432\u0435\u0442", "executor": "\u0410\u0445\u043c\u0435\u0434\u043e\u0432\u0430 \u0422\u0430\u0442\u044c\u044f\u043d\u0430 \u041b\u0435\u043e\u043d\u0438\u0434\u043e\u0432\u043d\u0430", "is_sale": true, "appointment_id": 5852970, "fields": {"1": "\u0410\u0445\u043c\u0435\u0434\u043e\u0432\u0430 \u0422\u0430\u0442\u044c\u044f\u043d\u0430 \u041b\u0435\u043e\u043d\u0438\u0434\u043e\u0432\u043d\u0430", "2": "https://klientiks.ru/clientix/client/default/id/1297843", "3": 10765}}, {"id": 6609341, "name": "Chyawanaprasham_Nagarjuna 500g", "account_id": 10765, "date_create": 1582879137, "status": 6, "price": "700", "client_id": 3215797, "roistat": "\u0438\u043d\u0442\u0435\u0440\u043d\u0435\u0442", "executor": "\u0410\u0445\u043c\u0435\u0434\u043e\u0432\u0430 \u0422\u0430\u0442\u044c\u044f\u043d\u0430 \u041b\u0435\u043e\u043d\u0438\u0434\u043e\u0432\u043d\u0430", "is_sale": true, "appointment_id": 5853140, "fields": {"1": "\u0410\u0445\u043c\u0435\u0434\u043e\u0432\u0430 \u0422\u0430\u0442\u044c\u044f\u043d\u0430 \u041b\u0435\u043e\u043d\u0438\u0434\u043e\u0432\u043d\u0430", "2": "https://klientiks.ru/clientix/client/default/id/3215797", "3": 10765}}, {"id": 6609378, "name": "Chyawanaprasham_Nagarjuna 500g", "account_id": 10765, "date_create": 1582879329, "status": 6, "price": "700", "client_id": 3014911, "roistat": "\u043e\u0442 \u0437\u043d\u0430\u043a\u043e\u043c\u044b\u0445", "executor": "\u0410\u0445\u043c\u0435\u0434\u043e\u0432\u0430 \u0422\u0430\u0442\u044c\u044f\u043d\u0430 \u041b\u0435\u043e\u043d\u0438\u0434\u043e\u0432\u043d\u0430", "is_sale": true, "appointment_id": 5853176, "fields": {"1": "\u0410\u0445\u043c\u0435\u0434\u043e\u0432\u0430 \u0422\u0430\u0442\u044c\u044f\u043d\u0430 \u041b\u0435\u043e\u043d\u0438\u0434\u043e\u0432\u043d\u0430", "2": "https://klientiks.ru/clientix/client/default/id/3014911", "3": 10765}}, {"id": 6609424, "name": "Chyawanaprasham_Nagarjuna 500g,Itone_eye_drop_\u043a\u0430\u043f\u043b\u0438,Chyawanaprasham_Nagarjuna 500g,Itone_eye_drop_\u043a\u0430\u043f\u043b\u0438", "account_id": 10765, "date_create": 1582879528, "status": 6, "price": "980", "client_id": 3058502, "roistat": "\u043e\u0442 \u0437\u043d\u0430\u043a\u043e\u043c\u044b\u0445", "executor": "\u0410\u0445\u043c\u0435\u0434\u043e\u0432\u0430 \u0422\u0430\u0442\u044c\u044f\u043d\u0430 \u041b\u0435\u043e\u043d\u0438\u0434\u043e\u0432\u043d\u0430", "is_sale": true, "appointment_id": 5853219, "fields": {"1": "\u0410\u0445\u043c\u0435\u0434\u043e\u0432\u0430 \u0422\u0430\u0442\u044c\u044f\u043d\u0430 \u041b\u0435\u043e\u043d\u0438\u0434\u043e\u0432\u043d\u0430", "2": "https://klientiks.ru/clientix/client/default/id/3058502", "3": 10765}}, {"id": 6609494, "name": "\u0410\u044d\u0440\u043e\u0439\u043e\u0433\u0430 (90 \u043c\u0438\u043d)", "account_id": 10765, "date_create": 1582879922, "status": 6, "price": "0", "client_id": 3144287, "roistat": "\u0438\u043d\u0442\u0435\u0440\u043d\u0435\u0442", "executor": "\u0421\u043e\u0431\u0435\u043d\u043d\u0438\u043a\u043e\u0432\u0430 \u041e\u043a\u0441\u0430\u043d\u0430 \u042e\u0440\u044c\u0435\u0432\u043d\u0430", "is_sale": false, "appointment_id": 5833242, "fields": {"1": "\u0421\u043e\u0431\u0435\u043d\u043d\u0438\u043a\u043e\u0432\u0430 \u041e\u043a\u0441\u0430\u043d\u0430 \u042e\u0440\u044c\u0435\u0432\u043d\u0430", "2": "https://klientiks.ru/clientix/client/default/id/3144287", "3": 10765}}, {"id": 6609665, "name": "\u0410\u044d\u0440\u043e\u0439\u043e\u0433\u0430 (90 \u043c\u0438\u043d)", "account_id": 10765, "date_create": 1582880922, "status": 6, "price": "0", "client_id": 1108070, "roistat": "\u0438\u043d\u0442\u0435\u0440\u043d\u0435\u0442", "executor": "\u0421\u043e\u0431\u0435\u043d\u043d\u0438\u043a\u043e\u0432\u0430 \u041e\u043a\u0441\u0430\u043d\u0430 \u042e\u0440\u044c\u0435\u0432\u043d\u0430", "is_sale": false, "appointment_id": 5833243, "fields": {"1": "\u0421\u043e\u0431\u0435\u043d\u043d\u0438\u043a\u043e\u0432\u0430 \u041e\u043a\u0441\u0430\u043d\u0430 \u042e\u0440\u044c\u0435\u0432\u043d\u0430", "2": "https://klientiks.ru/clientix/client/default/id/1108070", "3": 10765}}, {"id": 6609667, "name": "\u0410\u044d\u0440\u043e\u0439\u043e\u0433\u0430 (90 \u043c\u0438\u043d)", "account_id": 10765, "date_create": 1582880934, "status": 6, "price": "0", "client_id": 3014911, "roistat": "\u043e\u0442 \u0437\u043d\u0430\u043a\u043e\u043c\u044b\u0445", "executor": "\u0421\u043e\u0431\u0435\u043d\u043d\u0438\u043a\u043e\u0432\u0430 \u041e\u043a\u0441\u0430\u043d\u0430 \u042e\u0440\u044c\u0435\u0432\u043d\u0430", "is_sale": false, "appointment_id": 5833243, "fields": {"1": "\u0421\u043e\u0431\u0435\u043d\u043d\u0438\u043a\u043e\u0432\u0430 \u041e\u043a\u0441\u0430\u043d\u0430 \u042e\u0440\u044c\u0435\u0432\u043d\u0430", "2": "https://klientiks.ru/clientix/client/default/id/3014911", "3": 10765}}, {"id": 6609779, "name": "Drakshadi_kashayam_200ml", "account_id": 10765, "date_create": 1582881396, "status": 6, "price": "850", "client_id": 3188843, "roistat": "\u0438\u043d\u0442\u0435\u0440\u043d\u0435\u0442", "executor": "\u0410\u0445\u043c\u0435\u0434\u043e\u0432\u0430 \u0422\u0430\u0442\u044c\u044f\u043d\u0430 \u041b\u0435\u043e\u043d\u0438\u0434\u043e\u0432\u043d\u0430", "is_sale": true, "appointment_id": 5853564, "fields": {"1": "\u0410\u0445\u043c\u0435\u0434\u043e\u0432\u0430 \u0422\u0430\u0442\u044c\u044f\u043d\u0430 \u041b\u0435\u043e\u043d\u0438\u0434\u043e\u0432\u043d\u0430", "2": "https://klientiks.ru/clientix/client/default/id/3188843", "3": 10765}}, {"id": 6609863, "name": "\u0428\u0438\u0440\u043e\u0434\u0445\u0430\u0440\u0430 (60 \u043c\u0438\u043d. \u0441\u0442\u0440\u0443\u044f\u0449\u0435\u0435\u0441\u044f \u043c\u0430\u0441\u043b\u043e \u043d\u0430 \u043b\u043e\u0431),\u0423\u043c\u0430\u0441\u043b\u0438\u0432\u0430\u043d\u0438\u0435  (30 \u043c\u0438\u043d.),\u0428\u0438\u0440\u043e\u0434\u0445\u0430\u0440\u0430 (60 \u043c\u0438\u043d. \u0441\u0442\u0440\u0443\u044f\u0449\u0435\u0435\u0441\u044f \u043c\u0430\u0441\u043b\u043e \u043d\u0430 \u043b\u043e\u0431),\u0423\u043c\u0430\u0441\u043b\u0438\u0432\u0430\u043d\u0438\u0435  (30 \u043c\u0438\u043d.)", "account_id": 10765, "date_create": 1582881858, "status": 6, "price": "0", "client_id": 3058502, "roistat": "\u043e\u0442 \u0437\u043d\u0430\u043a\u043e\u043c\u044b\u0445", "executor": "\u0424\u0438\u043b\u0438\u043f \u0412\u0438\u043c\u0430\u043b\u0430 \u0412\u0438\u043f\u0438\u043d", "is_sale": false, "appointment_id": 5853640, "fields": {"1": "\u0424\u0438\u043b\u0438\u043f \u0412\u0438\u043c\u0430\u043b\u0430 \u0412\u0438\u043f\u0438\u043d", "2": "https://klientiks.ru/clientix/client/default/id/3058502", "3": 10765}}, {"id": 6610697, "name": "\u0410\u044e\u0440\u0432\u0435\u0434\u0430 \u043a\u043e\u043d\u0441\u0443\u043b\u044c\u0442\u0430\u0446\u0438\u044f \u0432\u0440\u0430\u0447\u0430 (60 \u043c\u0438\u043d)", "account_id": 10765, "date_create": 1582886384, "status": 7, "price": null, "client_id": 3321057, "roistat": "\u0432\u043a", "executor": "\u041f\u0440\u0430\u0432\u0438\u043d \u0421\u0443\u0440\u0435\u043d\u0434\u0440\u0430\u043d\u043f\u0438\u043b\u0430\u0439 \u0412\u0430\u0441\u0430\u043d\u0442\u0430\u043a\u0443\u043c\u0430\u0440\u0438", "is_sale": false, "appointment_id": 5854476, "fields": {"1": "\u041f\u0440\u0430\u0432\u0438\u043d \u0421\u0443\u0440\u0435\u043d\u0434\u0440\u0430\u043d\u043f\u0438\u043b\u0430\u0439 \u0412\u0430\u0441\u0430\u043d\u0442\u0430\u043a\u0443\u043c\u0430\u0440\u0438", "2": "https://klientiks.ru/clientix/client/default/id/3321057", "3": 10765}}, {"id": 6611326, "name": "\u0410\u044e\u0440\u0432\u0435\u0434\u0430 \u043f\u043e\u0432\u0442\u043e\u0440\u043d\u0430\u044f \u043a\u043e\u043d\u0441\u0443\u043b\u044c\u0442\u0430\u0446\u0438\u044f \u0434\u043e\u043a\u0442\u043e\u0440\u0430 \u0412\u0430\u0440\u0443\u043d (30 \u043c\u0438\u043d.)", "account_id": 10765, "date_create": 1582889618, "status": 6, "price": "2000", "client_id": 2542180, "roistat": "\u043e\u0442 \u0437\u043d\u0430\u043a\u043e\u043c\u044b\u0445", "executor": "\u0412\u0430\u0440\u0443\u043d", "is_sale": false, "appointment_id": 5855067, "fields": {"1": "\u0412\u0430\u0440\u0443\u043d", "2": "https://klientiks.ru/clientix/client/default/id/2542180", "3": 10765}}, {"id": 6611774, "name": "\u0410\u044d\u0440\u043e\u0439\u043e\u0433\u0430 (90 \u043c\u0438\u043d)", "account_id": 10765, "date_create": 1582891766, "status": 6, "price": "0", "client_id": 1122031, "roistat": "\u0441\u043e\u0442\u0440\u0443\u0434\u043d\u0438\u043a", "executor": "\u0421\u043e\u0431\u0435\u043d\u043d\u0438\u043a\u043e\u0432\u0430 \u041e\u043a\u0441\u0430\u043d\u0430 \u042e\u0440\u044c\u0435\u0432\u043d\u0430", "is_sale": false, "appointment_id": 5543994, "fields": {"1": "\u0421\u043e\u0431\u0435\u043d\u043d\u0438\u043a\u043e\u0432\u0430 \u041e\u043a\u0441\u0430\u043d\u0430 \u042e\u0440\u044c\u0435\u0432\u043d\u0430", "2": "https://klientiks.ru/clientix/client/default/id/1122031", "3": 10765}}, {"id": 6611781, "name": "\u0410\u044d\u0440\u043e\u0439\u043e\u0433\u0430 (90 \u043c\u0438\u043d)", "account_id": 10765, "date_create": 1582891793, "status": 6, "price": "0", "client_id": 1109904, "roistat": "\u0441\u043e\u0442\u0440\u0443\u0434\u043d\u0438\u043a", "executor": "\u0421\u043e\u0431\u0435\u043d\u043d\u0438\u043a\u043e\u0432\u0430 \u041e\u043a\u0441\u0430\u043d\u0430 \u042e\u0440\u044c\u0435\u0432\u043d\u0430", "is_sale": false, "appointment_id": 5833284, "fields": {"1": "\u0421\u043e\u0431\u0435\u043d\u043d\u0438\u043a\u043e\u0432\u0430 \u041e\u043a\u0441\u0430\u043d\u0430 \u042e\u0440\u044c\u0435\u0432\u043d\u0430", "2": "https://klientiks.ru/clientix/client/default/id/1109904", "3": 10765}}, {"id": 6612051, "name": "\u0410\u044e\u0440\u0432\u0435\u0434\u0430 \u043f\u043e\u0432\u0442\u043e\u0440\u043d\u0430\u044f \u043a\u043e\u043d\u0441\u0443\u043b\u044c\u0442\u0430\u0446\u0438\u044f \u0432\u0440\u0430\u0447\u0430 \u0432 \u043d\u0430\u0437\u043d\u0430\u0447\u0435\u043d\u043d\u044b\u0439 \u0441\u0440\u043e\u043a (30 \u043c\u0438\u043d)", "account_id": 10765, "date_create": 1582893369, "status": 6, "price": "2000", "client_id": 1122769, "roistat": "\u0412\u0445\u043e\u0434\u044f\u0449\u0438\u0439 \u0437\u0432\u043e\u043d\u043e\u043a", "executor": "\u041f\u0440\u0430\u0432\u0438\u043d \u0421\u0443\u0440\u0435\u043d\u0434\u0440\u0430\u043d\u043f\u0438\u043b\u0430\u0439 \u0412\u0430\u0441\u0430\u043d\u0442\u0430\u043a\u0443\u043c\u0430\u0440\u0438", "is_sale": false, "appointment_id": 5855752, "fields": {"1": "\u041f\u0440\u0430\u0432\u0438\u043d \u0421\u0443\u0440\u0435\u043d\u0434\u0440\u0430\u043d\u043f\u0438\u043b\u0430\u0439 \u0412\u0430\u0441\u0430\u043d\u0442\u0430\u043a\u0443\u043c\u0430\u0440\u0438", "2": "https://klientiks.ru/clientix/client/default/id/1122769", "3": 10765}}, {"id": 6612512, "name": "\u0410\u044e\u0440\u0432\u0435\u0434\u0430 \u043f\u043e\u0432\u0442\u043e\u0440\u043d\u0430\u044f  \u043a\u043e\u043d\u0441\u0443\u043b\u044c\u0442\u0430\u0446\u0438\u044f \u0432\u0440\u0430\u0447\u0430 (30 \u043c\u0438\u043d)", "account_id": 10765, "date_create": 1582895755, "status": 7, "price": null, "client_id": 2758536, "roistat": "\u043e\u0442 \u0437\u043d\u0430\u043a\u043e\u043c\u044b\u0445", "executor": "\u041f\u0440\u0430\u0432\u0438\u043d \u0421\u0443\u0440\u0435\u043d\u0434\u0440\u0430\u043d\u043f\u0438\u043b\u0430\u0439 \u0412\u0430\u0441\u0430\u043d\u0442\u0430\u043a\u0443\u043c\u0430\u0440\u0438", "is_sale": false, "appointment_id": 5856150, "fields": {"1": "\u041f\u0440\u0430\u0432\u0438\u043d \u0421\u0443\u0440\u0435\u043d\u0434\u0440\u0430\u043d\u043f\u0438\u043b\u0430\u0439 \u0412\u0430\u0441\u0430\u043d\u0442\u0430\u043a\u0443\u043c\u0430\u0440\u0438", "2": "https://klientiks.ru/clientix/client/default/id/2758536", "3": 10765}}, {"id": 6613111, "name": "Sukumara_Kashayam_200 ml", "account_id": 10765, "date_create": 1582899890, "status": 6, "price": "800", "client_id": 3258794, "roistat": "\u0412\u0445\u043e\u0434\u044f\u0449\u0438\u0439 \u0437\u0432\u043e\u043d\u043e\u043a", "executor": "\u0410\u0445\u043c\u0435\u0434\u043e\u0432\u0430 \u0422\u0430\u0442\u044c\u044f\u043d\u0430 \u041b\u0435\u043e\u043d\u0438\u0434\u043e\u0432\u043d\u0430", "is_sale": true, "appointment_id": 5856720, "fields": {"1": "\u0410\u0445\u043c\u0435\u0434\u043e\u0432\u0430 \u0422\u0430\u0442\u044c\u044f\u043d\u0430 \u041b\u0435\u043e\u043d\u0438\u0434\u043e\u0432\u043d\u0430", "2": "https://klientiks.ru/clientix/client/default/id/3258794", "3": 10765}}, {"id": 6613142, "name": "\u0410\u044d\u0440\u043e\u0439\u043e\u0433\u0430 (90 \u043c\u0438\u043d)", "account_id": 10765, "date_create": 1582900096, "status": 6, "price": "800", "client_id": 3244018, "roistat": "\u0438\u043d\u0442\u0435\u0440\u043d\u0435\u0442", "executor": "\u0412\u043b\u0430\u0441\u043e\u0432\u0430 \u0415\u043b\u0435\u043d\u0430 \u0421\u0435\u0440\u0433\u0435\u0435\u0432\u043d\u0430", "is_sale": false, "appointment_id": 5762040, "fields": {"1": "\u0412\u043b\u0430\u0441\u043e\u0432\u0430 \u0415\u043b\u0435\u043d\u0430 \u0421\u0435\u0440\u0433\u0435\u0435\u0432\u043d\u0430", "2": "https://klientiks.ru/clientix/client/default/id/3244018", "3": 10765}}, {"id": 6613439, "name": "\u041a\u0430\u0440\u0434\u043e\u043c\u043e\u043d_\u0437\u0435\u043b\u0435\u043d\u044b\u0439,Brahmarasayanam_200ml,Brahmarasayanam_200ml,\u041a\u0430\u0440\u0434\u043e\u043c\u043e\u043d_\u0437\u0435\u043b\u0435\u043d\u044b\u0439,\u0428\u0430\u043c\u043f\u0443\u043d\u044c_Trichup,Brahmarasayanam_200ml,\u041a\u0430\u0440\u0434\u043e\u043c\u043e\u043d_\u0437\u0435\u043b\u0435\u043d\u044b\u0439,\u0428\u0430\u043c\u043f\u0443\u043d\u044c_Trichup,\u0428\u0430\u043c\u043f\u0443\u043d\u044c_Trichup", "account_id": 10765, "date_create": 1582901878, "status": 6, "price": "1250", "client_id": 3276868, "roistat": "\u0412\u0445\u043e\u0434\u044f\u0449\u0438\u0439 \u0437\u0432\u043e\u043d\u043e\u043a", "executor": "\u0410\u0445\u043c\u0435\u0434\u043e\u0432\u0430 \u0422\u0430\u0442\u044c\u044f\u043d\u0430 \u041b\u0435\u043e\u043d\u0438\u0434\u043e\u0432\u043d\u0430", "is_sale": true, "appointment_id": 5857007, "fields": {"1": "\u0410\u0445\u043c\u0435\u0434\u043e\u0432\u0430 \u0422\u0430\u0442\u044c\u044f\u043d\u0430 \u041b\u0435\u043e\u043d\u0438\u0434\u043e\u0432\u043d\u0430", "2": "https://klientiks.ru/clientix/client/default/id/3276868", "3": 10765}}, {"id": 6613600, "name": "Arjunarishtam_450ml", "account_id": 10765, "date_create": 1582902783, "status": 6, "price": "835", "client_id": 2623071, "roistat": "\u0441\u043e\u0442\u0440\u0443\u0434\u043d\u0438\u043a", "executor": "\u0410\u0445\u043c\u0435\u0434\u043e\u0432\u0430 \u0422\u0430\u0442\u044c\u044f\u043d\u0430 \u041b\u0435\u043e\u043d\u0438\u0434\u043e\u0432\u043d\u0430", "is_sale": true, "appointment_id": 5857122, "fields": {"1": "\u0410\u0445\u043c\u0435\u0434\u043e\u0432\u0430 \u0422\u0430\u0442\u044c\u044f\u043d\u0430 \u041b\u0435\u043e\u043d\u0438\u0434\u043e\u0432\u043d\u0430", "2": "https://klientiks.ru/clientix/client/default/id/2623071", "3": 10765}}, {"id": 6614597, "name": "\u0410\u044e\u0440\u0432\u0435\u0434\u0430 \u043f\u043e\u0432\u0442\u043e\u0440\u043d\u0430\u044f \u043a\u043e\u043d\u0441\u0443\u043b\u044c\u0442\u0430\u0446\u0438\u044f \u0432\u0440\u0430\u0447\u0430 \u0432 \u043d\u0430\u0437\u043d\u0430\u0447\u0435\u043d\u043d\u044b\u0439 \u0441\u0440\u043e\u043a (30 \u043c\u0438\u043d)", "account_id": 10765, "date_create": 1582905636, "status": 6, "price": "2000", "client_id": 1383790, "roistat": "\u0421\u043e\u0432\u0435\u0442 \u0414\u0440\u0443\u0437\u0435\u0439", "executor": "\u041f\u0440\u0430\u0432\u0438\u043d \u0421\u0443\u0440\u0435\u043d\u0434\u0440\u0430\u043d\u043f\u0438\u043b\u0430\u0439 \u0412\u0430\u0441\u0430\u043d\u0442\u0430\u043a\u0443\u043c\u0430\u0440\u0438", "is_sale": false, "appointment_id": 5857428, "fields": {"1": "\u041f\u0440\u0430\u0432\u0438\u043d \u0421\u0443\u0440\u0435\u043d\u0434\u0440\u0430\u043d\u043f\u0438\u043b\u0430\u0439 \u0412\u0430\u0441\u0430\u043d\u0442\u0430\u043a\u0443\u043c\u0430\u0440\u0438", "2": "https://klientiks.ru/clientix/client/default/id/1383790", "3": 10765}}, {"id": 6614744, "name": "\u041a\u0430\u043b\u0430\u0440\u0438 \u043c\u0430\u0441\u0441\u0430\u0436 (60 \u043c\u0438\u043d. \u043d\u043e\u0436\u043d\u043e\u0439 \u043c\u0430\u0441\u043b\u044f\u043d\u044b\u0439 \u043c\u0430\u0441\u0441\u0430\u0436)", "account_id": 10765, "date_create": 1582906765, "status": 6, "price": "0", "client_id": 2936299, "roistat": "\u0412\u0445\u043e\u0434\u044f\u0449\u0438\u0439 \u0437\u0432\u043e\u043d\u043e\u043a,\u043e\u0442 \u0437\u043d\u0430\u043a\u043e\u043c\u044b\u0445", "executor": "\u0424\u0438\u043b\u0438\u043f \u0412\u0438\u043c\u0430\u043b\u0430 \u0412\u0438\u043f\u0438\u043d", "is_sale": false, "appointment_id": 5857568, "fields": {"1": "\u0424\u0438\u043b\u0438\u043f \u0412\u0438\u043c\u0430\u043b\u0430 \u0412\u0438\u043f\u0438\u043d", "2": "https://klientiks.ru/clientix/client/default/id/2936299", "3": 10765}}, {"id": 6614748, "name": "\u0410\u0431\u0445\u044a\u044f\u043d\u0433\u0430 \u043c\u0430\u0441\u0441\u0430\u0436 (60 \u043c\u0438\u043d. \u0440\u0443\u0447\u043d\u043e\u0439 \u043c\u0430\u0441\u043b\u044f\u043d\u044b\u0439 \u043c\u0430\u0441\u0441\u0430\u0436 \u0432 2 \u0440\u0443\u043a\u0438)", "account_id": 10765, "date_create": 1582906812, "status": 6, "price": "0", "client_id": 2936299, "roistat": "\u0412\u0445\u043e\u0434\u044f\u0449\u0438\u0439 \u0437\u0432\u043e\u043d\u043e\u043a,\u043e\u0442 \u0437\u043d\u0430\u043a\u043e\u043c\u044b\u0445", "executor": "\u041d\u0438\u0431\u0438\u043d \u041a\u043e\u0434\u0430\u0442 \u0414\u0438\u043d\u0435\u0441\u0430\u043d", "is_sale": false, "appointment_id": 5857573, "fields": {"1": "\u041d\u0438\u0431\u0438\u043d \u041a\u043e\u0434\u0430\u0442 \u0414\u0438\u043d\u0435\u0441\u0430\u043d", "2": "https://klientiks.ru/clientix/client/default/id/2936299", "3": 10765}}, {"id": 6614839, "name": "\u0423\u043c\u0430\u0441\u043b\u0438\u0432\u0430\u043d\u0438\u0435  (30 \u043c\u0438\u043d.)", "account_id": 10765, "date_create": 1582907560, "status": 6, "price": "1440", "client_id": 1123631, "roistat": "\u043f\u043e\u0441\u0442\u043e\u044f\u043d\u043d\u044b\u0439 \u043a\u043b\u0438\u0435\u043d\u0442", "executor": "\u0428\u0440\u0438\u0442\u0430", "is_sale": false, "appointment_id": 5857654, "fields": {"1": "\u0428\u0440\u0438\u0442\u0430", "2": "https://klientiks.ru/clientix/client/default/id/1123631", "3": 10765}}, {"id": 6614872, "name": "\u0423\u043c\u0430\u0441\u043b\u0438\u0432\u0430\u043d\u0438\u0435  (30 \u043c\u0438\u043d.)", "account_id": 10765, "date_create": 1582908126, "status": 6, "price": "1440", "client_id": 1123631, "roistat": "\u043f\u043e\u0441\u0442\u043e\u044f\u043d\u043d\u044b\u0439 \u043a\u043b\u0438\u0435\u043d\u0442", "executor": "\u0428\u0440\u0438\u0442\u0430", "is_sale": false, "appointment_id": 5857693, "fields": {"1": "\u0428\u0440\u0438\u0442\u0430", "2": "https://klientiks.ru/clientix/client/default/id/1123631", "3": 10765}}, {"id": 6614880, "name": "Koflet_1_\u043a\u043e\u043d\u0444\u0435\u0442\u0430", "account_id": 10765, "date_create": 1582908200, "status": 6, "price": "150", "client_id": 1123631, "roistat": "\u043f\u043e\u0441\u0442\u043e\u044f\u043d\u043d\u044b\u0439 \u043a\u043b\u0438\u0435\u043d\u0442", "executor": "\u0410\u0445\u043c\u0435\u0434\u043e\u0432\u0430 \u0422\u0430\u0442\u044c\u044f\u043d\u0430 \u041b\u0435\u043e\u043d\u0438\u0434\u043e\u0432\u043d\u0430", "is_sale": true, "appointment_id": 5857701, "fields": {"1": "\u0410\u0445\u043c\u0435\u0434\u043e\u0432\u0430 \u0422\u0430\u0442\u044c\u044f\u043d\u0430 \u041b\u0435\u043e\u043d\u0438\u0434\u043e\u0432\u043d\u0430", "2": "https://klientiks.ru/clientix/client/default/id/1123631", "3": 10765}}, {"id": 6614887, "name": "\u041a\u0430\u043b\u0430\u0440\u0438 \u043c\u0430\u0441\u0441\u0430\u0436 (60 \u043c\u0438\u043d. \u043d\u043e\u0436\u043d\u043e\u0439 \u043c\u0430\u0441\u043b\u044f\u043d\u044b\u0439 \u043c\u0430\u0441\u0441\u0430\u0436)", "account_id": 10765, "date_create": 1582908326, "status": 6, "price": "0", "client_id": 2936299, "roistat": "\u0412\u0445\u043e\u0434\u044f\u0449\u0438\u0439 \u0437\u0432\u043e\u043d\u043e\u043a,\u043e\u0442 \u0437\u043d\u0430\u043a\u043e\u043c\u044b\u0445", "executor": "\u0424\u0438\u043b\u0438\u043f \u0412\u0438\u043c\u0430\u043b\u0430 \u0412\u0438\u043f\u0438\u043d", "is_sale": false, "appointment_id": 5857708, "fields": {"1": "\u0424\u0438\u043b\u0438\u043f \u0412\u0438\u043c\u0430\u043b\u0430 \u0412\u0438\u043f\u0438\u043d", "2": "https://klientiks.ru/clientix/client/default/id/2936299", "3": 10765}}, {"id": 6614892, "name": "\u041a\u0430\u043b\u0430\u0440\u0438 \u043c\u0430\u0441\u0441\u0430\u0436 (60 \u043c\u0438\u043d. \u043d\u043e\u0436\u043d\u043e\u0439 \u043c\u0430\u0441\u043b\u044f\u043d\u044b\u0439 \u043c\u0430\u0441\u0441\u0430\u0436)", "account_id": 10765, "date_create": 1582908371, "status": 7, "price": null, "client_id": 2936299, "roistat": "\u0412\u0445\u043e\u0434\u044f\u0449\u0438\u0439 \u0437\u0432\u043e\u043d\u043e\u043a,\u043e\u0442 \u0437\u043d\u0430\u043a\u043e\u043c\u044b\u0445", "executor": "\u0424\u0438\u043b\u0438\u043f \u0412\u0438\u043c\u0430\u043b\u0430 \u0412\u0438\u043f\u0438\u043d", "is_sale": false, "appointment_id": 5857714, "fields": {"1": "\u0424\u0438\u043b\u0438\u043f \u0412\u0438\u043c\u0430\u043b\u0430 \u0412\u0438\u043f\u0438\u043d", "2": "https://klientiks.ru/clientix/client/default/id/2936299", "3": 10765}}, {"id": 6616355, "name": "\u041c\u0443\u043a\u0445\u0430\u0431\u0445\u044a\u044f\u043d\u0433\u0430 (30 \u043c\u0438\u043d. \u043c\u0430\u0441\u0441\u0430\u0436 \u043b\u0438\u0446\u0430),\u0410\u0431\u0445\u044a\u044f\u043d\u0433\u0430 \u043c\u0430\u0441\u0441\u0430\u0436 (60 \u043c\u0438\u043d. \u0440\u0443\u0447\u043d\u043e\u0439 \u043c\u0430\u0441\u043b\u044f\u043d\u044b\u0439 \u043c\u0430\u0441\u0441\u0430\u0436 \u0432 2 \u0440\u0443\u043a\u0438),\u0410\u0431\u0445\u044a\u044f\u043d\u0433\u0430 \u043c\u0430\u0441\u0441\u0430\u0436 (60 \u043c\u0438\u043d. \u0440\u0443\u0447\u043d\u043e\u0439 \u043c\u0430\u0441\u043b\u044f\u043d\u044b\u0439 \u043c\u0430\u0441\u0441\u0430\u0436 \u0432 2 \u0440\u0443\u043a\u0438),\u041c\u0443\u043a\u0445\u0430\u0431\u0445\u044a\u044f\u043d\u0433\u0430 (30 \u043c\u0438\u043d. \u043c\u0430\u0441\u0441\u0430\u0436 \u043b\u0438\u0446\u0430)", "account_id": 10765, "date_create": 1582958255, "status": 6, "price": "4400", "client_id": 2942716, "roistat": "\u0412\u0445\u043e\u0434\u044f\u0449\u0438\u0439 \u0437\u0432\u043e\u043d\u043e\u043a", "executor": "\u0428\u0440\u0438\u0442\u0430", "is_sale": false, "appointment_id": 5858940, "fields": {"1": "\u0428\u0440\u0438\u0442\u0430", "2": "https://klientiks.ru/clientix/client/default/id/2942716", "3": 10765}}, {"id": 6616633, "name": "\u0410\u044e\u0440\u0432\u0435\u0434\u0430 \u043a\u043e\u043d\u0441\u0443\u043b\u044c\u0442\u0430\u0446\u0438\u044f \u0432\u0440\u0430\u0447\u0430 (60 \u043c\u0438\u043d)", "account_id": 10765, "date_create": 1582960279, "status": 7, "price": null, "client_id": 3332399, "roistat": "\u0412\u0445\u043e\u0434\u044f\u0449\u0438\u0439 \u0437\u0432\u043e\u043d\u043e\u043a,\u0418\u043d\u0442\u0435\u0440\u043d\u0435\u0442", "executor": "\u041f\u0440\u0430\u0432\u0438\u043d \u0421\u0443\u0440\u0435\u043d\u0434\u0440\u0430\u043d\u043f\u0438\u043b\u0430\u0439 \u0412\u0430\u0441\u0430\u043d\u0442\u0430\u043a\u0443\u043c\u0430\u0440\u0438", "is_sale": false, "appointment_id": 5859207, "fields": {"1": "\u041f\u0440\u0430\u0432\u0438\u043d \u0421\u0443\u0440\u0435\u043d\u0434\u0440\u0430\u043d\u043f\u0438\u043b\u0430\u0439 \u0412\u0430\u0441\u0430\u043d\u0442\u0430\u043a\u0443\u043c\u0430\u0440\u0438", "2": "https://klientiks.ru/clientix/client/default/id/3332399", "3": 10765}}, {"id": 6617138, "name": "Tiktaka_Kwatham_100tab", "account_id": 10765, "date_create": 1582962755, "status": 6, "price": "1250", "client_id": 2695457, "roistat": "\u043e\u0442 \u0437\u043d\u0430\u043a\u043e\u043c\u044b\u0445", "executor": "\u0410\u0445\u043c\u0435\u0434\u043e\u0432\u0430 \u0422\u0430\u0442\u044c\u044f\u043d\u0430 \u041b\u0435\u043e\u043d\u0438\u0434\u043e\u0432\u043d\u0430", "is_sale": true, "appointment_id": 5859697, "fields": {"1": "\u0410\u0445\u043c\u0435\u0434\u043e\u0432\u0430 \u0422\u0430\u0442\u044c\u044f\u043d\u0430 \u041b\u0435\u043e\u043d\u0438\u0434\u043e\u0432\u043d\u0430", "2": "https://klientiks.ru/clientix/client/default/id/2695457", "3": 10765}}, {"id": 6617942, "name": "\u041a\u043e\u043d\u0441\u0443\u043b\u044c\u0442\u0430\u0446\u0438\u044f \u0430\u0441\u0442\u0440\u043e\u043b\u043e\u0433\u0430 \u0420\u0430\u0433\u0445\u0443\u043d\u0430\u0442\u0445  \u0441\u043a\u0430\u0439\u043f", "account_id": 10765, "date_create": 1582966621, "status": 7, "price": null, "client_id": 3325787, "roistat": "\u0412\u0445\u043e\u0434\u044f\u0449\u0438\u0439 \u0437\u0432\u043e\u043d\u043e\u043a,\u0418\u043d\u0442\u0435\u0440\u043d\u0435\u0442", "executor": "\u0420\u0430\u0433\u0445\u0443\u043d\u0430\u0442\u0445 \u041c\u0435\u043d\u043e\u043d", "is_sale": false, "appointment_id": 5860448, "fields": {"1": "\u0420\u0430\u0433\u0445\u0443\u043d\u0430\u0442\u0445 \u041c\u0435\u043d\u043e\u043d", "2": "https://klientiks.ru/clientix/client/default/id/3325787", "3": 10765}}, {"id": 6618358, "name": "\u0410\u044e\u0440\u0432\u0435\u0434\u0430 \u043a\u043e\u043d\u0441\u0443\u043b\u044c\u0442\u0430\u0446\u0438\u044f \u0432\u0440\u0430\u0447\u0430 (60 \u043c\u0438\u043d)", "account_id": 10765, "date_create": 1582968635, "status": 6, "price": "3200", "client_id": 3332878, "roistat": "\u0412\u0445\u043e\u0434\u044f\u0449\u0438\u0439 \u0437\u0432\u043e\u043d\u043e\u043a", "executor": "\u041f\u0440\u0430\u0432\u0438\u043d \u0421\u0443\u0440\u0435\u043d\u0434\u0440\u0430\u043d\u043f\u0438\u043b\u0430\u0439 \u0412\u0430\u0441\u0430\u043d\u0442\u0430\u043a\u0443\u043c\u0430\u0440\u0438", "is_sale": false, "appointment_id": 5860861, "fields": {"1": "\u041f\u0440\u0430\u0432\u0438\u043d \u0421\u0443\u0440\u0435\u043d\u0434\u0440\u0430\u043d\u043f\u0438\u043b\u0430\u0439 \u0412\u0430\u0441\u0430\u043d\u0442\u0430\u043a\u0443\u043c\u0430\u0440\u0438", "2": "https://klientiks.ru/clientix/client/default/id/3332878", "3": 10765}}, {"id": 6618409, "name": "\u0410\u044e\u0440\u0432\u0435\u0434\u0430 \u043a\u043e\u043d\u0441\u0443\u043b\u044c\u0442\u0430\u0446\u0438\u044f \u0432\u0440\u0430\u0447\u0430 (60 \u043c\u0438\u043d)", "account_id": 10765, "date_create": 1582968860, "status": 6, "price": "3200", "client_id": 3332903, "roistat": "\u0412\u0445\u043e\u0434\u044f\u0449\u0438\u0439 \u0437\u0432\u043e\u043d\u043e\u043a,\u0418\u043d\u0442\u0435\u0440\u043d\u0435\u0442", "executor": "\u041f\u0440\u0430\u0432\u0438\u043d \u0421\u0443\u0440\u0435\u043d\u0434\u0440\u0430\u043d\u043f\u0438\u043b\u0430\u0439 \u0412\u0430\u0441\u0430\u043d\u0442\u0430\u043a\u0443\u043c\u0430\u0440\u0438", "is_sale": false, "appointment_id": 5860916, "fields": {"1": "\u041f\u0440\u0430\u0432\u0438\u043d \u0421\u0443\u0440\u0435\u043d\u0434\u0440\u0430\u043d\u043f\u0438\u043b\u0430\u0439 \u0412\u0430\u0441\u0430\u043d\u0442\u0430\u043a\u0443\u043c\u0430\u0440\u0438", "2": "https://klientiks.ru/clientix/client/default/id/3332903", "3": 10765}}, {"id": 6618428, "name": "Septilin_Himalaya_60 tab,\u041a\u0443\u043d\u0436\u0443\u0442\u043d\u043e\u0435_\u043c\u0430\u0441\u043b\u043e_\u041a\u0430\u043c\u0430\u043b\u0430,Avipathi_choornam_30g,Ashwagandha_60tab_Kutir's,Drakshadi_kashayam_200ml,\u041a\u0443\u043d\u0436\u0443\u0442\u043d\u043e\u0435_\u043c\u0430\u0441\u043b\u043e_\u041a\u0430\u043c\u0430\u043b\u0430,Avipathi_choornam_30g,Ashwagandha_60tab_Kutir's,Septilin_Himalaya_60 tab,Drakshadi_kashayam_200ml,\u041a\u0443\u043d\u0436\u0443\u0442\u043d\u043e\u0435_\u043c\u0430\u0441\u043b\u043e_\u041a\u0430\u043c\u0430\u043b\u0430,Avipathi_choornam_30g,Ashwagandha_60tab_Kutir's,Septilin_Himalaya_60 tab,Drakshadi_kashayam_200ml,\u041a\u0443\u043d\u0436\u0443\u0442\u043d\u043e\u0435_\u043c\u0430\u0441\u043b\u043e_\u041a\u0430\u043c\u0430\u043b\u0430,Avipathi_choornam_30g,Ashwagandha_60tab_Kutir's,Septilin_Himalaya_60 tab,Drakshadi_kashayam_200ml,\u041a\u0443\u043d\u0436\u0443\u0442\u043d\u043e\u0435_\u043c\u0430\u0441\u043b\u043e_\u041a\u0430\u043c\u0430\u043b\u0430,Avipathi_choornam_30g,Ashwagandha_60tab_Kutir's,Septilin_Himalaya_60 tab,Drakshadi_kashayam_200ml", "account_id": 10765, "date_create": 1582968967, "status": 6, "price": "1750", "client_id": 3255176, "roistat": "\u043e\u0442 \u0437\u043d\u0430\u043a\u043e\u043c\u044b\u0445,\u0418\u043d\u0442\u0435\u0440\u043d\u0435\u0442", "executor": "\u0410\u0445\u043c\u0435\u0434\u043e\u0432\u0430 \u0422\u0430\u0442\u044c\u044f\u043d\u0430 \u041b\u0435\u043e\u043d\u0438\u0434\u043e\u0432\u043d\u0430", "is_sale": true, "appointment_id": 5860936, "fields": {"1": "\u0410\u0445\u043c\u0435\u0434\u043e\u0432\u0430 \u0422\u0430\u0442\u044c\u044f\u043d\u0430 \u041b\u0435\u043e\u043d\u0438\u0434\u043e\u0432\u043d\u0430", "2": "https://klientiks.ru/clientix/client/default/id/3255176", "3": 10765}}, {"id": 6618714, "name": "\u0410\u0431\u0445\u044a\u044f\u043d\u0433\u0430 \u043c\u0430\u0441\u0441\u0430\u0436 (60 \u043c\u0438\u043d. \u0440\u0443\u0447\u043d\u043e\u0439 \u043c\u0430\u0441\u043b\u044f\u043d\u044b\u0439 \u043c\u0430\u0441\u0441\u0430\u0436 \u0432 2 \u0440\u0443\u043a\u0438)", "account_id": 10765, "date_create": 1582970573, "status": 6, "price": "3200", "client_id": 3255176, "roistat": "\u043e\u0442 \u0437\u043d\u0430\u043a\u043e\u043c\u044b\u0445,\u0418\u043d\u0442\u0435\u0440\u043d\u0435\u0442", "executor": "\u0428\u0440\u0438\u0442\u0430", "is_sale": false, "appointment_id": 5727454, "fields": {"1": "\u0428\u0440\u0438\u0442\u0430", "2": "https://klientiks.ru/clientix/client/default/id/3255176", "3": 10765}}, {"id": 6619065, "name": "\u0410\u044e\u0440\u0432\u0435\u0434\u0430 \u043f\u043e\u0432\u0442\u043e\u0440\u043d\u0430\u044f \u043a\u043e\u043d\u0441\u0443\u043b\u044c\u0442\u0430\u0446\u0438\u044f \u0432\u0440\u0430\u0447\u0430 \u0432 \u043d\u0430\u0437\u043d\u0430\u0447\u0435\u043d\u043d\u044b\u0439 \u0441\u0440\u043e\u043a (30 \u043c\u0438\u043d)", "account_id": 10765, "date_create": 1582972818, "status": 7, "price": null, "client_id": 3255176, "roistat": "\u043e\u0442 \u0437\u043d\u0430\u043a\u043e\u043c\u044b\u0445,\u0418\u043d\u0442\u0435\u0440\u043d\u0435\u0442", "executor": "\u041f\u0440\u0430\u0432\u0438\u043d \u0421\u0443\u0440\u0435\u043d\u0434\u0440\u0430\u043d\u043f\u0438\u043b\u0430\u0439 \u0412\u0430\u0441\u0430\u043d\u0442\u0430\u043a\u0443\u043c\u0430\u0440\u0438", "is_sale": false, "appointment_id": 5861541, "fields": {"1": "\u041f\u0440\u0430\u0432\u0438\u043d \u0421\u0443\u0440\u0435\u043d\u0434\u0440\u0430\u043d\u043f\u0438\u043b\u0430\u0439 \u0412\u0430\u0441\u0430\u043d\u0442\u0430\u043a\u0443\u043c\u0430\u0440\u0438", "2": "https://klientiks.ru/clientix/client/default/id/3255176", "3": 10765}}, {"id": 6619635, "name": "\u0410\u0431\u0445\u044a\u044f\u043d\u0433\u0430 \u043c\u0430\u0441\u0441\u0430\u0436 (60 \u043c\u0438\u043d. \u0440\u0443\u0447\u043d\u043e\u0439 \u043c\u0430\u0441\u043b\u044f\u043d\u044b\u0439 \u043c\u0430\u0441\u0441\u0430\u0436 \u0432 2 \u0440\u0443\u043a\u0438)", "account_id": 10765, "date_create": 1582976474, "status": 7, "price": null, "client_id": 2319865, "roistat": "\u0412\u0445\u043e\u0434\u044f\u0449\u0438\u0439 \u0437\u0432\u043e\u043d\u043e\u043a", "executor": "\u0410\u043f\u043f\u043e", "is_sale": false, "appointment_id": 5862108, "fields": {"1": "\u0410\u043f\u043f\u043e", "2": "https://klientiks.ru/clientix/client/default/id/2319865", "3": 10765}}, {"id": 6619896, "name": "\u041a\u0438\u0436\u0438 \u043c\u0430\u0441\u0441\u0430\u0436 (60 \u043c\u0438\u043d. \u043f\u0438\u043d\u0434\u0430\u0441\u0432\u0435\u0434\u0430\u043d\u0430, \u043c\u0430\u0441\u0441\u0430\u0436 \u043c\u0435\u0448\u043e\u0447\u043a\u0430\u043c\u0438 \u0432 2 \u0440\u0443\u043a\u0438)", "account_id": 10765, "date_create": 1582978641, "status": 7, "price": null, "client_id": 3122840, "roistat": "\u0420\u043e\u0434\u0441\u0442\u0432\u0435\u043d\u043d\u0438\u043a \u043d\u0430\u0448\u0435\u0433\u043e \u043a\u043b\u0438\u0435\u043d\u0442\u0430", "executor": "\u0424\u0438\u043b\u0438\u043f \u0412\u0438\u043c\u0430\u043b\u0430 \u0412\u0438\u043f\u0438\u043d", "is_sale": false, "appointment_id": 5862352, "fields": {"1": "\u0424\u0438\u043b\u0438\u043f \u0412\u0438\u043c\u0430\u043b\u0430 \u0412\u0438\u043f\u0438\u043d", "2": "https://klientiks.ru/clientix/client/default/id/3122840", "3": 10765}}, {"id": 6620022, "name": "\u0410\u044e\u0440\u0432\u0435\u0434\u0430 \u043f\u043e\u0432\u0442\u043e\u0440\u043d\u0430\u044f  \u043a\u043e\u043d\u0441\u0443\u043b\u044c\u0442\u0430\u0446\u0438\u044f \u043f\u0440\u0438\u0433\u043b\u0430\u0448\u0435\u043d\u043d\u043e\u0433\u043e \u0441\u043f\u0435\u0446\u0438\u0430\u043b\u0438\u0441\u0442\u0430 (30 \u043c\u0438\u043d)", "account_id": 10765, "date_create": 1582979786, "status": 6, "price": "2500", "client_id": 2823274, "roistat": "\u0421\u043e\u0432\u0435\u0442 \u0414\u0440\u0443\u0437\u0435\u0439,\u0438\u043d\u0442\u0435\u0440\u043d\u0435\u0442", "executor": "\u0414\u0436\u0430\u0442\u0445\u0430\u0432 \u041f\u0430\u0440\u0435\u0448", "is_sale": false, "appointment_id": 5862466, "fields": {"1": "\u0414\u0436\u0430\u0442\u0445\u0430\u0432 \u041f\u0430\u0440\u0435\u0448", "2": "https://klientiks.ru/clientix/client/default/id/2823274", "3": 10765}}, {"id": 6620738, "name": "\u0410\u0431\u0445\u044a\u044f\u043d\u0433\u0430 \u043c\u0430\u0441\u0441\u0430\u0436 (60 \u043c\u0438\u043d. \u0440\u0443\u0447\u043d\u043e\u0439 \u043c\u0430\u0441\u043b\u044f\u043d\u044b\u0439 \u043c\u0430\u0441\u0441\u0430\u0436 \u0432 2 \u0440\u0443\u043a\u0438),\u0410\u0431\u0445\u044a\u044f\u043d\u0433\u0430 \u043c\u0430\u0441\u0441\u0430\u0436 (60 \u043c\u0438\u043d. \u0440\u0443\u0447\u043d\u043e\u0439 \u043c\u0430\u0441\u043b\u044f\u043d\u044b\u0439 \u043c\u0430\u0441\u0441\u0430\u0436 \u0432 2 \u0440\u0443\u043a\u0438),\u0421\u0435\u0430\u043d\u0441 \u0432 \u043a\u0435\u0434\u0440\u043e\u0432\u043e\u0439 \u0431\u043e\u0447\u043a\u0435 \u0441 \u0444\u0438\u0442\u043e\u0441\u0431\u043e\u0440\u043e\u043c,\u0421\u0435\u0430\u043d\u0441 \u0432 \u043a\u0435\u0434\u0440\u043e\u0432\u043e\u0439 \u0431\u043e\u0447\u043a\u0435 \u0441 \u0444\u0438\u0442\u043e\u0441\u0431\u043e\u0440\u043e\u043c", "account_id": 10765, "date_create": 1582985690, "status": 6, "price": "0", "client_id": 3263662, "roistat": "\u043f\u043e\u0441\u0442\u043e\u044f\u043d\u043d\u044b\u0439 \u043a\u043b\u0438\u0435\u043d\u0442", "executor": "\u0428\u0440\u0438\u0442\u0430", "is_sale": false, "appointment_id": 5863078, "fields": {"1": "\u0428\u0440\u0438\u0442\u0430", "2": "https://klientiks.ru/clientix/client/default/id/3263662", "3": 10765}}, {"id": 6620742, "name": "\u041a\u0430\u043b\u0430\u0440\u0438 \u043c\u0430\u0441\u0441\u0430\u0436 (60 \u043c\u0438\u043d. \u043d\u043e\u0436\u043d\u043e\u0439 \u043c\u0430\u0441\u043b\u044f\u043d\u044b\u0439 \u043c\u0430\u0441\u0441\u0430\u0436),\u0412\u0438\u0440\u0435\u0447\u0430\u043d\u0430 (\u0441\u043b\u0430\u0431\u0438\u0442\u0435\u043b\u044c\u043d\u0430\u044f \u0442\u0435\u0440\u0430\u043f\u0438\u044f),\u041a\u0430\u043b\u0430\u0440\u0438 \u043c\u0430\u0441\u0441\u0430\u0436 (60 \u043c\u0438\u043d. \u043d\u043e\u0436\u043d\u043e\u0439 \u043c\u0430\u0441\u043b\u044f\u043d\u044b\u0439 \u043c\u0430\u0441\u0441\u0430\u0436),\u0412\u0438\u0440\u0435\u0447\u0430\u043d\u0430 (\u0441\u043b\u0430\u0431\u0438\u0442\u0435\u043b\u044c\u043d\u0430\u044f \u0442\u0435\u0440\u0430\u043f\u0438\u044f)", "account_id": 10765, "date_create": 1582985730, "status": 6, "price": "0", "client_id": 3263662, "roistat": "\u043f\u043e\u0441\u0442\u043e\u044f\u043d\u043d\u044b\u0439 \u043a\u043b\u0438\u0435\u043d\u0442", "executor": "\u0428\u0440\u0438\u0442\u0430", "is_sale": false, "appointment_id": 5863080, "fields": {"1": "\u0428\u0440\u0438\u0442\u0430", "2": "https://klientiks.ru/clientix/client/default/id/3263662", "3": 10765}}, {"id": 6620748, "name": "\u0410\u0431\u0445\u044a\u044f\u043d\u0433\u0430 \u043c\u0430\u0441\u0441\u0430\u0436 (60 \u043c\u0438\u043d. \u0440\u0443\u0447\u043d\u043e\u0439 \u043c\u0430\u0441\u043b\u044f\u043d\u044b\u0439 \u043c\u0430\u0441\u0441\u0430\u0436 \u0432 2 \u0440\u0443\u043a\u0438),\u041a\u0438\u0436\u0438 \u043d\u0430 \u0447\u0430\u0441\u0442\u0438 \u0442\u0435\u043b\u0430 (30 \u043c\u0438\u043d),\u0410\u0431\u0445\u044a\u044f\u043d\u0433\u0430 \u043c\u0430\u0441\u0441\u0430\u0436 (60 \u043c\u0438\u043d. \u0440\u0443\u0447\u043d\u043e\u0439 \u043c\u0430\u0441\u043b\u044f\u043d\u044b\u0439 \u043c\u0430\u0441\u0441\u0430\u0436 \u0432 2 \u0440\u0443\u043a\u0438),\u041a\u0438\u0436\u0438 \u043d\u0430 \u0447\u0430\u0441\u0442\u0438 \u0442\u0435\u043b\u0430 (30 \u043c\u0438\u043d)", "account_id": 10765, "date_create": 1582985805, "status": 6, "price": "0", "client_id": 3263662, "roistat": "\u043f\u043e\u0441\u0442\u043e\u044f\u043d\u043d\u044b\u0439 \u043a\u043b\u0438\u0435\u043d\u0442", "executor": "\u041d\u0438\u0431\u0438\u043d \u041a\u043e\u0434\u0430\u0442 \u0414\u0438\u043d\u0435\u0441\u0430\u043d", "is_sale": false, "appointment_id": 5863085, "fields": {"1": "\u041d\u0438\u0431\u0438\u043d \u041a\u043e\u0434\u0430\u0442 \u0414\u0438\u043d\u0435\u0441\u0430\u043d", "2": "https://klientiks.ru/clientix/client/default/id/3263662", "3": 10765}}, {"id": 6620754, "name": "\u041a\u0438\u0436\u0438 \u043d\u0430 \u0447\u0430\u0441\u0442\u0438 \u0442\u0435\u043b\u0430 (30 \u043c\u0438\u043d),\u0410\u0431\u0445\u044a\u044f\u043d\u0433\u0430 \u043c\u0430\u0441\u0441\u0430\u0436 (60 \u043c\u0438\u043d. \u0440\u0443\u0447\u043d\u043e\u0439 \u043c\u0430\u0441\u043b\u044f\u043d\u044b\u0439 \u043c\u0430\u0441\u0441\u0430\u0436 \u0432 2 \u0440\u0443\u043a\u0438),\u041a\u0438\u0436\u0438 \u043d\u0430 \u0447\u0430\u0441\u0442\u0438 \u0442\u0435\u043b\u0430 (30 \u043c\u0438\u043d),\u0410\u0431\u0445\u044a\u044f\u043d\u0433\u0430 \u043c\u0430\u0441\u0441\u0430\u0436 (60 \u043c\u0438\u043d. \u0440\u0443\u0447\u043d\u043e\u0439 \u043c\u0430\u0441\u043b\u044f\u043d\u044b\u0439 \u043c\u0430\u0441\u0441\u0430\u0436 \u0432 2 \u0440\u0443\u043a\u0438)", "account_id": 10765, "date_create": 1582985849, "status": 6, "price": "0", "client_id": 3263662, "roistat": "\u043f\u043e\u0441\u0442\u043e\u044f\u043d\u043d\u044b\u0439 \u043a\u043b\u0438\u0435\u043d\u0442", "executor": "\u041d\u0438\u0431\u0438\u043d \u041a\u043e\u0434\u0430\u0442 \u0414\u0438\u043d\u0435\u0441\u0430\u043d", "is_sale": false, "appointment_id": 5863092, "fields": {"1": "\u041d\u0438\u0431\u0438\u043d \u041a\u043e\u0434\u0430\u0442 \u0414\u0438\u043d\u0435\u0441\u0430\u043d", "2": "https://klientiks.ru/clientix/client/default/id/3263662", "3": 10765}}, {"id": 6620759, "name": "\u041a\u0430\u043b\u0430\u0440\u0438 \u043c\u0430\u0441\u0441\u0430\u0436 (60 \u043c\u0438\u043d. \u043d\u043e\u0436\u043d\u043e\u0439 \u043c\u0430\u0441\u043b\u044f\u043d\u044b\u0439 \u043c\u0430\u0441\u0441\u0430\u0436),\u0410\u043d\u0443\u0432\u0430\u0441\u0430\u043d\u0430 \u0411\u0430\u0441\u0442\u0438 (30 \u043c\u0438\u043d. \u043c\u0430\u0441\u043b\u044f\u043d\u0430\u044f \u0442\u0440\u0430\u0432\u044f\u043d\u0430\u044f \u043a\u043b\u0438\u0437\u043c\u0430),\u041a\u0430\u043b\u0430\u0440\u0438 \u043c\u0430\u0441\u0441\u0430\u0436 (60 \u043c\u0438\u043d. \u043d\u043e\u0436\u043d\u043e\u0439 \u043c\u0430\u0441\u043b\u044f\u043d\u044b\u0439 \u043c\u0430\u0441\u0441\u0430\u0436),\u041f\u0438\u0447\u0443 (30 \u043c\u0438\u043d. \u043c\u0430\u0441\u043b\u044f\u043d\u0430\u044f \u0430\u043f\u043f\u043b\u0438\u043a\u0430\u0446\u0438\u044f),\u041a\u0430\u043b\u0430\u0440\u0438 \u043c\u0430\u0441\u0441\u0430\u0436 (60 \u043c\u0438\u043d. \u043d\u043e\u0436\u043d\u043e\u0439 \u043c\u0430\u0441\u043b\u044f\u043d\u044b\u0439 \u043c\u0430\u0441\u0441\u0430\u0436),\u0410\u043d\u0443\u0432\u0430\u0441\u0430\u043d\u0430 \u0411\u0430\u0441\u0442\u0438 (30 \u043c\u0438\u043d. \u043c\u0430\u0441\u043b\u044f\u043d\u0430\u044f \u0442\u0440\u0430\u0432\u044f\u043d\u0430\u044f \u043a\u043b\u0438\u0437\u043c\u0430),\u041f\u0438\u0447\u0443 (30 \u043c\u0438\u043d. \u043c\u0430\u0441\u043b\u044f\u043d\u0430\u044f \u0430\u043f\u043f\u043b\u0438\u043a\u0430\u0446\u0438\u044f),\u041f\u0438\u0447\u0443 (30 \u043c\u0438\u043d. \u043c\u0430\u0441\u043b\u044f\u043d\u0430\u044f \u0430\u043f\u043f\u043b\u0438\u043a\u0430\u0446\u0438\u044f),\u0410\u043d\u0443\u0432\u0430\u0441\u0430\u043d\u0430 \u0411\u0430\u0441\u0442\u0438 (30 \u043c\u0438\u043d. \u043c\u0430\u0441\u043b\u044f\u043d\u0430\u044f \u0442\u0440\u0430\u0432\u044f\u043d\u0430\u044f \u043a\u043b\u0438\u0437\u043c\u0430)", "account_id": 10765, "date_create": 1582985911, "status": 6, "price": "0", "client_id": 3263662, "roistat": "\u043f\u043e\u0441\u0442\u043e\u044f\u043d\u043d\u044b\u0439 \u043a\u043b\u0438\u0435\u043d\u0442", "executor": "\u0428\u0440\u0438\u0442\u0430", "is_sale": false, "appointment_id": 5863097, "fields": {"1": "\u0428\u0440\u0438\u0442\u0430", "2": "https://klientiks.ru/clientix/client/default/id/3263662", "3": 10765}}, {"id": 6620763, "name": "\u041d\u0438\u0440\u0443\u0445\u0430 \u0411\u0430\u0441\u0442\u0438 (60 \u043c\u0438\u043d. \u043a\u043b\u0438\u0437\u043c\u0430 \u0442\u0440\u0430\u0432\u044f\u043d\u044b\u043c \u043e\u0442\u0432\u0430\u0440\u043e\u043c),\u041f\u0438\u0447\u0443 (30 \u043c\u0438\u043d. \u043c\u0430\u0441\u043b\u044f\u043d\u0430\u044f \u0430\u043f\u043f\u043b\u0438\u043a\u0430\u0446\u0438\u044f),\u041d\u0438\u0440\u0443\u0445\u0430 \u0411\u0430\u0441\u0442\u0438 (60 \u043c\u0438\u043d. \u043a\u043b\u0438\u0437\u043c\u0430 \u0442\u0440\u0430\u0432\u044f\u043d\u044b\u043c \u043e\u0442\u0432\u0430\u0440\u043e\u043c),\u041f\u0438\u0447\u0443 (30 \u043c\u0438\u043d. \u043c\u0430\u0441\u043b\u044f\u043d\u0430\u044f \u0430\u043f\u043f\u043b\u0438\u043a\u0430\u0446\u0438\u044f),\u0410\u0431\u0445\u044a\u044f\u043d\u0433\u0430 \u043c\u0430\u0441\u0441\u0430\u0436 (60 \u043c\u0438\u043d. \u0440\u0443\u0447\u043d\u043e\u0439 \u043c\u0430\u0441\u043b\u044f\u043d\u044b\u0439 \u043c\u0430\u0441\u0441\u0430\u0436 \u0432 2 \u0440\u0443\u043a\u0438),\u041f\u0438\u0447\u0443 (30 \u043c\u0438\u043d. \u043c\u0430\u0441\u043b\u044f\u043d\u0430\u044f \u0430\u043f\u043f\u043b\u0438\u043a\u0430\u0446\u0438\u044f),\u041d\u0438\u0440\u0443\u0445\u0430 \u0411\u0430\u0441\u0442\u0438 (60 \u043c\u0438\u043d. \u043a\u043b\u0438\u0437\u043c\u0430 \u0442\u0440\u0430\u0432\u044f\u043d\u044b\u043c \u043e\u0442\u0432\u0430\u0440\u043e\u043c),\u0410\u0431\u0445\u044a\u044f\u043d\u0433\u0430 \u043c\u0430\u0441\u0441\u0430\u0436 (60 \u043c\u0438\u043d. \u0440\u0443\u0447\u043d\u043e\u0439 \u043c\u0430\u0441\u043b\u044f\u043d\u044b\u0439 \u043c\u0430\u0441\u0441\u0430\u0436 \u0432 2 \u0440\u0443\u043a\u0438),\u0410\u0431\u0445\u044a\u044f\u043d\u0433\u0430 \u043c\u0430\u0441\u0441\u0430\u0436 (60 \u043c\u0438\u043d. \u0440\u0443\u0447\u043d\u043e\u0439 \u043c\u0430\u0441\u043b\u044f\u043d\u044b\u0439 \u043c\u0430\u0441\u0441\u0430\u0436 \u0432 2 \u0440\u0443\u043a\u0438)", "account_id": 10765, "date_create": 1582985948, "status": 6, "price": "0", "client_id": 3263662, "roistat": "\u043f\u043e\u0441\u0442\u043e\u044f\u043d\u043d\u044b\u0439 \u043a\u043b\u0438\u0435\u043d\u0442", "executor": "\u041d\u0438\u0431\u0438\u043d \u041a\u043e\u0434\u0430\u0442 \u0414\u0438\u043d\u0435\u0441\u0430\u043d", "is_sale": false, "appointment_id": 5863101, "fields": {"1": "\u041d\u0438\u0431\u0438\u043d \u041a\u043e\u0434\u0430\u0442 \u0414\u0438\u043d\u0435\u0441\u0430\u043d", "2": "https://klientiks.ru/clientix/client/default/id/3263662", "3": 10765}}, {"id": 6620773, "name": "\u0410\u043d\u0443\u0432\u0430\u0441\u0430\u043d\u0430 \u0411\u0430\u0441\u0442\u0438 (30 \u043c\u0438\u043d. \u043c\u0430\u0441\u043b\u044f\u043d\u0430\u044f \u0442\u0440\u0430\u0432\u044f\u043d\u0430\u044f \u043a\u043b\u0438\u0437\u043c\u0430),\u041a\u0438\u0436\u0438 \u043d\u0430 \u0447\u0430\u0441\u0442\u0438 \u0442\u0435\u043b\u0430 (30 \u043c\u0438\u043d),\u0410\u0431\u0445\u044a\u044f\u043d\u0433\u0430 \u043c\u0430\u0441\u0441\u0430\u0436 (60 \u043c\u0438\u043d. \u0440\u0443\u0447\u043d\u043e\u0439 \u043c\u0430\u0441\u043b\u044f\u043d\u044b\u0439 \u043c\u0430\u0441\u0441\u0430\u0436 \u0432 2 \u0440\u0443\u043a\u0438)", "account_id": 10765, "date_create": 1582986015, "status": 7, "price": null, "client_id": 3263662, "roistat": "\u043f\u043e\u0441\u0442\u043e\u044f\u043d\u043d\u044b\u0439 \u043a\u043b\u0438\u0435\u043d\u0442", "executor": "\u0428\u0440\u0438\u0442\u0430", "is_sale": false, "appointment_id": 5863108, "fields": {"1": "\u0428\u0440\u0438\u0442\u0430", "2": "https://klientiks.ru/clientix/client/default/id/3263662", "3": 10765}}], "pagination": {"total_count": 22602, "limit": 50, "page_number": 1}, "total_count": 22602, "page_number": 1}
2020-08-23 01:32:56,579 - Snowflake Connector for Python Version: 2.2.10, Python Version: 3.8.5, Platform: Windows-10-10.0.17763-SP0
2020-08-23 01:32:56,580 - connect
2020-08-23 01:32:56,580 - __config
2020-08-23 01:32:56,580 - This connection is in OCSP Fail Open Mode. TLS Certificates would be checked for validity and revocation status. Any other Certificate Revocation related exceptions or OCSP Responder failures would be disregarded in favor of connectivity.
2020-08-23 01:32:56,581 - use_numpy: False
2020-08-23 01:32:56,581 - initialized
2020-08-23 01:32:56,581 - REST API object was created: ringcentral.snowflakecomputing.com:443
2020-08-23 01:32:56,581 - authenticate
2020-08-23 01:32:56,581 - assertion content: *********
2020-08-23 01:32:56,582 - account=ringcentral, user=dmitry.mitrofanov, database=RCUSERS, schema=DMITRYMITROFANOV, warehouse=RCUSERS_WH, role=None, request_id=ce8af886-f739-4f23-9359-ef11f6f13dc2
2020-08-23 01:32:56,582 - body['data']: {'CLIENT_APP_ID': 'PythonConnector', 'CLIENT_APP_VERSION': '2.2.10', 'SVN_REVISION': None, 'ACCOUNT_NAME': 'ringcentral', 'LOGIN_NAME': 'dmitry.mitrofanov', 'CLIENT_ENVIRONMENT': {'APPLICATION': 'PythonConnector', 'OS': 'Windows', 'OS_VERSION': 'Windows-10-10.0.17763-SP0', 'PYTHON_VERSION': '3.8.5', 'PYTHON_RUNTIME': 'CPython', 'PYTHON_COMPILER': 'MSC v.1924 64 bit (AMD64)', 'OCSP_MODE': 'FAIL_OPEN', 'TRACING': 10, 'LOGIN_TIMEOUT': 120, 'NETWORK_TIMEOUT': None, 'CLIENT_STORE_TEMPORARY_CREDENTIAL': None}, 'SESSION_PARAMETERS': {'CLIENT_SESSION_KEEP_ALIVE_HEARTBEAT_FREQUENCY': 900, 'CLIENT_PREFETCH_THREADS': 4}}
2020-08-23 01:32:56,582 - Converted retries value: 1 -> Retry(total=1, connect=None, read=None, redirect=None, status=None)
2020-08-23 01:32:56,583 - Converted retries value: 1 -> Retry(total=1, connect=None, read=None, redirect=None, status=None)
2020-08-23 01:32:56,583 - Active requests sessions: 1, idle: 0
2020-08-23 01:32:56,583 - remaining request timeout: 120, retry cnt: 1
2020-08-23 01:32:56,583 - socket timeout: 60
2020-08-23 01:32:56,585 - Starting new HTTPS connection (1): ringcentral.snowflakecomputing.com:443
2020-08-23 01:32:57,378 - OCSP Mode: FAIL_OPEN, OCSP response cache file name: None
2020-08-23 01:32:57,379 - ocsp_response_cache_uri: file://C:/Users/dmitry.mitrofanov/AppData/Local/Snowflake/Caches/ocsp_response_cache.json
2020-08-23 01:32:57,379 - OCSP_VALIDATION_CACHE size: 140
2020-08-23 01:32:57,379 - OCSP response cache server is enabled: http://ocsp.snowflakecomputing.com/ocsp_response_cache.json
2020-08-23 01:32:57,380 - OCSP dynamic cache server RETRY URL: None
2020-08-23 01:32:57,396 - Verifying the attached certificate is signed by the issuer. Valid Not After: 2025-05-12 23:58:59+00:00
2020-08-23 01:32:57,399 - Verifying the attached certificate is signed by the issuer. Valid Not After: 2025-05-12 23:58:59+00:00
2020-08-23 01:32:57,402 - Verifying the attached certificate is signed by the issuer. Valid Not After: 2023-06-11 20:40:26+00:00
2020-08-23 01:32:57,404 - Verifying the attached certificate is signed by the issuer. Valid Not After: 2023-06-11 20:40:26+00:00
2020-08-23 01:32:57,406 - Verifying the attached certificate is signed by the issuer. Valid Not After: 2023-06-11 20:44:21+00:00
2020-08-23 01:32:57,407 - Verifying the attached certificate is signed by the issuer. Valid Not After: 2023-06-11 20:44:21+00:00
2020-08-23 01:32:57,409 - Verifying the attached certificate is signed by the issuer. Valid Not After: 2021-12-14 07:00:00+00:00
2020-08-23 01:32:57,411 - Verifying the attached certificate is signed by the issuer. Valid Not After: 2021-12-14 07:00:00+00:00
2020-08-23 01:32:57,412 - Verifying the attached certificate is signed by the issuer. Valid Not After: 2025-05-12 23:58:59+00:00
2020-08-23 01:32:57,413 - Verifying the attached certificate is signed by the issuer. Valid Not After: 2025-05-12 23:58:59+00:00
2020-08-23 01:32:57,416 - Verifying the attached certificate is signed by the issuer. Valid Not After: 2025-05-12 23:58:59+00:00
2020-08-23 01:32:57,417 - Verifying the attached certificate is signed by the issuer. Valid Not After: 2025-05-12 23:58:59+00:00
2020-08-23 01:32:57,418 - Verifying the attached certificate is signed by the issuer. Valid Not After: 2025-05-12 23:58:59+00:00
2020-08-23 01:32:57,419 - Verifying the attached certificate is signed by the issuer. Valid Not After: 2025-05-12 23:58:59+00:00
2020-08-23 01:32:57,428 - Verifying the attached certificate is signed by the issuer. Valid Not After: 2025-05-12 23:58:59+00:00
2020-08-23 01:32:57,430 - Verifying the attached certificate is signed by the issuer. Valid Not After: 2025-05-12 23:58:59+00:00
2020-08-23 01:32:57,432 - Verifying the attached certificate is signed by the issuer. Valid Not After: 2021-04-02 17:08:26+00:00
2020-08-23 01:32:57,433 - Verifying the attached certificate is signed by the issuer. Valid Not After: 2021-04-02 17:08:26+00:00
2020-08-23 01:32:57,435 - Verifying the attached certificate is signed by the issuer. Valid Not After: 2021-04-02 17:13:33+00:00
2020-08-23 01:32:57,436 - Verifying the attached certificate is signed by the issuer. Valid Not After: 2021-04-02 17:13:33+00:00
2020-08-23 01:32:57,438 - Verifying the attached certificate is signed by the issuer. Valid Not After: 2021-04-02 16:58:09+00:00
2020-08-23 01:32:57,439 - Verifying the attached certificate is signed by the issuer. Valid Not After: 2021-04-02 16:58:09+00:00
2020-08-23 01:32:57,455 - Verifying the attached certificate is signed by the issuer. Valid Not After: 2021-04-02 17:13:33+00:00
2020-08-23 01:32:57,456 - Verifying the attached certificate is signed by the issuer. Valid Not After: 2021-04-02 17:13:33+00:00
2020-08-23 01:32:57,457 - Verifying the attached certificate is signed by the issuer. Valid Not After: 2021-04-02 17:08:26+00:00
2020-08-23 01:32:57,458 - Verifying the attached certificate is signed by the issuer. Valid Not After: 2021-04-02 17:08:26+00:00
2020-08-23 01:32:57,460 - Verifying the attached certificate is signed by the issuer. Valid Not After: 2021-04-02 17:03:51+00:00
2020-08-23 01:32:57,461 - Verifying the attached certificate is signed by the issuer. Valid Not After: 2021-04-02 17:03:51+00:00
2020-08-23 01:32:57,462 - Verifying the attached certificate is signed by the issuer. Valid Not After: 2021-04-02 16:58:09+00:00
2020-08-23 01:32:57,464 - Verifying the attached certificate is signed by the issuer. Valid Not After: 2021-04-02 16:58:09+00:00
2020-08-23 01:32:57,466 - Verifying the attached certificate is signed by the issuer. Valid Not After: 2021-04-02 17:03:51+00:00
2020-08-23 01:32:57,467 - Verifying the attached certificate is signed by the issuer. Valid Not After: 2021-04-02 17:03:51+00:00
2020-08-23 01:32:57,468 - Verifying the attached certificate is signed by the issuer. Valid Not After: 2021-04-02 17:03:51+00:00
2020-08-23 01:32:57,469 - Verifying the attached certificate is signed by the issuer. Valid Not After: 2021-04-02 17:03:51+00:00
2020-08-23 01:32:57,486 - Verifying the attached certificate is signed by the issuer. Valid Not After: 2021-04-02 17:13:33+00:00
2020-08-23 01:32:57,487 - Verifying the attached certificate is signed by the issuer. Valid Not After: 2021-04-02 17:13:33+00:00
2020-08-23 01:32:57,489 - Read OCSP response cache file: C:/Users/dmitry.mitrofanov/AppData/Local/Snowflake/Caches/ocsp_response_cache.json, count=140
2020-08-23 01:32:57,489 - validating certificate: ringcentral.snowflakecomputing.com
2020-08-23 01:32:57,489 - # of certificates: 4
2020-08-23 01:32:57,490 - subject: OrderedDict([('common_name', '*.us-west-2.snowflakecomputing.com')]), issuer: OrderedDict([('country_name', 'US'), ('organization_name', 'Amazon'), ('organizational_unit_name', 'Server CA 1B'), ('common_name', 'Amazon')])
2020-08-23 01:32:57,490 - subject: OrderedDict([('country_name', 'US'), ('organization_name', 'Amazon'), ('organizational_unit_name', 'Server CA 1B'), ('common_name', 'Amazon')]), issuer: OrderedDict([('country_name', 'US'), ('organization_name', 'Amazon'), ('common_name', 'Amazon Root CA 1')])
2020-08-23 01:32:57,491 - subject: OrderedDict([('country_name', 'US'), ('organization_name', 'Amazon'), ('common_name', 'Amazon Root CA 1')]), issuer: OrderedDict([('country_name', 'US'), ('state_or_province_name', 'Arizona'), ('locality_name', 'Scottsdale'), ('organization_name', 'Starfield Technologies, Inc.'), ('common_name', 'Starfield Services Root Certificate Authority - G2')])
2020-08-23 01:32:57,491 - subject: OrderedDict([('country_name', 'US'), ('state_or_province_name', 'Arizona'), ('locality_name', 'Scottsdale'), ('organization_name', 'Starfield Technologies, Inc.'), ('common_name', 'Starfield Services Root Certificate Authority - G2')]), issuer: OrderedDict([('country_name', 'US'), ('organization_name', 'Starfield Technologies, Inc.'), ('organizational_unit_name', 'Starfield Class 2 Certification Authority')])
2020-08-23 01:32:57,493 - not found issuer_der: OrderedDict([('country_name', 'US'), ('organization_name', 'Starfield Technologies, Inc.'), ('organizational_unit_name', 'Starfield Class 2 Certification Authority')])
2020-08-23 01:32:57,494 - hit cache for subject: OrderedDict([('common_name', '*.us-west-2.snowflakecomputing.com')])
2020-08-23 01:32:57,496 - Verifying the attached certificate is signed by the issuer. Valid Not After: 2023-06-11 20:40:26+00:00
2020-08-23 01:32:57,496 - hit cache for subject: OrderedDict([('country_name', 'US'), ('organization_name', 'Amazon'), ('organizational_unit_name', 'Server CA 1B'), ('common_name', 'Amazon')])
2020-08-23 01:32:57,497 - Verifying the attached certificate is signed by the issuer. Valid Not After: 2023-06-11 20:44:21+00:00
2020-08-23 01:32:57,498 - hit cache for subject: OrderedDict([('country_name', 'US'), ('organization_name', 'Amazon'), ('common_name', 'Amazon Root CA 1')])
2020-08-23 01:32:57,499 - Verifying the attached certificate is signed by the issuer. Valid Not After: 2021-12-14 07:00:00+00:00
2020-08-23 01:32:57,500 - hit cache for subject: OrderedDict([('country_name', 'US'), ('state_or_province_name', 'Arizona'), ('locality_name', 'Scottsdale'), ('organization_name', 'Starfield Technologies, Inc.'), ('common_name', 'Starfield Services Root Certificate Authority - G2')])
2020-08-23 01:32:57,500 - hit cache for subject: OrderedDict([('common_name', '*.us-west-2.snowflakecomputing.com')])
2020-08-23 01:32:57,501 - using OCSP response cache
2020-08-23 01:32:57,502 - Certificate is NOT attached in Basic OCSP Response. Using issuer's certificate
2020-08-23 01:32:57,502 - Verifying the OCSP response is signed by the issuer.
2020-08-23 01:32:57,505 - Verifying the attached certificate is signed by the issuer. Valid Not After: 2023-06-11 20:40:26+00:00
2020-08-23 01:32:57,505 - hit cache for subject: OrderedDict([('country_name', 'US'), ('organization_name', 'Amazon'), ('organizational_unit_name', 'Server CA 1B'), ('common_name', 'Amazon')])
2020-08-23 01:32:57,506 - using OCSP response cache
2020-08-23 01:32:57,507 - Certificate is attached in Basic OCSP Response
2020-08-23 01:32:57,507 - Verifying the attached certificate is signed by the issuer
2020-08-23 01:32:57,507 - Valid Not After: 2023-06-11 20:40:26+00:00
2020-08-23 01:32:57,509 - Verifying the OCSP response is signed by the issuer.
2020-08-23 01:32:57,512 - Verifying the attached certificate is signed by the issuer. Valid Not After: 2023-06-11 20:44:21+00:00
2020-08-23 01:32:57,512 - hit cache for subject: OrderedDict([('country_name', 'US'), ('organization_name', 'Amazon'), ('common_name', 'Amazon Root CA 1')])
2020-08-23 01:32:57,513 - using OCSP response cache
2020-08-23 01:32:57,514 - Certificate is attached in Basic OCSP Response
2020-08-23 01:32:57,514 - Verifying the attached certificate is signed by the issuer
2020-08-23 01:32:57,514 - Valid Not After: 2023-06-11 20:44:21+00:00
2020-08-23 01:32:57,516 - Verifying the OCSP response is signed by the issuer.
2020-08-23 01:32:57,520 - Verifying the attached certificate is signed by the issuer. Valid Not After: 2021-12-14 07:00:00+00:00
2020-08-23 01:32:57,520 - hit cache for subject: OrderedDict([('country_name', 'US'), ('state_or_province_name', 'Arizona'), ('locality_name', 'Scottsdale'), ('organization_name', 'Starfield Technologies, Inc.'), ('common_name', 'Starfield Services Root Certificate Authority - G2')])
2020-08-23 01:32:57,521 - using OCSP response cache
2020-08-23 01:32:57,522 - Certificate is attached in Basic OCSP Response
2020-08-23 01:32:57,522 - Verifying the attached certificate is signed by the issuer
2020-08-23 01:32:57,522 - Valid Not After: 2021-12-14 07:00:00+00:00
2020-08-23 01:32:57,524 - Verifying the OCSP response is signed by the issuer.
2020-08-23 01:32:57,526 - writing OCSP response cache file
2020-08-23 01:32:57,526 - encoding OCSP response cache to JSON
2020-08-23 01:32:57,543 - ok
2020-08-23 01:32:57,955 - https://ringcentral.snowflakecomputing.com:443 "POST /session/v1/login-request?request_id=ce8af886-f739-4f23-9359-ef11f6f13dc2&databaseName=RCUSERS&schemaName=DMITRYMITROFANOV&warehouse=RCUSERS_WH&request_guid=188a0b9c-6045-4118-806f-279b1c97bbfc HTTP/1.1" 200 1401
2020-08-23 01:32:57,957 - SUCCESS
2020-08-23 01:32:57,957 - Active requests sessions: 0, idle: 1
2020-08-23 01:32:57,957 - ret[code] = None, after post request
2020-08-23 01:32:57,957 - completed authentication
2020-08-23 01:32:57,958 - token = ******
2020-08-23 01:32:57,958 - master_token = ******
2020-08-23 01:32:57,958 - id_token = NULL
2020-08-23 01:32:57,958 - no ID token is given when try to store temporary credential
2020-08-23 01:32:57,958 - cursor
2020-08-23 01:32:57,958 - merge into KAMALA_ACL t using (select parse_json('{"offset":19500,"count":50,"limit":50,"statuses":[{"id":1,"name":"scheduled"},{"id":2,"name":"sms_confirmation_sent"},{"id":3,"name":"cancelled_by_sms"},{"id":4,"name":"confirmed"},{"id":5,"name":"in_progress"},{"id":6,"name":"finished"},{"id":7,"name":"cancelled"},{"id":8,"name":"missed"},{"id":9,"name":"arrived"}],"fields":[{"id":"1","name":"\u0418\u0441\u043f\u043e\u043b\u043d\u0438\u0442\u0435\u043b\u044c"},{"id":"2","name":"\u0421\u0441\u044b\u043b\u043a\u0430 \u043d\u0430 \u043a\u043b\u0438\u0435\u043d\u0442\u0430"},{"id":"3","name":"\u0410\u0439\u0434\u0438 \u0430\u043a\u043a\u0430\u0443\u043d\u0442\u0430"}],"orders":[{"id":6607810,"name":"\u0410\u044d\u0440\u043e\u0439\u043e\u0433\u0430 (90 \u043c\u0438\u043d)","account_id":10765,"date_create":1582872496,"status":6,"price":"0","client_id":1122837,"roistat":"\u043f\u043e\u0441\u0442\u043e\u044f\u043d\u043d\u044b\u0439 \u043a\u043b\u0438\u0435\u043d\u0442","executor":"\u0421\u043e\u0431\u0435\u043d\u043d\u0438\u043a\u043e\u0432\u0430 \u041e\u043a\u0441\u0430\u043d\u0430 \u042e\u0440\u044c\u0435\u0432\u043d\u0430","is_sale":false,"appointment_id":5833285,"fields":{"1":"\u0421\u043e\u0431\u0435\u043d\u043d\u0438\u043a\u043e\u0432\u0430 \u041e\u043a\u0441\u0430\u043d\u0430 \u042e\u0440\u044c\u0435\u0432\u043d\u0430","2":"https:\/\/klientiks.ru\/clientix\/client\/default\/id\/1122837","3":10765}},{"id":6607812,"name":"\u0410\u044d\u0440\u043e\u0439\u043e\u0433\u0430 (90 \u043c\u0438\u043d)","account_id":10765,"date_create":1582872499,"status":6,"price":"0","client_id":2877520,"roistat":"\u0438\u043d\u0442\u0435\u0440\u043d\u0435\u0442","executor":"\u0421\u043e\u0431\u0435\u043d\u043d\u0438\u043a\u043e\u0432\u0430 \u041e\u043a\u0441\u0430\u043d\u0430 \u042e\u0440\u044c\u0435\u0432\u043d\u0430","is_sale":false,"appointment_id":5833285,"fields":{"1":"\u0421\u043e\u0431\u0435\u043d\u043d\u0438\u043a\u043e\u0432\u0430 \u041e\u043a\u0441\u0430\u043d\u0430 \u042e\u0440\u044c\u0435\u0432\u043d\u0430","2":"https:\/\/klientiks.ru\/clientix\/client\/default\/id\/2877520","3":10765}},{"id":6608043,"name":"\u0410\u044e\u0440\u0432\u0435\u0434\u0430 \u043a\u043e\u043d\u0441\u0443\u043b\u044c\u0442\u0430\u0446\u0438\u044f \u0432\u0440\u0430\u0447\u0430 (60 \u043c\u0438\u043d)","account_id":10765,"date_create":1582873655,"status":6,"price":"3500","client_id":3319006,"roistat":"\u0412\u0445\u043e\u0434\u044f\u0449\u0438\u0439 \u0437\u0432\u043e\u043d\u043e\u043a","executor":"\u041f\u0440\u0430\u0432\u0438\u043d \u0421\u0443\u0440\u0435\u043d\u0434\u0440\u0430\u043d\u043f\u0438\u043b\u0430\u0439 \u0412\u0430\u0441\u0430\u043d\u0442\u0430\u043a\u0443\u043c\u0430\u0440\u0438","is_sale":false,"appointment_id":5851965,"fields":{"1":"\u041f\u0440\u0430\u0432\u0438\u043d \u0421\u0443\u0440\u0435\u043d\u0434\u0440\u0430\u043d\u043f\u0438\u043b\u0430\u0439 \u0412\u0430\u0441\u0430\u043d\u0442\u0430\u043a\u0443\u043c\u0430\u0440\u0438","2":"https:\/\/klientiks.ru\/clientix\/client\/default\/id\/3319006","3":10765}},{"id":6609060,"name":"\u0420\u043e\u0437\u043e\u0432\u044f_\u0432\u043e\u0434\u0430_Khadi","account_id":10765,"date_create":1582877952,"status":6,"price":"400","client_id":1108070,"roistat":"\u0438\u043d\u0442\u0435\u0440\u043d\u0435\u0442","executor":"\u0410\u0445\u043c\u0435\u0434\u043e\u0432\u0430 \u0422\u0430\u0442\u044c\u044f\u043d\u0430 \u041b\u0435\u043e\u043d\u0438\u0434\u043e\u0432\u043d\u0430","is_sale":true,"appointment_id":5852875,"fields":{"1":"\u0410\u0445\u043c\u0435\u0434\u043e\u0432\u0430 \u0422\u0430\u0442\u044c\u044f\u043d\u0430 \u041b\u0435\u043e\u043d\u0438\u0434\u043e\u0432\u043d\u0430","2":"https:\/\/klientiks.ru\/clientix\/client\/default\/id\/1108070","3":10765}},{"id":6609134,"name":"\u0420\u043e\u0437\u043e\u0432\u044f_\u0432\u043e\u0434\u0430_Khadi","account_id":10765,"date_create":1582878286,"status":6,"price":"400","client_id":1297843,"roistat":"\u0440\u044f\u0434\u043e\u043c \u0436\u0438\u0432\u0435\u0442","executor":"\u0410\u0445\u043c\u0435\u0434\u043e\u0432\u0430 \u0422\u0430\u0442\u044c\u044f\u043d\u0430 \u041b\u0435\u043e\u043d\u0438\u0434\u043e\u0432\u043d\u0430","is_sale":true,"appointment_id":5852970,"fields":{"1":"\u0410\u0445\u043c\u0435\u0434\u043e\u0432\u0430 \u0422\u0430\u0442\u044c\u044f\u043d\u0430 \u041b\u0435\u043e\u043d\u0438\u0434\u043e\u0432\u043d\u0430","2":"https:\/\/klientiks.ru\/clientix\/client\/default\/id\/1297843","3":10765}},{"id":6609341,"name":"Chyawanaprasham_Nagarjuna 500g","account_id":10765,"date_create":1582879137,"status":6,"price":"700","client_id":3215797,"roistat":"\u0438\u043d\u0442\u0435\u0440\u043d\u0435\u0442","executor":"\u0410\u0445\u043c\u0435\u0434\u043e\u0432\u0430 \u0422\u0430\u0442\u044c\u044f\u043d\u0430 \u041b\u0435\u043e\u043d\u0438\u0434\u043e\u0432\u043d\u0430","is_sale":true,"appointment_id":5853140,"fields":{"1":"\u0410\u0445\u043c\u0435\u0434\u043e\u0432\u0430 \u0422\u0430\u0442\u044c\u044f\u043d\u0430 \u041b\u0435\u043e\u043d\u0438\u0434\u043e\u0432\u043d\u0430","2":"https:\/\/klientiks.ru\/clientix\/client\/default\/id\/3215797","3":10765}},{"id":6609378,"name":"Chyawanaprasham_Nagarjuna 500g","account_id":10765,"date_create":1582879329,"status":6,"price":"700","client_id":3014911,"roistat":"\u043e\u0442 \u0437\u043d\u0430\u043a\u043e\u043c\u044b\u0445","executor":"\u0410\u0445\u043c\u0435\u0434\u043e\u0432\u0430 \u0422\u0430\u0442\u044c\u044f\u043d\u0430 \u041b\u0435\u043e\u043d\u0438\u0434\u043e\u0432\u043d\u0430","is_sale":true,"appointment_id":5853176,"fields":{"1":"\u0410\u0445\u043c\u0435\u0434\u043e\u0432\u0430 \u0422\u0430\u0442\u044c\u044f\u043d\u0430 \u041b\u0435\u043e\u043d\u0438\u0434\u043e\u0432\u043d\u0430","2":"https:\/\/klientiks.ru\/clientix\/client\/default\/id\/3014911","3":10765}},{"id":6609424,"name":"Chyawanaprasham_Nagarjuna 500g,Itone_eye_drop_\u043a\u0430\u043f\u043b\u0438,Chyawanaprasham_Nagarjuna 500g,Itone_eye_drop_\u043a\u0430\u043f\u043b\u0438","account_id":10765,"date_create":1582879528,"status":6,"price":"980","client_id":3058502,"roistat":"\u043e\u0442 \u0437\u043d\u0430\u043a\u043e\u043c\u044b\u0445","executor":"\u0410\u0445\u043c\u0435\u0434\u043e\u0432\u0430 \u0422\u0430\u0442\u044c\u044f\u043d\u0430 \u041b\u0435\u043e\u043d\u0438\u0434\u043e\u0432\u043d\u0430","is_sale":true,"appointment_id":5853219,"fields":{"1":"\u0410\u0445\u043c\u0435\u0434\u043e\u0432\u0430 \u0422\u0430\u0442\u044c\u044f\u043d\u0430 \u041b\u0435\u043e\u043d\u0438\u0434\u043e\u0432\u043d\u0430","2":"https:\/\/klientiks.ru\/clientix\/client\/default\/id\/3058502","3":10765}},{"id":6609494,"name":"\u0410\u044d\u0440\u043e\u0439\u043e\u0433\u0430 (90 \u043c\u0438\u043d)","account_id":10765,"date_create":1582879922,"status":6,"price":"0","client_id":3144287,"roistat":"\u0438\u043d\u0442\u0435\u0440\u043d\u0435\u0442","executor":"\u0421\u043e\u0431\u0435\u043d\u043d\u0438\u043a\u043e\u0432\u0430 \u041e\u043a\u0441\u0430\u043d\u0430 \u042e\u0440\u044c\u0435\u0432\u043d\u0430","is_sale":false,"appointment_id":5833242,"fields":{"1":"\u0421\u043e\u0431\u0435\u043d\u043d\u0438\u043a\u043e\u0432\u0430 \u041e\u043a\u0441\u0430\u043d\u0430 \u042e\u0440\u044c\u0435\u0432\u043d\u0430","2":"https:\/\/klientiks.ru\/clientix\/client\/default\/id\/3144287","3":10765}},{"id":6609665,"name":"\u0410\u044d\u0440\u043e\u0439\u043e\u0433\u0430 (90 \u043c\u0438\u043d)","account_id":10765,"date_create":1582880922,"status":6,"price":"0","client_id":1108070,"roistat":"\u0438\u043d\u0442\u0435\u0440\u043d\u0435\u0442","executor":"\u0421\u043e\u0431\u0435\u043d\u043d\u0438\u043a\u043e\u0432\u0430 \u041e\u043a\u0441\u0430\u043d\u0430 \u042e\u0440\u044c\u0435\u0432\u043d\u0430","is_sale":false,"appointment_id":5833243,"fields":{"1":"\u0421\u043e\u0431\u0435\u043d\u043d\u0438\u043a\u043e\u0432\u0430 \u041e\u043a\u0441\u0430\u043d\u0430 \u042e\u0440\u044c\u0435\u0432\u043d\u0430","2":"https:\/\/klientiks.ru\/clientix\/client\/default\/id\/1108070","3":10765}},{"id":6609667,"name":"\u0410\u044d\u0440\u043e\u0439\u043e\u0433\u0430 (90 \u043c\u0438\u043d)","account_id":10765,"date_create":1582880934,"status":6,"price":"0","client_id":3014911,"roistat":"\u043e\u0442 \u0437\u043d\u0430\u043a\u043e\u043c\u044b\u0445","executor":"\u0421\u043e\u0431\u0435\u043d\u043d\u0438\u043a\u043e\u0432\u0430 \u041e\u043a\u0441\u0430\u043d\u0430 \u042e\u0440\u044c\u0435\u0432\u043d\u0430","is_sale":false,"appointment_id":5833243,"fields":{"1":"\u0421\u043e\u0431\u0435\u043d\u043d\u0438\u043a\u043e\u0432\u0430 \u041e\u043a\u0441\u0430\u043d\u0430 \u042e\u0440\u044c\u0435\u0432\u043d\u0430","2":"https:\/\/klientiks.ru\/clientix\/client\/default\/id\/3014911","3":10765}},{"id":6609779,"name":"Drakshadi_kashayam_200ml","account_id":10765,"date_create":1582881396,"status":6,"price":"850","client_id":3188843,"roistat":"\u0438\u043d\u0442\u0435\u0440\u043d\u0435\u0442","executor":"\u0410\u0445\u043c\u0435\u0434\u043e\u0432\u0430 \u0422\u0430\u0442\u044c\u044f\u043d\u0430 \u041b\u0435\u043e\u043d\u0438\u0434\u043e\u0432\u043d\u0430","is_sale":true,"appointment_id":5853564,"fields":{"1":"\u0410\u0445\u043c\u0435\u0434\u043e\u0432\u0430 \u0422\u0430\u0442\u044c\u044f\u043d\u0430 \u041b\u0435\u043e\u043d\u0438\u0434\u043e\u0432\u043d\u0430","2":"https:\/\/klientiks.ru\/clientix\/client\/default\/id\/3188843","3":10765}},{"id":6609863,"name":"\u0428\u0438\u0440\u043e\u0434\u0445\u0430\u0440\u0430 (60 \u043c\u0438\u043d. \u0441\u0442\u0440\u0443\u044f\u0449\u0435\u0435\u0441\u044f \u043c\u0430\u0441\u043b\u043e \u043d\u0430 \u043b\u043e\u0431),\u0423\u043c\u0430\u0441\u043b\u0438\u0432\u0430\u043d\u0438\u0435  (30 \u043c\u0438\u043d.),\u0428\u0438\u0440\u043e\u0434\u0445\u0430\u0440\u0430 (60 \u043c\u0438\u043d. \u0441\u0442\u0440\u0443\u044f\u0449\u0435\u0435\u0441\u044f \u043c\u0430\u0441\u043b\u043e \u043d\u0430 \u043b\u043e\u0431),\u0423\u043c\u0430\u0441\u043b\u0438\u0432\u0430\u043d\u0438\u0435  (30 \u043c\u0438\u043d.)","account_id":10765,"date_create":1582881858,"status":6,"price":"0","client_id":3058502,"roistat":"\u043e\u0442 \u0437\u043d\u0430\u043a\u043e\u043c\u044b\u0445","executor":"\u0424\u0438\u043b\u0438\u043f \u0412\u0438\u043c\u0430\u043b\u0430 \u0412\u0438\u043f\u0438\u043d","is_sale":false,"appointment_id":5853640,"fields":{"1":"\u0424\u0438\u043b\u0438\u043f \u0412\u0438\u043c\u0430\u043b\u0430 \u0412\u0438\u043f\u0438\u043d","2":"https:\/\/klientiks.ru\/clientix\/client\/default\/id\/3058502","3":10765}},{"id":6610697,"name":"\u0410\u044e\u0440\u0432\u0435\u0434\u0430 \u043a\u043e\u043d\u0441\u0443\u043b\u044c\u0442\u0430\u0446\u0438\u044f \u0432\u0440\u0430\u0447\u0430 (60 \u043c\u0438\u043d)","account_id":10765,"date_create":1582886384,"status":7,"price":null,"client_id":3321057,"roistat":"\u0432\u043a","executor":"\u041f\u0440\u0430\u0432\u0438\u043d \u0421\u0443\u0440\u0435\u043d\u0434\u0440\u0430\u043d\u043f\u0438\u043b\u0430\u0439 \u0412\u0430\u0441\u0430\u043d\u0442\u0430\u043a\u0443\u043c\u0430\u0440\u0438","is_sale":false,"appointment_id":5854476,"fields":{"1":"\u041f\u0440\u0430\u0432\u0438\u043d \u0421\u0443\u0440\u0435\u043d\u0434\u0440\u0430\u043d\u043f\u0438\u043b\u0430\u0439 \u0412\u0430\u0441\u0430\u043d\u0442\u0430\u043a\u0443\u043c\u0430\u0440\u0438","2":"https:\/\/klientiks.ru\/clientix\/client\/default\/id\/3321057","3":10765}},{"id":6611326,"name":"\u0410\u044e\u0440\u0432\u0435\u0434\u0430 \u043f\u043e\u0432\u0442\u043e\u0440\u043d\u0430\u044f \u043a\u043e\u043d\u0441\u0443\u043b\u044c\u0442\u0430\u0446\u0438\u044f \u0434\u043e\u043a\u0442\u043e\u0440\u0430 \u0412\u0430\u0440\u0443\u043d (30 \u043c\u0438\u043d.)","account_id":10765,"date_create":1582889618,"status":6,"price":"2000","client_id":2542180,"roistat":"\u043e\u0442 \u0437\u043d\u0430\u043a\u043e\u043c\u044b\u0445","executor":"\u0412\u0430\u0440\u0443\u043d","is_sale":false,"appointment_id":5855067,"fields":{"1":"\u0412\u0430\u0440\u0443\u043d","2":"https:\/\/klientiks.ru\/clientix\/client\/default\/id\/2542180","3":10765}},{"id":6611774,"name":"\u0410\u044d\u0440\u043e\u0439\u043e\u0433\u0430 (90 \u043c\u0438\u043d)","account_id":10765,"date_create":1582891766,"status":6,"price":"0","client_id":1122031,"roistat":"\u0441\u043e\u0442\u0440\u0443\u0434\u043d\u0438\u043a","executor":"\u0421\u043e\u0431\u0435\u043d\u043d\u0438\u043a\u043e\u0432\u0430 \u041e\u043a\u0441\u0430\u043d\u0430 \u042e\u0440\u044c\u0435\u0432\u043d\u0430","is_sale":false,"appointment_id":5543994,"fields":{"1":"\u0421\u043e\u0431\u0435\u043d\u043d\u0438\u043a\u043e\u0432\u0430 \u041e\u043a\u0441\u0430\u043d\u0430 \u042e\u0440\u044c\u0435\u0432\u043d\u0430","2":"https:\/\/klientiks.ru\/clientix\/client\/default\/id\/1122031","3":10765}},{"id":6611781,"name":"\u0410\u044d\u0440\u043e\u0439\u043e\u0433\u0430 (90 \u043c\u0438\u043d)","account_id":10765,"date_create":1582891793,"status":6,"price":"0","client_id":1109904,"roistat":"\u0441\u043e\u0442\u0440\u0443\u0434\u043d\u0438\u043a","executor":"\u0421\u043e\u0431\u0435\u043d\u043d\u0438\u043a\u043e\u0432\u0430 \u041e\u043a\u0441\u0430\u043d\u0430 \u042e\u0440\u044c\u0435\u0432\u043d\u0430","is_sale":false,"appointment_id":5833284,"fields":{"1":"\u0421\u043e\u0431\u0435\u043d\u043d\u0438\u043a\u043e\u0432\u0430 \u041e\u043a\u0441\u0430\u043d\u0430 \u042e\u0440\u044c\u0435\u0432\u043d\u0430","2":"https:\/\/klientiks.ru\/clientix\/client\/default\/id\/1109904","3":10765}},{"id":6612051,"name":"\u0410\u044e\u0440\u0432\u0435\u0434\u0430 \u043f\u043e\u0432\u0442\u043e\u0440\u043d\u0430\u044f \u043a\u043e\u043d\u0441\u0443\u043b\u044c\u0442\u0430\u0446\u0438\u044f \u0432\u0440\u0430\u0447\u0430 \u0432 \u043d\u0430\u0437\u043d\u0430\u0447\u0435\u043d\u043d\u044b\u0439 \u0441\u0440\u043e\u043a (30 \u043c\u0438\u043d)","account_id":10765,"date_create":1582893369,"status":6,"price":"2000","client_id":1122769,"roistat":"\u0412\u0445\u043e\u0434\u044f\u0449\u0438\u0439 \u0437\u0432\u043e\u043d\u043e\u043a","executor":"\u041f\u0440\u0430\u0432\u0438\u043d \u0421\u0443\u0440\u0435\u043d\u0434\u0440\u0430\u043d\u043f\u0438\u043b\u0430\u0439 \u0412\u0430\u0441\u0430\u043d\u0442\u0430\u043a\u0443\u043c\u0430\u0440\u0438","is_sale":false,"appointment_id":5855752,"fields":{"1":"\u041f\u0440\u0430\u0432\u0438\u043d \u0421\u0443\u0440\u0435\u043d\u0434\u0440\u0430\u043d\u043f\u0438\u043b\u0430\u0439 \u0412\u0430\u0441\u0430\u043d\u0442\u0430\u043a\u0443\u043c\u0430\u0440\u0438","2":"https:\/\/klientiks.ru\/clientix\/client\/default\/id\/1122769","3":10765}},{"id":6612512,"name":"\u0410\u044e\u0440\u0432\u0435\u0434\u0430 \u043f\u043e\u0432\u0442\u043e\u0440\u043d\u0430\u044f  \u043a\u043e\u043d\u0441\u0443\u043b\u044c\u0442\u0430\u0446\u0438\u044f \u0432\u0440\u0430\u0447\u0430 (30 \u043c\u0438\u043d)","account_id":10765,"date_create":1582895755,"status":7,"price":null,"client_id":2758536,"roistat":"\u043e\u0442 \u0437\u043d\u0430\u043a\u043e\u043c\u044b\u0445","executor":"\u041f\u0440\u0430\u0432\u0438\u043d \u0421\u0443\u0440\u0435\u043d\u0434\u0440\u0430\u043d\u043f\u0438\u043b\u0430\u0439 \u0412\u0430\u0441\u0430\u043d\u0442\u0430\u043a\u0443\u043c\u0430\u0440\u0438","is_sale":false,"appointment_id":5856150,"fields":{"1":"\u041f\u0440\u0430\u0432\u0438\u043d \u0421\u0443\u0440\u0435\u043d\u0434\u0440\u0430\u043d\u043f\u0438\u043b\u0430\u0439 \u0412\u0430\u0441\u0430\u043d\u0442\u0430\u043a\u0443\u043c\u0430\u0440\u0438","2":"https:\/\/klientiks.ru\/clientix\/client\/default\/id\/2758536","3":10765}},{"id":6613111,"name":"Sukumara_Kashayam_200 ml","account_id":10765,"date_create":1582899890,"status":6,"price":"800","client_id":3258794,"roistat":"\u0412\u0445\u043e\u0434\u044f\u0449\u0438\u0439 \u0437\u0432\u043e\u043d\u043e\u043a","executor":"\u0410\u0445\u043c\u0435\u0434\u043e\u0432\u0430 \u0422\u0430\u0442\u044c\u044f\u043d\u0430 \u041b\u0435\u043e\u043d\u0438\u0434\u043e\u0432\u043d\u0430","is_sale":true,"appointment_id":5856720,"fields":{"1":"\u0410\u0445\u043c\u0435\u0434\u043e\u0432\u0430 \u0422\u0430\u0442\u044c\u044f\u043d\u0430 \u041b\u0435\u043e\u043d\u0438\u0434\u043e\u0432\u043d\u0430","2":"https:\/\/klientiks.ru\/clientix\/client\/default\/id\/3258794","3":10765}},{"id":6613142,"name":"\u0410\u044d\u0440\u043e\u0439\u043e\u0433\u0430 (90 \u043c\u0438\u043d)","account_id":10765,"date_create":1582900096,"status":6,"price":"800","client_id":3244018,"roistat":"\u0438\u043d\u0442\u0435\u0440\u043d\u0435\u0442","executor":"\u0412\u043b\u0430\u0441\u043e\u0432\u0430 \u0415\u043b\u0435\u043d\u0430 \u0421\u0435\u0440\u0433\u0435\u0435\u0432\u043d\u0430","is_sale":false,"appointment_id":5762040,"fields":{"1":"\u0412\u043b\u0430\u0441\u043e\u0432\u0430 \u0415\u043b\u0435\u043d\u0430 \u0421\u0435\u0440\u0433\u0435\u0435\u0432\u043d\u0430","2":"https:\/\/klientiks.ru\/clientix\/client\/default\/id\/3244018","3":10765}},{"id":6613439,"name":"\u041a\u0430\u0440\u0434\u043e\u043c\u043e\u043d_\u0437\u0435\u043b\u0435\u043d\u044b\u0439,Brahmarasayanam_200ml,Brahmarasayanam_200ml,\u041a\u0430\u0440\u0434\u043e\u043c\u043e\u043d_\u0437\u0435\u043b\u0435\u043d\u044b\u0439,\u0428\u0430\u043c\u043f\u0443\u043d\u044c_Trichup,Brahmarasayanam_200ml,\u041a\u0430\u0440\u0434\u043e\u043c\u043e\u043d_\u0437\u0435\u043b\u0435\u043d\u044b\u0439,\u0428\u0430\u043c\u043f\u0443\u043d\u044c_Trichup,\u0428\u0430\u043c\u043f\u0443\u043d\u044c_Trichup","account_id":10765,"date_create":1582901878,"status":6,"price":"1250","client_id":3276868,"roistat":"\u0412\u0445\u043e\u0434\u044f\u0449\u0438\u0439 \u0437\u0432\u043e\u043d\u043e\u043a","executor":"\u0410\u0445\u043c\u0435\u0434\u043e\u0432\u0430 \u0422\u0430\u0442\u044c\u044f\u043d\u0430 \u041b\u0435\u043e\u043d\u0438\u0434\u043e\u0432\u043d\u0430","is_sale":true,"appointment_id":5857007,"fields":{"1":"\u0410\u0445\u043c\u0435\u0434\u043e\u0432\u0430 \u0422\u0430\u0442\u044c\u044f\u043d\u0430 \u041b\u0435\u043e\u043d\u0438\u0434\u043e\u0432\u043d\u0430","2":"https:\/\/klientiks.ru\/clientix\/client\/default\/id\/3276868","3":10765}},{"id":6613600,"name":"Arjunarishtam_450ml","account_id":10765,"date_create":1582902783,"status":6,"price":"835","client_id":2623071,"roistat":"\u0441\u043e\u0442\u0440\u0443\u0434\u043d\u0438\u043a","executor":"\u0410\u0445\u043c\u0435\u0434\u043e\u0432\u0430 \u0422\u0430\u0442\u044c\u044f\u043d\u0430 \u041b\u0435\u043e\u043d\u0438\u0434\u043e\u0432\u043d\u0430","is_sale":true,"appointment_id":5857122,"fields":{"1":"\u0410\u0445\u043c\u0435\u0434\u043e\u0432\u0430 \u0422\u0430\u0442\u044c\u044f\u043d\u0430 \u041b\u0435\u043e\u043d\u0438\u0434\u043e\u0432\u043d\u0430","2":"https:\/\/klientiks.ru\/clientix\/client\/default\/id\/2623071","3":10765}},{"id":6614597,"name":"\u0410\u044e\u0440\u0432\u0435\u0434\u0430 \u043f\u043e\u0432\u0442\u043e\u0440\u043d\u0430\u044f \u043a\u043e\u043d\u0441\u0443\u043b\u044c\u0442\u0430\u0446\u0438\u044f \u0432\u0440\u0430\u0447\u0430 \u0432 \u043d\u0430\u0437\u043d\u0430\u0447\u0435\u043d\u043d\u044b\u0439 \u0441\u0440\u043e\u043a (30 \u043c\u0438\u043d)","account_id":10765,"date_create":1582905636,"status":6,"price":"2000","client_id":1383790,"roistat":"\u0421\u043e\u0432\u0435\u0442 \u0414\u0440\u0443\u0437\u0435\u0439","executor":"\u041f\u0440\u0430\u0432\u0438\u043d \u0421\u0443\u0440\u0435\u043d\u0434\u0440\u0430\u043d\u043f\u0438\u043b\u0430\u0439 \u0412\u0430\u0441\u0430\u043d\u0442\u0430\u043a\u0443\u043c\u0430\u0440\u0438","is_sale":false,"appointment_id":5857428,"fields":{"1":"\u041f\u0440\u0430\u0432\u0438\u043d \u0421\u0443\u0440\u0435\u043d\u0434\u0440\u0430\u043d\u043f\u0438\u043b\u0430\u0439 \u0412\u0430\u0441\u0430\u043d\u0442\u0430\u043a\u0443\u043c\u0430\u0440\u0438","2":"https:\/\/klientiks.ru\/clientix\/client\/default\/id\/1383790","3":10765}},{"id":6614744,"name":"\u041a\u0430\u043b\u0430\u0440\u0438 \u043c\u0430\u0441\u0441\u0430\u0436 (60 \u043c\u0438\u043d. \u043d\u043e\u0436\u043d\u043e\u0439 \u043c\u0430\u0441\u043b\u044f\u043d\u044b\u0439 \u043c\u0430\u0441\u0441\u0430\u0436)","account_id":10765,"date_create":1582906765,"status":6,"price":"0","client_id":2936299,"roistat":"\u0412\u0445\u043e\u0434\u044f\u0449\u0438\u0439 \u0437\u0432\u043e\u043d\u043e\u043a,\u043e\u0442 \u0437\u043d\u0430\u043a\u043e\u043c\u044b\u0445","executor":"\u0424\u0438\u043b\u0438\u043f \u0412\u0438\u043c\u0430\u043b\u0430 \u0412\u0438\u043f\u0438\u043d","is_sale":false,"appointment_id":5857568,"fields":{"1":"\u0424\u0438\u043b\u0438\u043f \u0412\u0438\u043c\u0430\u043b\u0430 \u0412\u0438\u043f\u0438\u043d","2":"https:\/\/klientiks.ru\/clientix\/client\/default\/id\/2936299","3":10765}},{"id":6614748,"name":"\u0410\u0431\u0445\u044a\u044f\u043d\u0433\u0430 \u043c\u0430\u0441\u0441\u0430\u0436 (60 \u043c\u0438\u043d. \u0440\u0443\u0447\u043d\u043e\u0439 \u043c\u0430\u0441\u043b\u044f\u043d\u044b\u0439 \u043c\u0430\u0441\u0441\u0430\u0436 \u0432 2 \u0440\u0443\u043a\u0438)","account_id":10765,"date_create":1582906812,"status":6,"price":"0","client_id":2936299,"roistat":"\u0412\u0445\u043e\u0434\u044f\u0449\u0438\u0439 \u0437\u0432\u043e\u043d\u043e\u043a,\u043e\u0442 \u0437\u043d\u0430\u043a\u043e\u043c\u044b\u0445","executor":"\u041d\u0438\u0431\u0438\u043d \u041a\u043e\u0434\u0430\u0442 \u0414\u0438\u043d\u0435\u0441\u0430\u043d","is_sale":false,"appointment_id":5857573,"fields":{"1":"\u041d\u0438\u0431\u0438\u043d \u041a\u043e\u0434\u0430\u0442 \u0414\u0438\u043d\u0435\u0441\u0430\u043d","2":"https:\/\/klientiks.ru\/clientix\/client\/default\/id\/2936299","3":10765}},{"id":6614839,"name":"\u0423\u043c\u0430\u0441\u043b\u0438\u0432\u0430\u043d\u0438\u0435  (30 \u043c\u0438\u043d.)","account_id":10765,"date_create":1582907560,"status":6,"price":"1440","client_id":1123631,"roistat":"\u043f\u043e\u0441\u0442\u043e\u044f\u043d\u043d\u044b\u0439 \u043a\u043b\u0438\u0435\u043d\u0442","executor":"\u0428\u0440\u0438\u0442\u0430","is_sale":false,"appointment_id":5857654,"fields":{"1":"\u0428\u0440\u0438\u0442\u0430","2":"https:\/\/klientiks.ru\/clientix\/client\/default\/id\/1123631","3":10765}},{"id":6614872,"name":"\u0423\u043c\u0430\u0441\u043b\u0438\u0432\u0430\u043d\u0438\u0435  (30 \u043c\u0438\u043d.)","account_id":10765,"date_create":1582908126,"status":6,"price":"1440","client_id":1123631,"roistat":"\u043f\u043e\u0441\u0442\u043e\u044f\u043d\u043d\u044b\u0439 \u043a\u043b\u0438\u0435\u043d\u0442","executor":"\u0428\u0440\u0438\u0442\u0430","is_sale":false,"appointment_id":5857693,"fields":{"1":"\u0428\u0440\u0438\u0442\u0430","2":"https:\/\/klientiks.ru\/clientix\/client\/default\/id\/1123631","3":10765}},{"id":6614880,"name":"Koflet_1_\u043a\u043e\u043d\u0444\u0435\u0442\u0430","account_id":10765,"date_create":1582908200,"status":6,"price":"150","client_id":1123631,"roistat":"\u043f\u043e\u0441\u0442\u043e\u044f\u043d\u043d\u044b\u0439 \u043a\u043b\u0438\u0435\u043d\u0442","executor":"\u0410\u0445\u043c\u0435\u0434\u043e\u0432\u0430 \u0422\u0430\u0442\u044c\u044f\u043d\u0430 \u041b\u0435\u043e\u043d\u0438\u0434\u043e\u0432\u043d\u0430","is_sale":true,"appointment_id":5857701,"fields":{"1":"\u0410\u0445\u043c\u0435\u0434\u043e\u0432\u0430 \u0422\u0430\u0442\u044c\u044f\u043d\u0430 \u041b\u0435\u043e\u043d\u0438\u0434\u043e\u0432\u043d\u0430","2":"https:\/\/klientiks.ru\/clientix\/client\/default\/id\/1123631","3":10765}},{"id":6614887,"name":"\u041a\u0430\u043b\u0430\u0440\u0438 \u043c\u0430\u0441\u0441\u0430\u0436 (60 \u043c\u0438\u043d. \u043d\u043e\u0436\u043d\u043e\u0439 \u043c\u0430\u0441\u043b\u044f\u043d\u044b\u0439 \u043c\u0430\u0441\u0441\u0430\u0436)","account_id":10765,"date_create":1582908326,"status":6,"price":"0","client_id":2936299,"roistat":"\u0412\u0445\u043e\u0434\u044f\u0449\u0438\u0439 \u0437\u0432\u043e\u043d\u043e\u043a,\u043e\u0442 \u0437\u043d\u0430\u043a\u043e\u043c\u044b\u0445","executor":"\u0424\u0438\u043b\u0438\u043f \u0412\u0438\u043c\u0430\u043b\u0430 \u0412\u0438\u043f\u0438\u043d","is_sale":false,"appointment_id":5857708,"fields":{"1":"\u0424\u0438\u043b\u0438\u043f \u0412\u0438\u043c\u0430\u043b\u0430 \u0412\u0438\u043f\u0438\u043d","2":"https:\/\/klientiks.ru\/clientix\/client\/default\/id\/2936299","3":10765}},{"id":6614892,"name":"\u041a\u0430\u043b\u0430\u0440\u0438 \u043c\u0430\u0441\u0441\u0430\u0436 (60 \u043c\u0438\u043d. \u043d\u043e\u0436\u043d\u043e\u0439 \u043c\u0430\u0441\u043b\u044f\u043d\u044b\u0439 \u043c\u0430\u0441\u0441\u0430\u0436)","account_id":10765,"date_create":1582908371,"status":7,"price":null,"client_id":2936299,"roistat":"\u0412\u0445\u043e\u0434\u044f\u0449\u0438\u0439 \u0437\u0432\u043e\u043d\u043e\u043a,\u043e\u0442 \u0437\u043d\u0430\u043a\u043e\u043c\u044b\u0445","executor":"\u0424\u0438\u043b\u0438\u043f \u0412\u0438\u043c\u0430\u043b\u0430 \u0412\u0438\u043f\u0438\u043d","is_sale":false,"appointment_id":5857714,"fields":{"1":"\u0424\u0438\u043b\u0438\u043f \u0412\u0438\u043c\u0430\u043b\u0430 \u0412\u0438\u043f\u0438\u043d","2":"https:\/\/klientiks.ru\/clientix\/client\/default\/id\/2936299","3":10765}},{"id":6616355,"name":"\u041c\u0443\u043a\u0445\u0430\u0431\u0445\u044a\u044f\u043d\u0433\u0430 (30 \u043c\u0438\u043d. \u043c\u0430\u0441\u0441\u0430\u0436 \u043b\u0438\u0446\u0430),\u0410\u0431\u0445\u044a\u044f\u043d\u0433\u0430 \u043c\u0430\u0441\u0441\u0430\u0436 (60 \u043c\u0438\u043d. \u0440\u0443\u0447\u043d\u043e\u0439 \u043c\u0430\u0441\u043b\u044f\u043d\u044b\u0439 \u043c\u0430\u0441\u0441\u0430\u0436 \u0432 2 \u0440\u0443\u043a\u0438),\u0410\u0431\u0445\u044a\u044f\u043d\u0433\u0430 \u043c\u0430\u0441\u0441\u0430\u0436 (60 \u043c\u0438\u043d. \u0440\u0443\u0447\u043d\u043e\u0439 \u043c\u0430\u0441\u043b\u044f\u043d\u044b\u0439 \u043c\u0430\u0441\u0441\u0430\u0436 \u0432 2 \u0440\u0443\u043a\u0438),\u041c\u0443\u043a\u0445\u0430\u0431\u0445\u044a\u044f\u043d\u0433\u0430 (30 \u043c\u0438\u043d. \u043c\u0430\u0441\u0441\u0430\u0436 \u043b\u0438\u0446\u0430)","account_id":10765,"date_create":1582958255,"status":6,"price":"4400","client_id":2942716,"roistat":"\u0412\u0445\u043e\u0434\u044f\u0449\u0438\u0439 \u0437\u0432\u043e\u043d\u043e\u043a","executor":"\u0428\u0440\u0438\u0442\u0430","is_sale":false,"appointment_id":5858940,"fields":{"1":"\u0428\u0440\u0438\u0442\u0430","2":"https:\/\/klientiks.ru\/clientix\/client\/default\/id\/2942716","3":10765}},{"id":6616633,"name":"\u0410\u044e\u0440\u0432\u0435\u0434\u0430 \u043a\u043e\u043d\u0441\u0443\u043b\u044c\u0442\u0430\u0446\u0438\u044f \u0432\u0440\u0430\u0447\u0430 (60 \u043c\u0438\u043d)","account_id":10765,"date_create":1582960279,"status":7,"price":null,"client_id":3332399,"roistat":"\u0412\u0445\u043e\u0434\u044f\u0449\u0438\u0439 \u0437\u0432\u043e\u043d\u043e\u043a,\u0418\u043d\u0442\u0435\u0440\u043d\u0435\u0442","executor":"\u041f\u0440\u0430\u0432\u0438\u043d \u0421\u0443\u0440\u0435\u043d\u0434\u0440\u0430\u043d\u043f\u0438\u043b\u0430\u0439 \u0412\u0430\u0441\u0430\u043d\u0442\u0430\u043a\u0443\u043c\u0430\u0440\u0438","is_sale":false,"appointment_id":5859207,"fields":{"1":"\u041f\u0440\u0430\u0432\u0438\u043d \u0421\u0443\u0440\u0435\u043d\u0434\u0440\u0430\u043d\u043f\u0438\u043b\u0430\u0439 \u0412\u0430\u0441\u0430\u043d\u0442\u0430\u043a\u0443\u043c\u0430\u0440\u0438","2":"https:\/\/klientiks.ru\/clientix\/client\/default\/id\/3332399","3":10765}},{"id":6617138,"name":"Tiktaka_Kwatham_100tab","account_id":10765,"date_create":1582962755,"status":6,"price":"1250","client_id":2695457,"roistat":"\u043e\u0442 \u0437\u043d\u0430\u043a\u043e\u043c\u044b\u0445","executor":"\u0410\u0445\u043c\u0435\u0434\u043e\u0432\u0430 \u0422\u0430\u0442\u044c\u044f\u043d\u0430 \u041b\u0435\u043e\u043d\u0438\u0434\u043e\u0432\u043d\u0430","is_sale":true,"appointment_id":5859697,"fields":{"1":"\u0410\u0445\u043c\u0435\u0434\u043e\u0432\u0430 \u0422\u0430\u0442\u044c\u044f\u043d\u0430 \u041b\u0435\u043e\u043d\u0438\u0434\u043e\u0432\u043d\u0430","2":"https:\/\/klientiks.ru\/clientix\/client\/default\/id\/2695457","3":10765}},{"id":6617942,"name":"\u041a\u043e\u043d\u0441\u0443\u043b\u044c\u0442\u0430\u0446\u0438\u044f \u0430\u0441\u0442\u0440\u043e\u043b\u043e\u0433\u0430 \u0420\u0430\u0433\u0445\u0443\u043d\u0430\u0442\u0445  \u0441\u043a\u0430\u0439\u043f","account_id":10765,"date_create":1582966621,"status":7,"price":null,"client_id":3325787,"roistat":"\u0412\u0445\u043e\u0434\u044f\u0449\u0438\u0439 \u0437\u0432\u043e\u043d\u043e\u043a,\u0418\u043d\u0442\u0435\u0440\u043d\u0435\u0442","executor":"\u0420\u0430\u0433\u0445\u0443\u043d\u0430\u0442\u0445 \u041c\u0435\u043d\u043e\u043d","is_sale":false,"appointment_id":5860448,"fields":{"1":"\u0420\u0430\u0433\u0445\u0443\u043d\u0430\u0442\u0445 \u041c\u0435\u043d\u043e\u043d","2":"https:\/\/klientiks.ru\/clientix\/client\/default\/id\/3325787","3":10765}},{"id":6618358,"name":"\u0410\u044e\u0440\u0432\u0435\u0434\u0430 \u043a\u043e\u043d\u0441\u0443\u043b\u044c\u0442\u0430\u0446\u0438\u044f \u0432\u0440\u0430\u0447\u0430 (60 \u043c\u0438\u043d)","account_id":10765,"date_create":1582968635,"status":6,"price":"3200","client_id":3332878,"roistat":"\u0412\u0445\u043e\u0434\u044f\u0449\u0438\u0439 \u0437\u0432\u043e\u043d\u043e\u043a","executor":"\u041f\u0440\u0430\u0432\u0438\u043d \u0421\u0443\u0440\u0435\u043d\u0434\u0440\u0430\u043d\u043f\u0438\u043b\u0430\u0439 \u0412\u0430\u0441\u0430\u043d\u0442\u0430\u043a\u0443\u043c\u0430\u0440\u0438","is_sale":false,"appointment_id":5860861,"fields":{"1":"\u041f\u0440\u0430\u0432\u0438\u043d \u0421\u0443\u0440\u0435\u043d\u0434\u0440\u0430\u043d\u043f\u0438\u043b\u0430\u0439 \u0412\u0430\u0441\u0430\u043d\u0442\u0430\u043a\u0443\u043c\u0430\u0440\u0438","2":"https:\/\/klientiks.ru\/clientix\/client\/default\/id\/3332878","3":10765}},{"id":6618409,"name":"\u0410\u044e\u0440\u0432\u0435\u0434\u0430 \u043a\u043e\u043d\u0441\u0443\u043b\u044c\u0442\u0430\u0446\u0438\u044f \u0432\u0440\u0430\u0447\u0430 (60 \u043c\u0438\u043d)","account_id":10765,"date_create":1582968860,"status":6,"price":"3200","client_id":3332903,"roistat":"\u0412\u0445\u043e\u0434\u044f\u0449\u0438\u0439 \u0437\u0432\u043e\u043d\u043e\u043a,\u0418\u043d\u0442\u0435\u0440\u043d\u0435\u0442","executor":"\u041f\u0440\u0430\u0432\u0438\u043d \u0421\u0443\u0440\u0435\u043d\u0434\u0440\u0430\u043d\u043f\u0438\u043b\u0430\u0439 \u0412\u0430\u0441\u0430\u043d\u0442\u0430\u043a\u0443\u043c\u0430\u0440\u0438","is_sale":false,"appointment_id":5860916,"fields":{"1":"\u041f\u0440\u0430\u0432\u0438\u043d \u0421\u0443\u0440\u0435\u043d\u0434\u0440\u0430\u043d\u043f\u0438\u043b\u0430\u0439 \u0412\u0430\u0441\u0430\u043d\u0442\u0430\u043a\u0443\u043c\u0430\u0440\u0438","2":"https:\/\/klientiks.ru\/clientix\/client\/default\/id\/3332903","3":10765}},{"id":6618428,"name":"Septilin_Himalaya_60 tab,\u041a\u0443\u043d\u0436\u0443\u0442\u043d\u043e\u0435_\u043c\u0430\u0441\u043b\u043e_\u041a\u0430\u043c\u0430\u043b\u0430,Avipathi_choornam_30g,Ashwagandha_60tab_Kutir\u0027s,Drakshadi_kashayam_200ml,\u041a\u0443\u043d\u0436\u0443\u0442\u043d\u043e\u0435_\u043c\u0430\u0441\u043b\u043e_\u041a\u0430\u043c\u0430\u043b\u0430,Avipathi_choornam_30g,Ashwagandha_60tab_Kutir\u0027s,Septilin_Himalaya_60 tab,Drakshadi_kashayam_200ml,\u041a\u0443\u043d\u0436\u0443\u0442\u043d\u043e\u0435_\u043c\u0430\u0441\u043b\u043e_\u041a\u0430\u043c\u0430\u043b\u0430,Avipathi_choornam_30g,Ashwagandha_60tab_Kutir\u0027s,Septilin_Himalaya_60 tab,Drakshadi_kashayam_200ml,\u041a\u0443\u043d\u0436\u0443\u0442\u043d\u043e\u0435_\u043c\u0430\u0441\u043b\u043e_\u041a\u0430\u043c\u0430\u043b\u0430,Avipathi_choornam_30g,Ashwagandha_60tab_Kutir\u0027s,Septilin_Himalaya_60 tab,Drakshadi_kashayam_200ml,\u041a\u0443\u043d\u0436\u0443\u0442\u043d\u043e\u0435_\u043c\u0430\u0441\u043b\u043e_\u041a\u0430\u043c\u0430\u043b\u0430,Avipathi_choornam_30g,Ashwagandha_60tab_Kutir\u0027s,Septilin_Himalaya_60 tab,Drakshadi_kashayam_200ml","account_id":10765,"date_create":1582968967,"status":6,"price":"1750","client_id":3255176,"roistat":"\u043e\u0442 \u0437\u043d\u0430\u043a\u043e\u043c\u044b\u0445,\u0418\u043d\u0442\u0435\u0440\u043d\u0435\u0442","executor":"\u0410\u0445\u043c\u0435\u0434\u043e\u0432\u0430 \u0422\u0430\u0442\u044c\u044f\u043d\u0430 \u041b\u0435\u043e\u043d\u0438\u0434\u043e\u0432\u043d\u0430","is_sale":true,"appointment_id":5860936,"fields":{"1":"\u0410\u0445\u043c\u0435\u0434\u043e\u0432\u0430 \u0422\u0430\u0442\u044c\u044f\u043d\u0430 \u041b\u0435\u043e\u043d\u0438\u0434\u043e\u0432\u043d\u0430","2":"https:\/\/klientiks.ru\/clientix\/client\/default\/id\/3255176","3":10765}},{"id":6618714,"name":"\u0410\u0431\u0445\u044a\u044f\u043d\u0433\u0430 \u043c\u0430\u0441\u0441\u0430\u0436 (60 \u043c\u0438\u043d. \u0440\u0443\u0447\u043d\u043e\u0439 \u043c\u0430\u0441\u043b\u044f\u043d\u044b\u0439 \u043c\u0430\u0441\u0441\u0430\u0436 \u0432 2 \u0440\u0443\u043a\u0438)","account_id":10765,"date_create":1582970573,"status":6,"price":"3200","client_id":3255176,"roistat":"\u043e\u0442 \u0437\u043d\u0430\u043a\u043e\u043c\u044b\u0445,\u0418\u043d\u0442\u0435\u0440\u043d\u0435\u0442","executor":"\u0428\u0440\u0438\u0442\u0430","is_sale":false,"appointment_id":5727454,"fields":{"1":"\u0428\u0440\u0438\u0442\u0430","2":"https:\/\/klientiks.ru\/clientix\/client\/default\/id\/3255176","3":10765}},{"id":6619065,"name":"\u0410\u044e\u0440\u0432\u0435\u0434\u0430 \u043f\u043e\u0432\u0442\u043e\u0440\u043d\u0430\u044f \u043a\u043e\u043d\u0441\u0443\u043b\u044c\u0442\u0430\u0446\u0438\u044f \u0432\u0440\u0430\u0447\u0430 \u0432 \u043d\u0430\u0437\u043d\u0430\u0447\u0435\u043d\u043d\u044b\u0439 \u0441\u0440\u043e\u043a (30 \u043c\u0438\u043d)","account_id":10765,"date_create":1582972818,"status":7,"price":null,"client_id":3255176,"roistat":"\u043e\u0442 \u0437\u043d\u0430\u043a\u043e\u043c\u044b\u0445,\u0418\u043d\u0442\u0435\u0440\u043d\u0435\u0442","executor":"\u041f\u0440\u0430\u0432\u0438\u043d \u0421\u0443\u0440\u0435\u043d\u0434\u0440\u0430\u043d\u043f\u0438\u043b\u0430\u0439 \u0412\u0430\u0441\u0430\u043d\u0442\u0430\u043a\u0443\u043c\u0430\u0440\u0438","is_sale":false,"appointment_id":5861541,"fields":{"1":"\u041f\u0440\u0430\u0432\u0438\u043d \u0421\u0443\u0440\u0435\u043d\u0434\u0440\u0430\u043d\u043f\u0438\u043b\u0430\u0439 \u0412\u0430\u0441\u0430\u043d\u0442\u0430\u043a\u0443\u043c\u0430\u0440\u0438","2":"https:\/\/klientiks.ru\/clientix\/client\/default\/id\/3255176","3":10765}},{"id":6619635,"name":"\u0410\u0431\u0445\u044a\u044f\u043d\u0433\u0430 \u043c\u0430\u0441\u0441\u0430\u0436 (60 \u043c\u0438\u043d. \u0440\u0443\u0447\u043d\u043e\u0439 \u043c\u0430\u0441\u043b\u044f\u043d\u044b\u0439 \u043c\u0430\u0441\u0441\u0430\u0436 \u0432 2 \u0440\u0443\u043a\u0438)","account_id":10765,"date_create":1582976474,"status":7,"price":null,"client_id":2319865,"roistat":"\u0412\u0445\u043e\u0434\u044f\u0449\u0438\u0439 \u0437\u0432\u043e\u043d\u043e\u043a","executor":"\u0410\u043f\u043f\u043e","is_sale":false,"appointment_id":5862108,"fields":{"1":"\u0410\u043f\u043f\u043e","2":"https:\/\/klientiks.ru\/clientix\/client\/default\/id\/2319865","3":10765}},{"id":6619896,"name":"\u041a\u0438\u0436\u0438 \u043c\u0430\u0441\u0441\u0430\u0436 (60 \u043c\u0438\u043d. \u043f\u0438\u043d\u0434\u0430\u0441\u0432\u0435\u0434\u0430\u043d\u0430, \u043c\u0430\u0441\u0441\u0430\u0436 \u043c\u0435\u0448\u043e\u0447\u043a\u0430\u043c\u0438 \u0432 2 \u0440\u0443\u043a\u0438)","account_id":10765,"date_create":1582978641,"status":7,"price":null,"client_id":3122840,"roistat":"\u0420\u043e\u0434\u0441\u0442\u0432\u0435\u043d\u043d\u0438\u043a \u043d\u0430\u0448\u0435\u0433\u043e \u043a\u043b\u0438\u0435\u043d\u0442\u0430","executor":"\u0424\u0438\u043b\u0438\u043f \u0412\u0438\u043c\u0430\u043b\u0430 \u0412\u0438\u043f\u0438\u043d","is_sale":false,"appointment_id":5862352,"fields":{"1":"\u0424\u0438\u043b\u0438\u043f \u0412\u0438\u043c\u0430\u043b\u0430 \u0412\u0438\u043f\u0438\u043d","2":"https:\/\/klientiks.ru\/clientix\/client\/default\/id\/3122840","3":10765}},{"id":6620022,"name":"\u0410\u044e\u0440\u0432\u0435\u0434\u0430 \u043f\u043e\u0432\u0442\u043e\u0440\u043d\u0430\u044f  \u043a\u043e\u043d\u0441\u0443\u043b\u044c\u0442\u0430\u0446\u0438\u044f \u043f\u0440\u0438\u0433\u043b\u0430\u0448\u0435\u043d\u043d\u043e\u0433\u043e \u0441\u043f\u0435\u0446\u0438\u0430\u043b\u0438\u0441\u0442\u0430 (30 \u043c\u0438\u043d)","account_id":10765,"date_create":1582979786,"status":6,"price":"2500","client_id":2823274,"roistat":"\u0421\u043e\u0432\u0435\u0442 \u0414\u0440\u0443\u0437\u0435\u0439,\u0438\u043d\u0442\u0435\u0440\u043d\u0435\u0442","executor":"\u0414\u0436\u0430\u0442\u0445\u0430\u0432 \u041f\u0430\u0440\u0435\u0448","is_sale":false,"appointment_id":5862466,"fields":{"1":"\u0414\u0436\u0430\u0442\u0445\u0430\u0432 \u041f\u0430\u0440\u0435\u0448","2":"https:\/\/klientiks.ru\/clientix\/client\/default\/id\/2823274","3":10765}},{"id":6620738,"name":"\u0410\u0431\u0445\u044a\u044f\u043d\u0433\u0430 \u043c\u0430\u0441\u0441\u0430\u0436 (60 \u043c\u0438\u043d. \u0440\u0443\u0447\u043d\u043e\u0439 \u043c\u0430\u0441\u043b\u044f\u043d\u044b\u0439 \u043c\u0430\u0441\u0441\u0430\u0436 \u0432 2 \u0440\u0443\u043a\u0438),\u0410\u0431\u0445\u044a\u044f\u043d\u0433\u0430 \u043c\u0430\u0441\u0441\u0430\u0436 (60 \u043c\u0438\u043d. \u0440\u0443\u0447\u043d\u043e\u0439 \u043c\u0430\u0441\u043b\u044f\u043d\u044b\u0439 \u043c\u0430\u0441\u0441\u0430\u0436 \u0432 2 \u0440\u0443\u043a\u0438),\u0421\u0435\u0430\u043d\u0441 \u0432 \u043a\u0435\u0434\u0440\u043e\u0432\u043e\u0439 \u0431\u043e\u0447\u043a\u0435 \u0441 \u0444\u0438\u0442\u043e\u0441\u0431\u043e\u0440\u043e\u043c,\u0421\u0435\u0430\u043d\u0441 \u0432 \u043a\u0435\u0434\u0440\u043e\u0432\u043e\u0439 \u0431\u043e\u0447\u043a\u0435 \u0441 \u0444\u0438\u0442\u043e\u0441\u0431\u043e\u0440\u043e\u043c","account_id":10765,"date_create":1582985690,"status":6,"price":"0","client_id":3263662,"roistat":"\u043f\u043e\u0441\u0442\u043e\u044f\u043d\u043d\u044b\u0439 \u043a\u043b\u0438\u0435\u043d\u0442","executor":"\u0428\u0440\u0438\u0442\u0430","is_sale":false,"appointment_id":5863078,"fields":{"1":"\u0428\u0440\u0438\u0442\u0430","2":"https:\/\/klientiks.ru\/clientix\/client\/default\/id\/3263662","3":10765}},{"id":6620742,"name":"\u041a\u0430\u043b\u0430\u0440\u0438 \u043c\u0430\u0441\u0441\u0430\u0436 (60 \u043c\u0438\u043d. \u043d\u043e\u0436\u043d\u043e\u0439 \u043c\u0430\u0441\u043b\u044f\u043d\u044b\u0439 \u043c\u0430\u0441\u0441\u0430\u0436),\u0412\u0438\u0440\u0435\u0447\u0430\u043d\u0430 (\u0441\u043b\u0430\u0431\u0438\u0442\u0435\u043b\u044c\u043d\u0430\u044f \u0442\u0435\u0440\u0430\u043f\u0438\u044f),\u041a\u0430\u043b\u0430\u0440\u0438 \u043c\u0430\u0441\u0441\u0430\u0436 (60 \u043c\u0438\u043d. \u043d\u043e\u0436\u043d\u043e\u0439 \u043c\u0430\u0441\u043b\u044f\u043d\u044b\u0439 \u043c\u0430\u0441\u0441\u0430\u0436),\u0412\u0438\u0440\u0435\u0447\u0430\u043d\u0430 (\u0441\u043b\u0430\u0431\u0438\u0442\u0435\u043b\u044c\u043d\u0430\u044f \u0442\u0435\u0440\u0430\u043f\u0438\u044f)","account_id":10765,"date_create":1582985730,"status":6,"price":"0","client_id":3263662,"roistat":"\u043f\u043e\u0441\u0442\u043e\u044f\u043d\u043d\u044b\u0439 \u043a\u043b\u0438\u0435\u043d\u0442","executor":"\u0428\u0440\u0438\u0442\u0430","is_sale":false,"appointment_id":5863080,"fields":{"1":"\u0428\u0440\u0438\u0442\u0430","2":"https:\/\/klientiks.ru\/clientix\/client\/default\/id\/3263662","3":10765}},{"id":6620748,"name":"\u0410\u0431\u0445\u044a\u044f\u043d\u0433\u0430 \u043c\u0430\u0441\u0441\u0430\u0436 (60 \u043c\u0438\u043d. \u0440\u0443\u0447\u043d\u043e\u0439 \u043c\u0430\u0441\u043b\u044f\u043d\u044b\u0439 \u043c\u0430\u0441\u0441\u0430\u0436 \u0432 2 \u0440\u0443\u043a\u0438),\u041a\u0438\u0436\u0438 \u043d\u0430 \u0447\u0430\u0441\u0442\u0438 \u0442\u0435\u043b\u0430 (30 \u043c\u0438\u043d),\u0410\u0431\u0445\u044a\u044f\u043d\u0433\u0430 \u043c\u0430\u0441\u0441\u0430\u0436 (60 \u043c\u0438\u043d. \u0440\u0443\u0447\u043d\u043e\u0439 \u043c\u0430\u0441\u043b\u044f\u043d\u044b\u0439 \u043c\u0430\u0441\u0441\u0430\u0436 \u0432 2 \u0440\u0443\u043a\u0438),\u041a\u0438\u0436\u0438 \u043d\u0430 \u0447\u0430\u0441\u0442\u0438 \u0442\u0435\u043b\u0430 (30 \u043c\u0438\u043d)","account_id":10765,"date_create":1582985805,"status":6,"price":"0","client_id":3263662,"roistat":"\u043f\u043e\u0441\u0442\u043e\u044f\u043d\u043d\u044b\u0439 \u043a\u043b\u0438\u0435\u043d\u0442","executor":"\u041d\u0438\u0431\u0438\u043d \u041a\u043e\u0434\u0430\u0442 \u0414\u0438\u043d\u0435\u0441\u0430\u043d","is_sale":false,"appointment_id":5863085,"fields":{"1":"\u041d\u0438\u0431\u0438\u043d \u041a\u043e\u0434\u0430\u0442 \u0414\u0438\u043d\u0435\u0441\u0430\u043d","2":"https:\/\/klientiks.ru\/clientix\/client\/default\/id\/3263662","3":10765}},{"id":6620754,"name":"\u041a\u0438\u0436\u0438 \u043d\u0430 \u0447\u0430\u0441\u0442\u0438 \u0442\u0435\u043b\u0430 (30 \u043c\u0438\u043d),\u0410\u0431\u0445\u044a\u044f\u043d\u0433\u0430 \u043c\u0430\u0441\u0441\u0430\u0436 (60 \u043c\u0438\u043d. \u0440\u0443\u0447\u043d\u043e\u0439 \u043c\u0430\u0441\u043b\u044f\u043d\u044b\u0439 \u043c\u0430\u0441\u0441\u0430\u0436 \u0432 2 \u0440\u0443\u043a\u0438),\u041a\u0438\u0436\u0438 \u043d\u0430 \u0447\u0430\u0441\u0442\u0438 \u0442\u0435\u043b\u0430 (30 \u043c\u0438\u043d),\u0410\u0431\u0445\u044a\u044f\u043d\u0433\u0430 \u043c\u0430\u0441\u0441\u0430\u0436 (60 \u043c\u0438\u043d. \u0440\u0443\u0447\u043d\u043e\u0439 \u043c\u0430\u0441\u043b\u044f\u043d\u044b\u0439 \u043c\u0430\u0441\u0441\u0430\u0436 \u0432 2 \u0440\u0443\u043a\u0438)","account_id":10765,"date_create":1582985849,"status":6,"price":"0","client_id":3263662,"roistat":"\u043f\u043e\u0441\u0442\u043e\u044f\u043d\u043d\u044b\u0439 \u043a\u043b\u0438\u0435\u043d\u0442","executor":"\u041d\u0438\u0431\u0438\u043d \u041a\u043e\u0434\u0430\u0442 \u0414\u0438\u043d\u0435\u0441\u0430\u043d","is_sale":false,"appointment_id":5863092,"fields":{"1":"\u041d\u0438\u0431\u0438\u043d \u041a\u043e\u0434\u0430\u0442 \u0414\u0438\u043d\u0435\u0441\u0430\u043d","2":"https:\/\/klientiks.ru\/clientix\/client\/default\/id\/3263662","3":10765}},{"id":6620759,"name":"\u041a\u0430\u043b\u0430\u0440\u0438 \u043c\u0430\u0441\u0441\u0430\u0436 (60 \u043c\u0438\u043d. \u043d\u043e\u0436\u043d\u043e\u0439 \u043c\u0430\u0441\u043b\u044f\u043d\u044b\u0439 \u043c\u0430\u0441\u0441\u0430\u0436),\u0410\u043d\u0443\u0432\u0430\u0441\u0430\u043d\u0430 \u0411\u0430\u0441\u0442\u0438 (30 \u043c\u0438\u043d. \u043c\u0430\u0441\u043b\u044f\u043d\u0430\u044f \u0442\u0440\u0430\u0432\u044f\u043d\u0430\u044f \u043a\u043b\u0438\u0437\u043c\u0430),\u041a\u0430\u043b\u0430\u0440\u0438 \u043c\u0430\u0441\u0441\u0430\u0436 (60 \u043c\u0438\u043d. \u043d\u043e\u0436\u043d\u043e\u0439 \u043c\u0430\u0441\u043b\u044f\u043d\u044b\u0439 \u043c\u0430\u0441\u0441\u0430\u0436),\u041f\u0438\u0447\u0443 (30 \u043c\u0438\u043d. \u043c\u0430\u0441\u043b\u044f\u043d\u0430\u044f \u0430\u043f\u043f\u043b\u0438\u043a\u0430\u0446\u0438\u044f),\u041a\u0430\u043b\u0430\u0440\u0438 \u043c\u0430\u0441\u0441\u0430\u0436 (60 \u043c\u0438\u043d. \u043d\u043e\u0436\u043d\u043e\u0439 \u043c\u0430\u0441\u043b\u044f\u043d\u044b\u0439 \u043c\u0430\u0441\u0441\u0430\u0436),\u0410\u043d\u0443\u0432\u0430\u0441\u0430\u043d\u0430 \u0411\u0430\u0441\u0442\u0438 (30 \u043c\u0438\u043d. \u043c\u0430\u0441\u043b\u044f\u043d\u0430\u044f \u0442\u0440\u0430\u0432\u044f\u043d\u0430\u044f \u043a\u043b\u0438\u0437\u043c\u0430),\u041f\u0438\u0447\u0443 (30 \u043c\u0438\u043d. \u043c\u0430\u0441\u043b\u044f\u043d\u0430\u044f \u0430\u043f\u043f\u043b\u0438\u043a\u0430\u0446\u0438\u044f),\u041f\u0438\u0447\u0443 (30 \u043c\u0438\u043d. \u043c\u0430\u0441\u043b\u044f\u043d\u0430\u044f \u0430\u043f\u043f\u043b\u0438\u043a\u0430\u0446\u0438\u044f),\u0410\u043d\u0443\u0432\u0430\u0441\u0430\u043d\u0430 \u0411\u0430\u0441\u0442\u0438 (30 \u043c\u0438\u043d. \u043c\u0430\u0441\u043b\u044f\u043d\u0430\u044f \u0442\u0440\u0430\u0432\u044f\u043d\u0430\u044f \u043a\u043b\u0438\u0437\u043c\u0430)","account_id":10765,"date_create":1582985911,"status":6,"price":"0","client_id":3263662,"roistat":"\u043f\u043e\u0441\u0442\u043e\u044f\u043d\u043d\u044b\u0439 \u043a\u043b\u0438\u0435\u043d\u0442","executor":"\u0428\u0440\u0438\u0442\u0430","is_sale":false,"appointment_id":5863097,"fields":{"1":"\u0428\u0440\u0438\u0442\u0430","2":"https:\/\/klientiks.ru\/clientix\/client\/default\/id\/3263662","3":10765}},{"id":6620763,"name":"\u041d\u0438\u0440\u0443\u0445\u0430 \u0411\u0430\u0441\u0442\u0438 (60 \u043c\u0438\u043d. \u043a\u043b\u0438\u0437\u043c\u0430 \u0442\u0440\u0430\u0432\u044f\u043d\u044b\u043c \u043e\u0442\u0432\u0430\u0440\u043e\u043c),\u041f\u0438\u0447\u0443 (30 \u043c\u0438\u043d. \u043c\u0430\u0441\u043b\u044f\u043d\u0430\u044f \u0430\u043f\u043f\u043b\u0438\u043a\u0430\u0446\u0438\u044f),\u041d\u0438\u0440\u0443\u0445\u0430 \u0411\u0430\u0441\u0442\u0438 (60 \u043c\u0438\u043d. \u043a\u043b\u0438\u0437\u043c\u0430 \u0442\u0440\u0430\u0432\u044f\u043d\u044b\u043c \u043e\u0442\u0432\u0430\u0440\u043e\u043c),\u041f\u0438\u0447\u0443 (30 \u043c\u0438\u043d. \u043c\u0430\u0441\u043b\u044f\u043d\u0430\u044f \u0430\u043f\u043f\u043b\u0438\u043a\u0430\u0446\u0438\u044f),\u0410\u0431\u0445\u044a\u044f\u043d\u0433\u0430 \u043c\u0430\u0441\u0441\u0430\u0436 (60 \u043c\u0438\u043d. \u0440\u0443\u0447\u043d\u043e\u0439 \u043c\u0430\u0441\u043b\u044f\u043d\u044b\u0439 \u043c\u0430\u0441\u0441\u0430\u0436 \u0432 2 \u0440\u0443\u043a\u0438),\u041f\u0438\u0447\u0443 (30 \u043c\u0438\u043d. \u043c\u0430\u0441\u043b\u044f\u043d\u0430\u044f \u0430\u043f\u043f\u043b\u0438\u043a\u0430\u0446\u0438\u044f),\u041d\u0438\u0440\u0443\u0445\u0430 \u0411\u0430\u0441\u0442\u0438 (60 \u043c\u0438\u043d. \u043a\u043b\u0438\u0437\u043c\u0430 \u0442\u0440\u0430\u0432\u044f\u043d\u044b\u043c \u043e\u0442\u0432\u0430\u0440\u043e\u043c),\u0410\u0431\u0445\u044a\u044f\u043d\u0433\u0430 \u043c\u0430\u0441\u0441\u0430\u0436 (60 \u043c\u0438\u043d. \u0440\u0443\u0447\u043d\u043e\u0439 \u043c\u0430\u0441\u043b\u044f\u043d\u044b\u0439 \u043c\u0430\u0441\u0441\u0430\u0436 \u0432 2 \u0440\u0443\u043a\u0438),\u0410\u0431\u0445\u044a\u044f\u043d\u0433\u0430 \u043c\u0430\u0441\u0441\u0430\u0436 (60 \u043c\u0438\u043d. \u0440\u0443\u0447\u043d\u043e\u0439 \u043c\u0430\u0441\u043b\u044f\u043d\u044b\u0439 \u043c\u0430\u0441\u0441\u0430\u0436 \u0432 2 \u0440\u0443\u043a\u0438)","account_id":10765,"date_create":1582985948,"status":6,"price":"0","client_id":3263662,"roistat":"\u043f\u043e\u0441\u0442\u043e\u044f\u043d\u043d\u044b\u0439 \u043a\u043b\u0438\u0435\u043d\u0442","executor":"\u041d\u0438\u0431\u0438\u043d \u041a\u043e\u0434\u0430\u0442 \u0414\u0438\u043d\u0435\u0441\u0430\u043d","is_sale":false,"appointment_id":5863101,"fields":{"1":"\u041d\u0438\u0431\u0438\u043d \u041a\u043e\u0434\u0430\u0442 \u0414\u0438\u043d\u0435\u0441\u0430\u043d","2":"https:\/\/klientiks.ru\/clientix\/client\/default\/id\/3263662","3":10765}},{"id":6620773,"name":"\u0410\u043d\u0443\u0432\u0430\u0441\u0430\u043d\u0430 \u0411\u0430\u0441\u0442\u0438 (30 \u043c\u0438\u043d. \u043c\u0430\u0441\u043b\u044f\u043d\u0430\u044f \u0442\u0440\u0430\u0432\u044f\u043d\u0430\u044f \u043a\u043b\u0438\u0437\u043c\u0430),\u041a\u0438\u0436\u0438 \u043d\u0430 \u0447\u0430\u0441\u0442\u0438 \u0442\u0435\u043b\u0430 (30 \u043c\u0438\u043d),\u0410\u0431\u0445\u044a\u044f\u043d\u0433\u0430 \u043c\u0430\u0441\u0441\u0430\u0436 (60 \u043c\u0438\u043d. \u0440\u0443\u0447\u043d\u043e\u0439 \u043c\u0430\u0441\u043b\u044f\u043d\u044b\u0439 \u043c\u0430\u0441\u0441\u0430\u0436 \u0432 2 \u0440\u0443\u043a\u0438)","account_id":10765,"date_create":1582986015,"status":7,"price":null,"client_id":3263662,"roistat":"\u043f\u043e\u0441\u0442\u043e\u044f\u043d\u043d\u044b\u0439 \u043a\u043b\u0438\u0435\u043d\u0442","executor":"\u0428\u0440\u0438\u0442\u0430","is_sale":false,"appointment_id":5863108,"fields":{"1":"\u0428\u0440\u0438\u0442\u0430","2":"https:\/\/klientiks.ru\/clientix\/client\/default\/id\/3263662","3":10765}}],"pagination":{"total_count":22602,"limit":50,"page_number":1},"total_count":22602,"page_number":1}') v, current_timestamp ts) s on s.v = parse_json(t.v) when not matched then insert (t.v, changed_at) values (s.v, s.ts)
2020-08-23 01:32:57,959 - executing SQL/command
2020-08-23 01:32:57,959 - binding: [merge into KAMALA_ACL t using (select parse_json('{"offset":19500,"count":50,"li...] with input=[None], processed=[{}]
2020-08-23 01:32:57,960 - query: [merge into KAMALA_ACL t using (select parse_json('{"offset":19500,"count":50,"li...]
2020-08-23 01:32:57,960 - Cannot use arrow result format, fallback to json format
2020-08-23 01:32:57,960 - sequence counter: 1
2020-08-23 01:32:57,960 - running query [merge into KAMALA_ACL t using (select parse_json('{"offset":19500,"count":50,"li...]
2020-08-23 01:32:57,960 - is_file_transfer: False
2020-08-23 01:32:57,960 - _cmd_query
2020-08-23 01:32:57,960 - sql=[merge into KAMALA_ACL t using (select parse_json('{"offset":19500,"count":50,"li...], sequence_id=[1], is_file_transfer=[None]
2020-08-23 01:32:57,961 - Active requests sessions: 1, idle: 0
2020-08-23 01:32:57,961 - remaining request timeout: None, retry cnt: 1
2020-08-23 01:32:57,961 - socket timeout: 60
2020-08-23 01:32:58,546 - https://ringcentral.snowflakecomputing.com:443 "POST /queries/v1/query-request?requestId=178a164e-fa6c-408f-a6bc-71641180a8c9&request_guid=15f12fbf-c5b0-4cce-b1ab-3ca25dc861ef HTTP/1.1" 200 1044
2020-08-23 01:32:58,546 - SUCCESS
2020-08-23 01:32:58,546 - Active requests sessions: 0, idle: 1
2020-08-23 01:32:58,546 - ret[code] = None, after post request
2020-08-23 01:32:58,547 - sfqid: 01966d48-025c-291a-0003-e00300530c0a
2020-08-23 01:32:58,547 - query execution done
2020-08-23 01:32:58,547 - SUCCESS
2020-08-23 01:32:58,547 - PUT OR GET: None
2020-08-23 01:32:58,547 - Query result format: json
2020-08-23 01:34:15,745 - Requesting data chunk https://klientiks.ru/clientix/Restapi/list/a/390b96e2763e/u/d969c9cde78c/t/073de5009f21b34afa022cfa7ca2c124/m/AppointmentClientLinks/ik/orders/rvwk/status,statuses/?date=10&offset=19450
2020-08-23 01:34:15,747 - Starting new HTTPS connection (1): klientiks.ru:443
2020-08-23 01:34:15,921 - OCSP Mode: FAIL_OPEN, OCSP response cache file name: None
2020-08-23 01:34:15,921 - ocsp_response_cache_uri: file://C:/Users/dmitry.mitrofanov/AppData/Local/Snowflake/Caches/ocsp_response_cache.json
2020-08-23 01:34:15,922 - OCSP_VALIDATION_CACHE size: 140
2020-08-23 01:34:15,922 - OCSP response cache server is enabled: http://ocsp.snowflakecomputing.com/ocsp_response_cache.json
2020-08-23 01:34:15,922 - OCSP dynamic cache server RETRY URL: None
2020-08-23 01:34:15,927 - Verifying the attached certificate is signed by the issuer. Valid Not After: 2025-05-12 23:58:59+00:00
2020-08-23 01:34:15,928 - Verifying the attached certificate is signed by the issuer. Valid Not After: 2025-05-12 23:58:59+00:00
2020-08-23 01:34:15,930 - Verifying the attached certificate is signed by the issuer. Valid Not After: 2023-06-11 20:40:26+00:00
2020-08-23 01:34:15,931 - Verifying the attached certificate is signed by the issuer. Valid Not After: 2023-06-11 20:40:26+00:00
2020-08-23 01:34:15,932 - Verifying the attached certificate is signed by the issuer. Valid Not After: 2023-06-11 20:44:21+00:00
2020-08-23 01:34:15,933 - Verifying the attached certificate is signed by the issuer. Valid Not After: 2023-06-11 20:44:21+00:00
2020-08-23 01:34:15,935 - Verifying the attached certificate is signed by the issuer. Valid Not After: 2021-12-14 07:00:00+00:00
2020-08-23 01:34:15,936 - Verifying the attached certificate is signed by the issuer. Valid Not After: 2021-12-14 07:00:00+00:00
2020-08-23 01:34:15,938 - Verifying the attached certificate is signed by the issuer. Valid Not After: 2025-05-12 23:58:59+00:00
2020-08-23 01:34:15,939 - Verifying the attached certificate is signed by the issuer. Valid Not After: 2025-05-12 23:58:59+00:00
2020-08-23 01:34:15,941 - Verifying the attached certificate is signed by the issuer. Valid Not After: 2025-05-12 23:58:59+00:00
2020-08-23 01:34:15,943 - Verifying the attached certificate is signed by the issuer. Valid Not After: 2025-05-12 23:58:59+00:00
2020-08-23 01:34:15,944 - Verifying the attached certificate is signed by the issuer. Valid Not After: 2025-05-12 23:58:59+00:00
2020-08-23 01:34:15,945 - Verifying the attached certificate is signed by the issuer. Valid Not After: 2025-05-12 23:58:59+00:00
2020-08-23 01:34:15,957 - Verifying the attached certificate is signed by the issuer. Valid Not After: 2025-05-12 23:58:59+00:00
2020-08-23 01:34:15,960 - Verifying the attached certificate is signed by the issuer. Valid Not After: 2025-05-12 23:58:59+00:00
2020-08-23 01:34:15,965 - Verifying the attached certificate is signed by the issuer. Valid Not After: 2021-04-02 17:08:26+00:00
2020-08-23 01:34:15,967 - Verifying the attached certificate is signed by the issuer. Valid Not After: 2021-04-02 17:08:26+00:00
2020-08-23 01:34:15,970 - Verifying the attached certificate is signed by the issuer. Valid Not After: 2021-04-02 17:13:33+00:00
2020-08-23 01:34:15,973 - Verifying the attached certificate is signed by the issuer. Valid Not After: 2021-04-02 17:13:33+00:00
2020-08-23 01:34:15,976 - Verifying the attached certificate is signed by the issuer. Valid Not After: 2021-04-02 16:58:09+00:00
2020-08-23 01:34:15,978 - Verifying the attached certificate is signed by the issuer. Valid Not After: 2021-04-02 16:58:09+00:00
2020-08-23 01:34:16,000 - Verifying the attached certificate is signed by the issuer. Valid Not After: 2021-04-02 17:13:33+00:00
2020-08-23 01:34:16,001 - Verifying the attached certificate is signed by the issuer. Valid Not After: 2021-04-02 17:13:33+00:00
2020-08-23 01:34:16,002 - Verifying the attached certificate is signed by the issuer. Valid Not After: 2021-04-02 17:08:26+00:00
2020-08-23 01:34:16,005 - Verifying the attached certificate is signed by the issuer. Valid Not After: 2021-04-02 17:08:26+00:00
2020-08-23 01:34:16,007 - Verifying the attached certificate is signed by the issuer. Valid Not After: 2021-04-02 17:03:51+00:00
2020-08-23 01:34:16,008 - Verifying the attached certificate is signed by the issuer. Valid Not After: 2021-04-02 17:03:51+00:00
2020-08-23 01:34:16,009 - Verifying the attached certificate is signed by the issuer. Valid Not After: 2021-04-02 16:58:09+00:00
2020-08-23 01:34:16,011 - Verifying the attached certificate is signed by the issuer. Valid Not After: 2021-04-02 16:58:09+00:00
2020-08-23 01:34:16,013 - Verifying the attached certificate is signed by the issuer. Valid Not After: 2021-04-02 17:03:51+00:00
2020-08-23 01:34:16,014 - Verifying the attached certificate is signed by the issuer. Valid Not After: 2021-04-02 17:03:51+00:00
2020-08-23 01:34:16,016 - Verifying the attached certificate is signed by the issuer. Valid Not After: 2021-04-02 17:03:51+00:00
2020-08-23 01:34:16,017 - Verifying the attached certificate is signed by the issuer. Valid Not After: 2021-04-02 17:03:51+00:00
2020-08-23 01:34:16,040 - Verifying the attached certificate is signed by the issuer. Valid Not After: 2021-04-02 17:13:33+00:00
2020-08-23 01:34:16,041 - Verifying the attached certificate is signed by the issuer. Valid Not After: 2021-04-02 17:13:33+00:00
2020-08-23 01:34:16,043 - Read OCSP response cache file: C:/Users/dmitry.mitrofanov/AppData/Local/Snowflake/Caches/ocsp_response_cache.json, count=140
2020-08-23 01:34:16,043 - validating certificate: klientiks.ru
2020-08-23 01:34:16,043 - skipping OCSP check: klientiks.ru
2020-08-23 01:34:17,041 - https://klientiks.ru:443 "GET /clientix/Restapi/list/a/390b96e2763e/u/d969c9cde78c/t/073de5009f21b34afa022cfa7ca2c124/m/AppointmentClientLinks/ik/orders/rvwk/status,statuses/?date=10&offset=19450 HTTP/1.1" 200 None
2020-08-23 01:34:17,044 - Snowflake Connector for Python Version: 2.2.10, Python Version: 3.8.5, Platform: Windows-10-10.0.17763-SP0
2020-08-23 01:34:17,044 - connect
2020-08-23 01:34:17,044 - __config
2020-08-23 01:34:17,044 - This connection is in OCSP Fail Open Mode. TLS Certificates would be checked for validity and revocation status. Any other Certificate Revocation related exceptions or OCSP Responder failures would be disregarded in favor of connectivity.
2020-08-23 01:34:17,044 - use_numpy: False
2020-08-23 01:34:17,044 - initialized
2020-08-23 01:34:17,044 - REST API object was created: ringcentral.snowflakecomputing.com:443
2020-08-23 01:34:17,044 - authenticate
2020-08-23 01:34:17,044 - assertion content: *********
2020-08-23 01:34:17,045 - account=ringcentral, user=dmitry.mitrofanov, database=RCUSERS, schema=DMITRYMITROFANOV, warehouse=RCUSERS_WH, role=None, request_id=86df3d00-53a6-4b91-adc4-145e01e52fed
2020-08-23 01:34:17,045 - body['data']: {'CLIENT_APP_ID': 'PythonConnector', 'CLIENT_APP_VERSION': '2.2.10', 'SVN_REVISION': None, 'ACCOUNT_NAME': 'ringcentral', 'LOGIN_NAME': 'dmitry.mitrofanov', 'CLIENT_ENVIRONMENT': {'APPLICATION': 'PythonConnector', 'OS': 'Windows', 'OS_VERSION': 'Windows-10-10.0.17763-SP0', 'PYTHON_VERSION': '3.8.5', 'PYTHON_RUNTIME': 'CPython', 'PYTHON_COMPILER': 'MSC v.1924 64 bit (AMD64)', 'OCSP_MODE': 'FAIL_OPEN', 'TRACING': 10, 'LOGIN_TIMEOUT': 120, 'NETWORK_TIMEOUT': None, 'CLIENT_STORE_TEMPORARY_CREDENTIAL': None}, 'SESSION_PARAMETERS': {'CLIENT_SESSION_KEEP_ALIVE_HEARTBEAT_FREQUENCY': 900, 'CLIENT_PREFETCH_THREADS': 4}}
2020-08-23 01:34:17,045 - Converted retries value: 1 -> Retry(total=1, connect=None, read=None, redirect=None, status=None)
2020-08-23 01:34:17,045 - Converted retries value: 1 -> Retry(total=1, connect=None, read=None, redirect=None, status=None)
2020-08-23 01:34:17,045 - Active requests sessions: 1, idle: 0
2020-08-23 01:34:17,045 - remaining request timeout: 120, retry cnt: 1
2020-08-23 01:34:17,045 - socket timeout: 60
2020-08-23 01:34:17,047 - Starting new HTTPS connection (1): ringcentral.snowflakecomputing.com:443
2020-08-23 01:34:17,841 - OCSP Mode: FAIL_OPEN, OCSP response cache file name: None
2020-08-23 01:34:17,841 - ocsp_response_cache_uri: file://C:/Users/dmitry.mitrofanov/AppData/Local/Snowflake/Caches/ocsp_response_cache.json
2020-08-23 01:34:17,841 - OCSP_VALIDATION_CACHE size: 140
2020-08-23 01:34:17,841 - OCSP response cache server is enabled: http://ocsp.snowflakecomputing.com/ocsp_response_cache.json
2020-08-23 01:34:17,841 - OCSP dynamic cache server RETRY URL: None
2020-08-23 01:34:17,847 - Verifying the attached certificate is signed by the issuer. Valid Not After: 2025-05-12 23:58:59+00:00
2020-08-23 01:34:17,849 - Verifying the attached certificate is signed by the issuer. Valid Not After: 2025-05-12 23:58:59+00:00
2020-08-23 01:34:17,850 - Verifying the attached certificate is signed by the issuer. Valid Not After: 2023-06-11 20:40:26+00:00
2020-08-23 01:34:17,851 - Verifying the attached certificate is signed by the issuer. Valid Not After: 2023-06-11 20:40:26+00:00
2020-08-23 01:34:17,853 - Verifying the attached certificate is signed by the issuer. Valid Not After: 2023-06-11 20:44:21+00:00
2020-08-23 01:34:17,854 - Verifying the attached certificate is signed by the issuer. Valid Not After: 2023-06-11 20:44:21+00:00
2020-08-23 01:34:17,855 - Verifying the attached certificate is signed by the issuer. Valid Not After: 2021-12-14 07:00:00+00:00
2020-08-23 01:34:17,857 - Verifying the attached certificate is signed by the issuer. Valid Not After: 2021-12-14 07:00:00+00:00
2020-08-23 01:34:17,859 - Verifying the attached certificate is signed by the issuer. Valid Not After: 2025-05-12 23:58:59+00:00
2020-08-23 01:34:17,860 - Verifying the attached certificate is signed by the issuer. Valid Not After: 2025-05-12 23:58:59+00:00
2020-08-23 01:34:17,863 - Verifying the attached certificate is signed by the issuer. Valid Not After: 2025-05-12 23:58:59+00:00
2020-08-23 01:34:17,865 - Verifying the attached certificate is signed by the issuer. Valid Not After: 2025-05-12 23:58:59+00:00
2020-08-23 01:34:17,866 - Verifying the attached certificate is signed by the issuer. Valid Not After: 2025-05-12 23:58:59+00:00
2020-08-23 01:34:17,868 - Verifying the attached certificate is signed by the issuer. Valid Not After: 2025-05-12 23:58:59+00:00
2020-08-23 01:34:17,878 - Verifying the attached certificate is signed by the issuer. Valid Not After: 2025-05-12 23:58:59+00:00
2020-08-23 01:34:17,879 - Verifying the attached certificate is signed by the issuer. Valid Not After: 2025-05-12 23:58:59+00:00
2020-08-23 01:34:17,882 - Verifying the attached certificate is signed by the issuer. Valid Not After: 2021-04-02 17:08:26+00:00
2020-08-23 01:34:17,883 - Verifying the attached certificate is signed by the issuer. Valid Not After: 2021-04-02 17:08:26+00:00
2020-08-23 01:34:17,885 - Verifying the attached certificate is signed by the issuer. Valid Not After: 2021-04-02 17:13:33+00:00
2020-08-23 01:34:17,886 - Verifying the attached certificate is signed by the issuer. Valid Not After: 2021-04-02 17:13:33+00:00
2020-08-23 01:34:17,887 - Verifying the attached certificate is signed by the issuer. Valid Not After: 2021-04-02 16:58:09+00:00
2020-08-23 01:34:17,889 - Verifying the attached certificate is signed by the issuer. Valid Not After: 2021-04-02 16:58:09+00:00
2020-08-23 01:34:17,905 - Verifying the attached certificate is signed by the issuer. Valid Not After: 2021-04-02 17:13:33+00:00
2020-08-23 01:34:17,907 - Verifying the attached certificate is signed by the issuer. Valid Not After: 2021-04-02 17:13:33+00:00
2020-08-23 01:34:17,908 - Verifying the attached certificate is signed by the issuer. Valid Not After: 2021-04-02 17:08:26+00:00
2020-08-23 01:34:17,909 - Verifying the attached certificate is signed by the issuer. Valid Not After: 2021-04-02 17:08:26+00:00
2020-08-23 01:34:17,911 - Verifying the attached certificate is signed by the issuer. Valid Not After: 2021-04-02 17:03:51+00:00
2020-08-23 01:34:17,913 - Verifying the attached certificate is signed by the issuer. Valid Not After: 2021-04-02 17:03:51+00:00
2020-08-23 01:34:17,914 - Verifying the attached certificate is signed by the issuer. Valid Not After: 2021-04-02 16:58:09+00:00
2020-08-23 01:34:17,916 - Verifying the attached certificate is signed by the issuer. Valid Not After: 2021-04-02 16:58:09+00:00
2020-08-23 01:34:17,918 - Verifying the attached certificate is signed by the issuer. Valid Not After: 2021-04-02 17:03:51+00:00
2020-08-23 01:34:17,920 - Verifying the attached certificate is signed by the issuer. Valid Not After: 2021-04-02 17:03:51+00:00
2020-08-23 01:34:17,921 - Verifying the attached certificate is signed by the issuer. Valid Not After: 2021-04-02 17:03:51+00:00
2020-08-23 01:34:17,923 - Verifying the attached certificate is signed by the issuer. Valid Not After: 2021-04-02 17:03:51+00:00
2020-08-23 01:34:17,941 - Verifying the attached certificate is signed by the issuer. Valid Not After: 2021-04-02 17:13:33+00:00
2020-08-23 01:34:17,942 - Verifying the attached certificate is signed by the issuer. Valid Not After: 2021-04-02 17:13:33+00:00
2020-08-23 01:34:17,944 - Read OCSP response cache file: C:/Users/dmitry.mitrofanov/AppData/Local/Snowflake/Caches/ocsp_response_cache.json, count=140
2020-08-23 01:34:17,944 - validating certificate: ringcentral.snowflakecomputing.com
2020-08-23 01:34:17,945 - # of certificates: 4
2020-08-23 01:34:17,945 - subject: OrderedDict([('common_name', '*.us-west-2.snowflakecomputing.com')]), issuer: OrderedDict([('country_name', 'US'), ('organization_name', 'Amazon'), ('organizational_unit_name', 'Server CA 1B'), ('common_name', 'Amazon')])
2020-08-23 01:34:17,946 - subject: OrderedDict([('country_name', 'US'), ('organization_name', 'Amazon'), ('organizational_unit_name', 'Server CA 1B'), ('common_name', 'Amazon')]), issuer: OrderedDict([('country_name', 'US'), ('organization_name', 'Amazon'), ('common_name', 'Amazon Root CA 1')])
2020-08-23 01:34:17,946 - subject: OrderedDict([('country_name', 'US'), ('organization_name', 'Amazon'), ('common_name', 'Amazon Root CA 1')]), issuer: OrderedDict([('country_name', 'US'), ('state_or_province_name', 'Arizona'), ('locality_name', 'Scottsdale'), ('organization_name', 'Starfield Technologies, Inc.'), ('common_name', 'Starfield Services Root Certificate Authority - G2')])
2020-08-23 01:34:17,947 - subject: OrderedDict([('country_name', 'US'), ('state_or_province_name', 'Arizona'), ('locality_name', 'Scottsdale'), ('organization_name', 'Starfield Technologies, Inc.'), ('common_name', 'Starfield Services Root Certificate Authority - G2')]), issuer: OrderedDict([('country_name', 'US'), ('organization_name', 'Starfield Technologies, Inc.'), ('organizational_unit_name', 'Starfield Class 2 Certification Authority')])
2020-08-23 01:34:17,949 - not found issuer_der: OrderedDict([('country_name', 'US'), ('organization_name', 'Starfield Technologies, Inc.'), ('organizational_unit_name', 'Starfield Class 2 Certification Authority')])
2020-08-23 01:34:17,950 - hit cache for subject: OrderedDict([('common_name', '*.us-west-2.snowflakecomputing.com')])
2020-08-23 01:34:17,952 - Verifying the attached certificate is signed by the issuer. Valid Not After: 2023-06-11 20:40:26+00:00
2020-08-23 01:34:17,952 - hit cache for subject: OrderedDict([('country_name', 'US'), ('organization_name', 'Amazon'), ('organizational_unit_name', 'Server CA 1B'), ('common_name', 'Amazon')])
2020-08-23 01:34:17,955 - Verifying the attached certificate is signed by the issuer. Valid Not After: 2023-06-11 20:44:21+00:00
2020-08-23 01:34:17,955 - hit cache for subject: OrderedDict([('country_name', 'US'), ('organization_name', 'Amazon'), ('common_name', 'Amazon Root CA 1')])
2020-08-23 01:34:17,958 - Verifying the attached certificate is signed by the issuer. Valid Not After: 2021-12-14 07:00:00+00:00
2020-08-23 01:34:17,958 - hit cache for subject: OrderedDict([('country_name', 'US'), ('state_or_province_name', 'Arizona'), ('locality_name', 'Scottsdale'), ('organization_name', 'Starfield Technologies, Inc.'), ('common_name', 'Starfield Services Root Certificate Authority - G2')])
2020-08-23 01:34:17,959 - hit cache for subject: OrderedDict([('common_name', '*.us-west-2.snowflakecomputing.com')])
2020-08-23 01:34:17,960 - using OCSP response cache
2020-08-23 01:34:17,960 - Certificate is NOT attached in Basic OCSP Response. Using issuer's certificate
2020-08-23 01:34:17,960 - Verifying the OCSP response is signed by the issuer.
2020-08-23 01:34:17,965 - Verifying the attached certificate is signed by the issuer. Valid Not After: 2023-06-11 20:40:26+00:00
2020-08-23 01:34:17,965 - hit cache for subject: OrderedDict([('country_name', 'US'), ('organization_name', 'Amazon'), ('organizational_unit_name', 'Server CA 1B'), ('common_name', 'Amazon')])
2020-08-23 01:34:17,968 - using OCSP response cache
2020-08-23 01:34:17,970 - Certificate is attached in Basic OCSP Response
2020-08-23 01:34:17,970 - Verifying the attached certificate is signed by the issuer
2020-08-23 01:34:17,970 - Valid Not After: 2023-06-11 20:40:26+00:00
2020-08-23 01:34:17,973 - Verifying the OCSP response is signed by the issuer.
2020-08-23 01:34:17,985 - Verifying the attached certificate is signed by the issuer. Valid Not After: 2023-06-11 20:44:21+00:00
2020-08-23 01:34:17,986 - hit cache for subject: OrderedDict([('country_name', 'US'), ('organization_name', 'Amazon'), ('common_name', 'Amazon Root CA 1')])
2020-08-23 01:34:17,990 - using OCSP response cache
2020-08-23 01:34:17,994 - Certificate is attached in Basic OCSP Response
2020-08-23 01:34:17,995 - Verifying the attached certificate is signed by the issuer
2020-08-23 01:34:17,995 - Valid Not After: 2023-06-11 20:44:21+00:00
2020-08-23 01:34:18,000 - Verifying the OCSP response is signed by the issuer.
2020-08-23 01:34:18,013 - Verifying the attached certificate is signed by the issuer. Valid Not After: 2021-12-14 07:00:00+00:00
2020-08-23 01:34:18,013 - hit cache for subject: OrderedDict([('country_name', 'US'), ('state_or_province_name', 'Arizona'), ('locality_name', 'Scottsdale'), ('organization_name', 'Starfield Technologies, Inc.'), ('common_name', 'Starfield Services Root Certificate Authority - G2')])
2020-08-23 01:34:18,016 - using OCSP response cache
2020-08-23 01:34:18,018 - Certificate is attached in Basic OCSP Response
2020-08-23 01:34:18,018 - Verifying the attached certificate is signed by the issuer
2020-08-23 01:34:18,018 - Valid Not After: 2021-12-14 07:00:00+00:00
2020-08-23 01:34:18,021 - Verifying the OCSP response is signed by the issuer.
2020-08-23 01:34:18,024 - writing OCSP response cache file
2020-08-23 01:34:18,024 - encoding OCSP response cache to JSON
2020-08-23 01:34:18,046 - ok
2020-08-23 01:34:18,521 - https://ringcentral.snowflakecomputing.com:443 "POST /session/v1/login-request?request_id=86df3d00-53a6-4b91-adc4-145e01e52fed&databaseName=RCUSERS&schemaName=DMITRYMITROFANOV&warehouse=RCUSERS_WH&request_guid=410afbda-8f88-4865-b1cc-f4d5e7c46816 HTTP/1.1" 200 1402
2020-08-23 01:34:18,522 - SUCCESS
2020-08-23 01:34:18,522 - Active requests sessions: 0, idle: 1
2020-08-23 01:34:18,522 - ret[code] = None, after post request
2020-08-23 01:34:18,522 - completed authentication
2020-08-23 01:34:18,522 - token = ******
2020-08-23 01:34:18,522 - master_token = ******
2020-08-23 01:34:18,522 - id_token = NULL
2020-08-23 01:34:18,522 - no ID token is given when try to store temporary credential
2020-08-23 01:34:18,522 - cursor
2020-08-23 01:34:18,523 - merge into KAMALA_ACL t using (select parse_json('{"offset":19500,"count":50,"limit":50,"statuses":[{"id":1,"name":"scheduled"},{"id":2,"name":"sms_confirmation_sent"},{"id":3,"name":"cancelled_by_sms"},{"id":4,"name":"confirmed"},{"id":5,"name":"in_progress"},{"id":6,"name":"finished"},{"id":7,"name":"cancelled"},{"id":8,"name":"missed"},{"id":9,"name":"arrived"}],"fields":[{"id":"1","name":"\u0418\u0441\u043f\u043e\u043b\u043d\u0438\u0442\u0435\u043b\u044c"},{"id":"2","name":"\u0421\u0441\u044b\u043b\u043a\u0430 \u043d\u0430 \u043a\u043b\u0438\u0435\u043d\u0442\u0430"},{"id":"3","name":"\u0410\u0439\u0434\u0438 \u0430\u043a\u043a\u0430\u0443\u043d\u0442\u0430"}],"orders":[{"id":6607810,"name":"\u0410\u044d\u0440\u043e\u0439\u043e\u0433\u0430 (90 \u043c\u0438\u043d)","account_id":10765,"date_create":1582872496,"status":6,"price":"0","client_id":1122837,"roistat":"\u043f\u043e\u0441\u0442\u043e\u044f\u043d\u043d\u044b\u0439 \u043a\u043b\u0438\u0435\u043d\u0442","executor":"\u0421\u043e\u0431\u0435\u043d\u043d\u0438\u043a\u043e\u0432\u0430 \u041e\u043a\u0441\u0430\u043d\u0430 \u042e\u0440\u044c\u0435\u0432\u043d\u0430","is_sale":false,"appointment_id":5833285,"fields":{"1":"\u0421\u043e\u0431\u0435\u043d\u043d\u0438\u043a\u043e\u0432\u0430 \u041e\u043a\u0441\u0430\u043d\u0430 \u042e\u0440\u044c\u0435\u0432\u043d\u0430","2":"https:\/\/klientiks.ru\/clientix\/client\/default\/id\/1122837","3":10765}},{"id":6607812,"name":"\u0410\u044d\u0440\u043e\u0439\u043e\u0433\u0430 (90 \u043c\u0438\u043d)","account_id":10765,"date_create":1582872499,"status":6,"price":"0","client_id":2877520,"roistat":"\u0438\u043d\u0442\u0435\u0440\u043d\u0435\u0442","executor":"\u0421\u043e\u0431\u0435\u043d\u043d\u0438\u043a\u043e\u0432\u0430 \u041e\u043a\u0441\u0430\u043d\u0430 \u042e\u0440\u044c\u0435\u0432\u043d\u0430","is_sale":false,"appointment_id":5833285,"fields":{"1":"\u0421\u043e\u0431\u0435\u043d\u043d\u0438\u043a\u043e\u0432\u0430 \u041e\u043a\u0441\u0430\u043d\u0430 \u042e\u0440\u044c\u0435\u0432\u043d\u0430","2":"https:\/\/klientiks.ru\/clientix\/client\/default\/id\/2877520","3":10765}},{"id":6608043,"name":"\u0410\u044e\u0440\u0432\u0435\u0434\u0430 \u043a\u043e\u043d\u0441\u0443\u043b\u044c\u0442\u0430\u0446\u0438\u044f \u0432\u0440\u0430\u0447\u0430 (60 \u043c\u0438\u043d)","account_id":10765,"date_create":1582873655,"status":6,"price":"3500","client_id":3319006,"roistat":"\u0412\u0445\u043e\u0434\u044f\u0449\u0438\u0439 \u0437\u0432\u043e\u043d\u043e\u043a","executor":"\u041f\u0440\u0430\u0432\u0438\u043d \u0421\u0443\u0440\u0435\u043d\u0434\u0440\u0430\u043d\u043f\u0438\u043b\u0430\u0439 \u0412\u0430\u0441\u0430\u043d\u0442\u0430\u043a\u0443\u043c\u0430\u0440\u0438","is_sale":false,"appointment_id":5851965,"fields":{"1":"\u041f\u0440\u0430\u0432\u0438\u043d \u0421\u0443\u0440\u0435\u043d\u0434\u0440\u0430\u043d\u043f\u0438\u043b\u0430\u0439 \u0412\u0430\u0441\u0430\u043d\u0442\u0430\u043a\u0443\u043c\u0430\u0440\u0438","2":"https:\/\/klientiks.ru\/clientix\/client\/default\/id\/3319006","3":10765}},{"id":6609060,"name":"\u0420\u043e\u0437\u043e\u0432\u044f_\u0432\u043e\u0434\u0430_Khadi","account_id":10765,"date_create":1582877952,"status":6,"price":"400","client_id":1108070,"roistat":"\u0438\u043d\u0442\u0435\u0440\u043d\u0435\u0442","executor":"\u0410\u0445\u043c\u0435\u0434\u043e\u0432\u0430 \u0422\u0430\u0442\u044c\u044f\u043d\u0430 \u041b\u0435\u043e\u043d\u0438\u0434\u043e\u0432\u043d\u0430","is_sale":true,"appointment_id":5852875,"fields":{"1":"\u0410\u0445\u043c\u0435\u0434\u043e\u0432\u0430 \u0422\u0430\u0442\u044c\u044f\u043d\u0430 \u041b\u0435\u043e\u043d\u0438\u0434\u043e\u0432\u043d\u0430","2":"https:\/\/klientiks.ru\/clientix\/client\/default\/id\/1108070","3":10765}},{"id":6609134,"name":"\u0420\u043e\u0437\u043e\u0432\u044f_\u0432\u043e\u0434\u0430_Khadi","account_id":10765,"date_create":1582878286,"status":6,"price":"400","client_id":1297843,"roistat":"\u0440\u044f\u0434\u043e\u043c \u0436\u0438\u0432\u0435\u0442","executor":"\u0410\u0445\u043c\u0435\u0434\u043e\u0432\u0430 \u0422\u0430\u0442\u044c\u044f\u043d\u0430 \u041b\u0435\u043e\u043d\u0438\u0434\u043e\u0432\u043d\u0430","is_sale":true,"appointment_id":5852970,"fields":{"1":"\u0410\u0445\u043c\u0435\u0434\u043e\u0432\u0430 \u0422\u0430\u0442\u044c\u044f\u043d\u0430 \u041b\u0435\u043e\u043d\u0438\u0434\u043e\u0432\u043d\u0430","2":"https:\/\/klientiks.ru\/clientix\/client\/default\/id\/1297843","3":10765}},{"id":6609341,"name":"Chyawanaprasham_Nagarjuna 500g","account_id":10765,"date_create":1582879137,"status":6,"price":"700","client_id":3215797,"roistat":"\u0438\u043d\u0442\u0435\u0440\u043d\u0435\u0442","executor":"\u0410\u0445\u043c\u0435\u0434\u043e\u0432\u0430 \u0422\u0430\u0442\u044c\u044f\u043d\u0430 \u041b\u0435\u043e\u043d\u0438\u0434\u043e\u0432\u043d\u0430","is_sale":true,"appointment_id":5853140,"fields":{"1":"\u0410\u0445\u043c\u0435\u0434\u043e\u0432\u0430 \u0422\u0430\u0442\u044c\u044f\u043d\u0430 \u041b\u0435\u043e\u043d\u0438\u0434\u043e\u0432\u043d\u0430","2":"https:\/\/klientiks.ru\/clientix\/client\/default\/id\/3215797","3":10765}},{"id":6609378,"name":"Chyawanaprasham_Nagarjuna 500g","account_id":10765,"date_create":1582879329,"status":6,"price":"700","client_id":3014911,"roistat":"\u043e\u0442 \u0437\u043d\u0430\u043a\u043e\u043c\u044b\u0445","executor":"\u0410\u0445\u043c\u0435\u0434\u043e\u0432\u0430 \u0422\u0430\u0442\u044c\u044f\u043d\u0430 \u041b\u0435\u043e\u043d\u0438\u0434\u043e\u0432\u043d\u0430","is_sale":true,"appointment_id":5853176,"fields":{"1":"\u0410\u0445\u043c\u0435\u0434\u043e\u0432\u0430 \u0422\u0430\u0442\u044c\u044f\u043d\u0430 \u041b\u0435\u043e\u043d\u0438\u0434\u043e\u0432\u043d\u0430","2":"https:\/\/klientiks.ru\/clientix\/client\/default\/id\/3014911","3":10765}},{"id":6609424,"name":"Itone_eye_drop_\u043a\u0430\u043f\u043b\u0438,Chyawanaprasham_Nagarjuna 500g,Chyawanaprasham_Nagarjuna 500g,Itone_eye_drop_\u043a\u0430\u043f\u043b\u0438","account_id":10765,"date_create":1582879528,"status":6,"price":"980","client_id":3058502,"roistat":"\u043e\u0442 \u0437\u043d\u0430\u043a\u043e\u043c\u044b\u0445","executor":"\u0410\u0445\u043c\u0435\u0434\u043e\u0432\u0430 \u0422\u0430\u0442\u044c\u044f\u043d\u0430 \u041b\u0435\u043e\u043d\u0438\u0434\u043e\u0432\u043d\u0430","is_sale":true,"appointment_id":5853219,"fields":{"1":"\u0410\u0445\u043c\u0435\u0434\u043e\u0432\u0430 \u0422\u0430\u0442\u044c\u044f\u043d\u0430 \u041b\u0435\u043e\u043d\u0438\u0434\u043e\u0432\u043d\u0430","2":"https:\/\/klientiks.ru\/clientix\/client\/default\/id\/3058502","3":10765}},{"id":6609494,"name":"\u0410\u044d\u0440\u043e\u0439\u043e\u0433\u0430 (90 \u043c\u0438\u043d)","account_id":10765,"date_create":1582879922,"status":6,"price":"0","client_id":3144287,"roistat":"\u0438\u043d\u0442\u0435\u0440\u043d\u0435\u0442","executor":"\u0421\u043e\u0431\u0435\u043d\u043d\u0438\u043a\u043e\u0432\u0430 \u041e\u043a\u0441\u0430\u043d\u0430 \u042e\u0440\u044c\u0435\u0432\u043d\u0430","is_sale":false,"appointment_id":5833242,"fields":{"1":"\u0421\u043e\u0431\u0435\u043d\u043d\u0438\u043a\u043e\u0432\u0430 \u041e\u043a\u0441\u0430\u043d\u0430 \u042e\u0440\u044c\u0435\u0432\u043d\u0430","2":"https:\/\/klientiks.ru\/clientix\/client\/default\/id\/3144287","3":10765}},{"id":6609665,"name":"\u0410\u044d\u0440\u043e\u0439\u043e\u0433\u0430 (90 \u043c\u0438\u043d)","account_id":10765,"date_create":1582880922,"status":6,"price":"0","client_id":1108070,"roistat":"\u0438\u043d\u0442\u0435\u0440\u043d\u0435\u0442","executor":"\u0421\u043e\u0431\u0435\u043d\u043d\u0438\u043a\u043e\u0432\u0430 \u041e\u043a\u0441\u0430\u043d\u0430 \u042e\u0440\u044c\u0435\u0432\u043d\u0430","is_sale":false,"appointment_id":5833243,"fields":{"1":"\u0421\u043e\u0431\u0435\u043d\u043d\u0438\u043a\u043e\u0432\u0430 \u041e\u043a\u0441\u0430\u043d\u0430 \u042e\u0440\u044c\u0435\u0432\u043d\u0430","2":"https:\/\/klientiks.ru\/clientix\/client\/default\/id\/1108070","3":10765}},{"id":6609667,"name":"\u0410\u044d\u0440\u043e\u0439\u043e\u0433\u0430 (90 \u043c\u0438\u043d)","account_id":10765,"date_create":1582880934,"status":6,"price":"0","client_id":3014911,"roistat":"\u043e\u0442 \u0437\u043d\u0430\u043a\u043e\u043c\u044b\u0445","executor":"\u0421\u043e\u0431\u0435\u043d\u043d\u0438\u043a\u043e\u0432\u0430 \u041e\u043a\u0441\u0430\u043d\u0430 \u042e\u0440\u044c\u0435\u0432\u043d\u0430","is_sale":false,"appointment_id":5833243,"fields":{"1":"\u0421\u043e\u0431\u0435\u043d\u043d\u0438\u043a\u043e\u0432\u0430 \u041e\u043a\u0441\u0430\u043d\u0430 \u042e\u0440\u044c\u0435\u0432\u043d\u0430","2":"https:\/\/klientiks.ru\/clientix\/client\/default\/id\/3014911","3":10765}},{"id":6609779,"name":"Drakshadi_kashayam_200ml","account_id":10765,"date_create":1582881396,"status":6,"price":"850","client_id":3188843,"roistat":"\u0438\u043d\u0442\u0435\u0440\u043d\u0435\u0442","executor":"\u0410\u0445\u043c\u0435\u0434\u043e\u0432\u0430 \u0422\u0430\u0442\u044c\u044f\u043d\u0430 \u041b\u0435\u043e\u043d\u0438\u0434\u043e\u0432\u043d\u0430","is_sale":true,"appointment_id":5853564,"fields":{"1":"\u0410\u0445\u043c\u0435\u0434\u043e\u0432\u0430 \u0422\u0430\u0442\u044c\u044f\u043d\u0430 \u041b\u0435\u043e\u043d\u0438\u0434\u043e\u0432\u043d\u0430","2":"https:\/\/klientiks.ru\/clientix\/client\/default\/id\/3188843","3":10765}},{"id":6609863,"name":"\u0423\u043c\u0430\u0441\u043b\u0438\u0432\u0430\u043d\u0438\u0435  (30 \u043c\u0438\u043d.),\u0428\u0438\u0440\u043e\u0434\u0445\u0430\u0440\u0430 (60 \u043c\u0438\u043d. \u0441\u0442\u0440\u0443\u044f\u0449\u0435\u0435\u0441\u044f \u043c\u0430\u0441\u043b\u043e \u043d\u0430 \u043b\u043e\u0431),\u0423\u043c\u0430\u0441\u043b\u0438\u0432\u0430\u043d\u0438\u0435  (30 \u043c\u0438\u043d.),\u0428\u0438\u0440\u043e\u0434\u0445\u0430\u0440\u0430 (60 \u043c\u0438\u043d. \u0441\u0442\u0440\u0443\u044f\u0449\u0435\u0435\u0441\u044f \u043c\u0430\u0441\u043b\u043e \u043d\u0430 \u043b\u043e\u0431)","account_id":10765,"date_create":1582881858,"status":6,"price":"0","client_id":3058502,"roistat":"\u043e\u0442 \u0437\u043d\u0430\u043a\u043e\u043c\u044b\u0445","executor":"\u0424\u0438\u043b\u0438\u043f \u0412\u0438\u043c\u0430\u043b\u0430 \u0412\u0438\u043f\u0438\u043d","is_sale":false,"appointment_id":5853640,"fields":{"1":"\u0424\u0438\u043b\u0438\u043f \u0412\u0438\u043c\u0430\u043b\u0430 \u0412\u0438\u043f\u0438\u043d","2":"https:\/\/klientiks.ru\/clientix\/client\/default\/id\/3058502","3":10765}},{"id":6610697,"name":"\u0410\u044e\u0440\u0432\u0435\u0434\u0430 \u043a\u043e\u043d\u0441\u0443\u043b\u044c\u0442\u0430\u0446\u0438\u044f \u0432\u0440\u0430\u0447\u0430 (60 \u043c\u0438\u043d)","account_id":10765,"date_create":1582886384,"status":7,"price":null,"client_id":3321057,"roistat":"\u0432\u043a","executor":"\u041f\u0440\u0430\u0432\u0438\u043d \u0421\u0443\u0440\u0435\u043d\u0434\u0440\u0430\u043d\u043f\u0438\u043b\u0430\u0439 \u0412\u0430\u0441\u0430\u043d\u0442\u0430\u043a\u0443\u043c\u0430\u0440\u0438","is_sale":false,"appointment_id":5854476,"fields":{"1":"\u041f\u0440\u0430\u0432\u0438\u043d \u0421\u0443\u0440\u0435\u043d\u0434\u0440\u0430\u043d\u043f\u0438\u043b\u0430\u0439 \u0412\u0430\u0441\u0430\u043d\u0442\u0430\u043a\u0443\u043c\u0430\u0440\u0438","2":"https:\/\/klientiks.ru\/clientix\/client\/default\/id\/3321057","3":10765}},{"id":6611326,"name":"\u0410\u044e\u0440\u0432\u0435\u0434\u0430 \u043f\u043e\u0432\u0442\u043e\u0440\u043d\u0430\u044f \u043a\u043e\u043d\u0441\u0443\u043b\u044c\u0442\u0430\u0446\u0438\u044f \u0434\u043e\u043a\u0442\u043e\u0440\u0430 \u0412\u0430\u0440\u0443\u043d (30 \u043c\u0438\u043d.)","account_id":10765,"date_create":1582889618,"status":6,"price":"2000","client_id":2542180,"roistat":"\u043e\u0442 \u0437\u043d\u0430\u043a\u043e\u043c\u044b\u0445","executor":"\u0412\u0430\u0440\u0443\u043d","is_sale":false,"appointment_id":5855067,"fields":{"1":"\u0412\u0430\u0440\u0443\u043d","2":"https:\/\/klientiks.ru\/clientix\/client\/default\/id\/2542180","3":10765}},{"id":6611774,"name":"\u0410\u044d\u0440\u043e\u0439\u043e\u0433\u0430 (90 \u043c\u0438\u043d)","account_id":10765,"date_create":1582891766,"status":6,"price":"0","client_id":1122031,"roistat":"\u0441\u043e\u0442\u0440\u0443\u0434\u043d\u0438\u043a","executor":"\u0421\u043e\u0431\u0435\u043d\u043d\u0438\u043a\u043e\u0432\u0430 \u041e\u043a\u0441\u0430\u043d\u0430 \u042e\u0440\u044c\u0435\u0432\u043d\u0430","is_sale":false,"appointment_id":5543994,"fields":{"1":"\u0421\u043e\u0431\u0435\u043d\u043d\u0438\u043a\u043e\u0432\u0430 \u041e\u043a\u0441\u0430\u043d\u0430 \u042e\u0440\u044c\u0435\u0432\u043d\u0430","2":"https:\/\/klientiks.ru\/clientix\/client\/default\/id\/1122031","3":10765}},{"id":6611781,"name":"\u0410\u044d\u0440\u043e\u0439\u043e\u0433\u0430 (90 \u043c\u0438\u043d)","account_id":10765,"date_create":1582891793,"status":6,"price":"0","client_id":1109904,"roistat":"\u0441\u043e\u0442\u0440\u0443\u0434\u043d\u0438\u043a","executor":"\u0421\u043e\u0431\u0435\u043d\u043d\u0438\u043a\u043e\u0432\u0430 \u041e\u043a\u0441\u0430\u043d\u0430 \u042e\u0440\u044c\u0435\u0432\u043d\u0430","is_sale":false,"appointment_id":5833284,"fields":{"1":"\u0421\u043e\u0431\u0435\u043d\u043d\u0438\u043a\u043e\u0432\u0430 \u041e\u043a\u0441\u0430\u043d\u0430 \u042e\u0440\u044c\u0435\u0432\u043d\u0430","2":"https:\/\/klientiks.ru\/clientix\/client\/default\/id\/1109904","3":10765}},{"id":6612051,"name":"\u0410\u044e\u0440\u0432\u0435\u0434\u0430 \u043f\u043e\u0432\u0442\u043e\u0440\u043d\u0430\u044f \u043a\u043e\u043d\u0441\u0443\u043b\u044c\u0442\u0430\u0446\u0438\u044f \u0432\u0440\u0430\u0447\u0430 \u0432 \u043d\u0430\u0437\u043d\u0430\u0447\u0435\u043d\u043d\u044b\u0439 \u0441\u0440\u043e\u043a (30 \u043c\u0438\u043d)","account_id":10765,"date_create":1582893369,"status":6,"price":"2000","client_id":1122769,"roistat":"\u0412\u0445\u043e\u0434\u044f\u0449\u0438\u0439 \u0437\u0432\u043e\u043d\u043e\u043a","executor":"\u041f\u0440\u0430\u0432\u0438\u043d \u0421\u0443\u0440\u0435\u043d\u0434\u0440\u0430\u043d\u043f\u0438\u043b\u0430\u0439 \u0412\u0430\u0441\u0430\u043d\u0442\u0430\u043a\u0443\u043c\u0430\u0440\u0438","is_sale":false,"appointment_id":5855752,"fields":{"1":"\u041f\u0440\u0430\u0432\u0438\u043d \u0421\u0443\u0440\u0435\u043d\u0434\u0440\u0430\u043d\u043f\u0438\u043b\u0430\u0439 \u0412\u0430\u0441\u0430\u043d\u0442\u0430\u043a\u0443\u043c\u0430\u0440\u0438","2":"https:\/\/klientiks.ru\/clientix\/client\/default\/id\/1122769","3":10765}},{"id":6612512,"name":"\u0410\u044e\u0440\u0432\u0435\u0434\u0430 \u043f\u043e\u0432\u0442\u043e\u0440\u043d\u0430\u044f  \u043a\u043e\u043d\u0441\u0443\u043b\u044c\u0442\u0430\u0446\u0438\u044f \u0432\u0440\u0430\u0447\u0430 (30 \u043c\u0438\u043d)","account_id":10765,"date_create":1582895755,"status":7,"price":null,"client_id":2758536,"roistat":"\u043e\u0442 \u0437\u043d\u0430\u043a\u043e\u043c\u044b\u0445","executor":"\u041f\u0440\u0430\u0432\u0438\u043d \u0421\u0443\u0440\u0435\u043d\u0434\u0440\u0430\u043d\u043f\u0438\u043b\u0430\u0439 \u0412\u0430\u0441\u0430\u043d\u0442\u0430\u043a\u0443\u043c\u0430\u0440\u0438","is_sale":false,"appointment_id":5856150,"fields":{"1":"\u041f\u0440\u0430\u0432\u0438\u043d \u0421\u0443\u0440\u0435\u043d\u0434\u0440\u0430\u043d\u043f\u0438\u043b\u0430\u0439 \u0412\u0430\u0441\u0430\u043d\u0442\u0430\u043a\u0443\u043c\u0430\u0440\u0438","2":"https:\/\/klientiks.ru\/clientix\/client\/default\/id\/2758536","3":10765}},{"id":6613111,"name":"Sukumara_Kashayam_200 ml","account_id":10765,"date_create":1582899890,"status":6,"price":"800","client_id":3258794,"roistat":"\u0412\u0445\u043e\u0434\u044f\u0449\u0438\u0439 \u0437\u0432\u043e\u043d\u043e\u043a","executor":"\u0410\u0445\u043c\u0435\u0434\u043e\u0432\u0430 \u0422\u0430\u0442\u044c\u044f\u043d\u0430 \u041b\u0435\u043e\u043d\u0438\u0434\u043e\u0432\u043d\u0430","is_sale":true,"appointment_id":5856720,"fields":{"1":"\u0410\u0445\u043c\u0435\u0434\u043e\u0432\u0430 \u0422\u0430\u0442\u044c\u044f\u043d\u0430 \u041b\u0435\u043e\u043d\u0438\u0434\u043e\u0432\u043d\u0430","2":"https:\/\/klientiks.ru\/clientix\/client\/default\/id\/3258794","3":10765}},{"id":6613142,"name":"\u0410\u044d\u0440\u043e\u0439\u043e\u0433\u0430 (90 \u043c\u0438\u043d)","account_id":10765,"date_create":1582900096,"status":6,"price":"800","client_id":3244018,"roistat":"\u0438\u043d\u0442\u0435\u0440\u043d\u0435\u0442","executor":"\u0412\u043b\u0430\u0441\u043e\u0432\u0430 \u0415\u043b\u0435\u043d\u0430 \u0421\u0435\u0440\u0433\u0435\u0435\u0432\u043d\u0430","is_sale":false,"appointment_id":5762040,"fields":{"1":"\u0412\u043b\u0430\u0441\u043e\u0432\u0430 \u0415\u043b\u0435\u043d\u0430 \u0421\u0435\u0440\u0433\u0435\u0435\u0432\u043d\u0430","2":"https:\/\/klientiks.ru\/clientix\/client\/default\/id\/3244018","3":10765}},{"id":6613439,"name":"Brahmarasayanam_200ml,Brahmarasayanam_200ml,\u041a\u0430\u0440\u0434\u043e\u043c\u043e\u043d_\u0437\u0435\u043b\u0435\u043d\u044b\u0439,\u0428\u0430\u043c\u043f\u0443\u043d\u044c_Trichup,Brahmarasayanam_200ml,\u041a\u0430\u0440\u0434\u043e\u043c\u043e\u043d_\u0437\u0435\u043b\u0435\u043d\u044b\u0439,\u0428\u0430\u043c\u043f\u0443\u043d\u044c_Trichup,\u041a\u0430\u0440\u0434\u043e\u043c\u043e\u043d_\u0437\u0435\u043b\u0435\u043d\u044b\u0439,\u0428\u0430\u043c\u043f\u0443\u043d\u044c_Trichup","account_id":10765,"date_create":1582901878,"status":6,"price":"1250","client_id":3276868,"roistat":"\u0412\u0445\u043e\u0434\u044f\u0449\u0438\u0439 \u0437\u0432\u043e\u043d\u043e\u043a","executor":"\u0410\u0445\u043c\u0435\u0434\u043e\u0432\u0430 \u0422\u0430\u0442\u044c\u044f\u043d\u0430 \u041b\u0435\u043e\u043d\u0438\u0434\u043e\u0432\u043d\u0430","is_sale":true,"appointment_id":5857007,"fields":{"1":"\u0410\u0445\u043c\u0435\u0434\u043e\u0432\u0430 \u0422\u0430\u0442\u044c\u044f\u043d\u0430 \u041b\u0435\u043e\u043d\u0438\u0434\u043e\u0432\u043d\u0430","2":"https:\/\/klientiks.ru\/clientix\/client\/default\/id\/3276868","3":10765}},{"id":6613600,"name":"Arjunarishtam_450ml","account_id":10765,"date_create":1582902783,"status":6,"price":"835","client_id":2623071,"roistat":"\u0441\u043e\u0442\u0440\u0443\u0434\u043d\u0438\u043a","executor":"\u0410\u0445\u043c\u0435\u0434\u043e\u0432\u0430 \u0422\u0430\u0442\u044c\u044f\u043d\u0430 \u041b\u0435\u043e\u043d\u0438\u0434\u043e\u0432\u043d\u0430","is_sale":true,"appointment_id":5857122,"fields":{"1":"\u0410\u0445\u043c\u0435\u0434\u043e\u0432\u0430 \u0422\u0430\u0442\u044c\u044f\u043d\u0430 \u041b\u0435\u043e\u043d\u0438\u0434\u043e\u0432\u043d\u0430","2":"https:\/\/klientiks.ru\/clientix\/client\/default\/id\/2623071","3":10765}},{"id":6614597,"name":"\u0410\u044e\u0440\u0432\u0435\u0434\u0430 \u043f\u043e\u0432\u0442\u043e\u0440\u043d\u0430\u044f \u043a\u043e\u043d\u0441\u0443\u043b\u044c\u0442\u0430\u0446\u0438\u044f \u0432\u0440\u0430\u0447\u0430 \u0432 \u043d\u0430\u0437\u043d\u0430\u0447\u0435\u043d\u043d\u044b\u0439 \u0441\u0440\u043e\u043a (30 \u043c\u0438\u043d)","account_id":10765,"date_create":1582905636,"status":6,"price":"2000","client_id":1383790,"roistat":"\u0421\u043e\u0432\u0435\u0442 \u0414\u0440\u0443\u0437\u0435\u0439","executor":"\u041f\u0440\u0430\u0432\u0438\u043d \u0421\u0443\u0440\u0435\u043d\u0434\u0440\u0430\u043d\u043f\u0438\u043b\u0430\u0439 \u0412\u0430\u0441\u0430\u043d\u0442\u0430\u043a\u0443\u043c\u0430\u0440\u0438","is_sale":false,"appointment_id":5857428,"fields":{"1":"\u041f\u0440\u0430\u0432\u0438\u043d \u0421\u0443\u0440\u0435\u043d\u0434\u0440\u0430\u043d\u043f\u0438\u043b\u0430\u0439 \u0412\u0430\u0441\u0430\u043d\u0442\u0430\u043a\u0443\u043c\u0430\u0440\u0438","2":"https:\/\/klientiks.ru\/clientix\/client\/default\/id\/1383790","3":10765}},{"id":6614744,"name":"\u041a\u0430\u043b\u0430\u0440\u0438 \u043c\u0430\u0441\u0441\u0430\u0436 (60 \u043c\u0438\u043d. \u043d\u043e\u0436\u043d\u043e\u0439 \u043c\u0430\u0441\u043b\u044f\u043d\u044b\u0439 \u043c\u0430\u0441\u0441\u0430\u0436)","account_id":10765,"date_create":1582906765,"status":6,"price":"0","client_id":2936299,"roistat":"\u0412\u0445\u043e\u0434\u044f\u0449\u0438\u0439 \u0437\u0432\u043e\u043d\u043e\u043a,\u043e\u0442 \u0437\u043d\u0430\u043a\u043e\u043c\u044b\u0445","executor":"\u0424\u0438\u043b\u0438\u043f \u0412\u0438\u043c\u0430\u043b\u0430 \u0412\u0438\u043f\u0438\u043d","is_sale":false,"appointment_id":5857568,"fields":{"1":"\u0424\u0438\u043b\u0438\u043f \u0412\u0438\u043c\u0430\u043b\u0430 \u0412\u0438\u043f\u0438\u043d","2":"https:\/\/klientiks.ru\/clientix\/client\/default\/id\/2936299","3":10765}},{"id":6614748,"name":"\u0410\u0431\u0445\u044a\u044f\u043d\u0433\u0430 \u043c\u0430\u0441\u0441\u0430\u0436 (60 \u043c\u0438\u043d. \u0440\u0443\u0447\u043d\u043e\u0439 \u043c\u0430\u0441\u043b\u044f\u043d\u044b\u0439 \u043c\u0430\u0441\u0441\u0430\u0436 \u0432 2 \u0440\u0443\u043a\u0438)","account_id":10765,"date_create":1582906812,"status":6,"price":"0","client_id":2936299,"roistat":"\u0412\u0445\u043e\u0434\u044f\u0449\u0438\u0439 \u0437\u0432\u043e\u043d\u043e\u043a,\u043e\u0442 \u0437\u043d\u0430\u043a\u043e\u043c\u044b\u0445","executor":"\u041d\u0438\u0431\u0438\u043d \u041a\u043e\u0434\u0430\u0442 \u0414\u0438\u043d\u0435\u0441\u0430\u043d","is_sale":false,"appointment_id":5857573,"fields":{"1":"\u041d\u0438\u0431\u0438\u043d \u041a\u043e\u0434\u0430\u0442 \u0414\u0438\u043d\u0435\u0441\u0430\u043d","2":"https:\/\/klientiks.ru\/clientix\/client\/default\/id\/2936299","3":10765}},{"id":6614839,"name":"\u0423\u043c\u0430\u0441\u043b\u0438\u0432\u0430\u043d\u0438\u0435  (30 \u043c\u0438\u043d.)","account_id":10765,"date_create":1582907560,"status":6,"price":"1440","client_id":1123631,"roistat":"\u043f\u043e\u0441\u0442\u043e\u044f\u043d\u043d\u044b\u0439 \u043a\u043b\u0438\u0435\u043d\u0442","executor":"\u0428\u0440\u0438\u0442\u0430","is_sale":false,"appointment_id":5857654,"fields":{"1":"\u0428\u0440\u0438\u0442\u0430","2":"https:\/\/klientiks.ru\/clientix\/client\/default\/id\/1123631","3":10765}},{"id":6614872,"name":"\u0423\u043c\u0430\u0441\u043b\u0438\u0432\u0430\u043d\u0438\u0435  (30 \u043c\u0438\u043d.)","account_id":10765,"date_create":1582908126,"status":6,"price":"1440","client_id":1123631,"roistat":"\u043f\u043e\u0441\u0442\u043e\u044f\u043d\u043d\u044b\u0439 \u043a\u043b\u0438\u0435\u043d\u0442","executor":"\u0428\u0440\u0438\u0442\u0430","is_sale":false,"appointment_id":5857693,"fields":{"1":"\u0428\u0440\u0438\u0442\u0430","2":"https:\/\/klientiks.ru\/clientix\/client\/default\/id\/1123631","3":10765}},{"id":6614880,"name":"Koflet_1_\u043a\u043e\u043d\u0444\u0435\u0442\u0430","account_id":10765,"date_create":1582908200,"status":6,"price":"150","client_id":1123631,"roistat":"\u043f\u043e\u0441\u0442\u043e\u044f\u043d\u043d\u044b\u0439 \u043a\u043b\u0438\u0435\u043d\u0442","executor":"\u0410\u0445\u043c\u0435\u0434\u043e\u0432\u0430 \u0422\u0430\u0442\u044c\u044f\u043d\u0430 \u041b\u0435\u043e\u043d\u0438\u0434\u043e\u0432\u043d\u0430","is_sale":true,"appointment_id":5857701,"fields":{"1":"\u0410\u0445\u043c\u0435\u0434\u043e\u0432\u0430 \u0422\u0430\u0442\u044c\u044f\u043d\u0430 \u041b\u0435\u043e\u043d\u0438\u0434\u043e\u0432\u043d\u0430","2":"https:\/\/klientiks.ru\/clientix\/client\/default\/id\/1123631","3":10765}},{"id":6614887,"name":"\u041a\u0430\u043b\u0430\u0440\u0438 \u043c\u0430\u0441\u0441\u0430\u0436 (60 \u043c\u0438\u043d. \u043d\u043e\u0436\u043d\u043e\u0439 \u043c\u0430\u0441\u043b\u044f\u043d\u044b\u0439 \u043c\u0430\u0441\u0441\u0430\u0436)","account_id":10765,"date_create":1582908326,"status":6,"price":"0","client_id":2936299,"roistat":"\u0412\u0445\u043e\u0434\u044f\u0449\u0438\u0439 \u0437\u0432\u043e\u043d\u043e\u043a,\u043e\u0442 \u0437\u043d\u0430\u043a\u043e\u043c\u044b\u0445","executor":"\u0424\u0438\u043b\u0438\u043f \u0412\u0438\u043c\u0430\u043b\u0430 \u0412\u0438\u043f\u0438\u043d","is_sale":false,"appointment_id":5857708,"fields":{"1":"\u0424\u0438\u043b\u0438\u043f \u0412\u0438\u043c\u0430\u043b\u0430 \u0412\u0438\u043f\u0438\u043d","2":"https:\/\/klientiks.ru\/clientix\/client\/default\/id\/2936299","3":10765}},{"id":6614892,"name":"\u041a\u0430\u043b\u0430\u0440\u0438 \u043c\u0430\u0441\u0441\u0430\u0436 (60 \u043c\u0438\u043d. \u043d\u043e\u0436\u043d\u043e\u0439 \u043c\u0430\u0441\u043b\u044f\u043d\u044b\u0439 \u043c\u0430\u0441\u0441\u0430\u0436)","account_id":10765,"date_create":1582908371,"status":7,"price":null,"client_id":2936299,"roistat":"\u0412\u0445\u043e\u0434\u044f\u0449\u0438\u0439 \u0437\u0432\u043e\u043d\u043e\u043a,\u043e\u0442 \u0437\u043d\u0430\u043a\u043e\u043c\u044b\u0445","executor":"\u0424\u0438\u043b\u0438\u043f \u0412\u0438\u043c\u0430\u043b\u0430 \u0412\u0438\u043f\u0438\u043d","is_sale":false,"appointment_id":5857714,"fields":{"1":"\u0424\u0438\u043b\u0438\u043f \u0412\u0438\u043c\u0430\u043b\u0430 \u0412\u0438\u043f\u0438\u043d","2":"https:\/\/klientiks.ru\/clientix\/client\/default\/id\/2936299","3":10765}},{"id":6616355,"name":"\u0410\u0431\u0445\u044a\u044f\u043d\u0433\u0430 \u043c\u0430\u0441\u0441\u0430\u0436 (60 \u043c\u0438\u043d. \u0440\u0443\u0447\u043d\u043e\u0439 \u043c\u0430\u0441\u043b\u044f\u043d\u044b\u0439 \u043c\u0430\u0441\u0441\u0430\u0436 \u0432 2 \u0440\u0443\u043a\u0438),\u041c\u0443\u043a\u0445\u0430\u0431\u0445\u044a\u044f\u043d\u0433\u0430 (30 \u043c\u0438\u043d. \u043c\u0430\u0441\u0441\u0430\u0436 \u043b\u0438\u0446\u0430),\u0410\u0431\u0445\u044a\u044f\u043d\u0433\u0430 \u043c\u0430\u0441\u0441\u0430\u0436 (60 \u043c\u0438\u043d. \u0440\u0443\u0447\u043d\u043e\u0439 \u043c\u0430\u0441\u043b\u044f\u043d\u044b\u0439 \u043c\u0430\u0441\u0441\u0430\u0436 \u0432 2 \u0440\u0443\u043a\u0438),\u041c\u0443\u043a\u0445\u0430\u0431\u0445\u044a\u044f\u043d\u0433\u0430 (30 \u043c\u0438\u043d. \u043c\u0430\u0441\u0441\u0430\u0436 \u043b\u0438\u0446\u0430)","account_id":10765,"date_create":1582958255,"status":6,"price":"4400","client_id":2942716,"roistat":"\u0412\u0445\u043e\u0434\u044f\u0449\u0438\u0439 \u0437\u0432\u043e\u043d\u043e\u043a","executor":"\u0428\u0440\u0438\u0442\u0430","is_sale":false,"appointment_id":5858940,"fields":{"1":"\u0428\u0440\u0438\u0442\u0430","2":"https:\/\/klientiks.ru\/clientix\/client\/default\/id\/2942716","3":10765}},{"id":6616633,"name":"\u0410\u044e\u0440\u0432\u0435\u0434\u0430 \u043a\u043e\u043d\u0441\u0443\u043b\u044c\u0442\u0430\u0446\u0438\u044f \u0432\u0440\u0430\u0447\u0430 (60 \u043c\u0438\u043d)","account_id":10765,"date_create":1582960279,"status":7,"price":null,"client_id":3332399,"roistat":"\u0412\u0445\u043e\u0434\u044f\u0449\u0438\u0439 \u0437\u0432\u043e\u043d\u043e\u043a,\u0418\u043d\u0442\u0435\u0440\u043d\u0435\u0442","executor":"\u041f\u0440\u0430\u0432\u0438\u043d \u0421\u0443\u0440\u0435\u043d\u0434\u0440\u0430\u043d\u043f\u0438\u043b\u0430\u0439 \u0412\u0430\u0441\u0430\u043d\u0442\u0430\u043a\u0443\u043c\u0430\u0440\u0438","is_sale":false,"appointment_id":5859207,"fields":{"1":"\u041f\u0440\u0430\u0432\u0438\u043d \u0421\u0443\u0440\u0435\u043d\u0434\u0440\u0430\u043d\u043f\u0438\u043b\u0430\u0439 \u0412\u0430\u0441\u0430\u043d\u0442\u0430\u043a\u0443\u043c\u0430\u0440\u0438","2":"https:\/\/klientiks.ru\/clientix\/client\/default\/id\/3332399","3":10765}},{"id":6617138,"name":"Tiktaka_Kwatham_100tab","account_id":10765,"date_create":1582962755,"status":6,"price":"1250","client_id":2695457,"roistat":"\u043e\u0442 \u0437\u043d\u0430\u043a\u043e\u043c\u044b\u0445","executor":"\u0410\u0445\u043c\u0435\u0434\u043e\u0432\u0430 \u0422\u0430\u0442\u044c\u044f\u043d\u0430 \u041b\u0435\u043e\u043d\u0438\u0434\u043e\u0432\u043d\u0430","is_sale":true,"appointment_id":5859697,"fields":{"1":"\u0410\u0445\u043c\u0435\u0434\u043e\u0432\u0430 \u0422\u0430\u0442\u044c\u044f\u043d\u0430 \u041b\u0435\u043e\u043d\u0438\u0434\u043e\u0432\u043d\u0430","2":"https:\/\/klientiks.ru\/clientix\/client\/default\/id\/2695457","3":10765}},{"id":6617942,"name":"\u041a\u043e\u043d\u0441\u0443\u043b\u044c\u0442\u0430\u0446\u0438\u044f \u0430\u0441\u0442\u0440\u043e\u043b\u043e\u0433\u0430 \u0420\u0430\u0433\u0445\u0443\u043d\u0430\u0442\u0445  \u0441\u043a\u0430\u0439\u043f","account_id":10765,"date_create":1582966621,"status":7,"price":null,"client_id":3325787,"roistat":"\u0412\u0445\u043e\u0434\u044f\u0449\u0438\u0439 \u0437\u0432\u043e\u043d\u043e\u043a,\u0418\u043d\u0442\u0435\u0440\u043d\u0435\u0442","executor":"\u0420\u0430\u0433\u0445\u0443\u043d\u0430\u0442\u0445 \u041c\u0435\u043d\u043e\u043d","is_sale":false,"appointment_id":5860448,"fields":{"1":"\u0420\u0430\u0433\u0445\u0443\u043d\u0430\u0442\u0445 \u041c\u0435\u043d\u043e\u043d","2":"https:\/\/klientiks.ru\/clientix\/client\/default\/id\/3325787","3":10765}},{"id":6618358,"name":"\u0410\u044e\u0440\u0432\u0435\u0434\u0430 \u043a\u043e\u043d\u0441\u0443\u043b\u044c\u0442\u0430\u0446\u0438\u044f \u0432\u0440\u0430\u0447\u0430 (60 \u043c\u0438\u043d)","account_id":10765,"date_create":1582968635,"status":6,"price":"3200","client_id":3332878,"roistat":"\u0412\u0445\u043e\u0434\u044f\u0449\u0438\u0439 \u0437\u0432\u043e\u043d\u043e\u043a","executor":"\u041f\u0440\u0430\u0432\u0438\u043d \u0421\u0443\u0440\u0435\u043d\u0434\u0440\u0430\u043d\u043f\u0438\u043b\u0430\u0439 \u0412\u0430\u0441\u0430\u043d\u0442\u0430\u043a\u0443\u043c\u0430\u0440\u0438","is_sale":false,"appointment_id":5860861,"fields":{"1":"\u041f\u0440\u0430\u0432\u0438\u043d \u0421\u0443\u0440\u0435\u043d\u0434\u0440\u0430\u043d\u043f\u0438\u043b\u0430\u0439 \u0412\u0430\u0441\u0430\u043d\u0442\u0430\u043a\u0443\u043c\u0430\u0440\u0438","2":"https:\/\/klientiks.ru\/clientix\/client\/default\/id\/3332878","3":10765}},{"id":6618409,"name":"\u0410\u044e\u0440\u0432\u0435\u0434\u0430 \u043a\u043e\u043d\u0441\u0443\u043b\u044c\u0442\u0430\u0446\u0438\u044f \u0432\u0440\u0430\u0447\u0430 (60 \u043c\u0438\u043d)","account_id":10765,"date_create":1582968860,"status":6,"price":"3200","client_id":3332903,"roistat":"\u0412\u0445\u043e\u0434\u044f\u0449\u0438\u0439 \u0437\u0432\u043e\u043d\u043e\u043a,\u0418\u043d\u0442\u0435\u0440\u043d\u0435\u0442","executor":"\u041f\u0440\u0430\u0432\u0438\u043d \u0421\u0443\u0440\u0435\u043d\u0434\u0440\u0430\u043d\u043f\u0438\u043b\u0430\u0439 \u0412\u0430\u0441\u0430\u043d\u0442\u0430\u043a\u0443\u043c\u0430\u0440\u0438","is_sale":false,"appointment_id":5860916,"fields":{"1":"\u041f\u0440\u0430\u0432\u0438\u043d \u0421\u0443\u0440\u0435\u043d\u0434\u0440\u0430\u043d\u043f\u0438\u043b\u0430\u0439 \u0412\u0430\u0441\u0430\u043d\u0442\u0430\u043a\u0443\u043c\u0430\u0440\u0438","2":"https:\/\/klientiks.ru\/clientix\/client\/default\/id\/3332903","3":10765}},{"id":6618428,"name":"\u041a\u0443\u043d\u0436\u0443\u0442\u043d\u043e\u0435_\u043c\u0430\u0441\u043b\u043e_\u041a\u0430\u043c\u0430\u043b\u0430,\u041a\u0443\u043d\u0436\u0443\u0442\u043d\u043e\u0435_\u043c\u0430\u0441\u043b\u043e_\u041a\u0430\u043c\u0430\u043b\u0430,Drakshadi_kashayam_200ml,\u041a\u0443\u043d\u0436\u0443\u0442\u043d\u043e\u0435_\u043c\u0430\u0441\u043b\u043e_\u041a\u0430\u043c\u0430\u043b\u0430,Avipathi_choornam_30g,Ashwagandha_60tab_Kutir/u0027s,Ashwagandha_60tab_Kutir/u0027s,Septilin_Himalaya_60 tab,Drakshadi_kashayam_200ml,\u041a\u0443\u043d\u0436\u0443\u0442\u043d\u043e\u0435_\u043c\u0430\u0441\u043b\u043e_\u041a\u0430\u043c\u0430\u043b\u0430,Avipathi_choornam_30g,Avipathi_choornam_30g,Septilin_Himalaya_60 tab,Drakshadi_kashayam_200ml,Septilin_Himalaya_60 tab,Septilin_Himalaya_60 tab,Ashwagandha_60tab_Kutir/u0027s,Ashwagandha_60tab_Kutir/u0027s,Avipathi_choornam_30g,Drakshadi_kashayam_200ml,Septilin_Himalaya_60 tab,Ashwagandha_60tab_Kutir/u0027s,Avipathi_choornam_30g,\u041a\u0443\u043d\u0436\u0443\u0442\u043d\u043e\u0435_\u043c\u0430\u0441\u043b\u043e_\u041a\u0430\u043c\u0430\u043b\u0430,Drakshadi_kashayam_200ml","account_id":10765,"date_create":1582968967,"status":6,"price":"1750","client_id":3255176,"roistat":"\u043e\u0442 \u0437\u043d\u0430\u043a\u043e\u043c\u044b\u0445,\u0418\u043d\u0442\u0435\u0440\u043d\u0435\u0442","executor":"\u0410\u0445\u043c\u0435\u0434\u043e\u0432\u0430 \u0422\u0430\u0442\u044c\u044f\u043d\u0430 \u041b\u0435\u043e\u043d\u0438\u0434\u043e\u0432\u043d\u0430","is_sale":true,"appointment_id":5860936,"fields":{"1":"\u0410\u0445\u043c\u0435\u0434\u043e\u0432\u0430 \u0422\u0430\u0442\u044c\u044f\u043d\u0430 \u041b\u0435\u043e\u043d\u0438\u0434\u043e\u0432\u043d\u0430","2":"https:\/\/klientiks.ru\/clientix\/client\/default\/id\/3255176","3":10765}},{"id":6618714,"name":"\u0410\u0431\u0445\u044a\u044f\u043d\u0433\u0430 \u043c\u0430\u0441\u0441\u0430\u0436 (60 \u043c\u0438\u043d. \u0440\u0443\u0447\u043d\u043e\u0439 \u043c\u0430\u0441\u043b\u044f\u043d\u044b\u0439 \u043c\u0430\u0441\u0441\u0430\u0436 \u0432 2 \u0440\u0443\u043a\u0438)","account_id":10765,"date_create":1582970573,"status":6,"price":"3200","client_id":3255176,"roistat":"\u043e\u0442 \u0437\u043d\u0430\u043a\u043e\u043c\u044b\u0445,\u0418\u043d\u0442\u0435\u0440\u043d\u0435\u0442","executor":"\u0428\u0440\u0438\u0442\u0430","is_sale":false,"appointment_id":5727454,"fields":{"1":"\u0428\u0440\u0438\u0442\u0430","2":"https:\/\/klientiks.ru\/clientix\/client\/default\/id\/3255176","3":10765}},{"id":6619065,"name":"\u0410\u044e\u0440\u0432\u0435\u0434\u0430 \u043f\u043e\u0432\u0442\u043e\u0440\u043d\u0430\u044f \u043a\u043e\u043d\u0441\u0443\u043b\u044c\u0442\u0430\u0446\u0438\u044f \u0432\u0440\u0430\u0447\u0430 \u0432 \u043d\u0430\u0437\u043d\u0430\u0447\u0435\u043d\u043d\u044b\u0439 \u0441\u0440\u043e\u043a (30 \u043c\u0438\u043d)","account_id":10765,"date_create":1582972818,"status":7,"price":null,"client_id":3255176,"roistat":"\u043e\u0442 \u0437\u043d\u0430\u043a\u043e\u043c\u044b\u0445,\u0418\u043d\u0442\u0435\u0440\u043d\u0435\u0442","executor":"\u041f\u0440\u0430\u0432\u0438\u043d \u0421\u0443\u0440\u0435\u043d\u0434\u0440\u0430\u043d\u043f\u0438\u043b\u0430\u0439 \u0412\u0430\u0441\u0430\u043d\u0442\u0430\u043a\u0443\u043c\u0430\u0440\u0438","is_sale":false,"appointment_id":5861541,"fields":{"1":"\u041f\u0440\u0430\u0432\u0438\u043d \u0421\u0443\u0440\u0435\u043d\u0434\u0440\u0430\u043d\u043f\u0438\u043b\u0430\u0439 \u0412\u0430\u0441\u0430\u043d\u0442\u0430\u043a\u0443\u043c\u0430\u0440\u0438","2":"https:\/\/klientiks.ru\/clientix\/client\/default\/id\/3255176","3":10765}},{"id":6619635,"name":"\u0410\u0431\u0445\u044a\u044f\u043d\u0433\u0430 \u043c\u0430\u0441\u0441\u0430\u0436 (60 \u043c\u0438\u043d. \u0440\u0443\u0447\u043d\u043e\u0439 \u043c\u0430\u0441\u043b\u044f\u043d\u044b\u0439 \u043c\u0430\u0441\u0441\u0430\u0436 \u0432 2 \u0440\u0443\u043a\u0438)","account_id":10765,"date_create":1582976474,"status":7,"price":null,"client_id":2319865,"roistat":"\u0412\u0445\u043e\u0434\u044f\u0449\u0438\u0439 \u0437\u0432\u043e\u043d\u043e\u043a","executor":"\u0410\u043f\u043f\u043e","is_sale":false,"appointment_id":5862108,"fields":{"1":"\u0410\u043f\u043f\u043e","2":"https:\/\/klientiks.ru\/clientix\/client\/default\/id\/2319865","3":10765}},{"id":6619896,"name":"\u041a\u0438\u0436\u0438 \u043c\u0430\u0441\u0441\u0430\u0436 (60 \u043c\u0438\u043d. \u043f\u0438\u043d\u0434\u0430\u0441\u0432\u0435\u0434\u0430\u043d\u0430, \u043c\u0430\u0441\u0441\u0430\u0436 \u043c\u0435\u0448\u043e\u0447\u043a\u0430\u043c\u0438 \u0432 2 \u0440\u0443\u043a\u0438)","account_id":10765,"date_create":1582978641,"status":7,"price":null,"client_id":3122840,"roistat":"\u0420\u043e\u0434\u0441\u0442\u0432\u0435\u043d\u043d\u0438\u043a \u043d\u0430\u0448\u0435\u0433\u043e \u043a\u043b\u0438\u0435\u043d\u0442\u0430","executor":"\u0424\u0438\u043b\u0438\u043f \u0412\u0438\u043c\u0430\u043b\u0430 \u0412\u0438\u043f\u0438\u043d","is_sale":false,"appointment_id":5862352,"fields":{"1":"\u0424\u0438\u043b\u0438\u043f \u0412\u0438\u043c\u0430\u043b\u0430 \u0412\u0438\u043f\u0438\u043d","2":"https:\/\/klientiks.ru\/clientix\/client\/default\/id\/3122840","3":10765}},{"id":6620022,"name":"\u0410\u044e\u0440\u0432\u0435\u0434\u0430 \u043f\u043e\u0432\u0442\u043e\u0440\u043d\u0430\u044f  \u043a\u043e\u043d\u0441\u0443\u043b\u044c\u0442\u0430\u0446\u0438\u044f \u043f\u0440\u0438\u0433\u043b\u0430\u0448\u0435\u043d\u043d\u043e\u0433\u043e \u0441\u043f\u0435\u0446\u0438\u0430\u043b\u0438\u0441\u0442\u0430 (30 \u043c\u0438\u043d)","account_id":10765,"date_create":1582979786,"status":6,"price":"2500","client_id":2823274,"roistat":"\u0421\u043e\u0432\u0435\u0442 \u0414\u0440\u0443\u0437\u0435\u0439,\u0438\u043d\u0442\u0435\u0440\u043d\u0435\u0442","executor":"\u0414\u0436\u0430\u0442\u0445\u0430\u0432 \u041f\u0430\u0440\u0435\u0448","is_sale":false,"appointment_id":5862466,"fields":{"1":"\u0414\u0436\u0430\u0442\u0445\u0430\u0432 \u041f\u0430\u0440\u0435\u0448","2":"https:\/\/klientiks.ru\/clientix\/client\/default\/id\/2823274","3":10765}},{"id":6620738,"name":"\u0410\u0431\u0445\u044a\u044f\u043d\u0433\u0430 \u043c\u0430\u0441\u0441\u0430\u0436 (60 \u043c\u0438\u043d. \u0440\u0443\u0447\u043d\u043e\u0439 \u043c\u0430\u0441\u043b\u044f\u043d\u044b\u0439 \u043c\u0430\u0441\u0441\u0430\u0436 \u0432 2 \u0440\u0443\u043a\u0438),\u0410\u0431\u0445\u044a\u044f\u043d\u0433\u0430 \u043c\u0430\u0441\u0441\u0430\u0436 (60 \u043c\u0438\u043d. \u0440\u0443\u0447\u043d\u043e\u0439 \u043c\u0430\u0441\u043b\u044f\u043d\u044b\u0439 \u043c\u0430\u0441\u0441\u0430\u0436 \u0432 2 \u0440\u0443\u043a\u0438),\u0421\u0435\u0430\u043d\u0441 \u0432 \u043a\u0435\u0434\u0440\u043e\u0432\u043e\u0439 \u0431\u043e\u0447\u043a\u0435 \u0441 \u0444\u0438\u0442\u043e\u0441\u0431\u043e\u0440\u043e\u043c,\u0421\u0435\u0430\u043d\u0441 \u0432 \u043a\u0435\u0434\u0440\u043e\u0432\u043e\u0439 \u0431\u043e\u0447\u043a\u0435 \u0441 \u0444\u0438\u0442\u043e\u0441\u0431\u043e\u0440\u043e\u043c","account_id":10765,"date_create":1582985690,"status":6,"price":"0","client_id":3263662,"roistat":"\u043f\u043e\u0441\u0442\u043e\u044f\u043d\u043d\u044b\u0439 \u043a\u043b\u0438\u0435\u043d\u0442","executor":"\u0428\u0440\u0438\u0442\u0430","is_sale":false,"appointment_id":5863078,"fields":{"1":"\u0428\u0440\u0438\u0442\u0430","2":"https:\/\/klientiks.ru\/clientix\/client\/default\/id\/3263662","3":10765}},{"id":6620742,"name":"\u0412\u0438\u0440\u0435\u0447\u0430\u043d\u0430 (\u0441\u043b\u0430\u0431\u0438\u0442\u0435\u043b\u044c\u043d\u0430\u044f \u0442\u0435\u0440\u0430\u043f\u0438\u044f),\u041a\u0430\u043b\u0430\u0440\u0438 \u043c\u0430\u0441\u0441\u0430\u0436 (60 \u043c\u0438\u043d. \u043d\u043e\u0436\u043d\u043e\u0439 \u043c\u0430\u0441\u043b\u044f\u043d\u044b\u0439 \u043c\u0430\u0441\u0441\u0430\u0436),\u0412\u0438\u0440\u0435\u0447\u0430\u043d\u0430 (\u0441\u043b\u0430\u0431\u0438\u0442\u0435\u043b\u044c\u043d\u0430\u044f \u0442\u0435\u0440\u0430\u043f\u0438\u044f),\u041a\u0430\u043b\u0430\u0440\u0438 \u043c\u0430\u0441\u0441\u0430\u0436 (60 \u043c\u0438\u043d. \u043d\u043e\u0436\u043d\u043e\u0439 \u043c\u0430\u0441\u043b\u044f\u043d\u044b\u0439 \u043c\u0430\u0441\u0441\u0430\u0436)","account_id":10765,"date_create":1582985730,"status":6,"price":"0","client_id":3263662,"roistat":"\u043f\u043e\u0441\u0442\u043e\u044f\u043d\u043d\u044b\u0439 \u043a\u043b\u0438\u0435\u043d\u0442","executor":"\u0428\u0440\u0438\u0442\u0430","is_sale":false,"appointment_id":5863080,"fields":{"1":"\u0428\u0440\u0438\u0442\u0430","2":"https:\/\/klientiks.ru\/clientix\/client\/default\/id\/3263662","3":10765}},{"id":6620748,"name":"\u041a\u0438\u0436\u0438 \u043d\u0430 \u0447\u0430\u0441\u0442\u0438 \u0442\u0435\u043b\u0430 (30 \u043c\u0438\u043d),\u0410\u0431\u0445\u044a\u044f\u043d\u0433\u0430 \u043c\u0430\u0441\u0441\u0430\u0436 (60 \u043c\u0438\u043d. \u0440\u0443\u0447\u043d\u043e\u0439 \u043c\u0430\u0441\u043b\u044f\u043d\u044b\u0439 \u043c\u0430\u0441\u0441\u0430\u0436 \u0432 2 \u0440\u0443\u043a\u0438),\u0410\u0431\u0445\u044a\u044f\u043d\u0433\u0430 \u043c\u0430\u0441\u0441\u0430\u0436 (60 \u043c\u0438\u043d. \u0440\u0443\u0447\u043d\u043e\u0439 \u043c\u0430\u0441\u043b\u044f\u043d\u044b\u0439 \u043c\u0430\u0441\u0441\u0430\u0436 \u0432 2 \u0440\u0443\u043a\u0438),\u041a\u0438\u0436\u0438 \u043d\u0430 \u0447\u0430\u0441\u0442\u0438 \u0442\u0435\u043b\u0430 (30 \u043c\u0438\u043d)","account_id":10765,"date_create":1582985805,"status":6,"price":"0","client_id":3263662,"roistat":"\u043f\u043e\u0441\u0442\u043e\u044f\u043d\u043d\u044b\u0439 \u043a\u043b\u0438\u0435\u043d\u0442","executor":"\u041d\u0438\u0431\u0438\u043d \u041a\u043e\u0434\u0430\u0442 \u0414\u0438\u043d\u0435\u0441\u0430\u043d","is_sale":false,"appointment_id":5863085,"fields":{"1":"\u041d\u0438\u0431\u0438\u043d \u041a\u043e\u0434\u0430\u0442 \u0414\u0438\u043d\u0435\u0441\u0430\u043d","2":"https:\/\/klientiks.ru\/clientix\/client\/default\/id\/3263662","3":10765}},{"id":6620754,"name":"\u0410\u0431\u0445\u044a\u044f\u043d\u0433\u0430 \u043c\u0430\u0441\u0441\u0430\u0436 (60 \u043c\u0438\u043d. \u0440\u0443\u0447\u043d\u043e\u0439 \u043c\u0430\u0441\u043b\u044f\u043d\u044b\u0439 \u043c\u0430\u0441\u0441\u0430\u0436 \u0432 2 \u0440\u0443\u043a\u0438),\u041a\u0438\u0436\u0438 \u043d\u0430 \u0447\u0430\u0441\u0442\u0438 \u0442\u0435\u043b\u0430 (30 \u043c\u0438\u043d),\u0410\u0431\u0445\u044a\u044f\u043d\u0433\u0430 \u043c\u0430\u0441\u0441\u0430\u0436 (60 \u043c\u0438\u043d. \u0440\u0443\u0447\u043d\u043e\u0439 \u043c\u0430\u0441\u043b\u044f\u043d\u044b\u0439 \u043c\u0430\u0441\u0441\u0430\u0436 \u0432 2 \u0440\u0443\u043a\u0438),\u041a\u0438\u0436\u0438 \u043d\u0430 \u0447\u0430\u0441\u0442\u0438 \u0442\u0435\u043b\u0430 (30 \u043c\u0438\u043d)","account_id":10765,"date_create":1582985849,"status":6,"price":"0","client_id":3263662,"roistat":"\u043f\u043e\u0441\u0442\u043e\u044f\u043d\u043d\u044b\u0439 \u043a\u043b\u0438\u0435\u043d\u0442","executor":"\u041d\u0438\u0431\u0438\u043d \u041a\u043e\u0434\u0430\u0442 \u0414\u0438\u043d\u0435\u0441\u0430\u043d","is_sale":false,"appointment_id":5863092,"fields":{"1":"\u041d\u0438\u0431\u0438\u043d \u041a\u043e\u0434\u0430\u0442 \u0414\u0438\u043d\u0435\u0441\u0430\u043d","2":"https:\/\/klientiks.ru\/clientix\/client\/default\/id\/3263662","3":10765}},{"id":6620759,"name":"\u0410\u043d\u0443\u0432\u0430\u0441\u0430\u043d\u0430 \u0411\u0430\u0441\u0442\u0438 (30 \u043c\u0438\u043d. \u043c\u0430\u0441\u043b\u044f\u043d\u0430\u044f \u0442\u0440\u0430\u0432\u044f\u043d\u0430\u044f \u043a\u043b\u0438\u0437\u043c\u0430),\u041f\u0438\u0447\u0443 (30 \u043c\u0438\u043d. \u043c\u0430\u0441\u043b\u044f\u043d\u0430\u044f \u0430\u043f\u043f\u043b\u0438\u043a\u0430\u0446\u0438\u044f),\u041a\u0430\u043b\u0430\u0440\u0438 \u043c\u0430\u0441\u0441\u0430\u0436 (60 \u043c\u0438\u043d. \u043d\u043e\u0436\u043d\u043e\u0439 \u043c\u0430\u0441\u043b\u044f\u043d\u044b\u0439 \u043c\u0430\u0441\u0441\u0430\u0436),\u0410\u043d\u0443\u0432\u0430\u0441\u0430\u043d\u0430 \u0411\u0430\u0441\u0442\u0438 (30 \u043c\u0438\u043d. \u043c\u0430\u0441\u043b\u044f\u043d\u0430\u044f \u0442\u0440\u0430\u0432\u044f\u043d\u0430\u044f \u043a\u043b\u0438\u0437\u043c\u0430),\u041f\u0438\u0447\u0443 (30 \u043c\u0438\u043d. \u043c\u0430\u0441\u043b\u044f\u043d\u0430\u044f \u0430\u043f\u043f\u043b\u0438\u043a\u0430\u0446\u0438\u044f),\u041a\u0430\u043b\u0430\u0440\u0438 \u043c\u0430\u0441\u0441\u0430\u0436 (60 \u043c\u0438\u043d. \u043d\u043e\u0436\u043d\u043e\u0439 \u043c\u0430\u0441\u043b\u044f\u043d\u044b\u0439 \u043c\u0430\u0441\u0441\u0430\u0436),\u0410\u043d\u0443\u0432\u0430\u0441\u0430\u043d\u0430 \u0411\u0430\u0441\u0442\u0438 (30 \u043c\u0438\u043d. \u043c\u0430\u0441\u043b\u044f\u043d\u0430\u044f \u0442\u0440\u0430\u0432\u044f\u043d\u0430\u044f \u043a\u043b\u0438\u0437\u043c\u0430),\u041f\u0438\u0447\u0443 (30 \u043c\u0438\u043d. \u043c\u0430\u0441\u043b\u044f\u043d\u0430\u044f \u0430\u043f\u043f\u043b\u0438\u043a\u0430\u0446\u0438\u044f),\u041a\u0430\u043b\u0430\u0440\u0438 \u043c\u0430\u0441\u0441\u0430\u0436 (60 \u043c\u0438\u043d. \u043d\u043e\u0436\u043d\u043e\u0439 \u043c\u0430\u0441\u043b\u044f\u043d\u044b\u0439 \u043c\u0430\u0441\u0441\u0430\u0436)","account_id":10765,"date_create":1582985911,"status":6,"price":"0","client_id":3263662,"roistat":"\u043f\u043e\u0441\u0442\u043e\u044f\u043d\u043d\u044b\u0439 \u043a\u043b\u0438\u0435\u043d\u0442","executor":"\u0428\u0440\u0438\u0442\u0430","is_sale":false,"appointment_id":5863097,"fields":{"1":"\u0428\u0440\u0438\u0442\u0430","2":"https:\/\/klientiks.ru\/clientix\/client\/default\/id\/3263662","3":10765}},{"id":6620763,"name":"\u0410\u0431\u0445\u044a\u044f\u043d\u0433\u0430 \u043c\u0430\u0441\u0441\u0430\u0436 (60 \u043c\u0438\u043d. \u0440\u0443\u0447\u043d\u043e\u0439 \u043c\u0430\u0441\u043b\u044f\u043d\u044b\u0439 \u043c\u0430\u0441\u0441\u0430\u0436 \u0432 2 \u0440\u0443\u043a\u0438),\u041d\u0438\u0440\u0443\u0445\u0430 \u0411\u0430\u0441\u0442\u0438 (60 \u043c\u0438\u043d. \u043a\u043b\u0438\u0437\u043c\u0430 \u0442\u0440\u0430\u0432\u044f\u043d\u044b\u043c \u043e\u0442\u0432\u0430\u0440\u043e\u043c),\u041d\u0438\u0440\u0443\u0445\u0430 \u0411\u0430\u0441\u0442\u0438 (60 \u043c\u0438\u043d. \u043a\u043b\u0438\u0437\u043c\u0430 \u0442\u0440\u0430\u0432\u044f\u043d\u044b\u043c \u043e\u0442\u0432\u0430\u0440\u043e\u043c),\u041f\u0438\u0447\u0443 (30 \u043c\u0438\u043d. \u043c\u0430\u0441\u043b\u044f\u043d\u0430\u044f \u0430\u043f\u043f\u043b\u0438\u043a\u0430\u0446\u0438\u044f),\u0410\u0431\u0445\u044a\u044f\u043d\u0433\u0430 \u043c\u0430\u0441\u0441\u0430\u0436 (60 \u043c\u0438\u043d. \u0440\u0443\u0447\u043d\u043e\u0439 \u043c\u0430\u0441\u043b\u044f\u043d\u044b\u0439 \u043c\u0430\u0441\u0441\u0430\u0436 \u0432 2 \u0440\u0443\u043a\u0438),\u041d\u0438\u0440\u0443\u0445\u0430 \u0411\u0430\u0441\u0442\u0438 (60 \u043c\u0438\u043d. \u043a\u043b\u0438\u0437\u043c\u0430 \u0442\u0440\u0430\u0432\u044f\u043d\u044b\u043c \u043e\u0442\u0432\u0430\u0440\u043e\u043c),\u041f\u0438\u0447\u0443 (30 \u043c\u0438\u043d. \u043c\u0430\u0441\u043b\u044f\u043d\u0430\u044f \u0430\u043f\u043f\u043b\u0438\u043a\u0430\u0446\u0438\u044f),\u0410\u0431\u0445\u044a\u044f\u043d\u0433\u0430 \u043c\u0430\u0441\u0441\u0430\u0436 (60 \u043c\u0438\u043d. \u0440\u0443\u0447\u043d\u043e\u0439 \u043c\u0430\u0441\u043b\u044f\u043d\u044b\u0439 \u043c\u0430\u0441\u0441\u0430\u0436 \u0432 2 \u0440\u0443\u043a\u0438),\u041f\u0438\u0447\u0443 (30 \u043c\u0438\u043d. \u043c\u0430\u0441\u043b\u044f\u043d\u0430\u044f \u0430\u043f\u043f\u043b\u0438\u043a\u0430\u0446\u0438\u044f)","account_id":10765,"date_create":1582985948,"status":6,"price":"0","client_id":3263662,"roistat":"\u043f\u043e\u0441\u0442\u043e\u044f\u043d\u043d\u044b\u0439 \u043a\u043b\u0438\u0435\u043d\u0442","executor":"\u041d\u0438\u0431\u0438\u043d \u041a\u043e\u0434\u0430\u0442 \u0414\u0438\u043d\u0435\u0441\u0430\u043d","is_sale":false,"appointment_id":5863101,"fields":{"1":"\u041d\u0438\u0431\u0438\u043d \u041a\u043e\u0434\u0430\u0442 \u0414\u0438\u043d\u0435\u0441\u0430\u043d","2":"https:\/\/klientiks.ru\/clientix\/client\/default\/id\/3263662","3":10765}},{"id":6620773,"name":"\u0410\u043d\u0443\u0432\u0430\u0441\u0430\u043d\u0430 \u0411\u0430\u0441\u0442\u0438 (30 \u043c\u0438\u043d. \u043c\u0430\u0441\u043b\u044f\u043d\u0430\u044f \u0442\u0440\u0430\u0432\u044f\u043d\u0430\u044f \u043a\u043b\u0438\u0437\u043c\u0430),\u041a\u0438\u0436\u0438 \u043d\u0430 \u0447\u0430\u0441\u0442\u0438 \u0442\u0435\u043b\u0430 (30 \u043c\u0438\u043d),\u0410\u0431\u0445\u044a\u044f\u043d\u0433\u0430 \u043c\u0430\u0441\u0441\u0430\u0436 (60 \u043c\u0438\u043d. \u0440\u0443\u0447\u043d\u043e\u0439 \u043c\u0430\u0441\u043b\u044f\u043d\u044b\u0439 \u043c\u0430\u0441\u0441\u0430\u0436 \u0432 2 \u0440\u0443\u043a\u0438)","account_id":10765,"date_create":1582986015,"status":7,"price":null,"client_id":3263662,"roistat":"\u043f\u043e\u0441\u0442\u043e\u044f\u043d\u043d\u044b\u0439 \u043a\u043b\u0438\u0435\u043d\u0442","executor":"\u0428\u0440\u0438\u0442\u0430","is_sale":false,"appointment_id":5863108,"fields":{"1":"\u0428\u0440\u0438\u0442\u0430","2":"https:\/\/klientiks.ru\/clientix\/client\/default\/id\/3263662","3":10765}}],"pagination":{"total_count":22602,"limit":50,"page_number":1},"total_count":22602,"page_number":1}') v, current_timestamp ts) s on s.v = parse_json(t.v) when not matched then insert (t.v, changed_at) values (s.v, s.ts)
2020-08-23 01:34:18,523 - executing SQL/command
2020-08-23 01:34:18,523 - binding: [merge into KAMALA_ACL t using (select parse_json('{"offset":19500,"count":50,"li...] with input=[None], processed=[{}]
2020-08-23 01:34:18,523 - query: [merge into KAMALA_ACL t using (select parse_json('{"offset":19500,"count":50,"li...]
2020-08-23 01:34:18,523 - Cannot use arrow result format, fallback to json format
2020-08-23 01:34:18,523 - sequence counter: 1
2020-08-23 01:34:18,523 - running query [merge into KAMALA_ACL t using (select parse_json('{"offset":19500,"count":50,"li...]
2020-08-23 01:34:18,523 - is_file_transfer: False
2020-08-23 01:34:18,523 - _cmd_query
2020-08-23 01:34:18,524 - sql=[merge into KAMALA_ACL t using (select parse_json('{"offset":19500,"count":50,"li...], sequence_id=[1], is_file_transfer=[None]
2020-08-23 01:34:18,524 - Active requests sessions: 1, idle: 0
2020-08-23 01:34:18,524 - remaining request timeout: None, retry cnt: 1
2020-08-23 01:34:18,524 - socket timeout: 60
2020-08-23 01:34:19,090 - https://ringcentral.snowflakecomputing.com:443 "POST /queries/v1/query-request?requestId=855c336f-43f3-4697-a41a-6a6a39e9efd2&request_guid=3bab942e-609e-4b14-8f18-debc7600ecc7 HTTP/1.1" 200 1042
2020-08-23 01:34:19,092 - SUCCESS
2020-08-23 01:34:19,093 - Active requests sessions: 0, idle: 1
2020-08-23 01:34:19,093 - ret[code] = None, after post request
2020-08-23 01:34:19,094 - sfqid: 01966d4a-02ce-3782-0003-e0030053115a
2020-08-23 01:34:19,094 - query execution done
2020-08-23 01:34:19,095 - SUCCESS
2020-08-23 01:34:19,095 - PUT OR GET: None
2020-08-23 01:34:19,095 - Query result format: json
2020-08-23 01:34:38,405 - Requesting data chunk https://klientiks.ru/clientix/Restapi/list/a/390b96e2763e/u/d969c9cde78c/t/073de5009f21b34afa022cfa7ca2c124/m/AppointmentClientLinks/ik/orders/rvwk/status,statuses/?date=10&offset=19450
2020-08-23 01:34:38,408 - Starting new HTTPS connection (1): klientiks.ru:443
2020-08-23 01:34:38,435 - OCSP Mode: FAIL_OPEN, OCSP response cache file name: None
2020-08-23 01:34:38,435 - ocsp_response_cache_uri: file://C:/Users/dmitry.mitrofanov/AppData/Local/Snowflake/Caches/ocsp_response_cache.json
2020-08-23 01:34:38,435 - OCSP_VALIDATION_CACHE size: 140
2020-08-23 01:34:38,435 - OCSP response cache server is enabled: http://ocsp.snowflakecomputing.com/ocsp_response_cache.json
2020-08-23 01:34:38,435 - OCSP dynamic cache server RETRY URL: None
2020-08-23 01:34:38,440 - closed
2020-08-23 01:34:38,440 - Closing telemetry client.
2020-08-23 01:34:38,440 - Active requests sessions: 1, idle: 0
2020-08-23 01:34:38,440 - remaining request timeout: 5, retry cnt: 1
2020-08-23 01:34:38,440 - socket timeout: 60
2020-08-23 01:34:38,442 - Resetting dropped connection: ringcentral.snowflakecomputing.com
2020-08-23 01:34:39,087 - OCSP Mode: FAIL_OPEN, OCSP response cache file name: None
2020-08-23 01:34:39,087 - ocsp_response_cache_uri: file://C:/Users/dmitry.mitrofanov/AppData/Local/Snowflake/Caches/ocsp_response_cache.json
2020-08-23 01:34:39,088 - OCSP_VALIDATION_CACHE size: 140
2020-08-23 01:34:39,088 - OCSP response cache server is enabled: http://ocsp.snowflakecomputing.com/ocsp_response_cache.json
2020-08-23 01:34:39,088 - OCSP dynamic cache server RETRY URL: None
2020-08-23 01:34:39,092 - Verifying the attached certificate is signed by the issuer. Valid Not After: 2025-05-12 23:58:59+00:00
2020-08-23 01:34:39,093 - Verifying the attached certificate is signed by the issuer. Valid Not After: 2025-05-12 23:58:59+00:00
2020-08-23 01:34:39,094 - Verifying the attached certificate is signed by the issuer. Valid Not After: 2023-06-11 20:40:26+00:00
2020-08-23 01:34:39,096 - Verifying the attached certificate is signed by the issuer. Valid Not After: 2023-06-11 20:40:26+00:00
2020-08-23 01:34:39,097 - Verifying the attached certificate is signed by the issuer. Valid Not After: 2023-06-11 20:44:21+00:00
2020-08-23 01:34:39,098 - Verifying the attached certificate is signed by the issuer. Valid Not After: 2023-06-11 20:44:21+00:00
2020-08-23 01:34:39,099 - Verifying the attached certificate is signed by the issuer. Valid Not After: 2021-12-14 07:00:00+00:00
2020-08-23 01:34:39,101 - Verifying the attached certificate is signed by the issuer. Valid Not After: 2021-12-14 07:00:00+00:00
2020-08-23 01:34:39,102 - Verifying the attached certificate is signed by the issuer. Valid Not After: 2025-05-12 23:58:59+00:00
2020-08-23 01:34:39,103 - Verifying the attached certificate is signed by the issuer. Valid Not After: 2025-05-12 23:58:59+00:00
2020-08-23 01:34:39,106 - Verifying the attached certificate is signed by the issuer. Valid Not After: 2025-05-12 23:58:59+00:00
2020-08-23 01:34:39,107 - Verifying the attached certificate is signed by the issuer. Valid Not After: 2025-05-12 23:58:59+00:00
2020-08-23 01:34:39,108 - Verifying the attached certificate is signed by the issuer. Valid Not After: 2025-05-12 23:58:59+00:00
2020-08-23 01:34:39,109 - Verifying the attached certificate is signed by the issuer. Valid Not After: 2025-05-12 23:58:59+00:00
2020-08-23 01:34:39,118 - Verifying the attached certificate is signed by the issuer. Valid Not After: 2025-05-12 23:58:59+00:00
2020-08-23 01:34:39,119 - Verifying the attached certificate is signed by the issuer. Valid Not After: 2025-05-12 23:58:59+00:00
2020-08-23 01:34:39,123 - Verifying the attached certificate is signed by the issuer. Valid Not After: 2021-04-02 17:08:26+00:00
2020-08-23 01:34:39,124 - Verifying the attached certificate is signed by the issuer. Valid Not After: 2021-04-02 17:08:26+00:00
2020-08-23 01:34:39,126 - Verifying the attached certificate is signed by the issuer. Valid Not After: 2021-04-02 17:13:33+00:00
2020-08-23 01:34:39,127 - Verifying the attached certificate is signed by the issuer. Valid Not After: 2021-04-02 17:13:33+00:00
2020-08-23 01:34:39,129 - Verifying the attached certificate is signed by the issuer. Valid Not After: 2021-04-02 16:58:09+00:00
2020-08-23 01:34:39,130 - Verifying the attached certificate is signed by the issuer. Valid Not After: 2021-04-02 16:58:09+00:00
2020-08-23 01:34:39,147 - Verifying the attached certificate is signed by the issuer. Valid Not After: 2021-04-02 17:13:33+00:00
2020-08-23 01:34:39,148 - Verifying the attached certificate is signed by the issuer. Valid Not After: 2021-04-02 17:13:33+00:00
2020-08-23 01:34:39,150 - Verifying the attached certificate is signed by the issuer. Valid Not After: 2021-04-02 17:08:26+00:00
2020-08-23 01:34:39,151 - Verifying the attached certificate is signed by the issuer. Valid Not After: 2021-04-02 17:08:26+00:00
2020-08-23 01:34:39,152 - Verifying the attached certificate is signed by the issuer. Valid Not After: 2021-04-02 17:03:51+00:00
2020-08-23 01:34:39,154 - Verifying the attached certificate is signed by the issuer. Valid Not After: 2021-04-02 17:03:51+00:00
2020-08-23 01:34:39,155 - Verifying the attached certificate is signed by the issuer. Valid Not After: 2021-04-02 16:58:09+00:00
2020-08-23 01:34:39,156 - Verifying the attached certificate is signed by the issuer. Valid Not After: 2021-04-02 16:58:09+00:00
2020-08-23 01:34:39,158 - Verifying the attached certificate is signed by the issuer. Valid Not After: 2021-04-02 17:03:51+00:00
2020-08-23 01:34:39,159 - Verifying the attached certificate is signed by the issuer. Valid Not After: 2021-04-02 17:03:51+00:00
2020-08-23 01:34:39,160 - Verifying the attached certificate is signed by the issuer. Valid Not After: 2021-04-02 17:03:51+00:00
2020-08-23 01:34:39,161 - Verifying the attached certificate is signed by the issuer. Valid Not After: 2021-04-02 17:03:51+00:00
2020-08-23 01:34:39,178 - Verifying the attached certificate is signed by the issuer. Valid Not After: 2021-04-02 17:13:33+00:00
2020-08-23 01:34:39,179 - Verifying the attached certificate is signed by the issuer. Valid Not After: 2021-04-02 17:13:33+00:00
2020-08-23 01:34:39,181 - Read OCSP response cache file: C:/Users/dmitry.mitrofanov/AppData/Local/Snowflake/Caches/ocsp_response_cache.json, count=140
2020-08-23 01:34:39,181 - validating certificate: ringcentral.snowflakecomputing.com
2020-08-23 01:34:39,182 - # of certificates: 4
2020-08-23 01:34:39,182 - subject: OrderedDict([('common_name', '*.us-west-2.snowflakecomputing.com')]), issuer: OrderedDict([('country_name', 'US'), ('organization_name', 'Amazon'), ('organizational_unit_name', 'Server CA 1B'), ('common_name', 'Amazon')])
2020-08-23 01:34:39,183 - subject: OrderedDict([('country_name', 'US'), ('organization_name', 'Amazon'), ('organizational_unit_name', 'Server CA 1B'), ('common_name', 'Amazon')]), issuer: OrderedDict([('country_name', 'US'), ('organization_name', 'Amazon'), ('common_name', 'Amazon Root CA 1')])
2020-08-23 01:34:39,183 - subject: OrderedDict([('country_name', 'US'), ('organization_name', 'Amazon'), ('common_name', 'Amazon Root CA 1')]), issuer: OrderedDict([('country_name', 'US'), ('state_or_province_name', 'Arizona'), ('locality_name', 'Scottsdale'), ('organization_name', 'Starfield Technologies, Inc.'), ('common_name', 'Starfield Services Root Certificate Authority - G2')])
2020-08-23 01:34:39,184 - subject: OrderedDict([('country_name', 'US'), ('state_or_province_name', 'Arizona'), ('locality_name', 'Scottsdale'), ('organization_name', 'Starfield Technologies, Inc.'), ('common_name', 'Starfield Services Root Certificate Authority - G2')]), issuer: OrderedDict([('country_name', 'US'), ('organization_name', 'Starfield Technologies, Inc.'), ('organizational_unit_name', 'Starfield Class 2 Certification Authority')])
2020-08-23 01:34:39,185 - not found issuer_der: OrderedDict([('country_name', 'US'), ('organization_name', 'Starfield Technologies, Inc.'), ('organizational_unit_name', 'Starfield Class 2 Certification Authority')])
2020-08-23 01:34:39,186 - hit cache for subject: OrderedDict([('common_name', '*.us-west-2.snowflakecomputing.com')])
2020-08-23 01:34:39,188 - Verifying the attached certificate is signed by the issuer. Valid Not After: 2023-06-11 20:40:26+00:00
2020-08-23 01:34:39,188 - hit cache for subject: OrderedDict([('country_name', 'US'), ('organization_name', 'Amazon'), ('organizational_unit_name', 'Server CA 1B'), ('common_name', 'Amazon')])
2020-08-23 01:34:39,190 - Verifying the attached certificate is signed by the issuer. Valid Not After: 2023-06-11 20:44:21+00:00
2020-08-23 01:34:39,190 - hit cache for subject: OrderedDict([('country_name', 'US'), ('organization_name', 'Amazon'), ('common_name', 'Amazon Root CA 1')])
2020-08-23 01:34:39,192 - Verifying the attached certificate is signed by the issuer. Valid Not After: 2021-12-14 07:00:00+00:00
2020-08-23 01:34:39,192 - hit cache for subject: OrderedDict([('country_name', 'US'), ('state_or_province_name', 'Arizona'), ('locality_name', 'Scottsdale'), ('organization_name', 'Starfield Technologies, Inc.'), ('common_name', 'Starfield Services Root Certificate Authority - G2')])
2020-08-23 01:34:39,193 - hit cache for subject: OrderedDict([('common_name', '*.us-west-2.snowflakecomputing.com')])
2020-08-23 01:34:39,194 - using OCSP response cache
2020-08-23 01:34:39,194 - Certificate is NOT attached in Basic OCSP Response. Using issuer's certificate
2020-08-23 01:34:39,194 - Verifying the OCSP response is signed by the issuer.
2020-08-23 01:34:39,197 - Verifying the attached certificate is signed by the issuer. Valid Not After: 2023-06-11 20:40:26+00:00
2020-08-23 01:34:39,197 - hit cache for subject: OrderedDict([('country_name', 'US'), ('organization_name', 'Amazon'), ('organizational_unit_name', 'Server CA 1B'), ('common_name', 'Amazon')])
2020-08-23 01:34:39,198 - using OCSP response cache
2020-08-23 01:34:39,199 - Certificate is attached in Basic OCSP Response
2020-08-23 01:34:39,199 - Verifying the attached certificate is signed by the issuer
2020-08-23 01:34:39,199 - Valid Not After: 2023-06-11 20:40:26+00:00
2020-08-23 01:34:39,201 - Verifying the OCSP response is signed by the issuer.
2020-08-23 01:34:39,204 - Verifying the attached certificate is signed by the issuer. Valid Not After: 2023-06-11 20:44:21+00:00
2020-08-23 01:34:39,205 - hit cache for subject: OrderedDict([('country_name', 'US'), ('organization_name', 'Amazon'), ('common_name', 'Amazon Root CA 1')])
2020-08-23 01:34:39,205 - using OCSP response cache
2020-08-23 01:34:39,206 - Certificate is attached in Basic OCSP Response
2020-08-23 01:34:39,206 - Verifying the attached certificate is signed by the issuer
2020-08-23 01:34:39,207 - Valid Not After: 2023-06-11 20:44:21+00:00
2020-08-23 01:34:39,208 - Verifying the OCSP response is signed by the issuer.
2020-08-23 01:34:39,212 - Verifying the attached certificate is signed by the issuer. Valid Not After: 2021-12-14 07:00:00+00:00
2020-08-23 01:34:39,212 - hit cache for subject: OrderedDict([('country_name', 'US'), ('state_or_province_name', 'Arizona'), ('locality_name', 'Scottsdale'), ('organization_name', 'Starfield Technologies, Inc.'), ('common_name', 'Starfield Services Root Certificate Authority - G2')])
2020-08-23 01:34:39,213 - using OCSP response cache
2020-08-23 01:34:39,214 - Certificate is attached in Basic OCSP Response
2020-08-23 01:34:39,214 - Verifying the attached certificate is signed by the issuer
2020-08-23 01:34:39,214 - Valid Not After: 2021-12-14 07:00:00+00:00
2020-08-23 01:34:39,216 - Verifying the OCSP response is signed by the issuer.
2020-08-23 01:34:39,218 - writing OCSP response cache file
2020-08-23 01:34:39,218 - encoding OCSP response cache to JSON
2020-08-23 01:34:39,236 - ok
2020-08-23 01:34:39,500 - https://ringcentral.snowflakecomputing.com:443 "POST /session?delete=true&request_guid=d0924f0b-1264-42da-a164-529e1fdca491 HTTP/1.1" 200 76
2020-08-23 01:34:39,500 - SUCCESS
2020-08-23 01:34:39,501 - Active requests sessions: 0, idle: 1
2020-08-23 01:34:39,501 - ret[code] = None, after post request
2020-08-23 01:34:39,502 - Session is closed
2020-08-23 01:34:39,502 - closed
2020-08-23 01:34:39,502 - Closing telemetry client.
2020-08-23 01:34:39,502 - Active requests sessions: 1, idle: 0
2020-08-23 01:34:39,502 - remaining request timeout: 5, retry cnt: 1
2020-08-23 01:34:39,502 - socket timeout: 60
2020-08-23 01:34:39,504 - Resetting dropped connection: ringcentral.snowflakecomputing.com
2020-08-23 01:34:40,140 - OCSP Mode: FAIL_OPEN, OCSP response cache file name: None
2020-08-23 01:34:40,140 - ocsp_response_cache_uri: file://C:/Users/dmitry.mitrofanov/AppData/Local/Snowflake/Caches/ocsp_response_cache.json
2020-08-23 01:34:40,140 - OCSP_VALIDATION_CACHE size: 140
2020-08-23 01:34:40,140 - OCSP response cache server is enabled: http://ocsp.snowflakecomputing.com/ocsp_response_cache.json
2020-08-23 01:34:40,140 - OCSP dynamic cache server RETRY URL: None
2020-08-23 01:34:40,145 - Verifying the attached certificate is signed by the issuer. Valid Not After: 2025-05-12 23:58:59+00:00
2020-08-23 01:34:40,146 - Verifying the attached certificate is signed by the issuer. Valid Not After: 2025-05-12 23:58:59+00:00
2020-08-23 01:34:40,147 - Verifying the attached certificate is signed by the issuer. Valid Not After: 2023-06-11 20:40:26+00:00
2020-08-23 01:34:40,148 - Verifying the attached certificate is signed by the issuer. Valid Not After: 2023-06-11 20:40:26+00:00
2020-08-23 01:34:40,149 - Verifying the attached certificate is signed by the issuer. Valid Not After: 2023-06-11 20:44:21+00:00
2020-08-23 01:34:40,151 - Verifying the attached certificate is signed by the issuer. Valid Not After: 2023-06-11 20:44:21+00:00
2020-08-23 01:34:40,152 - Verifying the attached certificate is signed by the issuer. Valid Not After: 2021-12-14 07:00:00+00:00
2020-08-23 01:34:40,154 - Verifying the attached certificate is signed by the issuer. Valid Not After: 2021-12-14 07:00:00+00:00
2020-08-23 01:34:40,155 - Verifying the attached certificate is signed by the issuer. Valid Not After: 2025-05-12 23:58:59+00:00
2020-08-23 01:34:40,156 - Verifying the attached certificate is signed by the issuer. Valid Not After: 2025-05-12 23:58:59+00:00
2020-08-23 01:34:40,159 - Verifying the attached certificate is signed by the issuer. Valid Not After: 2025-05-12 23:58:59+00:00
2020-08-23 01:34:40,160 - Verifying the attached certificate is signed by the issuer. Valid Not After: 2025-05-12 23:58:59+00:00
2020-08-23 01:34:40,161 - Verifying the attached certificate is signed by the issuer. Valid Not After: 2025-05-12 23:58:59+00:00
2020-08-23 01:34:40,162 - Verifying the attached certificate is signed by the issuer. Valid Not After: 2025-05-12 23:58:59+00:00
2020-08-23 01:34:40,171 - Verifying the attached certificate is signed by the issuer. Valid Not After: 2025-05-12 23:58:59+00:00
2020-08-23 01:34:40,173 - Verifying the attached certificate is signed by the issuer. Valid Not After: 2025-05-12 23:58:59+00:00
2020-08-23 01:34:40,175 - Verifying the attached certificate is signed by the issuer. Valid Not After: 2021-04-02 17:08:26+00:00
2020-08-23 01:34:40,177 - Verifying the attached certificate is signed by the issuer. Valid Not After: 2021-04-02 17:08:26+00:00
2020-08-23 01:34:40,178 - Verifying the attached certificate is signed by the issuer. Valid Not After: 2021-04-02 17:13:33+00:00
2020-08-23 01:34:40,179 - Verifying the attached certificate is signed by the issuer. Valid Not After: 2021-04-02 17:13:33+00:00
2020-08-23 01:34:40,181 - Verifying the attached certificate is signed by the issuer. Valid Not After: 2021-04-02 16:58:09+00:00
2020-08-23 01:34:40,182 - Verifying the attached certificate is signed by the issuer. Valid Not After: 2021-04-02 16:58:09+00:00
2020-08-23 01:34:40,197 - Verifying the attached certificate is signed by the issuer. Valid Not After: 2021-04-02 17:13:33+00:00
2020-08-23 01:34:40,199 - Verifying the attached certificate is signed by the issuer. Valid Not After: 2021-04-02 17:13:33+00:00
2020-08-23 01:34:40,200 - Verifying the attached certificate is signed by the issuer. Valid Not After: 2021-04-02 17:08:26+00:00
2020-08-23 01:34:40,201 - Verifying the attached certificate is signed by the issuer. Valid Not After: 2021-04-02 17:08:26+00:00
2020-08-23 01:34:40,203 - Verifying the attached certificate is signed by the issuer. Valid Not After: 2021-04-02 17:03:51+00:00
2020-08-23 01:34:40,204 - Verifying the attached certificate is signed by the issuer. Valid Not After: 2021-04-02 17:03:51+00:00
2020-08-23 01:34:40,205 - Verifying the attached certificate is signed by the issuer. Valid Not After: 2021-04-02 16:58:09+00:00
2020-08-23 01:34:40,206 - Verifying the attached certificate is signed by the issuer. Valid Not After: 2021-04-02 16:58:09+00:00
2020-08-23 01:34:40,208 - Verifying the attached certificate is signed by the issuer. Valid Not After: 2021-04-02 17:03:51+00:00
2020-08-23 01:34:40,209 - Verifying the attached certificate is signed by the issuer. Valid Not After: 2021-04-02 17:03:51+00:00
2020-08-23 01:34:40,210 - Verifying the attached certificate is signed by the issuer. Valid Not After: 2021-04-02 17:03:51+00:00
2020-08-23 01:34:40,212 - Verifying the attached certificate is signed by the issuer. Valid Not After: 2021-04-02 17:03:51+00:00
2020-08-23 01:34:40,228 - Verifying the attached certificate is signed by the issuer. Valid Not After: 2021-04-02 17:13:33+00:00
2020-08-23 01:34:40,229 - Verifying the attached certificate is signed by the issuer. Valid Not After: 2021-04-02 17:13:33+00:00
2020-08-23 01:34:40,231 - Read OCSP response cache file: C:/Users/dmitry.mitrofanov/AppData/Local/Snowflake/Caches/ocsp_response_cache.json, count=140
2020-08-23 01:34:40,231 - validating certificate: ringcentral.snowflakecomputing.com
2020-08-23 01:34:40,232 - # of certificates: 4
2020-08-23 01:34:40,232 - subject: OrderedDict([('common_name', '*.us-west-2.snowflakecomputing.com')]), issuer: OrderedDict([('country_name', 'US'), ('organization_name', 'Amazon'), ('organizational_unit_name', 'Server CA 1B'), ('common_name', 'Amazon')])
2020-08-23 01:34:40,233 - subject: OrderedDict([('country_name', 'US'), ('organization_name', 'Amazon'), ('organizational_unit_name', 'Server CA 1B'), ('common_name', 'Amazon')]), issuer: OrderedDict([('country_name', 'US'), ('organization_name', 'Amazon'), ('common_name', 'Amazon Root CA 1')])
2020-08-23 01:34:40,233 - subject: OrderedDict([('country_name', 'US'), ('organization_name', 'Amazon'), ('common_name', 'Amazon Root CA 1')]), issuer: OrderedDict([('country_name', 'US'), ('state_or_province_name', 'Arizona'), ('locality_name', 'Scottsdale'), ('organization_name', 'Starfield Technologies, Inc.'), ('common_name', 'Starfield Services Root Certificate Authority - G2')])
2020-08-23 01:34:40,234 - subject: OrderedDict([('country_name', 'US'), ('state_or_province_name', 'Arizona'), ('locality_name', 'Scottsdale'), ('organization_name', 'Starfield Technologies, Inc.'), ('common_name', 'Starfield Services Root Certificate Authority - G2')]), issuer: OrderedDict([('country_name', 'US'), ('organization_name', 'Starfield Technologies, Inc.'), ('organizational_unit_name', 'Starfield Class 2 Certification Authority')])
2020-08-23 01:34:40,235 - not found issuer_der: OrderedDict([('country_name', 'US'), ('organization_name', 'Starfield Technologies, Inc.'), ('organizational_unit_name', 'Starfield Class 2 Certification Authority')])
2020-08-23 01:34:40,236 - hit cache for subject: OrderedDict([('common_name', '*.us-west-2.snowflakecomputing.com')])
2020-08-23 01:34:40,238 - Verifying the attached certificate is signed by the issuer. Valid Not After: 2023-06-11 20:40:26+00:00
2020-08-23 01:34:40,238 - hit cache for subject: OrderedDict([('country_name', 'US'), ('organization_name', 'Amazon'), ('organizational_unit_name', 'Server CA 1B'), ('common_name', 'Amazon')])
2020-08-23 01:34:40,240 - Verifying the attached certificate is signed by the issuer. Valid Not After: 2023-06-11 20:44:21+00:00
2020-08-23 01:34:40,240 - hit cache for subject: OrderedDict([('country_name', 'US'), ('organization_name', 'Amazon'), ('common_name', 'Amazon Root CA 1')])
2020-08-23 01:34:40,242 - Verifying the attached certificate is signed by the issuer. Valid Not After: 2021-12-14 07:00:00+00:00
2020-08-23 01:34:40,242 - hit cache for subject: OrderedDict([('country_name', 'US'), ('state_or_province_name', 'Arizona'), ('locality_name', 'Scottsdale'), ('organization_name', 'Starfield Technologies, Inc.'), ('common_name', 'Starfield Services Root Certificate Authority - G2')])
2020-08-23 01:34:40,243 - hit cache for subject: OrderedDict([('common_name', '*.us-west-2.snowflakecomputing.com')])
2020-08-23 01:34:40,243 - using OCSP response cache
2020-08-23 01:34:40,244 - Certificate is NOT attached in Basic OCSP Response. Using issuer's certificate
2020-08-23 01:34:40,244 - Verifying the OCSP response is signed by the issuer.
2020-08-23 01:34:40,247 - Verifying the attached certificate is signed by the issuer. Valid Not After: 2023-06-11 20:40:26+00:00
2020-08-23 01:34:40,247 - hit cache for subject: OrderedDict([('country_name', 'US'), ('organization_name', 'Amazon'), ('organizational_unit_name', 'Server CA 1B'), ('common_name', 'Amazon')])
2020-08-23 01:34:40,248 - using OCSP response cache
2020-08-23 01:34:40,249 - Certificate is attached in Basic OCSP Response
2020-08-23 01:34:40,249 - Verifying the attached certificate is signed by the issuer
2020-08-23 01:34:40,249 - Valid Not After: 2023-06-11 20:40:26+00:00
2020-08-23 01:34:40,251 - Verifying the OCSP response is signed by the issuer.
2020-08-23 01:34:40,254 - Verifying the attached certificate is signed by the issuer. Valid Not After: 2023-06-11 20:44:21+00:00
2020-08-23 01:34:40,254 - hit cache for subject: OrderedDict([('country_name', 'US'), ('organization_name', 'Amazon'), ('common_name', 'Amazon Root CA 1')])
2020-08-23 01:34:40,255 - using OCSP response cache
2020-08-23 01:34:40,256 - Certificate is attached in Basic OCSP Response
2020-08-23 01:34:40,256 - Verifying the attached certificate is signed by the issuer
2020-08-23 01:34:40,256 - Valid Not After: 2023-06-11 20:44:21+00:00
2020-08-23 01:34:40,258 - Verifying the OCSP response is signed by the issuer.
2020-08-23 01:34:40,262 - Verifying the attached certificate is signed by the issuer. Valid Not After: 2021-12-14 07:00:00+00:00
2020-08-23 01:34:40,262 - hit cache for subject: OrderedDict([('country_name', 'US'), ('state_or_province_name', 'Arizona'), ('locality_name', 'Scottsdale'), ('organization_name', 'Starfield Technologies, Inc.'), ('common_name', 'Starfield Services Root Certificate Authority - G2')])
2020-08-23 01:34:40,263 - using OCSP response cache
2020-08-23 01:34:40,265 - Certificate is attached in Basic OCSP Response
2020-08-23 01:34:40,265 - Verifying the attached certificate is signed by the issuer
2020-08-23 01:34:40,265 - Valid Not After: 2021-12-14 07:00:00+00:00
2020-08-23 01:34:40,266 - Verifying the OCSP response is signed by the issuer.
2020-08-23 01:34:40,269 - writing OCSP response cache file
2020-08-23 01:34:40,269 - encoding OCSP response cache to JSON
2020-08-23 01:34:40,290 - ok
2020-08-23 01:34:40,545 - https://ringcentral.snowflakecomputing.com:443 "POST /session?delete=true&request_guid=252b52f2-8066-4773-8f1d-d5304ccf4f4a HTTP/1.1" 200 76
2020-08-23 01:34:40,545 - SUCCESS
2020-08-23 01:34:40,545 - Active requests sessions: 0, idle: 1
2020-08-23 01:34:40,545 - ret[code] = None, after post request
2020-08-23 01:34:40,546 - Session is closed
2020-08-23 01:34:40,547 - closed
2020-08-23 01:34:40,547 - Closing telemetry client.
2020-08-23 01:34:40,547 - Active requests sessions: 1, idle: 0
2020-08-23 01:34:40,547 - remaining request timeout: 5, retry cnt: 1
2020-08-23 01:34:40,547 - socket timeout: 60
2020-08-23 01:34:40,805 - https://ringcentral.snowflakecomputing.com:443 "POST /session?delete=true&request_guid=1fbf379f-d0cb-491a-a2d0-58b6daa5dfef HTTP/1.1" 200 76
2020-08-23 01:34:40,806 - SUCCESS
2020-08-23 01:34:40,806 - Active requests sessions: 0, idle: 1
2020-08-23 01:34:40,806 - ret[code] = None, after post request
2020-08-23 01:34:40,808 - Session is closed
2020-08-23 01:34:40,808 - closed
2020-08-23 01:34:40,808 - Closing telemetry client.
2020-08-23 01:34:40,808 - Active requests sessions: 1, idle: 0
2020-08-23 01:34:40,808 - remaining request timeout: 5, retry cnt: 1
2020-08-23 01:34:40,808 - socket timeout: 60
2020-08-23 01:34:41,072 - https://ringcentral.snowflakecomputing.com:443 "POST /session?delete=true&request_guid=37e9bf46-71a3-4604-81fc-6668d9b3c42c HTTP/1.1" 200 76
2020-08-23 01:34:41,073 - SUCCESS
2020-08-23 01:34:41,073 - Active requests sessions: 0, idle: 1
2020-08-23 01:34:41,073 - ret[code] = None, after post request
2020-08-23 01:34:41,074 - Session is closed
2020-08-23 01:34:41,075 - Verifying the attached certificate is signed by the issuer. Valid Not After: 2025-05-12 23:58:59+00:00
2020-08-23 01:34:41,076 - Verifying the attached certificate is signed by the issuer. Valid Not After: 2025-05-12 23:58:59+00:00
2020-08-23 01:34:41,078 - Verifying the attached certificate is signed by the issuer. Valid Not After: 2023-06-11 20:40:26+00:00
2020-08-23 01:34:41,079 - Verifying the attached certificate is signed by the issuer. Valid Not After: 2023-06-11 20:40:26+00:00
2020-08-23 01:34:41,080 - Verifying the attached certificate is signed by the issuer. Valid Not After: 2023-06-11 20:44:21+00:00
2020-08-23 01:34:41,082 - Verifying the attached certificate is signed by the issuer. Valid Not After: 2023-06-11 20:44:21+00:00
2020-08-23 01:34:41,083 - Verifying the attached certificate is signed by the issuer. Valid Not After: 2021-12-14 07:00:00+00:00
2020-08-23 01:34:41,085 - Verifying the attached certificate is signed by the issuer. Valid Not After: 2021-12-14 07:00:00+00:00
2020-08-23 01:34:41,086 - Verifying the attached certificate is signed by the issuer. Valid Not After: 2025-05-12 23:58:59+00:00
2020-08-23 01:34:41,088 - Verifying the attached certificate is signed by the issuer. Valid Not After: 2025-05-12 23:58:59+00:00
2020-08-23 01:34:41,090 - Verifying the attached certificate is signed by the issuer. Valid Not After: 2025-05-12 23:58:59+00:00
2020-08-23 01:34:41,092 - Verifying the attached certificate is signed by the issuer. Valid Not After: 2025-05-12 23:58:59+00:00
2020-08-23 01:34:41,093 - Verifying the attached certificate is signed by the issuer. Valid Not After: 2025-05-12 23:58:59+00:00
2020-08-23 01:34:41,095 - Verifying the attached certificate is signed by the issuer. Valid Not After: 2025-05-12 23:58:59+00:00
2020-08-23 01:34:41,104 - Verifying the attached certificate is signed by the issuer. Valid Not After: 2025-05-12 23:58:59+00:00
2020-08-23 01:34:41,106 - Verifying the attached certificate is signed by the issuer. Valid Not After: 2025-05-12 23:58:59+00:00
2020-08-23 01:34:41,109 - Verifying the attached certificate is signed by the issuer. Valid Not After: 2021-04-02 17:08:26+00:00
2020-08-23 01:34:41,110 - Verifying the attached certificate is signed by the issuer. Valid Not After: 2021-04-02 17:08:26+00:00
2020-08-23 01:34:41,112 - Verifying the attached certificate is signed by the issuer. Valid Not After: 2021-04-02 17:13:33+00:00
2020-08-23 01:34:41,113 - Verifying the attached certificate is signed by the issuer. Valid Not After: 2021-04-02 17:13:33+00:00
2020-08-23 01:34:41,115 - Verifying the attached certificate is signed by the issuer. Valid Not After: 2021-04-02 16:58:09+00:00
2020-08-23 01:34:41,116 - Verifying the attached certificate is signed by the issuer. Valid Not After: 2021-04-02 16:58:09+00:00
2020-08-23 01:34:41,133 - Verifying the attached certificate is signed by the issuer. Valid Not After: 2021-04-02 17:13:33+00:00
2020-08-23 01:34:41,134 - Verifying the attached certificate is signed by the issuer. Valid Not After: 2021-04-02 17:13:33+00:00
2020-08-23 01:34:41,135 - Verifying the attached certificate is signed by the issuer. Valid Not After: 2021-04-02 17:08:26+00:00
2020-08-23 01:34:41,137 - Verifying the attached certificate is signed by the issuer. Valid Not After: 2021-04-02 17:08:26+00:00
2020-08-23 01:34:41,138 - Verifying the attached certificate is signed by the issuer. Valid Not After: 2021-04-02 17:03:51+00:00
2020-08-23 01:34:41,140 - Verifying the attached certificate is signed by the issuer. Valid Not After: 2021-04-02 17:03:51+00:00
2020-08-23 01:34:41,141 - Verifying the attached certificate is signed by the issuer. Valid Not After: 2021-04-02 16:58:09+00:00
2020-08-23 01:34:41,143 - Verifying the attached certificate is signed by the issuer. Valid Not After: 2021-04-02 16:58:09+00:00
2020-08-23 01:34:41,145 - Verifying the attached certificate is signed by the issuer. Valid Not After: 2021-04-02 17:03:51+00:00
2020-08-23 01:34:41,146 - Verifying the attached certificate is signed by the issuer. Valid Not After: 2021-04-02 17:03:51+00:00
2020-08-23 01:34:41,147 - Verifying the attached certificate is signed by the issuer. Valid Not After: 2021-04-02 17:03:51+00:00
2020-08-23 01:34:41,148 - Verifying the attached certificate is signed by the issuer. Valid Not After: 2021-04-02 17:03:51+00:00
2020-08-23 01:34:41,165 - Verifying the attached certificate is signed by the issuer. Valid Not After: 2021-04-02 17:13:33+00:00
2020-08-23 01:34:41,167 - Verifying the attached certificate is signed by the issuer. Valid Not After: 2021-04-02 17:13:33+00:00
2020-08-23 01:34:41,169 - Read OCSP response cache file: C:/Users/dmitry.mitrofanov/AppData/Local/Snowflake/Caches/ocsp_response_cache.json, count=140
2020-08-23 01:34:41,170 - validating certificate: klientiks.ru
2020-08-23 01:34:41,170 - skipping OCSP check: klientiks.ru
2020-08-23 01:34:42,010 - https://klientiks.ru:443 "GET /clientix/Restapi/list/a/390b96e2763e/u/d969c9cde78c/t/073de5009f21b34afa022cfa7ca2c124/m/AppointmentClientLinks/ik/orders/rvwk/status,statuses/?date=10&offset=19450 HTTP/1.1" 200 None
2020-08-23 01:34:42,016 - Snowflake Connector for Python Version: 2.2.10, Python Version: 3.8.5, Platform: Windows-10-10.0.17763-SP0
2020-08-23 01:34:42,017 - connect
2020-08-23 01:34:42,017 - __config
2020-08-23 01:34:42,017 - This connection is in OCSP Fail Open Mode. TLS Certificates would be checked for validity and revocation status. Any other Certificate Revocation related exceptions or OCSP Responder failures would be disregarded in favor of connectivity.
2020-08-23 01:34:42,017 - use_numpy: False
2020-08-23 01:34:42,017 - initialized
2020-08-23 01:34:42,017 - REST API object was created: ringcentral.snowflakecomputing.com:443
2020-08-23 01:34:42,017 - authenticate
2020-08-23 01:34:42,017 - assertion content: *********
2020-08-23 01:34:42,017 - account=ringcentral, user=dmitry.mitrofanov, database=RCUSERS, schema=DMITRYMITROFANOV, warehouse=RCUSERS_WH, role=None, request_id=e611bc3c-3f41-4f0f-a6b9-3f3819c91ab7
2020-08-23 01:34:42,017 - body['data']: {'CLIENT_APP_ID': 'PythonConnector', 'CLIENT_APP_VERSION': '2.2.10', 'SVN_REVISION': None, 'ACCOUNT_NAME': 'ringcentral', 'LOGIN_NAME': 'dmitry.mitrofanov', 'CLIENT_ENVIRONMENT': {'APPLICATION': 'PythonConnector', 'OS': 'Windows', 'OS_VERSION': 'Windows-10-10.0.17763-SP0', 'PYTHON_VERSION': '3.8.5', 'PYTHON_RUNTIME': 'CPython', 'PYTHON_COMPILER': 'MSC v.1924 64 bit (AMD64)', 'OCSP_MODE': 'FAIL_OPEN', 'TRACING': 10, 'LOGIN_TIMEOUT': 120, 'NETWORK_TIMEOUT': None, 'CLIENT_STORE_TEMPORARY_CREDENTIAL': None}, 'SESSION_PARAMETERS': {'CLIENT_SESSION_KEEP_ALIVE_HEARTBEAT_FREQUENCY': 900, 'CLIENT_PREFETCH_THREADS': 4}}
2020-08-23 01:34:42,017 - Converted retries value: 1 -> Retry(total=1, connect=None, read=None, redirect=None, status=None)
2020-08-23 01:34:42,018 - Converted retries value: 1 -> Retry(total=1, connect=None, read=None, redirect=None, status=None)
2020-08-23 01:34:42,018 - Active requests sessions: 1, idle: 0
2020-08-23 01:34:42,018 - remaining request timeout: 120, retry cnt: 1
2020-08-23 01:34:42,018 - socket timeout: 60
2020-08-23 01:34:42,020 - Starting new HTTPS connection (1): ringcentral.snowflakecomputing.com:443
2020-08-23 01:34:42,680 - OCSP Mode: FAIL_OPEN, OCSP response cache file name: None
2020-08-23 01:34:42,681 - ocsp_response_cache_uri: file://C:/Users/dmitry.mitrofanov/AppData/Local/Snowflake/Caches/ocsp_response_cache.json
2020-08-23 01:34:42,681 - OCSP_VALIDATION_CACHE size: 140
2020-08-23 01:34:42,681 - OCSP response cache server is enabled: http://ocsp.snowflakecomputing.com/ocsp_response_cache.json
2020-08-23 01:34:42,682 - OCSP dynamic cache server RETRY URL: None
2020-08-23 01:34:42,699 - Verifying the attached certificate is signed by the issuer. Valid Not After: 2025-05-12 23:58:59+00:00
2020-08-23 01:34:42,701 - Verifying the attached certificate is signed by the issuer. Valid Not After: 2025-05-12 23:58:59+00:00
2020-08-23 01:34:42,704 - Verifying the attached certificate is signed by the issuer. Valid Not After: 2023-06-11 20:40:26+00:00
2020-08-23 01:34:42,706 - Verifying the attached certificate is signed by the issuer. Valid Not After: 2023-06-11 20:40:26+00:00
2020-08-23 01:34:42,708 - Verifying the attached certificate is signed by the issuer. Valid Not After: 2023-06-11 20:44:21+00:00
2020-08-23 01:34:42,710 - Verifying the attached certificate is signed by the issuer. Valid Not After: 2023-06-11 20:44:21+00:00
2020-08-23 01:34:42,712 - Verifying the attached certificate is signed by the issuer. Valid Not After: 2021-12-14 07:00:00+00:00
2020-08-23 01:34:42,714 - Verifying the attached certificate is signed by the issuer. Valid Not After: 2021-12-14 07:00:00+00:00
2020-08-23 01:34:42,716 - Verifying the attached certificate is signed by the issuer. Valid Not After: 2025-05-12 23:58:59+00:00
2020-08-23 01:34:42,717 - Verifying the attached certificate is signed by the issuer. Valid Not After: 2025-05-12 23:58:59+00:00
2020-08-23 01:34:42,720 - Verifying the attached certificate is signed by the issuer. Valid Not After: 2025-05-12 23:58:59+00:00
2020-08-23 01:34:42,721 - Verifying the attached certificate is signed by the issuer. Valid Not After: 2025-05-12 23:58:59+00:00
2020-08-23 01:34:42,723 - Verifying the attached certificate is signed by the issuer. Valid Not After: 2025-05-12 23:58:59+00:00
2020-08-23 01:34:42,724 - Verifying the attached certificate is signed by the issuer. Valid Not After: 2025-05-12 23:58:59+00:00
2020-08-23 01:34:42,733 - Verifying the attached certificate is signed by the issuer. Valid Not After: 2025-05-12 23:58:59+00:00
2020-08-23 01:34:42,734 - Verifying the attached certificate is signed by the issuer. Valid Not After: 2025-05-12 23:58:59+00:00
2020-08-23 01:34:42,737 - Verifying the attached certificate is signed by the issuer. Valid Not After: 2021-04-02 17:08:26+00:00
2020-08-23 01:34:42,738 - Verifying the attached certificate is signed by the issuer. Valid Not After: 2021-04-02 17:08:26+00:00
2020-08-23 01:34:42,740 - Verifying the attached certificate is signed by the issuer. Valid Not After: 2021-04-02 17:13:33+00:00
2020-08-23 01:34:42,741 - Verifying the attached certificate is signed by the issuer. Valid Not After: 2021-04-02 17:13:33+00:00
2020-08-23 01:34:42,742 - Verifying the attached certificate is signed by the issuer. Valid Not After: 2021-04-02 16:58:09+00:00
2020-08-23 01:34:42,743 - Verifying the attached certificate is signed by the issuer. Valid Not After: 2021-04-02 16:58:09+00:00
2020-08-23 01:34:42,759 - Verifying the attached certificate is signed by the issuer. Valid Not After: 2021-04-02 17:13:33+00:00
2020-08-23 01:34:42,761 - Verifying the attached certificate is signed by the issuer. Valid Not After: 2021-04-02 17:13:33+00:00
2020-08-23 01:34:42,762 - Verifying the attached certificate is signed by the issuer. Valid Not After: 2021-04-02 17:08:26+00:00
2020-08-23 01:34:42,764 - Verifying the attached certificate is signed by the issuer. Valid Not After: 2021-04-02 17:08:26+00:00
2020-08-23 01:34:42,766 - Verifying the attached certificate is signed by the issuer. Valid Not After: 2021-04-02 17:03:51+00:00
2020-08-23 01:34:42,767 - Verifying the attached certificate is signed by the issuer. Valid Not After: 2021-04-02 17:03:51+00:00
2020-08-23 01:34:42,769 - Verifying the attached certificate is signed by the issuer. Valid Not After: 2021-04-02 16:58:09+00:00
2020-08-23 01:34:42,770 - Verifying the attached certificate is signed by the issuer. Valid Not After: 2021-04-02 16:58:09+00:00
2020-08-23 01:34:42,772 - Verifying the attached certificate is signed by the issuer. Valid Not After: 2021-04-02 17:03:51+00:00
2020-08-23 01:34:42,774 - Verifying the attached certificate is signed by the issuer. Valid Not After: 2021-04-02 17:03:51+00:00
2020-08-23 01:34:42,775 - Verifying the attached certificate is signed by the issuer. Valid Not After: 2021-04-02 17:03:51+00:00
2020-08-23 01:34:42,777 - Verifying the attached certificate is signed by the issuer. Valid Not After: 2021-04-02 17:03:51+00:00
2020-08-23 01:34:42,797 - Verifying the attached certificate is signed by the issuer. Valid Not After: 2021-04-02 17:13:33+00:00
2020-08-23 01:34:42,798 - Verifying the attached certificate is signed by the issuer. Valid Not After: 2021-04-02 17:13:33+00:00
2020-08-23 01:34:42,800 - Read OCSP response cache file: C:/Users/dmitry.mitrofanov/AppData/Local/Snowflake/Caches/ocsp_response_cache.json, count=140
2020-08-23 01:34:42,800 - validating certificate: ringcentral.snowflakecomputing.com
2020-08-23 01:34:42,801 - # of certificates: 4
2020-08-23 01:34:42,801 - subject: OrderedDict([('common_name', '*.us-west-2.snowflakecomputing.com')]), issuer: OrderedDict([('country_name', 'US'), ('organization_name', 'Amazon'), ('organizational_unit_name', 'Server CA 1B'), ('common_name', 'Amazon')])
2020-08-23 01:34:42,802 - subject: OrderedDict([('country_name', 'US'), ('organization_name', 'Amazon'), ('organizational_unit_name', 'Server CA 1B'), ('common_name', 'Amazon')]), issuer: OrderedDict([('country_name', 'US'), ('organization_name', 'Amazon'), ('common_name', 'Amazon Root CA 1')])
2020-08-23 01:34:42,802 - subject: OrderedDict([('country_name', 'US'), ('organization_name', 'Amazon'), ('common_name', 'Amazon Root CA 1')]), issuer: OrderedDict([('country_name', 'US'), ('state_or_province_name', 'Arizona'), ('locality_name', 'Scottsdale'), ('organization_name', 'Starfield Technologies, Inc.'), ('common_name', 'Starfield Services Root Certificate Authority - G2')])
2020-08-23 01:34:42,803 - subject: OrderedDict([('country_name', 'US'), ('state_or_province_name', 'Arizona'), ('locality_name', 'Scottsdale'), ('organization_name', 'Starfield Technologies, Inc.'), ('common_name', 'Starfield Services Root Certificate Authority - G2')]), issuer: OrderedDict([('country_name', 'US'), ('organization_name', 'Starfield Technologies, Inc.'), ('organizational_unit_name', 'Starfield Class 2 Certification Authority')])
2020-08-23 01:34:42,835 - closed
2020-08-23 01:34:42,836 - Closing telemetry client.
2020-08-23 01:34:42,836 - Active requests sessions: 1, idle: 0
2020-08-23 01:34:42,836 - remaining request timeout: 5, retry cnt: 1
2020-08-23 01:34:42,836 - socket timeout: 60
2020-08-23 01:34:42,838 - Resetting dropped connection: ringcentral.snowflakecomputing.com
2020-08-23 01:34:43,468 - OCSP Mode: FAIL_OPEN, OCSP response cache file name: None
2020-08-23 01:34:43,469 - ocsp_response_cache_uri: file://C:/Users/dmitry.mitrofanov/AppData/Local/Snowflake/Caches/ocsp_response_cache.json
2020-08-23 01:34:43,469 - OCSP_VALIDATION_CACHE size: 140
2020-08-23 01:34:43,469 - OCSP response cache server is enabled: http://ocsp.snowflakecomputing.com/ocsp_response_cache.json
2020-08-23 01:34:43,469 - OCSP dynamic cache server RETRY URL: None
2020-08-23 01:34:43,473 - Verifying the attached certificate is signed by the issuer. Valid Not After: 2025-05-12 23:58:59+00:00
2020-08-23 01:34:43,476 - Verifying the attached certificate is signed by the issuer. Valid Not After: 2025-05-12 23:58:59+00:00
2020-08-23 01:34:43,477 - Verifying the attached certificate is signed by the issuer. Valid Not After: 2023-06-11 20:40:26+00:00
2020-08-23 01:34:43,478 - Verifying the attached certificate is signed by the issuer. Valid Not After: 2023-06-11 20:40:26+00:00
2020-08-23 01:34:43,480 - Verifying the attached certificate is signed by the issuer. Valid Not After: 2023-06-11 20:44:21+00:00
2020-08-23 01:34:43,481 - Verifying the attached certificate is signed by the issuer. Valid Not After: 2023-06-11 20:44:21+00:00
2020-08-23 01:34:43,483 - Verifying the attached certificate is signed by the issuer. Valid Not After: 2021-12-14 07:00:00+00:00
2020-08-23 01:34:43,484 - Verifying the attached certificate is signed by the issuer. Valid Not After: 2021-12-14 07:00:00+00:00
2020-08-23 01:34:43,486 - Verifying the attached certificate is signed by the issuer. Valid Not After: 2025-05-12 23:58:59+00:00
2020-08-23 01:34:43,487 - Verifying the attached certificate is signed by the issuer. Valid Not After: 2025-05-12 23:58:59+00:00
2020-08-23 01:34:43,490 - Verifying the attached certificate is signed by the issuer. Valid Not After: 2025-05-12 23:58:59+00:00
2020-08-23 01:34:43,492 - Verifying the attached certificate is signed by the issuer. Valid Not After: 2025-05-12 23:58:59+00:00
2020-08-23 01:34:43,493 - Verifying the attached certificate is signed by the issuer. Valid Not After: 2025-05-12 23:58:59+00:00
2020-08-23 01:34:43,495 - Verifying the attached certificate is signed by the issuer. Valid Not After: 2025-05-12 23:58:59+00:00
2020-08-23 01:34:43,504 - Verifying the attached certificate is signed by the issuer. Valid Not After: 2025-05-12 23:58:59+00:00
2020-08-23 01:34:43,505 - Verifying the attached certificate is signed by the issuer. Valid Not After: 2025-05-12 23:58:59+00:00
2020-08-23 01:34:43,508 - Verifying the attached certificate is signed by the issuer. Valid Not After: 2021-04-02 17:08:26+00:00
2020-08-23 01:34:43,509 - Verifying the attached certificate is signed by the issuer. Valid Not After: 2021-04-02 17:08:26+00:00
2020-08-23 01:34:43,511 - Verifying the attached certificate is signed by the issuer. Valid Not After: 2021-04-02 17:13:33+00:00
2020-08-23 01:34:43,512 - Verifying the attached certificate is signed by the issuer. Valid Not After: 2021-04-02 17:13:33+00:00
2020-08-23 01:34:43,513 - Verifying the attached certificate is signed by the issuer. Valid Not After: 2021-04-02 16:58:09+00:00
2020-08-23 01:34:43,515 - Verifying the attached certificate is signed by the issuer. Valid Not After: 2021-04-02 16:58:09+00:00
2020-08-23 01:34:43,531 - Verifying the attached certificate is signed by the issuer. Valid Not After: 2021-04-02 17:13:33+00:00
2020-08-23 01:34:43,532 - Verifying the attached certificate is signed by the issuer. Valid Not After: 2021-04-02 17:13:33+00:00
2020-08-23 01:34:43,534 - Verifying the attached certificate is signed by the issuer. Valid Not After: 2021-04-02 17:08:26+00:00
2020-08-23 01:34:43,535 - Verifying the attached certificate is signed by the issuer. Valid Not After: 2021-04-02 17:08:26+00:00
2020-08-23 01:34:43,536 - Verifying the attached certificate is signed by the issuer. Valid Not After: 2021-04-02 17:03:51+00:00
2020-08-23 01:34:43,538 - Verifying the attached certificate is signed by the issuer. Valid Not After: 2021-04-02 17:03:51+00:00
2020-08-23 01:34:43,539 - Verifying the attached certificate is signed by the issuer. Valid Not After: 2021-04-02 16:58:09+00:00
2020-08-23 01:34:43,540 - Verifying the attached certificate is signed by the issuer. Valid Not After: 2021-04-02 16:58:09+00:00
2020-08-23 01:34:43,542 - Verifying the attached certificate is signed by the issuer. Valid Not After: 2021-04-02 17:03:51+00:00
2020-08-23 01:34:43,543 - Verifying the attached certificate is signed by the issuer. Valid Not After: 2021-04-02 17:03:51+00:00
2020-08-23 01:34:43,545 - Verifying the attached certificate is signed by the issuer. Valid Not After: 2021-04-02 17:03:51+00:00
2020-08-23 01:34:43,546 - Verifying the attached certificate is signed by the issuer. Valid Not After: 2021-04-02 17:03:51+00:00
2020-08-23 01:34:43,566 - Verifying the attached certificate is signed by the issuer. Valid Not After: 2021-04-02 17:13:33+00:00
2020-08-23 01:34:43,567 - Verifying the attached certificate is signed by the issuer. Valid Not After: 2021-04-02 17:13:33+00:00
2020-08-23 01:34:43,569 - Read OCSP response cache file: C:/Users/dmitry.mitrofanov/AppData/Local/Snowflake/Caches/ocsp_response_cache.json, count=140
2020-08-23 01:34:43,569 - validating certificate: ringcentral.snowflakecomputing.com
2020-08-23 01:34:43,570 - # of certificates: 4
2020-08-23 01:34:43,570 - subject: OrderedDict([('common_name', '*.us-west-2.snowflakecomputing.com')]), issuer: OrderedDict([('country_name', 'US'), ('organization_name', 'Amazon'), ('organizational_unit_name', 'Server CA 1B'), ('common_name', 'Amazon')])
2020-08-23 01:34:43,571 - subject: OrderedDict([('country_name', 'US'), ('organization_name', 'Amazon'), ('organizational_unit_name', 'Server CA 1B'), ('common_name', 'Amazon')]), issuer: OrderedDict([('country_name', 'US'), ('organization_name', 'Amazon'), ('common_name', 'Amazon Root CA 1')])
2020-08-23 01:34:43,571 - subject: OrderedDict([('country_name', 'US'), ('organization_name', 'Amazon'), ('common_name', 'Amazon Root CA 1')]), issuer: OrderedDict([('country_name', 'US'), ('state_or_province_name', 'Arizona'), ('locality_name', 'Scottsdale'), ('organization_name', 'Starfield Technologies, Inc.'), ('common_name', 'Starfield Services Root Certificate Authority - G2')])
2020-08-23 01:34:43,572 - subject: OrderedDict([('country_name', 'US'), ('state_or_province_name', 'Arizona'), ('locality_name', 'Scottsdale'), ('organization_name', 'Starfield Technologies, Inc.'), ('common_name', 'Starfield Services Root Certificate Authority - G2')]), issuer: OrderedDict([('country_name', 'US'), ('organization_name', 'Starfield Technologies, Inc.'), ('organizational_unit_name', 'Starfield Class 2 Certification Authority')])
2020-08-23 01:34:43,573 - not found issuer_der: OrderedDict([('country_name', 'US'), ('organization_name', 'Starfield Technologies, Inc.'), ('organizational_unit_name', 'Starfield Class 2 Certification Authority')])
2020-08-23 01:34:43,574 - hit cache for subject: OrderedDict([('common_name', '*.us-west-2.snowflakecomputing.com')])
2020-08-23 01:34:43,576 - Verifying the attached certificate is signed by the issuer. Valid Not After: 2023-06-11 20:40:26+00:00
2020-08-23 01:34:43,576 - hit cache for subject: OrderedDict([('country_name', 'US'), ('organization_name', 'Amazon'), ('organizational_unit_name', 'Server CA 1B'), ('common_name', 'Amazon')])
2020-08-23 01:34:43,578 - Verifying the attached certificate is signed by the issuer. Valid Not After: 2023-06-11 20:44:21+00:00
2020-08-23 01:34:43,578 - hit cache for subject: OrderedDict([('country_name', 'US'), ('organization_name', 'Amazon'), ('common_name', 'Amazon Root CA 1')])
2020-08-23 01:34:43,580 - Verifying the attached certificate is signed by the issuer. Valid Not After: 2021-12-14 07:00:00+00:00
2020-08-23 01:34:43,580 - hit cache for subject: OrderedDict([('country_name', 'US'), ('state_or_province_name', 'Arizona'), ('locality_name', 'Scottsdale'), ('organization_name', 'Starfield Technologies, Inc.'), ('common_name', 'Starfield Services Root Certificate Authority - G2')])
2020-08-23 01:34:43,581 - hit cache for subject: OrderedDict([('common_name', '*.us-west-2.snowflakecomputing.com')])
2020-08-23 01:34:43,583 - using OCSP response cache
2020-08-23 01:34:43,583 - Certificate is NOT attached in Basic OCSP Response. Using issuer's certificate
2020-08-23 01:34:43,583 - Verifying the OCSP response is signed by the issuer.
2020-08-23 01:34:43,586 - Verifying the attached certificate is signed by the issuer. Valid Not After: 2023-06-11 20:40:26+00:00
2020-08-23 01:34:43,587 - hit cache for subject: OrderedDict([('country_name', 'US'), ('organization_name', 'Amazon'), ('organizational_unit_name', 'Server CA 1B'), ('common_name', 'Amazon')])
2020-08-23 01:34:43,588 - using OCSP response cache
2020-08-23 01:34:43,588 - Certificate is attached in Basic OCSP Response
2020-08-23 01:34:43,589 - Verifying the attached certificate is signed by the issuer
2020-08-23 01:34:43,589 - Valid Not After: 2023-06-11 20:40:26+00:00
2020-08-23 01:34:43,590 - Verifying the OCSP response is signed by the issuer.
2020-08-23 01:34:43,594 - Verifying the attached certificate is signed by the issuer. Valid Not After: 2023-06-11 20:44:21+00:00
2020-08-23 01:34:43,594 - hit cache for subject: OrderedDict([('country_name', 'US'), ('organization_name', 'Amazon'), ('common_name', 'Amazon Root CA 1')])
2020-08-23 01:34:43,595 - using OCSP response cache
2020-08-23 01:34:43,596 - Certificate is attached in Basic OCSP Response
2020-08-23 01:34:43,596 - Verifying the attached certificate is signed by the issuer
2020-08-23 01:34:43,596 - Valid Not After: 2023-06-11 20:44:21+00:00
2020-08-23 01:34:43,599 - Verifying the OCSP response is signed by the issuer.
2020-08-23 01:34:43,607 - Verifying the attached certificate is signed by the issuer. Valid Not After: 2021-12-14 07:00:00+00:00
2020-08-23 01:34:43,607 - hit cache for subject: OrderedDict([('country_name', 'US'), ('state_or_province_name', 'Arizona'), ('locality_name', 'Scottsdale'), ('organization_name', 'Starfield Technologies, Inc.'), ('common_name', 'Starfield Services Root Certificate Authority - G2')])
2020-08-23 01:34:43,609 - using OCSP response cache
2020-08-23 01:34:43,610 - Certificate is attached in Basic OCSP Response
2020-08-23 01:34:43,611 - Verifying the attached certificate is signed by the issuer
2020-08-23 01:34:43,611 - Valid Not After: 2021-12-14 07:00:00+00:00
2020-08-23 01:34:43,613 - Verifying the OCSP response is signed by the issuer.
2020-08-23 01:34:43,616 - writing OCSP response cache file
2020-08-23 01:34:43,616 - encoding OCSP response cache to JSON
2020-08-23 01:34:43,636 - ok
2020-08-23 01:34:43,945 - https://ringcentral.snowflakecomputing.com:443 "POST /session?delete=true&request_guid=ae689856-e0db-40e9-96a5-94035bae97a2 HTTP/1.1" 200 76
2020-08-23 01:34:43,946 - SUCCESS
2020-08-23 01:34:43,946 - Active requests sessions: 0, idle: 1
2020-08-23 01:34:43,946 - ret[code] = None, after post request
2020-08-23 01:34:43,948 - Session is closed
2020-08-23 01:34:43,948 - closed
2020-08-23 01:34:43,948 - Closing telemetry client.
2020-08-23 01:34:43,949 - Active requests sessions: 1, idle: 0
2020-08-23 01:34:43,949 - remaining request timeout: 5, retry cnt: 1
2020-08-23 01:34:43,949 - socket timeout: 60
2020-08-23 01:34:43,952 - Resetting dropped connection: ringcentral.snowflakecomputing.com
2020-08-23 01:34:44,581 - OCSP Mode: FAIL_OPEN, OCSP response cache file name: None
2020-08-23 01:34:44,582 - ocsp_response_cache_uri: file://C:/Users/dmitry.mitrofanov/AppData/Local/Snowflake/Caches/ocsp_response_cache.json
2020-08-23 01:34:44,582 - OCSP_VALIDATION_CACHE size: 140
2020-08-23 01:34:44,582 - OCSP response cache server is enabled: http://ocsp.snowflakecomputing.com/ocsp_response_cache.json
2020-08-23 01:34:44,582 - OCSP dynamic cache server RETRY URL: None
2020-08-23 01:34:44,586 - Verifying the attached certificate is signed by the issuer. Valid Not After: 2025-05-12 23:58:59+00:00
2020-08-23 01:34:44,588 - Verifying the attached certificate is signed by the issuer. Valid Not After: 2025-05-12 23:58:59+00:00
2020-08-23 01:34:44,589 - Verifying the attached certificate is signed by the issuer. Valid Not After: 2023-06-11 20:40:26+00:00
2020-08-23 01:34:44,590 - Verifying the attached certificate is signed by the issuer. Valid Not After: 2023-06-11 20:40:26+00:00
2020-08-23 01:34:44,591 - Verifying the attached certificate is signed by the issuer. Valid Not After: 2023-06-11 20:44:21+00:00
2020-08-23 01:34:44,592 - Verifying the attached certificate is signed by the issuer. Valid Not After: 2023-06-11 20:44:21+00:00
2020-08-23 01:34:44,594 - Verifying the attached certificate is signed by the issuer. Valid Not After: 2021-12-14 07:00:00+00:00
2020-08-23 01:34:44,595 - Verifying the attached certificate is signed by the issuer. Valid Not After: 2021-12-14 07:00:00+00:00
2020-08-23 01:34:44,596 - Verifying the attached certificate is signed by the issuer. Valid Not After: 2025-05-12 23:58:59+00:00
2020-08-23 01:34:44,598 - Verifying the attached certificate is signed by the issuer. Valid Not After: 2025-05-12 23:58:59+00:00
2020-08-23 01:34:44,604 - Verifying the attached certificate is signed by the issuer. Valid Not After: 2025-05-12 23:58:59+00:00
2020-08-23 01:34:44,607 - Verifying the attached certificate is signed by the issuer. Valid Not After: 2025-05-12 23:58:59+00:00
2020-08-23 01:34:44,609 - Verifying the attached certificate is signed by the issuer. Valid Not After: 2025-05-12 23:58:59+00:00
2020-08-23 01:34:44,611 - Verifying the attached certificate is signed by the issuer. Valid Not After: 2025-05-12 23:58:59+00:00
2020-08-23 01:34:44,622 - Verifying the attached certificate is signed by the issuer. Valid Not After: 2025-05-12 23:58:59+00:00
2020-08-23 01:34:44,624 - Verifying the attached certificate is signed by the issuer. Valid Not After: 2025-05-12 23:58:59+00:00
2020-08-23 01:34:44,628 - Verifying the attached certificate is signed by the issuer. Valid Not After: 2021-04-02 17:08:26+00:00
2020-08-23 01:34:44,629 - Verifying the attached certificate is signed by the issuer. Valid Not After: 2021-04-02 17:08:26+00:00
2020-08-23 01:34:44,631 - Verifying the attached certificate is signed by the issuer. Valid Not After: 2021-04-02 17:13:33+00:00
2020-08-23 01:34:44,632 - Verifying the attached certificate is signed by the issuer. Valid Not After: 2021-04-02 17:13:33+00:00
2020-08-23 01:34:44,634 - Verifying the attached certificate is signed by the issuer. Valid Not After: 2021-04-02 16:58:09+00:00
2020-08-23 01:34:44,635 - Verifying the attached certificate is signed by the issuer. Valid Not After: 2021-04-02 16:58:09+00:00
2020-08-23 01:34:44,657 - Verifying the attached certificate is signed by the issuer. Valid Not After: 2021-04-02 17:13:33+00:00
2020-08-23 01:34:44,658 - Verifying the attached certificate is signed by the issuer. Valid Not After: 2021-04-02 17:13:33+00:00
2020-08-23 01:34:44,660 - Verifying the attached certificate is signed by the issuer. Valid Not After: 2021-04-02 17:08:26+00:00
2020-08-23 01:34:44,661 - Verifying the attached certificate is signed by the issuer. Valid Not After: 2021-04-02 17:08:26+00:00
2020-08-23 01:34:44,662 - Verifying the attached certificate is signed by the issuer. Valid Not After: 2021-04-02 17:03:51+00:00
2020-08-23 01:34:44,664 - Verifying the attached certificate is signed by the issuer. Valid Not After: 2021-04-02 17:03:51+00:00
2020-08-23 01:34:44,665 - Verifying the attached certificate is signed by the issuer. Valid Not After: 2021-04-02 16:58:09+00:00
2020-08-23 01:34:44,666 - Verifying the attached certificate is signed by the issuer. Valid Not After: 2021-04-02 16:58:09+00:00
2020-08-23 01:34:44,668 - Verifying the attached certificate is signed by the issuer. Valid Not After: 2021-04-02 17:03:51+00:00
2020-08-23 01:34:44,669 - Verifying the attached certificate is signed by the issuer. Valid Not After: 2021-04-02 17:03:51+00:00
2020-08-23 01:34:44,671 - Verifying the attached certificate is signed by the issuer. Valid Not After: 2021-04-02 17:03:51+00:00
2020-08-23 01:34:44,672 - Verifying the attached certificate is signed by the issuer. Valid Not After: 2021-04-02 17:03:51+00:00
2020-08-23 01:34:44,688 - Verifying the attached certificate is signed by the issuer. Valid Not After: 2021-04-02 17:13:33+00:00
2020-08-23 01:34:44,689 - Verifying the attached certificate is signed by the issuer. Valid Not After: 2021-04-02 17:13:33+00:00
2020-08-23 01:34:44,691 - Read OCSP response cache file: C:/Users/dmitry.mitrofanov/AppData/Local/Snowflake/Caches/ocsp_response_cache.json, count=140
2020-08-23 01:34:44,691 - validating certificate: ringcentral.snowflakecomputing.com
2020-08-23 01:34:44,691 - # of certificates: 4
2020-08-23 01:34:44,692 - subject: OrderedDict([('common_name', '*.us-west-2.snowflakecomputing.com')]), issuer: OrderedDict([('country_name', 'US'), ('organization_name', 'Amazon'), ('organizational_unit_name', 'Server CA 1B'), ('common_name', 'Amazon')])
2020-08-23 01:34:44,692 - subject: OrderedDict([('country_name', 'US'), ('organization_name', 'Amazon'), ('organizational_unit_name', 'Server CA 1B'), ('common_name', 'Amazon')]), issuer: OrderedDict([('country_name', 'US'), ('organization_name', 'Amazon'), ('common_name', 'Amazon Root CA 1')])
2020-08-23 01:34:44,693 - subject: OrderedDict([('country_name', 'US'), ('organization_name', 'Amazon'), ('common_name', 'Amazon Root CA 1')]), issuer: OrderedDict([('country_name', 'US'), ('state_or_province_name', 'Arizona'), ('locality_name', 'Scottsdale'), ('organization_name', 'Starfield Technologies, Inc.'), ('common_name', 'Starfield Services Root Certificate Authority - G2')])
2020-08-23 01:34:44,693 - subject: OrderedDict([('country_name', 'US'), ('state_or_province_name', 'Arizona'), ('locality_name', 'Scottsdale'), ('organization_name', 'Starfield Technologies, Inc.'), ('common_name', 'Starfield Services Root Certificate Authority - G2')]), issuer: OrderedDict([('country_name', 'US'), ('organization_name', 'Starfield Technologies, Inc.'), ('organizational_unit_name', 'Starfield Class 2 Certification Authority')])
2020-08-23 01:34:44,695 - not found issuer_der: OrderedDict([('country_name', 'US'), ('organization_name', 'Starfield Technologies, Inc.'), ('organizational_unit_name', 'Starfield Class 2 Certification Authority')])
2020-08-23 01:34:44,696 - hit cache for subject: OrderedDict([('common_name', '*.us-west-2.snowflakecomputing.com')])
2020-08-23 01:34:44,697 - Verifying the attached certificate is signed by the issuer. Valid Not After: 2023-06-11 20:40:26+00:00
2020-08-23 01:34:44,697 - hit cache for subject: OrderedDict([('country_name', 'US'), ('organization_name', 'Amazon'), ('organizational_unit_name', 'Server CA 1B'), ('common_name', 'Amazon')])
2020-08-23 01:34:44,699 - Verifying the attached certificate is signed by the issuer. Valid Not After: 2023-06-11 20:44:21+00:00
2020-08-23 01:34:44,699 - hit cache for subject: OrderedDict([('country_name', 'US'), ('organization_name', 'Amazon'), ('common_name', 'Amazon Root CA 1')])
2020-08-23 01:34:44,701 - Verifying the attached certificate is signed by the issuer. Valid Not After: 2021-12-14 07:00:00+00:00
2020-08-23 01:34:44,701 - hit cache for subject: OrderedDict([('country_name', 'US'), ('state_or_province_name', 'Arizona'), ('locality_name', 'Scottsdale'), ('organization_name', 'Starfield Technologies, Inc.'), ('common_name', 'Starfield Services Root Certificate Authority - G2')])
2020-08-23 01:34:44,702 - hit cache for subject: OrderedDict([('common_name', '*.us-west-2.snowflakecomputing.com')])
2020-08-23 01:34:44,703 - using OCSP response cache
2020-08-23 01:34:44,703 - Certificate is NOT attached in Basic OCSP Response. Using issuer's certificate
2020-08-23 01:34:44,703 - Verifying the OCSP response is signed by the issuer.
2020-08-23 01:34:44,706 - Verifying the attached certificate is signed by the issuer. Valid Not After: 2023-06-11 20:40:26+00:00
2020-08-23 01:34:44,707 - hit cache for subject: OrderedDict([('country_name', 'US'), ('organization_name', 'Amazon'), ('organizational_unit_name', 'Server CA 1B'), ('common_name', 'Amazon')])
2020-08-23 01:34:44,707 - using OCSP response cache
2020-08-23 01:34:44,708 - Certificate is attached in Basic OCSP Response
2020-08-23 01:34:44,708 - Verifying the attached certificate is signed by the issuer
2020-08-23 01:34:44,708 - Valid Not After: 2023-06-11 20:40:26+00:00
2020-08-23 01:34:44,710 - Verifying the OCSP response is signed by the issuer.
2020-08-23 01:34:44,713 - Verifying the attached certificate is signed by the issuer. Valid Not After: 2023-06-11 20:44:21+00:00
2020-08-23 01:34:44,714 - hit cache for subject: OrderedDict([('country_name', 'US'), ('organization_name', 'Amazon'), ('common_name', 'Amazon Root CA 1')])
2020-08-23 01:34:44,715 - using OCSP response cache
2020-08-23 01:34:44,716 - Certificate is attached in Basic OCSP Response
2020-08-23 01:34:44,716 - Verifying the attached certificate is signed by the issuer
2020-08-23 01:34:44,716 - Valid Not After: 2023-06-11 20:44:21+00:00
2020-08-23 01:34:44,717 - Verifying the OCSP response is signed by the issuer.
2020-08-23 01:34:44,721 - Verifying the attached certificate is signed by the issuer. Valid Not After: 2021-12-14 07:00:00+00:00
2020-08-23 01:34:44,721 - hit cache for subject: OrderedDict([('country_name', 'US'), ('state_or_province_name', 'Arizona'), ('locality_name', 'Scottsdale'), ('organization_name', 'Starfield Technologies, Inc.'), ('common_name', 'Starfield Services Root Certificate Authority - G2')])
2020-08-23 01:34:44,722 - using OCSP response cache
2020-08-23 01:34:44,723 - Certificate is attached in Basic OCSP Response
2020-08-23 01:34:44,723 - Verifying the attached certificate is signed by the issuer
2020-08-23 01:34:44,723 - Valid Not After: 2021-12-14 07:00:00+00:00
2020-08-23 01:34:44,725 - Verifying the OCSP response is signed by the issuer.
2020-08-23 01:34:44,727 - writing OCSP response cache file
2020-08-23 01:34:44,727 - encoding OCSP response cache to JSON
2020-08-23 01:34:44,744 - ok
2020-08-23 01:34:44,994 - https://ringcentral.snowflakecomputing.com:443 "POST /session?delete=true&request_guid=c7caca6f-c415-4024-9eb4-22993e284091 HTTP/1.1" 200 76
2020-08-23 01:34:44,995 - SUCCESS
2020-08-23 01:34:44,995 - Active requests sessions: 0, idle: 1
2020-08-23 01:34:44,996 - ret[code] = None, after post request
2020-08-23 01:34:44,998 - Session is closed
2020-08-23 01:34:44,998 - closed
2020-08-23 01:34:44,998 - Closing telemetry client.
2020-08-23 01:34:44,998 - Active requests sessions: 1, idle: 0
2020-08-23 01:34:44,999 - remaining request timeout: 5, retry cnt: 1
2020-08-23 01:34:44,999 - socket timeout: 60
2020-08-23 01:34:45,001 - Resetting dropped connection: ringcentral.snowflakecomputing.com
2020-08-23 01:34:45,650 - OCSP Mode: FAIL_OPEN, OCSP response cache file name: None
2020-08-23 01:34:45,650 - ocsp_response_cache_uri: file://C:/Users/dmitry.mitrofanov/AppData/Local/Snowflake/Caches/ocsp_response_cache.json
2020-08-23 01:34:45,650 - OCSP_VALIDATION_CACHE size: 140
2020-08-23 01:34:45,650 - OCSP response cache server is enabled: http://ocsp.snowflakecomputing.com/ocsp_response_cache.json
2020-08-23 01:34:45,651 - OCSP dynamic cache server RETRY URL: None
2020-08-23 01:34:45,655 - Verifying the attached certificate is signed by the issuer. Valid Not After: 2025-05-12 23:58:59+00:00
2020-08-23 01:34:45,656 - Verifying the attached certificate is signed by the issuer. Valid Not After: 2025-05-12 23:58:59+00:00
2020-08-23 01:34:45,657 - Verifying the attached certificate is signed by the issuer. Valid Not After: 2023-06-11 20:40:26+00:00
2020-08-23 01:34:45,659 - Verifying the attached certificate is signed by the issuer. Valid Not After: 2023-06-11 20:40:26+00:00
2020-08-23 01:34:45,660 - Verifying the attached certificate is signed by the issuer. Valid Not After: 2023-06-11 20:44:21+00:00
2020-08-23 01:34:45,661 - Verifying the attached certificate is signed by the issuer. Valid Not After: 2023-06-11 20:44:21+00:00
2020-08-23 01:34:45,662 - Verifying the attached certificate is signed by the issuer. Valid Not After: 2021-12-14 07:00:00+00:00
2020-08-23 01:34:45,664 - Verifying the attached certificate is signed by the issuer. Valid Not After: 2021-12-14 07:00:00+00:00
2020-08-23 01:34:45,665 - Verifying the attached certificate is signed by the issuer. Valid Not After: 2025-05-12 23:58:59+00:00
2020-08-23 01:34:45,666 - Verifying the attached certificate is signed by the issuer. Valid Not After: 2025-05-12 23:58:59+00:00
2020-08-23 01:34:45,669 - Verifying the attached certificate is signed by the issuer. Valid Not After: 2025-05-12 23:58:59+00:00
2020-08-23 01:34:45,670 - Verifying the attached certificate is signed by the issuer. Valid Not After: 2025-05-12 23:58:59+00:00
2020-08-23 01:34:45,671 - Verifying the attached certificate is signed by the issuer. Valid Not After: 2025-05-12 23:58:59+00:00
2020-08-23 01:34:45,672 - Verifying the attached certificate is signed by the issuer. Valid Not After: 2025-05-12 23:58:59+00:00
2020-08-23 01:34:45,681 - Verifying the attached certificate is signed by the issuer. Valid Not After: 2025-05-12 23:58:59+00:00
2020-08-23 01:34:45,682 - Verifying the attached certificate is signed by the issuer. Valid Not After: 2025-05-12 23:58:59+00:00
2020-08-23 01:34:45,685 - Verifying the attached certificate is signed by the issuer. Valid Not After: 2021-04-02 17:08:26+00:00
2020-08-23 01:34:45,686 - Verifying the attached certificate is signed by the issuer. Valid Not After: 2021-04-02 17:08:26+00:00
2020-08-23 01:34:45,687 - Verifying the attached certificate is signed by the issuer. Valid Not After: 2021-04-02 17:13:33+00:00
2020-08-23 01:34:45,689 - Verifying the attached certificate is signed by the issuer. Valid Not After: 2021-04-02 17:13:33+00:00
2020-08-23 01:34:45,690 - Verifying the attached certificate is signed by the issuer. Valid Not After: 2021-04-02 16:58:09+00:00
2020-08-23 01:34:45,691 - Verifying the attached certificate is signed by the issuer. Valid Not After: 2021-04-02 16:58:09+00:00
2020-08-23 01:34:45,707 - Verifying the attached certificate is signed by the issuer. Valid Not After: 2021-04-02 17:13:33+00:00
2020-08-23 01:34:45,708 - Verifying the attached certificate is signed by the issuer. Valid Not After: 2021-04-02 17:13:33+00:00
2020-08-23 01:34:45,709 - Verifying the attached certificate is signed by the issuer. Valid Not After: 2021-04-02 17:08:26+00:00
2020-08-23 01:34:45,710 - Verifying the attached certificate is signed by the issuer. Valid Not After: 2021-04-02 17:08:26+00:00
2020-08-23 01:34:45,712 - Verifying the attached certificate is signed by the issuer. Valid Not After: 2021-04-02 17:03:51+00:00
2020-08-23 01:34:45,713 - Verifying the attached certificate is signed by the issuer. Valid Not After: 2021-04-02 17:03:51+00:00
2020-08-23 01:34:45,714 - Verifying the attached certificate is signed by the issuer. Valid Not After: 2021-04-02 16:58:09+00:00
2020-08-23 01:34:45,715 - Verifying the attached certificate is signed by the issuer. Valid Not After: 2021-04-02 16:58:09+00:00
2020-08-23 01:34:45,717 - Verifying the attached certificate is signed by the issuer. Valid Not After: 2021-04-02 17:03:51+00:00
2020-08-23 01:34:45,718 - Verifying the attached certificate is signed by the issuer. Valid Not After: 2021-04-02 17:03:51+00:00
2020-08-23 01:34:45,720 - Verifying the attached certificate is signed by the issuer. Valid Not After: 2021-04-02 17:03:51+00:00
2020-08-23 01:34:45,721 - Verifying the attached certificate is signed by the issuer. Valid Not After: 2021-04-02 17:03:51+00:00
2020-08-23 01:34:45,737 - Verifying the attached certificate is signed by the issuer. Valid Not After: 2021-04-02 17:13:33+00:00
2020-08-23 01:34:45,738 - Verifying the attached certificate is signed by the issuer. Valid Not After: 2021-04-02 17:13:33+00:00
2020-08-23 01:34:45,740 - Read OCSP response cache file: C:/Users/dmitry.mitrofanov/AppData/Local/Snowflake/Caches/ocsp_response_cache.json, count=140
2020-08-23 01:34:45,740 - validating certificate: ringcentral.snowflakecomputing.com
2020-08-23 01:34:45,741 - # of certificates: 4
2020-08-23 01:34:45,741 - subject: OrderedDict([('common_name', '*.us-west-2.snowflakecomputing.com')]), issuer: OrderedDict([('country_name', 'US'), ('organization_name', 'Amazon'), ('organizational_unit_name', 'Server CA 1B'), ('common_name', 'Amazon')])
2020-08-23 01:34:45,742 - subject: OrderedDict([('country_name', 'US'), ('organization_name', 'Amazon'), ('organizational_unit_name', 'Server CA 1B'), ('common_name', 'Amazon')]), issuer: OrderedDict([('country_name', 'US'), ('organization_name', 'Amazon'), ('common_name', 'Amazon Root CA 1')])
2020-08-23 01:34:45,742 - subject: OrderedDict([('country_name', 'US'), ('organization_name', 'Amazon'), ('common_name', 'Amazon Root CA 1')]), issuer: OrderedDict([('country_name', 'US'), ('state_or_province_name', 'Arizona'), ('locality_name', 'Scottsdale'), ('organization_name', 'Starfield Technologies, Inc.'), ('common_name', 'Starfield Services Root Certificate Authority - G2')])
2020-08-23 01:34:45,743 - subject: OrderedDict([('country_name', 'US'), ('state_or_province_name', 'Arizona'), ('locality_name', 'Scottsdale'), ('organization_name', 'Starfield Technologies, Inc.'), ('common_name', 'Starfield Services Root Certificate Authority - G2')]), issuer: OrderedDict([('country_name', 'US'), ('organization_name', 'Starfield Technologies, Inc.'), ('organizational_unit_name', 'Starfield Class 2 Certification Authority')])
2020-08-23 01:34:45,744 - not found issuer_der: OrderedDict([('country_name', 'US'), ('organization_name', 'Starfield Technologies, Inc.'), ('organizational_unit_name', 'Starfield Class 2 Certification Authority')])
2020-08-23 01:34:45,745 - hit cache for subject: OrderedDict([('common_name', '*.us-west-2.snowflakecomputing.com')])
2020-08-23 01:34:45,747 - Verifying the attached certificate is signed by the issuer. Valid Not After: 2023-06-11 20:40:26+00:00
2020-08-23 01:34:45,747 - hit cache for subject: OrderedDict([('country_name', 'US'), ('organization_name', 'Amazon'), ('organizational_unit_name', 'Server CA 1B'), ('common_name', 'Amazon')])
2020-08-23 01:34:45,748 - Verifying the attached certificate is signed by the issuer. Valid Not After: 2023-06-11 20:44:21+00:00
2020-08-23 01:34:45,749 - hit cache for subject: OrderedDict([('country_name', 'US'), ('organization_name', 'Amazon'), ('common_name', 'Amazon Root CA 1')])
2020-08-23 01:34:45,750 - Verifying the attached certificate is signed by the issuer. Valid Not After: 2021-12-14 07:00:00+00:00
2020-08-23 01:34:45,751 - hit cache for subject: OrderedDict([('country_name', 'US'), ('state_or_province_name', 'Arizona'), ('locality_name', 'Scottsdale'), ('organization_name', 'Starfield Technologies, Inc.'), ('common_name', 'Starfield Services Root Certificate Authority - G2')])
2020-08-23 01:34:45,751 - hit cache for subject: OrderedDict([('common_name', '*.us-west-2.snowflakecomputing.com')])
2020-08-23 01:34:45,752 - using OCSP response cache
2020-08-23 01:34:45,753 - Certificate is NOT attached in Basic OCSP Response. Using issuer's certificate
2020-08-23 01:34:45,753 - Verifying the OCSP response is signed by the issuer.
2020-08-23 01:34:45,756 - Verifying the attached certificate is signed by the issuer. Valid Not After: 2023-06-11 20:40:26+00:00
2020-08-23 01:34:45,756 - hit cache for subject: OrderedDict([('country_name', 'US'), ('organization_name', 'Amazon'), ('organizational_unit_name', 'Server CA 1B'), ('common_name', 'Amazon')])
2020-08-23 01:34:45,757 - using OCSP response cache
2020-08-23 01:34:45,758 - Certificate is attached in Basic OCSP Response
2020-08-23 01:34:45,758 - Verifying the attached certificate is signed by the issuer
2020-08-23 01:34:45,758 - Valid Not After: 2023-06-11 20:40:26+00:00
2020-08-23 01:34:45,760 - Verifying the OCSP response is signed by the issuer.
2020-08-23 01:34:45,763 - Verifying the attached certificate is signed by the issuer. Valid Not After: 2023-06-11 20:44:21+00:00
2020-08-23 01:34:45,763 - hit cache for subject: OrderedDict([('country_name', 'US'), ('organization_name', 'Amazon'), ('common_name', 'Amazon Root CA 1')])
2020-08-23 01:34:45,764 - using OCSP response cache
2020-08-23 01:34:45,765 - Certificate is attached in Basic OCSP Response
2020-08-23 01:34:45,765 - Verifying the attached certificate is signed by the issuer
2020-08-23 01:34:45,765 - Valid Not After: 2023-06-11 20:44:21+00:00
2020-08-23 01:34:45,767 - Verifying the OCSP response is signed by the issuer.
2020-08-23 01:34:45,770 - Verifying the attached certificate is signed by the issuer. Valid Not After: 2021-12-14 07:00:00+00:00
2020-08-23 01:34:45,771 - hit cache for subject: OrderedDict([('country_name', 'US'), ('state_or_province_name', 'Arizona'), ('locality_name', 'Scottsdale'), ('organization_name', 'Starfield Technologies, Inc.'), ('common_name', 'Starfield Services Root Certificate Authority - G2')])
2020-08-23 01:34:45,771 - using OCSP response cache
2020-08-23 01:34:45,773 - Certificate is attached in Basic OCSP Response
2020-08-23 01:34:45,773 - Verifying the attached certificate is signed by the issuer
2020-08-23 01:34:45,773 - Valid Not After: 2021-12-14 07:00:00+00:00
2020-08-23 01:34:45,774 - Verifying the OCSP response is signed by the issuer.
2020-08-23 01:34:45,777 - writing OCSP response cache file
2020-08-23 01:34:45,777 - encoding OCSP response cache to JSON
2020-08-23 01:34:45,794 - ok
2020-08-23 01:34:46,059 - https://ringcentral.snowflakecomputing.com:443 "POST /session?delete=true&request_guid=0f086492-3e16-4868-81ec-11797e6665a1 HTTP/1.1" 200 76
2020-08-23 01:34:46,059 - SUCCESS
2020-08-23 01:34:46,059 - Active requests sessions: 0, idle: 1
2020-08-23 01:34:46,059 - ret[code] = None, after post request
2020-08-23 01:34:46,061 - Session is closed
2020-08-23 01:34:46,063 - not found issuer_der: OrderedDict([('country_name', 'US'), ('organization_name', 'Starfield Technologies, Inc.'), ('organizational_unit_name', 'Starfield Class 2 Certification Authority')])
2020-08-23 01:34:46,064 - hit cache for subject: OrderedDict([('common_name', '*.us-west-2.snowflakecomputing.com')])
2020-08-23 01:34:46,066 - Verifying the attached certificate is signed by the issuer. Valid Not After: 2023-06-11 20:40:26+00:00
2020-08-23 01:34:46,066 - hit cache for subject: OrderedDict([('country_name', 'US'), ('organization_name', 'Amazon'), ('organizational_unit_name', 'Server CA 1B'), ('common_name', 'Amazon')])
2020-08-23 01:34:46,068 - Verifying the attached certificate is signed by the issuer. Valid Not After: 2023-06-11 20:44:21+00:00
2020-08-23 01:34:46,068 - hit cache for subject: OrderedDict([('country_name', 'US'), ('organization_name', 'Amazon'), ('common_name', 'Amazon Root CA 1')])
2020-08-23 01:34:46,070 - Verifying the attached certificate is signed by the issuer. Valid Not After: 2021-12-14 07:00:00+00:00
2020-08-23 01:34:46,070 - hit cache for subject: OrderedDict([('country_name', 'US'), ('state_or_province_name', 'Arizona'), ('locality_name', 'Scottsdale'), ('organization_name', 'Starfield Technologies, Inc.'), ('common_name', 'Starfield Services Root Certificate Authority - G2')])
2020-08-23 01:34:46,071 - hit cache for subject: OrderedDict([('common_name', '*.us-west-2.snowflakecomputing.com')])
2020-08-23 01:34:46,072 - using OCSP response cache
2020-08-23 01:34:46,072 - Certificate is NOT attached in Basic OCSP Response. Using issuer's certificate
2020-08-23 01:34:46,072 - Verifying the OCSP response is signed by the issuer.
2020-08-23 01:34:46,075 - Verifying the attached certificate is signed by the issuer. Valid Not After: 2023-06-11 20:40:26+00:00
2020-08-23 01:34:46,075 - hit cache for subject: OrderedDict([('country_name', 'US'), ('organization_name', 'Amazon'), ('organizational_unit_name', 'Server CA 1B'), ('common_name', 'Amazon')])
2020-08-23 01:34:46,076 - using OCSP response cache
2020-08-23 01:34:46,077 - Certificate is attached in Basic OCSP Response
2020-08-23 01:34:46,077 - Verifying the attached certificate is signed by the issuer
2020-08-23 01:34:46,077 - Valid Not After: 2023-06-11 20:40:26+00:00
2020-08-23 01:34:46,079 - Verifying the OCSP response is signed by the issuer.
2020-08-23 01:34:46,082 - Verifying the attached certificate is signed by the issuer. Valid Not After: 2023-06-11 20:44:21+00:00
2020-08-23 01:34:46,083 - hit cache for subject: OrderedDict([('country_name', 'US'), ('organization_name', 'Amazon'), ('common_name', 'Amazon Root CA 1')])
2020-08-23 01:34:46,084 - using OCSP response cache
2020-08-23 01:34:46,084 - Certificate is attached in Basic OCSP Response
2020-08-23 01:34:46,085 - Verifying the attached certificate is signed by the issuer
2020-08-23 01:34:46,085 - Valid Not After: 2023-06-11 20:44:21+00:00
2020-08-23 01:34:46,086 - Verifying the OCSP response is signed by the issuer.
2020-08-23 01:34:46,090 - Verifying the attached certificate is signed by the issuer. Valid Not After: 2021-12-14 07:00:00+00:00
2020-08-23 01:34:46,090 - hit cache for subject: OrderedDict([('country_name', 'US'), ('state_or_province_name', 'Arizona'), ('locality_name', 'Scottsdale'), ('organization_name', 'Starfield Technologies, Inc.'), ('common_name', 'Starfield Services Root Certificate Authority - G2')])
2020-08-23 01:34:46,091 - using OCSP response cache
2020-08-23 01:34:46,092 - Certificate is attached in Basic OCSP Response
2020-08-23 01:34:46,092 - Verifying the attached certificate is signed by the issuer
2020-08-23 01:34:46,092 - Valid Not After: 2021-12-14 07:00:00+00:00
2020-08-23 01:34:46,094 - Verifying the OCSP response is signed by the issuer.
2020-08-23 01:34:46,096 - writing OCSP response cache file
2020-08-23 01:34:46,096 - encoding OCSP response cache to JSON
2020-08-23 01:34:46,114 - ok
2020-08-23 01:34:46,518 - https://ringcentral.snowflakecomputing.com:443 "POST /session/v1/login-request?request_id=e611bc3c-3f41-4f0f-a6b9-3f3819c91ab7&databaseName=RCUSERS&schemaName=DMITRYMITROFANOV&warehouse=RCUSERS_WH&request_guid=e69ba1f6-c999-43fe-b58b-d5897f3e30ff HTTP/1.1" 200 1399
2020-08-23 01:34:46,519 - SUCCESS
2020-08-23 01:34:46,519 - Active requests sessions: 0, idle: 1
2020-08-23 01:34:46,519 - ret[code] = None, after post request
2020-08-23 01:34:46,519 - completed authentication
2020-08-23 01:34:46,519 - token = ******
2020-08-23 01:34:46,519 - master_token = ******
2020-08-23 01:34:46,519 - id_token = NULL
2020-08-23 01:34:46,519 - no ID token is given when try to store temporary credential
2020-08-23 01:34:46,519 - cursor
2020-08-23 01:34:46,520 - merge into KAMALA_ACL t using (select parse_json('{"offset":19500,"count":50,"limit":50,"statuses":[{"id":1,"name":"scheduled"},{"id":2,"name":"sms_confirmation_sent"},{"id":3,"name":"cancelled_by_sms"},{"id":4,"name":"confirmed"},{"id":5,"name":"in_progress"},{"id":6,"name":"finished"},{"id":7,"name":"cancelled"},{"id":8,"name":"missed"},{"id":9,"name":"arrived"}],"fields":[{"id":"1","name":"\u0418\u0441\u043f\u043e\u043b\u043d\u0438\u0442\u0435\u043b\u044c"},{"id":"2","name":"\u0421\u0441\u044b\u043b\u043a\u0430 \u043d\u0430 \u043a\u043b\u0438\u0435\u043d\u0442\u0430"},{"id":"3","name":"\u0410\u0439\u0434\u0438 \u0430\u043a\u043a\u0430\u0443\u043d\u0442\u0430"}],"orders":[{"id":6607810,"name":"\u0410\u044d\u0440\u043e\u0439\u043e\u0433\u0430 (90 \u043c\u0438\u043d)","account_id":10765,"date_create":1582872496,"status":6,"price":"0","client_id":1122837,"roistat":"\u043f\u043e\u0441\u0442\u043e\u044f\u043d\u043d\u044b\u0439 \u043a\u043b\u0438\u0435\u043d\u0442","executor":"\u0421\u043e\u0431\u0435\u043d\u043d\u0438\u043a\u043e\u0432\u0430 \u041e\u043a\u0441\u0430\u043d\u0430 \u042e\u0440\u044c\u0435\u0432\u043d\u0430","is_sale":false,"appointment_id":5833285,"fields":{"1":"\u0421\u043e\u0431\u0435\u043d\u043d\u0438\u043a\u043e\u0432\u0430 \u041e\u043a\u0441\u0430\u043d\u0430 \u042e\u0440\u044c\u0435\u0432\u043d\u0430","2":"https:\/\/klientiks.ru\/clientix\/client\/default\/id\/1122837","3":10765}},{"id":6607812,"name":"\u0410\u044d\u0440\u043e\u0439\u043e\u0433\u0430 (90 \u043c\u0438\u043d)","account_id":10765,"date_create":1582872499,"status":6,"price":"0","client_id":2877520,"roistat":"\u0438\u043d\u0442\u0435\u0440\u043d\u0435\u0442","executor":"\u0421\u043e\u0431\u0435\u043d\u043d\u0438\u043a\u043e\u0432\u0430 \u041e\u043a\u0441\u0430\u043d\u0430 \u042e\u0440\u044c\u0435\u0432\u043d\u0430","is_sale":false,"appointment_id":5833285,"fields":{"1":"\u0421\u043e\u0431\u0435\u043d\u043d\u0438\u043a\u043e\u0432\u0430 \u041e\u043a\u0441\u0430\u043d\u0430 \u042e\u0440\u044c\u0435\u0432\u043d\u0430","2":"https:\/\/klientiks.ru\/clientix\/client\/default\/id\/2877520","3":10765}},{"id":6608043,"name":"\u0410\u044e\u0440\u0432\u0435\u0434\u0430 \u043a\u043e\u043d\u0441\u0443\u043b\u044c\u0442\u0430\u0446\u0438\u044f \u0432\u0440\u0430\u0447\u0430 (60 \u043c\u0438\u043d)","account_id":10765,"date_create":1582873655,"status":6,"price":"3500","client_id":3319006,"roistat":"\u0412\u0445\u043e\u0434\u044f\u0449\u0438\u0439 \u0437\u0432\u043e\u043d\u043e\u043a","executor":"\u041f\u0440\u0430\u0432\u0438\u043d \u0421\u0443\u0440\u0435\u043d\u0434\u0440\u0430\u043d\u043f\u0438\u043b\u0430\u0439 \u0412\u0430\u0441\u0430\u043d\u0442\u0430\u043a\u0443\u043c\u0430\u0440\u0438","is_sale":false,"appointment_id":5851965,"fields":{"1":"\u041f\u0440\u0430\u0432\u0438\u043d \u0421\u0443\u0440\u0435\u043d\u0434\u0440\u0430\u043d\u043f\u0438\u043b\u0430\u0439 \u0412\u0430\u0441\u0430\u043d\u0442\u0430\u043a\u0443\u043c\u0430\u0440\u0438","2":"https:\/\/klientiks.ru\/clientix\/client\/default\/id\/3319006","3":10765}},{"id":6609060,"name":"\u0420\u043e\u0437\u043e\u0432\u044f_\u0432\u043e\u0434\u0430_Khadi","account_id":10765,"date_create":1582877952,"status":6,"price":"400","client_id":1108070,"roistat":"\u0438\u043d\u0442\u0435\u0440\u043d\u0435\u0442","executor":"\u0410\u0445\u043c\u0435\u0434\u043e\u0432\u0430 \u0422\u0430\u0442\u044c\u044f\u043d\u0430 \u041b\u0435\u043e\u043d\u0438\u0434\u043e\u0432\u043d\u0430","is_sale":true,"appointment_id":5852875,"fields":{"1":"\u0410\u0445\u043c\u0435\u0434\u043e\u0432\u0430 \u0422\u0430\u0442\u044c\u044f\u043d\u0430 \u041b\u0435\u043e\u043d\u0438\u0434\u043e\u0432\u043d\u0430","2":"https:\/\/klientiks.ru\/clientix\/client\/default\/id\/1108070","3":10765}},{"id":6609134,"name":"\u0420\u043e\u0437\u043e\u0432\u044f_\u0432\u043e\u0434\u0430_Khadi","account_id":10765,"date_create":1582878286,"status":6,"price":"400","client_id":1297843,"roistat":"\u0440\u044f\u0434\u043e\u043c \u0436\u0438\u0432\u0435\u0442","executor":"\u0410\u0445\u043c\u0435\u0434\u043e\u0432\u0430 \u0422\u0430\u0442\u044c\u044f\u043d\u0430 \u041b\u0435\u043e\u043d\u0438\u0434\u043e\u0432\u043d\u0430","is_sale":true,"appointment_id":5852970,"fields":{"1":"\u0410\u0445\u043c\u0435\u0434\u043e\u0432\u0430 \u0422\u0430\u0442\u044c\u044f\u043d\u0430 \u041b\u0435\u043e\u043d\u0438\u0434\u043e\u0432\u043d\u0430","2":"https:\/\/klientiks.ru\/clientix\/client\/default\/id\/1297843","3":10765}},{"id":6609341,"name":"Chyawanaprasham_Nagarjuna 500g","account_id":10765,"date_create":1582879137,"status":6,"price":"700","client_id":3215797,"roistat":"\u0438\u043d\u0442\u0435\u0440\u043d\u0435\u0442","executor":"\u0410\u0445\u043c\u0435\u0434\u043e\u0432\u0430 \u0422\u0430\u0442\u044c\u044f\u043d\u0430 \u041b\u0435\u043e\u043d\u0438\u0434\u043e\u0432\u043d\u0430","is_sale":true,"appointment_id":5853140,"fields":{"1":"\u0410\u0445\u043c\u0435\u0434\u043e\u0432\u0430 \u0422\u0430\u0442\u044c\u044f\u043d\u0430 \u041b\u0435\u043e\u043d\u0438\u0434\u043e\u0432\u043d\u0430","2":"https:\/\/klientiks.ru\/clientix\/client\/default\/id\/3215797","3":10765}},{"id":6609378,"name":"Chyawanaprasham_Nagarjuna 500g","account_id":10765,"date_create":1582879329,"status":6,"price":"700","client_id":3014911,"roistat":"\u043e\u0442 \u0437\u043d\u0430\u043a\u043e\u043c\u044b\u0445","executor":"\u0410\u0445\u043c\u0435\u0434\u043e\u0432\u0430 \u0422\u0430\u0442\u044c\u044f\u043d\u0430 \u041b\u0435\u043e\u043d\u0438\u0434\u043e\u0432\u043d\u0430","is_sale":true,"appointment_id":5853176,"fields":{"1":"\u0410\u0445\u043c\u0435\u0434\u043e\u0432\u0430 \u0422\u0430\u0442\u044c\u044f\u043d\u0430 \u041b\u0435\u043e\u043d\u0438\u0434\u043e\u0432\u043d\u0430","2":"https:\/\/klientiks.ru\/clientix\/client\/default\/id\/3014911","3":10765}},{"id":6609424,"name":"Itone_eye_drop_\u043a\u0430\u043f\u043b\u0438,Chyawanaprasham_Nagarjuna 500g,Itone_eye_drop_\u043a\u0430\u043f\u043b\u0438,Chyawanaprasham_Nagarjuna 500g","account_id":10765,"date_create":1582879528,"status":6,"price":"980","client_id":3058502,"roistat":"\u043e\u0442 \u0437\u043d\u0430\u043a\u043e\u043c\u044b\u0445","executor":"\u0410\u0445\u043c\u0435\u0434\u043e\u0432\u0430 \u0422\u0430\u0442\u044c\u044f\u043d\u0430 \u041b\u0435\u043e\u043d\u0438\u0434\u043e\u0432\u043d\u0430","is_sale":true,"appointment_id":5853219,"fields":{"1":"\u0410\u0445\u043c\u0435\u0434\u043e\u0432\u0430 \u0422\u0430\u0442\u044c\u044f\u043d\u0430 \u041b\u0435\u043e\u043d\u0438\u0434\u043e\u0432\u043d\u0430","2":"https:\/\/klientiks.ru\/clientix\/client\/default\/id\/3058502","3":10765}},{"id":6609494,"name":"\u0410\u044d\u0440\u043e\u0439\u043e\u0433\u0430 (90 \u043c\u0438\u043d)","account_id":10765,"date_create":1582879922,"status":6,"price":"0","client_id":3144287,"roistat":"\u0438\u043d\u0442\u0435\u0440\u043d\u0435\u0442","executor":"\u0421\u043e\u0431\u0435\u043d\u043d\u0438\u043a\u043e\u0432\u0430 \u041e\u043a\u0441\u0430\u043d\u0430 \u042e\u0440\u044c\u0435\u0432\u043d\u0430","is_sale":false,"appointment_id":5833242,"fields":{"1":"\u0421\u043e\u0431\u0435\u043d\u043d\u0438\u043a\u043e\u0432\u0430 \u041e\u043a\u0441\u0430\u043d\u0430 \u042e\u0440\u044c\u0435\u0432\u043d\u0430","2":"https:\/\/klientiks.ru\/clientix\/client\/default\/id\/3144287","3":10765}},{"id":6609665,"name":"\u0410\u044d\u0440\u043e\u0439\u043e\u0433\u0430 (90 \u043c\u0438\u043d)","account_id":10765,"date_create":1582880922,"status":6,"price":"0","client_id":1108070,"roistat":"\u0438\u043d\u0442\u0435\u0440\u043d\u0435\u0442","executor":"\u0421\u043e\u0431\u0435\u043d\u043d\u0438\u043a\u043e\u0432\u0430 \u041e\u043a\u0441\u0430\u043d\u0430 \u042e\u0440\u044c\u0435\u0432\u043d\u0430","is_sale":false,"appointment_id":5833243,"fields":{"1":"\u0421\u043e\u0431\u0435\u043d\u043d\u0438\u043a\u043e\u0432\u0430 \u041e\u043a\u0441\u0430\u043d\u0430 \u042e\u0440\u044c\u0435\u0432\u043d\u0430","2":"https:\/\/klientiks.ru\/clientix\/client\/default\/id\/1108070","3":10765}},{"id":6609667,"name":"\u0410\u044d\u0440\u043e\u0439\u043e\u0433\u0430 (90 \u043c\u0438\u043d)","account_id":10765,"date_create":1582880934,"status":6,"price":"0","client_id":3014911,"roistat":"\u043e\u0442 \u0437\u043d\u0430\u043a\u043e\u043c\u044b\u0445","executor":"\u0421\u043e\u0431\u0435\u043d\u043d\u0438\u043a\u043e\u0432\u0430 \u041e\u043a\u0441\u0430\u043d\u0430 \u042e\u0440\u044c\u0435\u0432\u043d\u0430","is_sale":false,"appointment_id":5833243,"fields":{"1":"\u0421\u043e\u0431\u0435\u043d\u043d\u0438\u043a\u043e\u0432\u0430 \u041e\u043a\u0441\u0430\u043d\u0430 \u042e\u0440\u044c\u0435\u0432\u043d\u0430","2":"https:\/\/klientiks.ru\/clientix\/client\/default\/id\/3014911","3":10765}},{"id":6609779,"name":"Drakshadi_kashayam_200ml","account_id":10765,"date_create":1582881396,"status":6,"price":"850","client_id":3188843,"roistat":"\u0438\u043d\u0442\u0435\u0440\u043d\u0435\u0442","executor":"\u0410\u0445\u043c\u0435\u0434\u043e\u0432\u0430 \u0422\u0430\u0442\u044c\u044f\u043d\u0430 \u041b\u0435\u043e\u043d\u0438\u0434\u043e\u0432\u043d\u0430","is_sale":true,"appointment_id":5853564,"fields":{"1":"\u0410\u0445\u043c\u0435\u0434\u043e\u0432\u0430 \u0422\u0430\u0442\u044c\u044f\u043d\u0430 \u041b\u0435\u043e\u043d\u0438\u0434\u043e\u0432\u043d\u0430","2":"https:\/\/klientiks.ru\/clientix\/client\/default\/id\/3188843","3":10765}},{"id":6609863,"name":"\u0423\u043c\u0430\u0441\u043b\u0438\u0432\u0430\u043d\u0438\u0435  (30 \u043c\u0438\u043d.),\u0423\u043c\u0430\u0441\u043b\u0438\u0432\u0430\u043d\u0438\u0435  (30 \u043c\u0438\u043d.),\u0428\u0438\u0440\u043e\u0434\u0445\u0430\u0440\u0430 (60 \u043c\u0438\u043d. \u0441\u0442\u0440\u0443\u044f\u0449\u0435\u0435\u0441\u044f \u043c\u0430\u0441\u043b\u043e \u043d\u0430 \u043b\u043e\u0431),\u0428\u0438\u0440\u043e\u0434\u0445\u0430\u0440\u0430 (60 \u043c\u0438\u043d. \u0441\u0442\u0440\u0443\u044f\u0449\u0435\u0435\u0441\u044f \u043c\u0430\u0441\u043b\u043e \u043d\u0430 \u043b\u043e\u0431)","account_id":10765,"date_create":1582881858,"status":6,"price":"0","client_id":3058502,"roistat":"\u043e\u0442 \u0437\u043d\u0430\u043a\u043e\u043c\u044b\u0445","executor":"\u0424\u0438\u043b\u0438\u043f \u0412\u0438\u043c\u0430\u043b\u0430 \u0412\u0438\u043f\u0438\u043d","is_sale":false,"appointment_id":5853640,"fields":{"1":"\u0424\u0438\u043b\u0438\u043f \u0412\u0438\u043c\u0430\u043b\u0430 \u0412\u0438\u043f\u0438\u043d","2":"https:\/\/klientiks.ru\/clientix\/client\/default\/id\/3058502","3":10765}},{"id":6610697,"name":"\u0410\u044e\u0440\u0432\u0435\u0434\u0430 \u043a\u043e\u043d\u0441\u0443\u043b\u044c\u0442\u0430\u0446\u0438\u044f \u0432\u0440\u0430\u0447\u0430 (60 \u043c\u0438\u043d)","account_id":10765,"date_create":1582886384,"status":7,"price":null,"client_id":3321057,"roistat":"\u0432\u043a","executor":"\u041f\u0440\u0430\u0432\u0438\u043d \u0421\u0443\u0440\u0435\u043d\u0434\u0440\u0430\u043d\u043f\u0438\u043b\u0430\u0439 \u0412\u0430\u0441\u0430\u043d\u0442\u0430\u043a\u0443\u043c\u0430\u0440\u0438","is_sale":false,"appointment_id":5854476,"fields":{"1":"\u041f\u0440\u0430\u0432\u0438\u043d \u0421\u0443\u0440\u0435\u043d\u0434\u0440\u0430\u043d\u043f\u0438\u043b\u0430\u0439 \u0412\u0430\u0441\u0430\u043d\u0442\u0430\u043a\u0443\u043c\u0430\u0440\u0438","2":"https:\/\/klientiks.ru\/clientix\/client\/default\/id\/3321057","3":10765}},{"id":6611326,"name":"\u0410\u044e\u0440\u0432\u0435\u0434\u0430 \u043f\u043e\u0432\u0442\u043e\u0440\u043d\u0430\u044f \u043a\u043e\u043d\u0441\u0443\u043b\u044c\u0442\u0430\u0446\u0438\u044f \u0434\u043e\u043a\u0442\u043e\u0440\u0430 \u0412\u0430\u0440\u0443\u043d (30 \u043c\u0438\u043d.)","account_id":10765,"date_create":1582889618,"status":6,"price":"2000","client_id":2542180,"roistat":"\u043e\u0442 \u0437\u043d\u0430\u043a\u043e\u043c\u044b\u0445","executor":"\u0412\u0430\u0440\u0443\u043d","is_sale":false,"appointment_id":5855067,"fields":{"1":"\u0412\u0430\u0440\u0443\u043d","2":"https:\/\/klientiks.ru\/clientix\/client\/default\/id\/2542180","3":10765}},{"id":6611774,"name":"\u0410\u044d\u0440\u043e\u0439\u043e\u0433\u0430 (90 \u043c\u0438\u043d)","account_id":10765,"date_create":1582891766,"status":6,"price":"0","client_id":1122031,"roistat":"\u0441\u043e\u0442\u0440\u0443\u0434\u043d\u0438\u043a","executor":"\u0421\u043e\u0431\u0435\u043d\u043d\u0438\u043a\u043e\u0432\u0430 \u041e\u043a\u0441\u0430\u043d\u0430 \u042e\u0440\u044c\u0435\u0432\u043d\u0430","is_sale":false,"appointment_id":5543994,"fields":{"1":"\u0421\u043e\u0431\u0435\u043d\u043d\u0438\u043a\u043e\u0432\u0430 \u041e\u043a\u0441\u0430\u043d\u0430 \u042e\u0440\u044c\u0435\u0432\u043d\u0430","2":"https:\/\/klientiks.ru\/clientix\/client\/default\/id\/1122031","3":10765}},{"id":6611781,"name":"\u0410\u044d\u0440\u043e\u0439\u043e\u0433\u0430 (90 \u043c\u0438\u043d)","account_id":10765,"date_create":1582891793,"status":6,"price":"0","client_id":1109904,"roistat":"\u0441\u043e\u0442\u0440\u0443\u0434\u043d\u0438\u043a","executor":"\u0421\u043e\u0431\u0435\u043d\u043d\u0438\u043a\u043e\u0432\u0430 \u041e\u043a\u0441\u0430\u043d\u0430 \u042e\u0440\u044c\u0435\u0432\u043d\u0430","is_sale":false,"appointment_id":5833284,"fields":{"1":"\u0421\u043e\u0431\u0435\u043d\u043d\u0438\u043a\u043e\u0432\u0430 \u041e\u043a\u0441\u0430\u043d\u0430 \u042e\u0440\u044c\u0435\u0432\u043d\u0430","2":"https:\/\/klientiks.ru\/clientix\/client\/default\/id\/1109904","3":10765}},{"id":6612051,"name":"\u0410\u044e\u0440\u0432\u0435\u0434\u0430 \u043f\u043e\u0432\u0442\u043e\u0440\u043d\u0430\u044f \u043a\u043e\u043d\u0441\u0443\u043b\u044c\u0442\u0430\u0446\u0438\u044f \u0432\u0440\u0430\u0447\u0430 \u0432 \u043d\u0430\u0437\u043d\u0430\u0447\u0435\u043d\u043d\u044b\u0439 \u0441\u0440\u043e\u043a (30 \u043c\u0438\u043d)","account_id":10765,"date_create":1582893369,"status":6,"price":"2000","client_id":1122769,"roistat":"\u0412\u0445\u043e\u0434\u044f\u0449\u0438\u0439 \u0437\u0432\u043e\u043d\u043e\u043a","executor":"\u041f\u0440\u0430\u0432\u0438\u043d \u0421\u0443\u0440\u0435\u043d\u0434\u0440\u0430\u043d\u043f\u0438\u043b\u0430\u0439 \u0412\u0430\u0441\u0430\u043d\u0442\u0430\u043a\u0443\u043c\u0430\u0440\u0438","is_sale":false,"appointment_id":5855752,"fields":{"1":"\u041f\u0440\u0430\u0432\u0438\u043d \u0421\u0443\u0440\u0435\u043d\u0434\u0440\u0430\u043d\u043f\u0438\u043b\u0430\u0439 \u0412\u0430\u0441\u0430\u043d\u0442\u0430\u043a\u0443\u043c\u0430\u0440\u0438","2":"https:\/\/klientiks.ru\/clientix\/client\/default\/id\/1122769","3":10765}},{"id":6612512,"name":"\u0410\u044e\u0440\u0432\u0435\u0434\u0430 \u043f\u043e\u0432\u0442\u043e\u0440\u043d\u0430\u044f  \u043a\u043e\u043d\u0441\u0443\u043b\u044c\u0442\u0430\u0446\u0438\u044f \u0432\u0440\u0430\u0447\u0430 (30 \u043c\u0438\u043d)","account_id":10765,"date_create":1582895755,"status":7,"price":null,"client_id":2758536,"roistat":"\u043e\u0442 \u0437\u043d\u0430\u043a\u043e\u043c\u044b\u0445","executor":"\u041f\u0440\u0430\u0432\u0438\u043d \u0421\u0443\u0440\u0435\u043d\u0434\u0440\u0430\u043d\u043f\u0438\u043b\u0430\u0439 \u0412\u0430\u0441\u0430\u043d\u0442\u0430\u043a\u0443\u043c\u0430\u0440\u0438","is_sale":false,"appointment_id":5856150,"fields":{"1":"\u041f\u0440\u0430\u0432\u0438\u043d \u0421\u0443\u0440\u0435\u043d\u0434\u0440\u0430\u043d\u043f\u0438\u043b\u0430\u0439 \u0412\u0430\u0441\u0430\u043d\u0442\u0430\u043a\u0443\u043c\u0430\u0440\u0438","2":"https:\/\/klientiks.ru\/clientix\/client\/default\/id\/2758536","3":10765}},{"id":6613111,"name":"Sukumara_Kashayam_200 ml","account_id":10765,"date_create":1582899890,"status":6,"price":"800","client_id":3258794,"roistat":"\u0412\u0445\u043e\u0434\u044f\u0449\u0438\u0439 \u0437\u0432\u043e\u043d\u043e\u043a","executor":"\u0410\u0445\u043c\u0435\u0434\u043e\u0432\u0430 \u0422\u0430\u0442\u044c\u044f\u043d\u0430 \u041b\u0435\u043e\u043d\u0438\u0434\u043e\u0432\u043d\u0430","is_sale":true,"appointment_id":5856720,"fields":{"1":"\u0410\u0445\u043c\u0435\u0434\u043e\u0432\u0430 \u0422\u0430\u0442\u044c\u044f\u043d\u0430 \u041b\u0435\u043e\u043d\u0438\u0434\u043e\u0432\u043d\u0430","2":"https:\/\/klientiks.ru\/clientix\/client\/default\/id\/3258794","3":10765}},{"id":6613142,"name":"\u0410\u044d\u0440\u043e\u0439\u043e\u0433\u0430 (90 \u043c\u0438\u043d)","account_id":10765,"date_create":1582900096,"status":6,"price":"800","client_id":3244018,"roistat":"\u0438\u043d\u0442\u0435\u0440\u043d\u0435\u0442","executor":"\u0412\u043b\u0430\u0441\u043e\u0432\u0430 \u0415\u043b\u0435\u043d\u0430 \u0421\u0435\u0440\u0433\u0435\u0435\u0432\u043d\u0430","is_sale":false,"appointment_id":5762040,"fields":{"1":"\u0412\u043b\u0430\u0441\u043e\u0432\u0430 \u0415\u043b\u0435\u043d\u0430 \u0421\u0435\u0440\u0433\u0435\u0435\u0432\u043d\u0430","2":"https:\/\/klientiks.ru\/clientix\/client\/default\/id\/3244018","3":10765}},{"id":6613439,"name":"Brahmarasayanam_200ml,\u0428\u0430\u043c\u043f\u0443\u043d\u044c_Trichup,\u041a\u0430\u0440\u0434\u043e\u043c\u043e\u043d_\u0437\u0435\u043b\u0435\u043d\u044b\u0439,Brahmarasayanam_200ml,\u0428\u0430\u043c\u043f\u0443\u043d\u044c_Trichup,Brahmarasayanam_200ml,\u041a\u0430\u0440\u0434\u043e\u043c\u043e\u043d_\u0437\u0435\u043b\u0435\u043d\u044b\u0439,\u0428\u0430\u043c\u043f\u0443\u043d\u044c_Trichup,\u041a\u0430\u0440\u0434\u043e\u043c\u043e\u043d_\u0437\u0435\u043b\u0435\u043d\u044b\u0439","account_id":10765,"date_create":1582901878,"status":6,"price":"1250","client_id":3276868,"roistat":"\u0412\u0445\u043e\u0434\u044f\u0449\u0438\u0439 \u0437\u0432\u043e\u043d\u043e\u043a","executor":"\u0410\u0445\u043c\u0435\u0434\u043e\u0432\u0430 \u0422\u0430\u0442\u044c\u044f\u043d\u0430 \u041b\u0435\u043e\u043d\u0438\u0434\u043e\u0432\u043d\u0430","is_sale":true,"appointment_id":5857007,"fields":{"1":"\u0410\u0445\u043c\u0435\u0434\u043e\u0432\u0430 \u0422\u0430\u0442\u044c\u044f\u043d\u0430 \u041b\u0435\u043e\u043d\u0438\u0434\u043e\u0432\u043d\u0430","2":"https:\/\/klientiks.ru\/clientix\/client\/default\/id\/3276868","3":10765}},{"id":6613600,"name":"Arjunarishtam_450ml","account_id":10765,"date_create":1582902783,"status":6,"price":"835","client_id":2623071,"roistat":"\u0441\u043e\u0442\u0440\u0443\u0434\u043d\u0438\u043a","executor":"\u0410\u0445\u043c\u0435\u0434\u043e\u0432\u0430 \u0422\u0430\u0442\u044c\u044f\u043d\u0430 \u041b\u0435\u043e\u043d\u0438\u0434\u043e\u0432\u043d\u0430","is_sale":true,"appointment_id":5857122,"fields":{"1":"\u0410\u0445\u043c\u0435\u0434\u043e\u0432\u0430 \u0422\u0430\u0442\u044c\u044f\u043d\u0430 \u041b\u0435\u043e\u043d\u0438\u0434\u043e\u0432\u043d\u0430","2":"https:\/\/klientiks.ru\/clientix\/client\/default\/id\/2623071","3":10765}},{"id":6614597,"name":"\u0410\u044e\u0440\u0432\u0435\u0434\u0430 \u043f\u043e\u0432\u0442\u043e\u0440\u043d\u0430\u044f \u043a\u043e\u043d\u0441\u0443\u043b\u044c\u0442\u0430\u0446\u0438\u044f \u0432\u0440\u0430\u0447\u0430 \u0432 \u043d\u0430\u0437\u043d\u0430\u0447\u0435\u043d\u043d\u044b\u0439 \u0441\u0440\u043e\u043a (30 \u043c\u0438\u043d)","account_id":10765,"date_create":1582905636,"status":6,"price":"2000","client_id":1383790,"roistat":"\u0421\u043e\u0432\u0435\u0442 \u0414\u0440\u0443\u0437\u0435\u0439","executor":"\u041f\u0440\u0430\u0432\u0438\u043d \u0421\u0443\u0440\u0435\u043d\u0434\u0440\u0430\u043d\u043f\u0438\u043b\u0430\u0439 \u0412\u0430\u0441\u0430\u043d\u0442\u0430\u043a\u0443\u043c\u0430\u0440\u0438","is_sale":false,"appointment_id":5857428,"fields":{"1":"\u041f\u0440\u0430\u0432\u0438\u043d \u0421\u0443\u0440\u0435\u043d\u0434\u0440\u0430\u043d\u043f\u0438\u043b\u0430\u0439 \u0412\u0430\u0441\u0430\u043d\u0442\u0430\u043a\u0443\u043c\u0430\u0440\u0438","2":"https:\/\/klientiks.ru\/clientix\/client\/default\/id\/1383790","3":10765}},{"id":6614744,"name":"\u041a\u0430\u043b\u0430\u0440\u0438 \u043c\u0430\u0441\u0441\u0430\u0436 (60 \u043c\u0438\u043d. \u043d\u043e\u0436\u043d\u043e\u0439 \u043c\u0430\u0441\u043b\u044f\u043d\u044b\u0439 \u043c\u0430\u0441\u0441\u0430\u0436)","account_id":10765,"date_create":1582906765,"status":6,"price":"0","client_id":2936299,"roistat":"\u0412\u0445\u043e\u0434\u044f\u0449\u0438\u0439 \u0437\u0432\u043e\u043d\u043e\u043a,\u043e\u0442 \u0437\u043d\u0430\u043a\u043e\u043c\u044b\u0445","executor":"\u0424\u0438\u043b\u0438\u043f \u0412\u0438\u043c\u0430\u043b\u0430 \u0412\u0438\u043f\u0438\u043d","is_sale":false,"appointment_id":5857568,"fields":{"1":"\u0424\u0438\u043b\u0438\u043f \u0412\u0438\u043c\u0430\u043b\u0430 \u0412\u0438\u043f\u0438\u043d","2":"https:\/\/klientiks.ru\/clientix\/client\/default\/id\/2936299","3":10765}},{"id":6614748,"name":"\u0410\u0431\u0445\u044a\u044f\u043d\u0433\u0430 \u043c\u0430\u0441\u0441\u0430\u0436 (60 \u043c\u0438\u043d. \u0440\u0443\u0447\u043d\u043e\u0439 \u043c\u0430\u0441\u043b\u044f\u043d\u044b\u0439 \u043c\u0430\u0441\u0441\u0430\u0436 \u0432 2 \u0440\u0443\u043a\u0438)","account_id":10765,"date_create":1582906812,"status":6,"price":"0","client_id":2936299,"roistat":"\u0412\u0445\u043e\u0434\u044f\u0449\u0438\u0439 \u0437\u0432\u043e\u043d\u043e\u043a,\u043e\u0442 \u0437\u043d\u0430\u043a\u043e\u043c\u044b\u0445","executor":"\u041d\u0438\u0431\u0438\u043d \u041a\u043e\u0434\u0430\u0442 \u0414\u0438\u043d\u0435\u0441\u0430\u043d","is_sale":false,"appointment_id":5857573,"fields":{"1":"\u041d\u0438\u0431\u0438\u043d \u041a\u043e\u0434\u0430\u0442 \u0414\u0438\u043d\u0435\u0441\u0430\u043d","2":"https:\/\/klientiks.ru\/clientix\/client\/default\/id\/2936299","3":10765}},{"id":6614839,"name":"\u0423\u043c\u0430\u0441\u043b\u0438\u0432\u0430\u043d\u0438\u0435  (30 \u043c\u0438\u043d.)","account_id":10765,"date_create":1582907560,"status":6,"price":"1440","client_id":1123631,"roistat":"\u043f\u043e\u0441\u0442\u043e\u044f\u043d\u043d\u044b\u0439 \u043a\u043b\u0438\u0435\u043d\u0442","executor":"\u0428\u0440\u0438\u0442\u0430","is_sale":false,"appointment_id":5857654,"fields":{"1":"\u0428\u0440\u0438\u0442\u0430","2":"https:\/\/klientiks.ru\/clientix\/client\/default\/id\/1123631","3":10765}},{"id":6614872,"name":"\u0423\u043c\u0430\u0441\u043b\u0438\u0432\u0430\u043d\u0438\u0435  (30 \u043c\u0438\u043d.)","account_id":10765,"date_create":1582908126,"status":6,"price":"1440","client_id":1123631,"roistat":"\u043f\u043e\u0441\u0442\u043e\u044f\u043d\u043d\u044b\u0439 \u043a\u043b\u0438\u0435\u043d\u0442","executor":"\u0428\u0440\u0438\u0442\u0430","is_sale":false,"appointment_id":5857693,"fields":{"1":"\u0428\u0440\u0438\u0442\u0430","2":"https:\/\/klientiks.ru\/clientix\/client\/default\/id\/1123631","3":10765}},{"id":6614880,"name":"Koflet_1_\u043a\u043e\u043d\u0444\u0435\u0442\u0430","account_id":10765,"date_create":1582908200,"status":6,"price":"150","client_id":1123631,"roistat":"\u043f\u043e\u0441\u0442\u043e\u044f\u043d\u043d\u044b\u0439 \u043a\u043b\u0438\u0435\u043d\u0442","executor":"\u0410\u0445\u043c\u0435\u0434\u043e\u0432\u0430 \u0422\u0430\u0442\u044c\u044f\u043d\u0430 \u041b\u0435\u043e\u043d\u0438\u0434\u043e\u0432\u043d\u0430","is_sale":true,"appointment_id":5857701,"fields":{"1":"\u0410\u0445\u043c\u0435\u0434\u043e\u0432\u0430 \u0422\u0430\u0442\u044c\u044f\u043d\u0430 \u041b\u0435\u043e\u043d\u0438\u0434\u043e\u0432\u043d\u0430","2":"https:\/\/klientiks.ru\/clientix\/client\/default\/id\/1123631","3":10765}},{"id":6614887,"name":"\u041a\u0430\u043b\u0430\u0440\u0438 \u043c\u0430\u0441\u0441\u0430\u0436 (60 \u043c\u0438\u043d. \u043d\u043e\u0436\u043d\u043e\u0439 \u043c\u0430\u0441\u043b\u044f\u043d\u044b\u0439 \u043c\u0430\u0441\u0441\u0430\u0436)","account_id":10765,"date_create":1582908326,"status":6,"price":"0","client_id":2936299,"roistat":"\u0412\u0445\u043e\u0434\u044f\u0449\u0438\u0439 \u0437\u0432\u043e\u043d\u043e\u043a,\u043e\u0442 \u0437\u043d\u0430\u043a\u043e\u043c\u044b\u0445","executor":"\u0424\u0438\u043b\u0438\u043f \u0412\u0438\u043c\u0430\u043b\u0430 \u0412\u0438\u043f\u0438\u043d","is_sale":false,"appointment_id":5857708,"fields":{"1":"\u0424\u0438\u043b\u0438\u043f \u0412\u0438\u043c\u0430\u043b\u0430 \u0412\u0438\u043f\u0438\u043d","2":"https:\/\/klientiks.ru\/clientix\/client\/default\/id\/2936299","3":10765}},{"id":6614892,"name":"\u041a\u0430\u043b\u0430\u0440\u0438 \u043c\u0430\u0441\u0441\u0430\u0436 (60 \u043c\u0438\u043d. \u043d\u043e\u0436\u043d\u043e\u0439 \u043c\u0430\u0441\u043b\u044f\u043d\u044b\u0439 \u043c\u0430\u0441\u0441\u0430\u0436)","account_id":10765,"date_create":1582908371,"status":7,"price":null,"client_id":2936299,"roistat":"\u0412\u0445\u043e\u0434\u044f\u0449\u0438\u0439 \u0437\u0432\u043e\u043d\u043e\u043a,\u043e\u0442 \u0437\u043d\u0430\u043a\u043e\u043c\u044b\u0445","executor":"\u0424\u0438\u043b\u0438\u043f \u0412\u0438\u043c\u0430\u043b\u0430 \u0412\u0438\u043f\u0438\u043d","is_sale":false,"appointment_id":5857714,"fields":{"1":"\u0424\u0438\u043b\u0438\u043f \u0412\u0438\u043c\u0430\u043b\u0430 \u0412\u0438\u043f\u0438\u043d","2":"https:\/\/klientiks.ru\/clientix\/client\/default\/id\/2936299","3":10765}},{"id":6616355,"name":"\u041c\u0443\u043a\u0445\u0430\u0431\u0445\u044a\u044f\u043d\u0433\u0430 (30 \u043c\u0438\u043d. \u043c\u0430\u0441\u0441\u0430\u0436 \u043b\u0438\u0446\u0430),\u0410\u0431\u0445\u044a\u044f\u043d\u0433\u0430 \u043c\u0430\u0441\u0441\u0430\u0436 (60 \u043c\u0438\u043d. \u0440\u0443\u0447\u043d\u043e\u0439 \u043c\u0430\u0441\u043b\u044f\u043d\u044b\u0439 \u043c\u0430\u0441\u0441\u0430\u0436 \u0432 2 \u0440\u0443\u043a\u0438),\u041c\u0443\u043a\u0445\u0430\u0431\u0445\u044a\u044f\u043d\u0433\u0430 (30 \u043c\u0438\u043d. \u043c\u0430\u0441\u0441\u0430\u0436 \u043b\u0438\u0446\u0430),\u0410\u0431\u0445\u044a\u044f\u043d\u0433\u0430 \u043c\u0430\u0441\u0441\u0430\u0436 (60 \u043c\u0438\u043d. \u0440\u0443\u0447\u043d\u043e\u0439 \u043c\u0430\u0441\u043b\u044f\u043d\u044b\u0439 \u043c\u0430\u0441\u0441\u0430\u0436 \u0432 2 \u0440\u0443\u043a\u0438)","account_id":10765,"date_create":1582958255,"status":6,"price":"4400","client_id":2942716,"roistat":"\u0412\u0445\u043e\u0434\u044f\u0449\u0438\u0439 \u0437\u0432\u043e\u043d\u043e\u043a","executor":"\u0428\u0440\u0438\u0442\u0430","is_sale":false,"appointment_id":5858940,"fields":{"1":"\u0428\u0440\u0438\u0442\u0430","2":"https:\/\/klientiks.ru\/clientix\/client\/default\/id\/2942716","3":10765}},{"id":6616633,"name":"\u0410\u044e\u0440\u0432\u0435\u0434\u0430 \u043a\u043e\u043d\u0441\u0443\u043b\u044c\u0442\u0430\u0446\u0438\u044f \u0432\u0440\u0430\u0447\u0430 (60 \u043c\u0438\u043d)","account_id":10765,"date_create":1582960279,"status":7,"price":null,"client_id":3332399,"roistat":"\u0412\u0445\u043e\u0434\u044f\u0449\u0438\u0439 \u0437\u0432\u043e\u043d\u043e\u043a,\u0418\u043d\u0442\u0435\u0440\u043d\u0435\u0442","executor":"\u041f\u0440\u0430\u0432\u0438\u043d \u0421\u0443\u0440\u0435\u043d\u0434\u0440\u0430\u043d\u043f\u0438\u043b\u0430\u0439 \u0412\u0430\u0441\u0430\u043d\u0442\u0430\u043a\u0443\u043c\u0430\u0440\u0438","is_sale":false,"appointment_id":5859207,"fields":{"1":"\u041f\u0440\u0430\u0432\u0438\u043d \u0421\u0443\u0440\u0435\u043d\u0434\u0440\u0430\u043d\u043f\u0438\u043b\u0430\u0439 \u0412\u0430\u0441\u0430\u043d\u0442\u0430\u043a\u0443\u043c\u0430\u0440\u0438","2":"https:\/\/klientiks.ru\/clientix\/client\/default\/id\/3332399","3":10765}},{"id":6617138,"name":"Tiktaka_Kwatham_100tab","account_id":10765,"date_create":1582962755,"status":6,"price":"1250","client_id":2695457,"roistat":"\u043e\u0442 \u0437\u043d\u0430\u043a\u043e\u043c\u044b\u0445","executor":"\u0410\u0445\u043c\u0435\u0434\u043e\u0432\u0430 \u0422\u0430\u0442\u044c\u044f\u043d\u0430 \u041b\u0435\u043e\u043d\u0438\u0434\u043e\u0432\u043d\u0430","is_sale":true,"appointment_id":5859697,"fields":{"1":"\u0410\u0445\u043c\u0435\u0434\u043e\u0432\u0430 \u0422\u0430\u0442\u044c\u044f\u043d\u0430 \u041b\u0435\u043e\u043d\u0438\u0434\u043e\u0432\u043d\u0430","2":"https:\/\/klientiks.ru\/clientix\/client\/default\/id\/2695457","3":10765}},{"id":6617942,"name":"\u041a\u043e\u043d\u0441\u0443\u043b\u044c\u0442\u0430\u0446\u0438\u044f \u0430\u0441\u0442\u0440\u043e\u043b\u043e\u0433\u0430 \u0420\u0430\u0433\u0445\u0443\u043d\u0430\u0442\u0445  \u0441\u043a\u0430\u0439\u043f","account_id":10765,"date_create":1582966621,"status":7,"price":null,"client_id":3325787,"roistat":"\u0412\u0445\u043e\u0434\u044f\u0449\u0438\u0439 \u0437\u0432\u043e\u043d\u043e\u043a,\u0418\u043d\u0442\u0435\u0440\u043d\u0435\u0442","executor":"\u0420\u0430\u0433\u0445\u0443\u043d\u0430\u0442\u0445 \u041c\u0435\u043d\u043e\u043d","is_sale":false,"appointment_id":5860448,"fields":{"1":"\u0420\u0430\u0433\u0445\u0443\u043d\u0430\u0442\u0445 \u041c\u0435\u043d\u043e\u043d","2":"https:\/\/klientiks.ru\/clientix\/client\/default\/id\/3325787","3":10765}},{"id":6618358,"name":"\u0410\u044e\u0440\u0432\u0435\u0434\u0430 \u043a\u043e\u043d\u0441\u0443\u043b\u044c\u0442\u0430\u0446\u0438\u044f \u0432\u0440\u0430\u0447\u0430 (60 \u043c\u0438\u043d)","account_id":10765,"date_create":1582968635,"status":6,"price":"3200","client_id":3332878,"roistat":"\u0412\u0445\u043e\u0434\u044f\u0449\u0438\u0439 \u0437\u0432\u043e\u043d\u043e\u043a","executor":"\u041f\u0440\u0430\u0432\u0438\u043d \u0421\u0443\u0440\u0435\u043d\u0434\u0440\u0430\u043d\u043f\u0438\u043b\u0430\u0439 \u0412\u0430\u0441\u0430\u043d\u0442\u0430\u043a\u0443\u043c\u0430\u0440\u0438","is_sale":false,"appointment_id":5860861,"fields":{"1":"\u041f\u0440\u0430\u0432\u0438\u043d \u0421\u0443\u0440\u0435\u043d\u0434\u0440\u0430\u043d\u043f\u0438\u043b\u0430\u0439 \u0412\u0430\u0441\u0430\u043d\u0442\u0430\u043a\u0443\u043c\u0430\u0440\u0438","2":"https:\/\/klientiks.ru\/clientix\/client\/default\/id\/3332878","3":10765}},{"id":6618409,"name":"\u0410\u044e\u0440\u0432\u0435\u0434\u0430 \u043a\u043e\u043d\u0441\u0443\u043b\u044c\u0442\u0430\u0446\u0438\u044f \u0432\u0440\u0430\u0447\u0430 (60 \u043c\u0438\u043d)","account_id":10765,"date_create":1582968860,"status":6,"price":"3200","client_id":3332903,"roistat":"\u0412\u0445\u043e\u0434\u044f\u0449\u0438\u0439 \u0437\u0432\u043e\u043d\u043e\u043a,\u0418\u043d\u0442\u0435\u0440\u043d\u0435\u0442","executor":"\u041f\u0440\u0430\u0432\u0438\u043d \u0421\u0443\u0440\u0435\u043d\u0434\u0440\u0430\u043d\u043f\u0438\u043b\u0430\u0439 \u0412\u0430\u0441\u0430\u043d\u0442\u0430\u043a\u0443\u043c\u0430\u0440\u0438","is_sale":false,"appointment_id":5860916,"fields":{"1":"\u041f\u0440\u0430\u0432\u0438\u043d \u0421\u0443\u0440\u0435\u043d\u0434\u0440\u0430\u043d\u043f\u0438\u043b\u0430\u0439 \u0412\u0430\u0441\u0430\u043d\u0442\u0430\u043a\u0443\u043c\u0430\u0440\u0438","2":"https:\/\/klientiks.ru\/clientix\/client\/default\/id\/3332903","3":10765}},{"id":6618428,"name":"Drakshadi_kashayam_200ml,Drakshadi_kashayam_200ml,Septilin_Himalaya_60 tab,Ashwagandha_60tab_Kutir/u0027s,Avipathi_choornam_30g,\u041a\u0443\u043d\u0436\u0443\u0442\u043d\u043e\u0435_\u043c\u0430\u0441\u043b\u043e_\u041a\u0430\u043c\u0430\u043b\u0430,Septilin_Himalaya_60 tab,Ashwagandha_60tab_Kutir/u0027s,Avipathi_choornam_30g,\u041a\u0443\u043d\u0436\u0443\u0442\u043d\u043e\u0435_\u043c\u0430\u0441\u043b\u043e_\u041a\u0430\u043c\u0430\u043b\u0430,Drakshadi_kashayam_200ml,Septilin_Himalaya_60 tab,Ashwagandha_60tab_Kutir/u0027s,Avipathi_choornam_30g,\u041a\u0443\u043d\u0436\u0443\u0442\u043d\u043e\u0435_\u043c\u0430\u0441\u043b\u043e_\u041a\u0430\u043c\u0430\u043b\u0430,Drakshadi_kashayam_200ml,Septilin_Himalaya_60 tab,Ashwagandha_60tab_Kutir/u0027s,Avipathi_choornam_30g,\u041a\u0443\u043d\u0436\u0443\u0442\u043d\u043e\u0435_\u043c\u0430\u0441\u043b\u043e_\u041a\u0430\u043c\u0430\u043b\u0430,Drakshadi_kashayam_200ml,Septilin_Himalaya_60 tab,Ashwagandha_60tab_Kutir/u0027s,Avipathi_choornam_30g,\u041a\u0443\u043d\u0436\u0443\u0442\u043d\u043e\u0435_\u043c\u0430\u0441\u043b\u043e_\u041a\u0430\u043c\u0430\u043b\u0430","account_id":10765,"date_create":1582968967,"status":6,"price":"1750","client_id":3255176,"roistat":"\u043e\u0442 \u0437\u043d\u0430\u043a\u043e\u043c\u044b\u0445,\u0418\u043d\u0442\u0435\u0440\u043d\u0435\u0442","executor":"\u0410\u0445\u043c\u0435\u0434\u043e\u0432\u0430 \u0422\u0430\u0442\u044c\u044f\u043d\u0430 \u041b\u0435\u043e\u043d\u0438\u0434\u043e\u0432\u043d\u0430","is_sale":true,"appointment_id":5860936,"fields":{"1":"\u0410\u0445\u043c\u0435\u0434\u043e\u0432\u0430 \u0422\u0430\u0442\u044c\u044f\u043d\u0430 \u041b\u0435\u043e\u043d\u0438\u0434\u043e\u0432\u043d\u0430","2":"https:\/\/klientiks.ru\/clientix\/client\/default\/id\/3255176","3":10765}},{"id":6618714,"name":"\u0410\u0431\u0445\u044a\u044f\u043d\u0433\u0430 \u043c\u0430\u0441\u0441\u0430\u0436 (60 \u043c\u0438\u043d. \u0440\u0443\u0447\u043d\u043e\u0439 \u043c\u0430\u0441\u043b\u044f\u043d\u044b\u0439 \u043c\u0430\u0441\u0441\u0430\u0436 \u0432 2 \u0440\u0443\u043a\u0438)","account_id":10765,"date_create":1582970573,"status":6,"price":"3200","client_id":3255176,"roistat":"\u043e\u0442 \u0437\u043d\u0430\u043a\u043e\u043c\u044b\u0445,\u0418\u043d\u0442\u0435\u0440\u043d\u0435\u0442","executor":"\u0428\u0440\u0438\u0442\u0430","is_sale":false,"appointment_id":5727454,"fields":{"1":"\u0428\u0440\u0438\u0442\u0430","2":"https:\/\/klientiks.ru\/clientix\/client\/default\/id\/3255176","3":10765}},{"id":6619065,"name":"\u0410\u044e\u0440\u0432\u0435\u0434\u0430 \u043f\u043e\u0432\u0442\u043e\u0440\u043d\u0430\u044f \u043a\u043e\u043d\u0441\u0443\u043b\u044c\u0442\u0430\u0446\u0438\u044f \u0432\u0440\u0430\u0447\u0430 \u0432 \u043d\u0430\u0437\u043d\u0430\u0447\u0435\u043d\u043d\u044b\u0439 \u0441\u0440\u043e\u043a (30 \u043c\u0438\u043d)","account_id":10765,"date_create":1582972818,"status":7,"price":null,"client_id":3255176,"roistat":"\u043e\u0442 \u0437\u043d\u0430\u043a\u043e\u043c\u044b\u0445,\u0418\u043d\u0442\u0435\u0440\u043d\u0435\u0442","executor":"\u041f\u0440\u0430\u0432\u0438\u043d \u0421\u0443\u0440\u0435\u043d\u0434\u0440\u0430\u043d\u043f\u0438\u043b\u0430\u0439 \u0412\u0430\u0441\u0430\u043d\u0442\u0430\u043a\u0443\u043c\u0430\u0440\u0438","is_sale":false,"appointment_id":5861541,"fields":{"1":"\u041f\u0440\u0430\u0432\u0438\u043d \u0421\u0443\u0440\u0435\u043d\u0434\u0440\u0430\u043d\u043f\u0438\u043b\u0430\u0439 \u0412\u0430\u0441\u0430\u043d\u0442\u0430\u043a\u0443\u043c\u0430\u0440\u0438","2":"https:\/\/klientiks.ru\/clientix\/client\/default\/id\/3255176","3":10765}},{"id":6619635,"name":"\u0410\u0431\u0445\u044a\u044f\u043d\u0433\u0430 \u043c\u0430\u0441\u0441\u0430\u0436 (60 \u043c\u0438\u043d. \u0440\u0443\u0447\u043d\u043e\u0439 \u043c\u0430\u0441\u043b\u044f\u043d\u044b\u0439 \u043c\u0430\u0441\u0441\u0430\u0436 \u0432 2 \u0440\u0443\u043a\u0438)","account_id":10765,"date_create":1582976474,"status":7,"price":null,"client_id":2319865,"roistat":"\u0412\u0445\u043e\u0434\u044f\u0449\u0438\u0439 \u0437\u0432\u043e\u043d\u043e\u043a","executor":"\u0410\u043f\u043f\u043e","is_sale":false,"appointment_id":5862108,"fields":{"1":"\u0410\u043f\u043f\u043e","2":"https:\/\/klientiks.ru\/clientix\/client\/default\/id\/2319865","3":10765}},{"id":6619896,"name":"\u041a\u0438\u0436\u0438 \u043c\u0430\u0441\u0441\u0430\u0436 (60 \u043c\u0438\u043d. \u043f\u0438\u043d\u0434\u0430\u0441\u0432\u0435\u0434\u0430\u043d\u0430, \u043c\u0430\u0441\u0441\u0430\u0436 \u043c\u0435\u0448\u043e\u0447\u043a\u0430\u043c\u0438 \u0432 2 \u0440\u0443\u043a\u0438)","account_id":10765,"date_create":1582978641,"status":7,"price":null,"client_id":3122840,"roistat":"\u0420\u043e\u0434\u0441\u0442\u0432\u0435\u043d\u043d\u0438\u043a \u043d\u0430\u0448\u0435\u0433\u043e \u043a\u043b\u0438\u0435\u043d\u0442\u0430","executor":"\u0424\u0438\u043b\u0438\u043f \u0412\u0438\u043c\u0430\u043b\u0430 \u0412\u0438\u043f\u0438\u043d","is_sale":false,"appointment_id":5862352,"fields":{"1":"\u0424\u0438\u043b\u0438\u043f \u0412\u0438\u043c\u0430\u043b\u0430 \u0412\u0438\u043f\u0438\u043d","2":"https:\/\/klientiks.ru\/clientix\/client\/default\/id\/3122840","3":10765}},{"id":6620022,"name":"\u0410\u044e\u0440\u0432\u0435\u0434\u0430 \u043f\u043e\u0432\u0442\u043e\u0440\u043d\u0430\u044f  \u043a\u043e\u043d\u0441\u0443\u043b\u044c\u0442\u0430\u0446\u0438\u044f \u043f\u0440\u0438\u0433\u043b\u0430\u0448\u0435\u043d\u043d\u043e\u0433\u043e \u0441\u043f\u0435\u0446\u0438\u0430\u043b\u0438\u0441\u0442\u0430 (30 \u043c\u0438\u043d)","account_id":10765,"date_create":1582979786,"status":6,"price":"2500","client_id":2823274,"roistat":"\u0421\u043e\u0432\u0435\u0442 \u0414\u0440\u0443\u0437\u0435\u0439,\u0438\u043d\u0442\u0435\u0440\u043d\u0435\u0442","executor":"\u0414\u0436\u0430\u0442\u0445\u0430\u0432 \u041f\u0430\u0440\u0435\u0448","is_sale":false,"appointment_id":5862466,"fields":{"1":"\u0414\u0436\u0430\u0442\u0445\u0430\u0432 \u041f\u0430\u0440\u0435\u0448","2":"https:\/\/klientiks.ru\/clientix\/client\/default\/id\/2823274","3":10765}},{"id":6620738,"name":"\u0421\u0435\u0430\u043d\u0441 \u0432 \u043a\u0435\u0434\u0440\u043e\u0432\u043e\u0439 \u0431\u043e\u0447\u043a\u0435 \u0441 \u0444\u0438\u0442\u043e\u0441\u0431\u043e\u0440\u043e\u043c,\u0410\u0431\u0445\u044a\u044f\u043d\u0433\u0430 \u043c\u0430\u0441\u0441\u0430\u0436 (60 \u043c\u0438\u043d. \u0440\u0443\u0447\u043d\u043e\u0439 \u043c\u0430\u0441\u043b\u044f\u043d\u044b\u0439 \u043c\u0430\u0441\u0441\u0430\u0436 \u0432 2 \u0440\u0443\u043a\u0438),\u0421\u0435\u0430\u043d\u0441 \u0432 \u043a\u0435\u0434\u0440\u043e\u0432\u043e\u0439 \u0431\u043e\u0447\u043a\u0435 \u0441 \u0444\u0438\u0442\u043e\u0441\u0431\u043e\u0440\u043e\u043c,\u0410\u0431\u0445\u044a\u044f\u043d\u0433\u0430 \u043c\u0430\u0441\u0441\u0430\u0436 (60 \u043c\u0438\u043d. \u0440\u0443\u0447\u043d\u043e\u0439 \u043c\u0430\u0441\u043b\u044f\u043d\u044b\u0439 \u043c\u0430\u0441\u0441\u0430\u0436 \u0432 2 \u0440\u0443\u043a\u0438)","account_id":10765,"date_create":1582985690,"status":6,"price":"0","client_id":3263662,"roistat":"\u043f\u043e\u0441\u0442\u043e\u044f\u043d\u043d\u044b\u0439 \u043a\u043b\u0438\u0435\u043d\u0442","executor":"\u0428\u0440\u0438\u0442\u0430","is_sale":false,"appointment_id":5863078,"fields":{"1":"\u0428\u0440\u0438\u0442\u0430","2":"https:\/\/klientiks.ru\/clientix\/client\/default\/id\/3263662","3":10765}},{"id":6620742,"name":"\u041a\u0430\u043b\u0430\u0440\u0438 \u043c\u0430\u0441\u0441\u0430\u0436 (60 \u043c\u0438\u043d. \u043d\u043e\u0436\u043d\u043e\u0439 \u043c\u0430\u0441\u043b\u044f\u043d\u044b\u0439 \u043c\u0430\u0441\u0441\u0430\u0436),\u041a\u0430\u043b\u0430\u0440\u0438 \u043c\u0430\u0441\u0441\u0430\u0436 (60 \u043c\u0438\u043d. \u043d\u043e\u0436\u043d\u043e\u0439 \u043c\u0430\u0441\u043b\u044f\u043d\u044b\u0439 \u043c\u0430\u0441\u0441\u0430\u0436),\u0412\u0438\u0440\u0435\u0447\u0430\u043d\u0430 (\u0441\u043b\u0430\u0431\u0438\u0442\u0435\u043b\u044c\u043d\u0430\u044f \u0442\u0435\u0440\u0430\u043f\u0438\u044f),\u0412\u0438\u0440\u0435\u0447\u0430\u043d\u0430 (\u0441\u043b\u0430\u0431\u0438\u0442\u0435\u043b\u044c\u043d\u0430\u044f \u0442\u0435\u0440\u0430\u043f\u0438\u044f)","account_id":10765,"date_create":1582985730,"status":6,"price":"0","client_id":3263662,"roistat":"\u043f\u043e\u0441\u0442\u043e\u044f\u043d\u043d\u044b\u0439 \u043a\u043b\u0438\u0435\u043d\u0442","executor":"\u0428\u0440\u0438\u0442\u0430","is_sale":false,"appointment_id":5863080,"fields":{"1":"\u0428\u0440\u0438\u0442\u0430","2":"https:\/\/klientiks.ru\/clientix\/client\/default\/id\/3263662","3":10765}},{"id":6620748,"name":"\u0410\u0431\u0445\u044a\u044f\u043d\u0433\u0430 \u043c\u0430\u0441\u0441\u0430\u0436 (60 \u043c\u0438\u043d. \u0440\u0443\u0447\u043d\u043e\u0439 \u043c\u0430\u0441\u043b\u044f\u043d\u044b\u0439 \u043c\u0430\u0441\u0441\u0430\u0436 \u0432 2 \u0440\u0443\u043a\u0438),\u041a\u0438\u0436\u0438 \u043d\u0430 \u0447\u0430\u0441\u0442\u0438 \u0442\u0435\u043b\u0430 (30 \u043c\u0438\u043d),\u041a\u0438\u0436\u0438 \u043d\u0430 \u0447\u0430\u0441\u0442\u0438 \u0442\u0435\u043b\u0430 (30 \u043c\u0438\u043d),\u0410\u0431\u0445\u044a\u044f\u043d\u0433\u0430 \u043c\u0430\u0441\u0441\u0430\u0436 (60 \u043c\u0438\u043d. \u0440\u0443\u0447\u043d\u043e\u0439 \u043c\u0430\u0441\u043b\u044f\u043d\u044b\u0439 \u043c\u0430\u0441\u0441\u0430\u0436 \u0432 2 \u0440\u0443\u043a\u0438)","account_id":10765,"date_create":1582985805,"status":6,"price":"0","client_id":3263662,"roistat":"\u043f\u043e\u0441\u0442\u043e\u044f\u043d\u043d\u044b\u0439 \u043a\u043b\u0438\u0435\u043d\u0442","executor":"\u041d\u0438\u0431\u0438\u043d \u041a\u043e\u0434\u0430\u0442 \u0414\u0438\u043d\u0435\u0441\u0430\u043d","is_sale":false,"appointment_id":5863085,"fields":{"1":"\u041d\u0438\u0431\u0438\u043d \u041a\u043e\u0434\u0430\u0442 \u0414\u0438\u043d\u0435\u0441\u0430\u043d","2":"https:\/\/klientiks.ru\/clientix\/client\/default\/id\/3263662","3":10765}},{"id":6620754,"name":"\u041a\u0438\u0436\u0438 \u043d\u0430 \u0447\u0430\u0441\u0442\u0438 \u0442\u0435\u043b\u0430 (30 \u043c\u0438\u043d),\u041a\u0438\u0436\u0438 \u043d\u0430 \u0447\u0430\u0441\u0442\u0438 \u0442\u0435\u043b\u0430 (30 \u043c\u0438\u043d),\u0410\u0431\u0445\u044a\u044f\u043d\u0433\u0430 \u043c\u0430\u0441\u0441\u0430\u0436 (60 \u043c\u0438\u043d. \u0440\u0443\u0447\u043d\u043e\u0439 \u043c\u0430\u0441\u043b\u044f\u043d\u044b\u0439 \u043c\u0430\u0441\u0441\u0430\u0436 \u0432 2 \u0440\u0443\u043a\u0438),\u0410\u0431\u0445\u044a\u044f\u043d\u0433\u0430 \u043c\u0430\u0441\u0441\u0430\u0436 (60 \u043c\u0438\u043d. \u0440\u0443\u0447\u043d\u043e\u0439 \u043c\u0430\u0441\u043b\u044f\u043d\u044b\u0439 \u043c\u0430\u0441\u0441\u0430\u0436 \u0432 2 \u0440\u0443\u043a\u0438)","account_id":10765,"date_create":1582985849,"status":6,"price":"0","client_id":3263662,"roistat":"\u043f\u043e\u0441\u0442\u043e\u044f\u043d\u043d\u044b\u0439 \u043a\u043b\u0438\u0435\u043d\u0442","executor":"\u041d\u0438\u0431\u0438\u043d \u041a\u043e\u0434\u0430\u0442 \u0414\u0438\u043d\u0435\u0441\u0430\u043d","is_sale":false,"appointment_id":5863092,"fields":{"1":"\u041d\u0438\u0431\u0438\u043d \u041a\u043e\u0434\u0430\u0442 \u0414\u0438\u043d\u0435\u0441\u0430\u043d","2":"https:\/\/klientiks.ru\/clientix\/client\/default\/id\/3263662","3":10765}},{"id":6620759,"name":"\u0410\u043d\u0443\u0432\u0430\u0441\u0430\u043d\u0430 \u0411\u0430\u0441\u0442\u0438 (30 \u043c\u0438\u043d. \u043c\u0430\u0441\u043b\u044f\u043d\u0430\u044f \u0442\u0440\u0430\u0432\u044f\u043d\u0430\u044f \u043a\u043b\u0438\u0437\u043c\u0430),\u0410\u043d\u0443\u0432\u0430\u0441\u0430\u043d\u0430 \u0411\u0430\u0441\u0442\u0438 (30 \u043c\u0438\u043d. \u043c\u0430\u0441\u043b\u044f\u043d\u0430\u044f \u0442\u0440\u0430\u0432\u044f\u043d\u0430\u044f \u043a\u043b\u0438\u0437\u043c\u0430),\u041f\u0438\u0447\u0443 (30 \u043c\u0438\u043d. \u043c\u0430\u0441\u043b\u044f\u043d\u0430\u044f \u0430\u043f\u043f\u043b\u0438\u043a\u0430\u0446\u0438\u044f),\u041a\u0430\u043b\u0430\u0440\u0438 \u043c\u0430\u0441\u0441\u0430\u0436 (60 \u043c\u0438\u043d. \u043d\u043e\u0436\u043d\u043e\u0439 \u043c\u0430\u0441\u043b\u044f\u043d\u044b\u0439 \u043c\u0430\u0441\u0441\u0430\u0436),\u041f\u0438\u0447\u0443 (30 \u043c\u0438\u043d. \u043c\u0430\u0441\u043b\u044f\u043d\u0430\u044f \u0430\u043f\u043f\u043b\u0438\u043a\u0430\u0446\u0438\u044f),\u041a\u0430\u043b\u0430\u0440\u0438 \u043c\u0430\u0441\u0441\u0430\u0436 (60 \u043c\u0438\u043d. \u043d\u043e\u0436\u043d\u043e\u0439 \u043c\u0430\u0441\u043b\u044f\u043d\u044b\u0439 \u043c\u0430\u0441\u0441\u0430\u0436),\u0410\u043d\u0443\u0432\u0430\u0441\u0430\u043d\u0430 \u0411\u0430\u0441\u0442\u0438 (30 \u043c\u0438\u043d. \u043c\u0430\u0441\u043b\u044f\u043d\u0430\u044f \u0442\u0440\u0430\u0432\u044f\u043d\u0430\u044f \u043a\u043b\u0438\u0437\u043c\u0430),\u041f\u0438\u0447\u0443 (30 \u043c\u0438\u043d. \u043c\u0430\u0441\u043b\u044f\u043d\u0430\u044f \u0430\u043f\u043f\u043b\u0438\u043a\u0430\u0446\u0438\u044f),\u041a\u0430\u043b\u0430\u0440\u0438 \u043c\u0430\u0441\u0441\u0430\u0436 (60 \u043c\u0438\u043d. \u043d\u043e\u0436\u043d\u043e\u0439 \u043c\u0430\u0441\u043b\u044f\u043d\u044b\u0439 \u043c\u0430\u0441\u0441\u0430\u0436)","account_id":10765,"date_create":1582985911,"status":6,"price":"0","client_id":3263662,"roistat":"\u043f\u043e\u0441\u0442\u043e\u044f\u043d\u043d\u044b\u0439 \u043a\u043b\u0438\u0435\u043d\u0442","executor":"\u0428\u0440\u0438\u0442\u0430","is_sale":false,"appointment_id":5863097,"fields":{"1":"\u0428\u0440\u0438\u0442\u0430","2":"https:\/\/klientiks.ru\/clientix\/client\/default\/id\/3263662","3":10765}},{"id":6620763,"name":"\u0410\u0431\u0445\u044a\u044f\u043d\u0433\u0430 \u043c\u0430\u0441\u0441\u0430\u0436 (60 \u043c\u0438\u043d. \u0440\u0443\u0447\u043d\u043e\u0439 \u043c\u0430\u0441\u043b\u044f\u043d\u044b\u0439 \u043c\u0430\u0441\u0441\u0430\u0436 \u0432 2 \u0440\u0443\u043a\u0438),\u041d\u0438\u0440\u0443\u0445\u0430 \u0411\u0430\u0441\u0442\u0438 (60 \u043c\u0438\u043d. \u043a\u043b\u0438\u0437\u043c\u0430 \u0442\u0440\u0430\u0432\u044f\u043d\u044b\u043c \u043e\u0442\u0432\u0430\u0440\u043e\u043c),\u041f\u0438\u0447\u0443 (30 \u043c\u0438\u043d. \u043c\u0430\u0441\u043b\u044f\u043d\u0430\u044f \u0430\u043f\u043f\u043b\u0438\u043a\u0430\u0446\u0438\u044f),\u0410\u0431\u0445\u044a\u044f\u043d\u0433\u0430 \u043c\u0430\u0441\u0441\u0430\u0436 (60 \u043c\u0438\u043d. \u0440\u0443\u0447\u043d\u043e\u0439 \u043c\u0430\u0441\u043b\u044f\u043d\u044b\u0439 \u043c\u0430\u0441\u0441\u0430\u0436 \u0432 2 \u0440\u0443\u043a\u0438),\u041d\u0438\u0440\u0443\u0445\u0430 \u0411\u0430\u0441\u0442\u0438 (60 \u043c\u0438\u043d. \u043a\u043b\u0438\u0437\u043c\u0430 \u0442\u0440\u0430\u0432\u044f\u043d\u044b\u043c \u043e\u0442\u0432\u0430\u0440\u043e\u043c),\u041f\u0438\u0447\u0443 (30 \u043c\u0438\u043d. \u043c\u0430\u0441\u043b\u044f\u043d\u0430\u044f \u0430\u043f\u043f\u043b\u0438\u043a\u0430\u0446\u0438\u044f),\u0410\u0431\u0445\u044a\u044f\u043d\u0433\u0430 \u043c\u0430\u0441\u0441\u0430\u0436 (60 \u043c\u0438\u043d. \u0440\u0443\u0447\u043d\u043e\u0439 \u043c\u0430\u0441\u043b\u044f\u043d\u044b\u0439 \u043c\u0430\u0441\u0441\u0430\u0436 \u0432 2 \u0440\u0443\u043a\u0438),\u041d\u0438\u0440\u0443\u0445\u0430 \u0411\u0430\u0441\u0442\u0438 (60 \u043c\u0438\u043d. \u043a\u043b\u0438\u0437\u043c\u0430 \u0442\u0440\u0430\u0432\u044f\u043d\u044b\u043c \u043e\u0442\u0432\u0430\u0440\u043e\u043c),\u041f\u0438\u0447\u0443 (30 \u043c\u0438\u043d. \u043c\u0430\u0441\u043b\u044f\u043d\u0430\u044f \u0430\u043f\u043f\u043b\u0438\u043a\u0430\u0446\u0438\u044f)","account_id":10765,"date_create":1582985948,"status":6,"price":"0","client_id":3263662,"roistat":"\u043f\u043e\u0441\u0442\u043e\u044f\u043d\u043d\u044b\u0439 \u043a\u043b\u0438\u0435\u043d\u0442","executor":"\u041d\u0438\u0431\u0438\u043d \u041a\u043e\u0434\u0430\u0442 \u0414\u0438\u043d\u0435\u0441\u0430\u043d","is_sale":false,"appointment_id":5863101,"fields":{"1":"\u041d\u0438\u0431\u0438\u043d \u041a\u043e\u0434\u0430\u0442 \u0414\u0438\u043d\u0435\u0441\u0430\u043d","2":"https:\/\/klientiks.ru\/clientix\/client\/default\/id\/3263662","3":10765}},{"id":6620773,"name":"\u0410\u043d\u0443\u0432\u0430\u0441\u0430\u043d\u0430 \u0411\u0430\u0441\u0442\u0438 (30 \u043c\u0438\u043d. \u043c\u0430\u0441\u043b\u044f\u043d\u0430\u044f \u0442\u0440\u0430\u0432\u044f\u043d\u0430\u044f \u043a\u043b\u0438\u0437\u043c\u0430),\u041a\u0438\u0436\u0438 \u043d\u0430 \u0447\u0430\u0441\u0442\u0438 \u0442\u0435\u043b\u0430 (30 \u043c\u0438\u043d),\u0410\u0431\u0445\u044a\u044f\u043d\u0433\u0430 \u043c\u0430\u0441\u0441\u0430\u0436 (60 \u043c\u0438\u043d. \u0440\u0443\u0447\u043d\u043e\u0439 \u043c\u0430\u0441\u043b\u044f\u043d\u044b\u0439 \u043c\u0430\u0441\u0441\u0430\u0436 \u0432 2 \u0440\u0443\u043a\u0438)","account_id":10765,"date_create":1582986015,"status":7,"price":null,"client_id":3263662,"roistat":"\u043f\u043e\u0441\u0442\u043e\u044f\u043d\u043d\u044b\u0439 \u043a\u043b\u0438\u0435\u043d\u0442","executor":"\u0428\u0440\u0438\u0442\u0430","is_sale":false,"appointment_id":5863108,"fields":{"1":"\u0428\u0440\u0438\u0442\u0430","2":"https:\/\/klientiks.ru\/clientix\/client\/default\/id\/3263662","3":10765}}],"pagination":{"total_count":22602,"limit":50,"page_number":1},"total_count":22602,"page_number":1}') v, current_timestamp ts) s on s.v = parse_json(t.v) when not matched then insert (t.v, changed_at) values (s.v, s.ts)
2020-08-23 01:34:46,520 - executing SQL/command
2020-08-23 01:34:46,520 - binding: [merge into KAMALA_ACL t using (select parse_json('{"offset":19500,"count":50,"li...] with input=[None], processed=[{}]
2020-08-23 01:34:46,520 - query: [merge into KAMALA_ACL t using (select parse_json('{"offset":19500,"count":50,"li...]
2020-08-23 01:34:46,520 - Cannot use arrow result format, fallback to json format
2020-08-23 01:34:46,520 - sequence counter: 1
2020-08-23 01:34:46,520 - running query [merge into KAMALA_ACL t using (select parse_json('{"offset":19500,"count":50,"li...]
2020-08-23 01:34:46,520 - is_file_transfer: False
2020-08-23 01:34:46,520 - _cmd_query
2020-08-23 01:34:46,521 - sql=[merge into KAMALA_ACL t using (select parse_json('{"offset":19500,"count":50,"li...], sequence_id=[1], is_file_transfer=[None]
2020-08-23 01:34:46,521 - Active requests sessions: 1, idle: 0
2020-08-23 01:34:46,521 - remaining request timeout: None, retry cnt: 1
2020-08-23 01:34:46,521 - socket timeout: 60
2020-08-23 01:34:47,159 - https://ringcentral.snowflakecomputing.com:443 "POST /queries/v1/query-request?requestId=6bd16807-5d3c-4837-b2df-6367df498e74&request_guid=1b794ad7-a104-489b-9025-9ea7a42f58fc HTTP/1.1" 200 1043
2020-08-23 01:34:47,160 - SUCCESS
2020-08-23 01:34:47,160 - Active requests sessions: 0, idle: 1
2020-08-23 01:34:47,160 - ret[code] = None, after post request
2020-08-23 01:34:47,160 - sfqid: 01966d4a-028a-89b7-0003-e00300531162
2020-08-23 01:34:47,160 - query execution done
2020-08-23 01:34:47,160 - SUCCESS
2020-08-23 01:34:47,160 - PUT OR GET: None
2020-08-23 01:34:47,160 - Query result format: json
2020-08-23 01:35:22,086 - Requesting data chunk https://klientiks.ru/clientix/Restapi/list/a/390b96e2763e/u/d969c9cde78c/t/073de5009f21b34afa022cfa7ca2c124/m/AppointmentClientLinks/ik/orders/rvwk/status,statuses/?date=10&offset=19450
2020-08-23 01:35:22,090 - Starting new HTTPS connection (1): klientiks.ru:443
2020-08-23 01:35:22,332 - OCSP Mode: FAIL_OPEN, OCSP response cache file name: None
2020-08-23 01:35:22,332 - ocsp_response_cache_uri: file://C:/Users/dmitry.mitrofanov/AppData/Local/Snowflake/Caches/ocsp_response_cache.json
2020-08-23 01:35:22,332 - OCSP_VALIDATION_CACHE size: 140
2020-08-23 01:35:22,332 - OCSP response cache server is enabled: http://ocsp.snowflakecomputing.com/ocsp_response_cache.json
2020-08-23 01:35:22,332 - OCSP dynamic cache server RETRY URL: None
2020-08-23 01:35:22,337 - Verifying the attached certificate is signed by the issuer. Valid Not After: 2025-05-12 23:58:59+00:00
2020-08-23 01:35:22,338 - Verifying the attached certificate is signed by the issuer. Valid Not After: 2025-05-12 23:58:59+00:00
2020-08-23 01:35:22,340 - Verifying the attached certificate is signed by the issuer. Valid Not After: 2023-06-11 20:40:26+00:00
2020-08-23 01:35:22,341 - Verifying the attached certificate is signed by the issuer. Valid Not After: 2023-06-11 20:40:26+00:00
2020-08-23 01:35:22,342 - Verifying the attached certificate is signed by the issuer. Valid Not After: 2023-06-11 20:44:21+00:00
2020-08-23 01:35:22,343 - Verifying the attached certificate is signed by the issuer. Valid Not After: 2023-06-11 20:44:21+00:00
2020-08-23 01:35:22,345 - Verifying the attached certificate is signed by the issuer. Valid Not After: 2021-12-14 07:00:00+00:00
2020-08-23 01:35:22,346 - Verifying the attached certificate is signed by the issuer. Valid Not After: 2021-12-14 07:00:00+00:00
2020-08-23 01:35:22,348 - Verifying the attached certificate is signed by the issuer. Valid Not After: 2025-05-12 23:58:59+00:00
2020-08-23 01:35:22,349 - Verifying the attached certificate is signed by the issuer. Valid Not After: 2025-05-12 23:58:59+00:00
2020-08-23 01:35:22,351 - Verifying the attached certificate is signed by the issuer. Valid Not After: 2025-05-12 23:58:59+00:00
2020-08-23 01:35:22,353 - Verifying the attached certificate is signed by the issuer. Valid Not After: 2025-05-12 23:58:59+00:00
2020-08-23 01:35:22,354 - Verifying the attached certificate is signed by the issuer. Valid Not After: 2025-05-12 23:58:59+00:00
2020-08-23 01:35:22,355 - Verifying the attached certificate is signed by the issuer. Valid Not After: 2025-05-12 23:58:59+00:00
2020-08-23 01:35:22,364 - Verifying the attached certificate is signed by the issuer. Valid Not After: 2025-05-12 23:58:59+00:00
2020-08-23 01:35:22,366 - Verifying the attached certificate is signed by the issuer. Valid Not After: 2025-05-12 23:58:59+00:00
2020-08-23 01:35:22,369 - Verifying the attached certificate is signed by the issuer. Valid Not After: 2021-04-02 17:08:26+00:00
2020-08-23 01:35:22,370 - Verifying the attached certificate is signed by the issuer. Valid Not After: 2021-04-02 17:08:26+00:00
2020-08-23 01:35:22,371 - Verifying the attached certificate is signed by the issuer. Valid Not After: 2021-04-02 17:13:33+00:00
2020-08-23 01:35:22,373 - Verifying the attached certificate is signed by the issuer. Valid Not After: 2021-04-02 17:13:33+00:00
2020-08-23 01:35:22,374 - Verifying the attached certificate is signed by the issuer. Valid Not After: 2021-04-02 16:58:09+00:00
2020-08-23 01:35:22,375 - Verifying the attached certificate is signed by the issuer. Valid Not After: 2021-04-02 16:58:09+00:00
2020-08-23 01:35:22,392 - Verifying the attached certificate is signed by the issuer. Valid Not After: 2021-04-02 17:13:33+00:00
2020-08-23 01:35:22,393 - Verifying the attached certificate is signed by the issuer. Valid Not After: 2021-04-02 17:13:33+00:00
2020-08-23 01:35:22,394 - Verifying the attached certificate is signed by the issuer. Valid Not After: 2021-04-02 17:08:26+00:00
2020-08-23 01:35:22,396 - Verifying the attached certificate is signed by the issuer. Valid Not After: 2021-04-02 17:08:26+00:00
2020-08-23 01:35:22,397 - Verifying the attached certificate is signed by the issuer. Valid Not After: 2021-04-02 17:03:51+00:00
2020-08-23 01:35:22,398 - Verifying the attached certificate is signed by the issuer. Valid Not After: 2021-04-02 17:03:51+00:00
2020-08-23 01:35:22,399 - Verifying the attached certificate is signed by the issuer. Valid Not After: 2021-04-02 16:58:09+00:00
2020-08-23 01:35:22,401 - Verifying the attached certificate is signed by the issuer. Valid Not After: 2021-04-02 16:58:09+00:00
2020-08-23 01:35:22,403 - Verifying the attached certificate is signed by the issuer. Valid Not After: 2021-04-02 17:03:51+00:00
2020-08-23 01:35:22,404 - Verifying the attached certificate is signed by the issuer. Valid Not After: 2021-04-02 17:03:51+00:00
2020-08-23 01:35:22,405 - Verifying the attached certificate is signed by the issuer. Valid Not After: 2021-04-02 17:03:51+00:00
2020-08-23 01:35:22,406 - Verifying the attached certificate is signed by the issuer. Valid Not After: 2021-04-02 17:03:51+00:00
2020-08-23 01:35:22,423 - Verifying the attached certificate is signed by the issuer. Valid Not After: 2021-04-02 17:13:33+00:00
2020-08-23 01:35:22,424 - Verifying the attached certificate is signed by the issuer. Valid Not After: 2021-04-02 17:13:33+00:00
2020-08-23 01:35:22,426 - Read OCSP response cache file: C:/Users/dmitry.mitrofanov/AppData/Local/Snowflake/Caches/ocsp_response_cache.json, count=140
2020-08-23 01:35:22,426 - validating certificate: klientiks.ru
2020-08-23 01:35:22,426 - skipping OCSP check: klientiks.ru
2020-08-23 01:35:23,577 - https://klientiks.ru:443 "GET /clientix/Restapi/list/a/390b96e2763e/u/d969c9cde78c/t/073de5009f21b34afa022cfa7ca2c124/m/AppointmentClientLinks/ik/orders/rvwk/status,statuses/?date=10&offset=19450 HTTP/1.1" 200 None
2020-08-23 01:35:23,580 - Snowflake Connector for Python Version: 2.2.10, Python Version: 3.8.5, Platform: Windows-10-10.0.17763-SP0
2020-08-23 01:35:23,580 - connect
2020-08-23 01:35:23,580 - __config
2020-08-23 01:35:23,580 - This connection is in OCSP Fail Open Mode. TLS Certificates would be checked for validity and revocation status. Any other Certificate Revocation related exceptions or OCSP Responder failures would be disregarded in favor of connectivity.
2020-08-23 01:35:23,580 - use_numpy: False
2020-08-23 01:35:23,580 - initialized
2020-08-23 01:35:23,580 - REST API object was created: ringcentral.snowflakecomputing.com:443
2020-08-23 01:35:23,580 - authenticate
2020-08-23 01:35:23,580 - assertion content: *********
2020-08-23 01:35:23,580 - account=ringcentral, user=dmitry.mitrofanov, database=RCUSERS, schema=DMITRYMITROFANOV, warehouse=RCUSERS_WH, role=None, request_id=0bacf4f6-81d4-4b29-807e-0688d981a37b
2020-08-23 01:35:23,581 - body['data']: {'CLIENT_APP_ID': 'PythonConnector', 'CLIENT_APP_VERSION': '2.2.10', 'SVN_REVISION': None, 'ACCOUNT_NAME': 'ringcentral', 'LOGIN_NAME': 'dmitry.mitrofanov', 'CLIENT_ENVIRONMENT': {'APPLICATION': 'PythonConnector', 'OS': 'Windows', 'OS_VERSION': 'Windows-10-10.0.17763-SP0', 'PYTHON_VERSION': '3.8.5', 'PYTHON_RUNTIME': 'CPython', 'PYTHON_COMPILER': 'MSC v.1924 64 bit (AMD64)', 'OCSP_MODE': 'FAIL_OPEN', 'TRACING': 10, 'LOGIN_TIMEOUT': 120, 'NETWORK_TIMEOUT': None, 'CLIENT_STORE_TEMPORARY_CREDENTIAL': None}, 'SESSION_PARAMETERS': {'CLIENT_SESSION_KEEP_ALIVE_HEARTBEAT_FREQUENCY': 900, 'CLIENT_PREFETCH_THREADS': 4}}
2020-08-23 01:35:23,581 - Converted retries value: 1 -> Retry(total=1, connect=None, read=None, redirect=None, status=None)
2020-08-23 01:35:23,581 - Converted retries value: 1 -> Retry(total=1, connect=None, read=None, redirect=None, status=None)
2020-08-23 01:35:23,581 - Active requests sessions: 1, idle: 0
2020-08-23 01:35:23,581 - remaining request timeout: 120, retry cnt: 1
2020-08-23 01:35:23,581 - socket timeout: 60
2020-08-23 01:35:23,583 - Starting new HTTPS connection (1): ringcentral.snowflakecomputing.com:443
2020-08-23 01:35:24,372 - OCSP Mode: FAIL_OPEN, OCSP response cache file name: None
2020-08-23 01:35:24,372 - ocsp_response_cache_uri: file://C:/Users/dmitry.mitrofanov/AppData/Local/Snowflake/Caches/ocsp_response_cache.json
2020-08-23 01:35:24,372 - OCSP_VALIDATION_CACHE size: 140
2020-08-23 01:35:24,372 - OCSP response cache server is enabled: http://ocsp.snowflakecomputing.com/ocsp_response_cache.json
2020-08-23 01:35:24,372 - OCSP dynamic cache server RETRY URL: None
2020-08-23 01:35:24,377 - Verifying the attached certificate is signed by the issuer. Valid Not After: 2025-05-12 23:58:59+00:00
2020-08-23 01:35:24,378 - Verifying the attached certificate is signed by the issuer. Valid Not After: 2025-05-12 23:58:59+00:00
2020-08-23 01:35:24,379 - Verifying the attached certificate is signed by the issuer. Valid Not After: 2023-06-11 20:40:26+00:00
2020-08-23 01:35:24,381 - Verifying the attached certificate is signed by the issuer. Valid Not After: 2023-06-11 20:40:26+00:00
2020-08-23 01:35:24,382 - Verifying the attached certificate is signed by the issuer. Valid Not After: 2023-06-11 20:44:21+00:00
2020-08-23 01:35:24,383 - Verifying the attached certificate is signed by the issuer. Valid Not After: 2023-06-11 20:44:21+00:00
2020-08-23 01:35:24,385 - Verifying the attached certificate is signed by the issuer. Valid Not After: 2021-12-14 07:00:00+00:00
2020-08-23 01:35:24,386 - Verifying the attached certificate is signed by the issuer. Valid Not After: 2021-12-14 07:00:00+00:00
2020-08-23 01:35:24,387 - Verifying the attached certificate is signed by the issuer. Valid Not After: 2025-05-12 23:58:59+00:00
2020-08-23 01:35:24,389 - Verifying the attached certificate is signed by the issuer. Valid Not After: 2025-05-12 23:58:59+00:00
2020-08-23 01:35:24,391 - Verifying the attached certificate is signed by the issuer. Valid Not After: 2025-05-12 23:58:59+00:00
2020-08-23 01:35:24,392 - Verifying the attached certificate is signed by the issuer. Valid Not After: 2025-05-12 23:58:59+00:00
2020-08-23 01:35:24,394 - Verifying the attached certificate is signed by the issuer. Valid Not After: 2025-05-12 23:58:59+00:00
2020-08-23 01:35:24,395 - Verifying the attached certificate is signed by the issuer. Valid Not After: 2025-05-12 23:58:59+00:00
2020-08-23 01:35:24,403 - Verifying the attached certificate is signed by the issuer. Valid Not After: 2025-05-12 23:58:59+00:00
2020-08-23 01:35:24,405 - Verifying the attached certificate is signed by the issuer. Valid Not After: 2025-05-12 23:58:59+00:00
2020-08-23 01:35:24,407 - Verifying the attached certificate is signed by the issuer. Valid Not After: 2021-04-02 17:08:26+00:00
2020-08-23 01:35:24,409 - Verifying the attached certificate is signed by the issuer. Valid Not After: 2021-04-02 17:08:26+00:00
2020-08-23 01:35:24,410 - Verifying the attached certificate is signed by the issuer. Valid Not After: 2021-04-02 17:13:33+00:00
2020-08-23 01:35:24,411 - Verifying the attached certificate is signed by the issuer. Valid Not After: 2021-04-02 17:13:33+00:00
2020-08-23 01:35:24,413 - Verifying the attached certificate is signed by the issuer. Valid Not After: 2021-04-02 16:58:09+00:00
2020-08-23 01:35:24,414 - Verifying the attached certificate is signed by the issuer. Valid Not After: 2021-04-02 16:58:09+00:00
2020-08-23 01:35:24,430 - Verifying the attached certificate is signed by the issuer. Valid Not After: 2021-04-02 17:13:33+00:00
2020-08-23 01:35:24,431 - Verifying the attached certificate is signed by the issuer. Valid Not After: 2021-04-02 17:13:33+00:00
2020-08-23 01:35:24,432 - Verifying the attached certificate is signed by the issuer. Valid Not After: 2021-04-02 17:08:26+00:00
2020-08-23 01:35:24,434 - Verifying the attached certificate is signed by the issuer. Valid Not After: 2021-04-02 17:08:26+00:00
2020-08-23 01:35:24,435 - Verifying the attached certificate is signed by the issuer. Valid Not After: 2021-04-02 17:03:51+00:00
2020-08-23 01:35:24,437 - Verifying the attached certificate is signed by the issuer. Valid Not After: 2021-04-02 17:03:51+00:00
2020-08-23 01:35:24,438 - Verifying the attached certificate is signed by the issuer. Valid Not After: 2021-04-02 16:58:09+00:00
2020-08-23 01:35:24,439 - Verifying the attached certificate is signed by the issuer. Valid Not After: 2021-04-02 16:58:09+00:00
2020-08-23 01:35:24,441 - Verifying the attached certificate is signed by the issuer. Valid Not After: 2021-04-02 17:03:51+00:00
2020-08-23 01:35:24,442 - Verifying the attached certificate is signed by the issuer. Valid Not After: 2021-04-02 17:03:51+00:00
2020-08-23 01:35:24,443 - Verifying the attached certificate is signed by the issuer. Valid Not After: 2021-04-02 17:03:51+00:00
2020-08-23 01:35:24,445 - Verifying the attached certificate is signed by the issuer. Valid Not After: 2021-04-02 17:03:51+00:00
2020-08-23 01:35:24,461 - Verifying the attached certificate is signed by the issuer. Valid Not After: 2021-04-02 17:13:33+00:00
2020-08-23 01:35:24,463 - Verifying the attached certificate is signed by the issuer. Valid Not After: 2021-04-02 17:13:33+00:00
2020-08-23 01:35:24,464 - Read OCSP response cache file: C:/Users/dmitry.mitrofanov/AppData/Local/Snowflake/Caches/ocsp_response_cache.json, count=140
2020-08-23 01:35:24,465 - validating certificate: ringcentral.snowflakecomputing.com
2020-08-23 01:35:24,465 - # of certificates: 4
2020-08-23 01:35:24,465 - subject: OrderedDict([('common_name', '*.us-west-2.snowflakecomputing.com')]), issuer: OrderedDict([('country_name', 'US'), ('organization_name', 'Amazon'), ('organizational_unit_name', 'Server CA 1B'), ('common_name', 'Amazon')])
2020-08-23 01:35:24,466 - subject: OrderedDict([('country_name', 'US'), ('organization_name', 'Amazon'), ('organizational_unit_name', 'Server CA 1B'), ('common_name', 'Amazon')]), issuer: OrderedDict([('country_name', 'US'), ('organization_name', 'Amazon'), ('common_name', 'Amazon Root CA 1')])
2020-08-23 01:35:24,466 - subject: OrderedDict([('country_name', 'US'), ('organization_name', 'Amazon'), ('common_name', 'Amazon Root CA 1')]), issuer: OrderedDict([('country_name', 'US'), ('state_or_province_name', 'Arizona'), ('locality_name', 'Scottsdale'), ('organization_name', 'Starfield Technologies, Inc.'), ('common_name', 'Starfield Services Root Certificate Authority - G2')])
2020-08-23 01:35:24,467 - subject: OrderedDict([('country_name', 'US'), ('state_or_province_name', 'Arizona'), ('locality_name', 'Scottsdale'), ('organization_name', 'Starfield Technologies, Inc.'), ('common_name', 'Starfield Services Root Certificate Authority - G2')]), issuer: OrderedDict([('country_name', 'US'), ('organization_name', 'Starfield Technologies, Inc.'), ('organizational_unit_name', 'Starfield Class 2 Certification Authority')])
2020-08-23 01:35:24,469 - not found issuer_der: OrderedDict([('country_name', 'US'), ('organization_name', 'Starfield Technologies, Inc.'), ('organizational_unit_name', 'Starfield Class 2 Certification Authority')])
2020-08-23 01:35:24,469 - hit cache for subject: OrderedDict([('common_name', '*.us-west-2.snowflakecomputing.com')])
2020-08-23 01:35:24,471 - Verifying the attached certificate is signed by the issuer. Valid Not After: 2023-06-11 20:40:26+00:00
2020-08-23 01:35:24,471 - hit cache for subject: OrderedDict([('country_name', 'US'), ('organization_name', 'Amazon'), ('organizational_unit_name', 'Server CA 1B'), ('common_name', 'Amazon')])
2020-08-23 01:35:24,473 - Verifying the attached certificate is signed by the issuer. Valid Not After: 2023-06-11 20:44:21+00:00
2020-08-23 01:35:24,473 - hit cache for subject: OrderedDict([('country_name', 'US'), ('organization_name', 'Amazon'), ('common_name', 'Amazon Root CA 1')])
2020-08-23 01:35:24,475 - Verifying the attached certificate is signed by the issuer. Valid Not After: 2021-12-14 07:00:00+00:00
2020-08-23 01:35:24,475 - hit cache for subject: OrderedDict([('country_name', 'US'), ('state_or_province_name', 'Arizona'), ('locality_name', 'Scottsdale'), ('organization_name', 'Starfield Technologies, Inc.'), ('common_name', 'Starfield Services Root Certificate Authority - G2')])
2020-08-23 01:35:24,476 - hit cache for subject: OrderedDict([('common_name', '*.us-west-2.snowflakecomputing.com')])
2020-08-23 01:35:24,477 - using OCSP response cache
2020-08-23 01:35:24,477 - Certificate is NOT attached in Basic OCSP Response. Using issuer's certificate
2020-08-23 01:35:24,477 - Verifying the OCSP response is signed by the issuer.
2020-08-23 01:35:24,481 - Verifying the attached certificate is signed by the issuer. Valid Not After: 2023-06-11 20:40:26+00:00
2020-08-23 01:35:24,481 - hit cache for subject: OrderedDict([('country_name', 'US'), ('organization_name', 'Amazon'), ('organizational_unit_name', 'Server CA 1B'), ('common_name', 'Amazon')])
2020-08-23 01:35:24,482 - using OCSP response cache
2020-08-23 01:35:24,484 - Certificate is attached in Basic OCSP Response
2020-08-23 01:35:24,484 - Verifying the attached certificate is signed by the issuer
2020-08-23 01:35:24,484 - Valid Not After: 2023-06-11 20:40:26+00:00
2020-08-23 01:35:24,486 - Verifying the OCSP response is signed by the issuer.
2020-08-23 01:35:24,490 - Verifying the attached certificate is signed by the issuer. Valid Not After: 2023-06-11 20:44:21+00:00
2020-08-23 01:35:24,490 - hit cache for subject: OrderedDict([('country_name', 'US'), ('organization_name', 'Amazon'), ('common_name', 'Amazon Root CA 1')])
2020-08-23 01:35:24,491 - using OCSP response cache
2020-08-23 01:35:24,492 - Certificate is attached in Basic OCSP Response
2020-08-23 01:35:24,492 - Verifying the attached certificate is signed by the issuer
2020-08-23 01:35:24,492 - Valid Not After: 2023-06-11 20:44:21+00:00
2020-08-23 01:35:24,494 - Verifying the OCSP response is signed by the issuer.
2020-08-23 01:35:24,498 - Verifying the attached certificate is signed by the issuer. Valid Not After: 2021-12-14 07:00:00+00:00
2020-08-23 01:35:24,498 - hit cache for subject: OrderedDict([('country_name', 'US'), ('state_or_province_name', 'Arizona'), ('locality_name', 'Scottsdale'), ('organization_name', 'Starfield Technologies, Inc.'), ('common_name', 'Starfield Services Root Certificate Authority - G2')])
2020-08-23 01:35:24,499 - using OCSP response cache
2020-08-23 01:35:24,500 - Certificate is attached in Basic OCSP Response
2020-08-23 01:35:24,500 - Verifying the attached certificate is signed by the issuer
2020-08-23 01:35:24,500 - Valid Not After: 2021-12-14 07:00:00+00:00
2020-08-23 01:35:24,502 - Verifying the OCSP response is signed by the issuer.
2020-08-23 01:35:24,505 - writing OCSP response cache file
2020-08-23 01:35:24,505 - encoding OCSP response cache to JSON
2020-08-23 01:35:24,522 - ok
2020-08-23 01:35:25,035 - https://ringcentral.snowflakecomputing.com:443 "POST /session/v1/login-request?request_id=0bacf4f6-81d4-4b29-807e-0688d981a37b&databaseName=RCUSERS&schemaName=DMITRYMITROFANOV&warehouse=RCUSERS_WH&request_guid=a911ced7-7f13-4e85-81be-762bd50e2ebe HTTP/1.1" 200 1407
2020-08-23 01:35:25,036 - SUCCESS
2020-08-23 01:35:25,036 - Active requests sessions: 0, idle: 1
2020-08-23 01:35:25,036 - ret[code] = None, after post request
2020-08-23 01:35:25,036 - completed authentication
2020-08-23 01:35:25,036 - token = ******
2020-08-23 01:35:25,036 - master_token = ******
2020-08-23 01:35:25,036 - id_token = NULL
2020-08-23 01:35:25,036 - no ID token is given when try to store temporary credential
2020-08-23 01:35:25,036 - cursor
2020-08-23 01:35:25,037 - merge into KAMALA_ACL t using (select parse_json('{"offset":19500,"count":50,"limit":50,"statuses":[{"id":1,"name":"scheduled"},{"id":2,"name":"sms_confirmation_sent"},{"id":3,"name":"cancelled_by_sms"},{"id":4,"name":"confirmed"},{"id":5,"name":"in_progress"},{"id":6,"name":"finished"},{"id":7,"name":"cancelled"},{"id":8,"name":"missed"},{"id":9,"name":"arrived"}],"fields":[{"id":"1","name":"\u0418\u0441\u043f\u043e\u043b\u043d\u0438\u0442\u0435\u043b\u044c"},{"id":"2","name":"\u0421\u0441\u044b\u043b\u043a\u0430 \u043d\u0430 \u043a\u043b\u0438\u0435\u043d\u0442\u0430"},{"id":"3","name":"\u0410\u0439\u0434\u0438 \u0430\u043a\u043a\u0430\u0443\u043d\u0442\u0430"}],"orders":[{"id":6607810,"name":"\u0410\u044d\u0440\u043e\u0439\u043e\u0433\u0430 (90 \u043c\u0438\u043d)","account_id":10765,"date_create":1582872496,"status":6,"price":"0","client_id":1122837,"roistat":"\u043f\u043e\u0441\u0442\u043e\u044f\u043d\u043d\u044b\u0439 \u043a\u043b\u0438\u0435\u043d\u0442","executor":"\u0421\u043e\u0431\u0435\u043d\u043d\u0438\u043a\u043e\u0432\u0430 \u041e\u043a\u0441\u0430\u043d\u0430 \u042e\u0440\u044c\u0435\u0432\u043d\u0430","is_sale":false,"appointment_id":5833285,"fields":{"1":"\u0421\u043e\u0431\u0435\u043d\u043d\u0438\u043a\u043e\u0432\u0430 \u041e\u043a\u0441\u0430\u043d\u0430 \u042e\u0440\u044c\u0435\u0432\u043d\u0430","2":"https:\/\/klientiks.ru\/clientix\/client\/default\/id\/1122837","3":10765}},{"id":6607812,"name":"\u0410\u044d\u0440\u043e\u0439\u043e\u0433\u0430 (90 \u043c\u0438\u043d)","account_id":10765,"date_create":1582872499,"status":6,"price":"0","client_id":2877520,"roistat":"\u0438\u043d\u0442\u0435\u0440\u043d\u0435\u0442","executor":"\u0421\u043e\u0431\u0435\u043d\u043d\u0438\u043a\u043e\u0432\u0430 \u041e\u043a\u0441\u0430\u043d\u0430 \u042e\u0440\u044c\u0435\u0432\u043d\u0430","is_sale":false,"appointment_id":5833285,"fields":{"1":"\u0421\u043e\u0431\u0435\u043d\u043d\u0438\u043a\u043e\u0432\u0430 \u041e\u043a\u0441\u0430\u043d\u0430 \u042e\u0440\u044c\u0435\u0432\u043d\u0430","2":"https:\/\/klientiks.ru\/clientix\/client\/default\/id\/2877520","3":10765}},{"id":6608043,"name":"\u0410\u044e\u0440\u0432\u0435\u0434\u0430 \u043a\u043e\u043d\u0441\u0443\u043b\u044c\u0442\u0430\u0446\u0438\u044f \u0432\u0440\u0430\u0447\u0430 (60 \u043c\u0438\u043d)","account_id":10765,"date_create":1582873655,"status":6,"price":"3500","client_id":3319006,"roistat":"\u0412\u0445\u043e\u0434\u044f\u0449\u0438\u0439 \u0437\u0432\u043e\u043d\u043e\u043a","executor":"\u041f\u0440\u0430\u0432\u0438\u043d \u0421\u0443\u0440\u0435\u043d\u0434\u0440\u0430\u043d\u043f\u0438\u043b\u0430\u0439 \u0412\u0430\u0441\u0430\u043d\u0442\u0430\u043a\u0443\u043c\u0430\u0440\u0438","is_sale":false,"appointment_id":5851965,"fields":{"1":"\u041f\u0440\u0430\u0432\u0438\u043d \u0421\u0443\u0440\u0435\u043d\u0434\u0440\u0430\u043d\u043f\u0438\u043b\u0430\u0439 \u0412\u0430\u0441\u0430\u043d\u0442\u0430\u043a\u0443\u043c\u0430\u0440\u0438","2":"https:\/\/klientiks.ru\/clientix\/client\/default\/id\/3319006","3":10765}},{"id":6609060,"name":"\u0420\u043e\u0437\u043e\u0432\u044f_\u0432\u043e\u0434\u0430_Khadi","account_id":10765,"date_create":1582877952,"status":6,"price":"400","client_id":1108070,"roistat":"\u0438\u043d\u0442\u0435\u0440\u043d\u0435\u0442","executor":"\u0410\u0445\u043c\u0435\u0434\u043e\u0432\u0430 \u0422\u0430\u0442\u044c\u044f\u043d\u0430 \u041b\u0435\u043e\u043d\u0438\u0434\u043e\u0432\u043d\u0430","is_sale":true,"appointment_id":5852875,"fields":{"1":"\u0410\u0445\u043c\u0435\u0434\u043e\u0432\u0430 \u0422\u0430\u0442\u044c\u044f\u043d\u0430 \u041b\u0435\u043e\u043d\u0438\u0434\u043e\u0432\u043d\u0430","2":"https:\/\/klientiks.ru\/clientix\/client\/default\/id\/1108070","3":10765}},{"id":6609134,"name":"\u0420\u043e\u0437\u043e\u0432\u044f_\u0432\u043e\u0434\u0430_Khadi","account_id":10765,"date_create":1582878286,"status":6,"price":"400","client_id":1297843,"roistat":"\u0440\u044f\u0434\u043e\u043c \u0436\u0438\u0432\u0435\u0442","executor":"\u0410\u0445\u043c\u0435\u0434\u043e\u0432\u0430 \u0422\u0430\u0442\u044c\u044f\u043d\u0430 \u041b\u0435\u043e\u043d\u0438\u0434\u043e\u0432\u043d\u0430","is_sale":true,"appointment_id":5852970,"fields":{"1":"\u0410\u0445\u043c\u0435\u0434\u043e\u0432\u0430 \u0422\u0430\u0442\u044c\u044f\u043d\u0430 \u041b\u0435\u043e\u043d\u0438\u0434\u043e\u0432\u043d\u0430","2":"https:\/\/klientiks.ru\/clientix\/client\/default\/id\/1297843","3":10765}},{"id":6609341,"name":"Chyawanaprasham_Nagarjuna 500g","account_id":10765,"date_create":1582879137,"status":6,"price":"700","client_id":3215797,"roistat":"\u0438\u043d\u0442\u0435\u0440\u043d\u0435\u0442","executor":"\u0410\u0445\u043c\u0435\u0434\u043e\u0432\u0430 \u0422\u0430\u0442\u044c\u044f\u043d\u0430 \u041b\u0435\u043e\u043d\u0438\u0434\u043e\u0432\u043d\u0430","is_sale":true,"appointment_id":5853140,"fields":{"1":"\u0410\u0445\u043c\u0435\u0434\u043e\u0432\u0430 \u0422\u0430\u0442\u044c\u044f\u043d\u0430 \u041b\u0435\u043e\u043d\u0438\u0434\u043e\u0432\u043d\u0430","2":"https:\/\/klientiks.ru\/clientix\/client\/default\/id\/3215797","3":10765}},{"id":6609378,"name":"Chyawanaprasham_Nagarjuna 500g","account_id":10765,"date_create":1582879329,"status":6,"price":"700","client_id":3014911,"roistat":"\u043e\u0442 \u0437\u043d\u0430\u043a\u043e\u043c\u044b\u0445","executor":"\u0410\u0445\u043c\u0435\u0434\u043e\u0432\u0430 \u0422\u0430\u0442\u044c\u044f\u043d\u0430 \u041b\u0435\u043e\u043d\u0438\u0434\u043e\u0432\u043d\u0430","is_sale":true,"appointment_id":5853176,"fields":{"1":"\u0410\u0445\u043c\u0435\u0434\u043e\u0432\u0430 \u0422\u0430\u0442\u044c\u044f\u043d\u0430 \u041b\u0435\u043e\u043d\u0438\u0434\u043e\u0432\u043d\u0430","2":"https:\/\/klientiks.ru\/clientix\/client\/default\/id\/3014911","3":10765}},{"id":6609424,"name":"Itone_eye_drop_\u043a\u0430\u043f\u043b\u0438,Chyawanaprasham_Nagarjuna 500g,Itone_eye_drop_\u043a\u0430\u043f\u043b\u0438,Chyawanaprasham_Nagarjuna 500g","account_id":10765,"date_create":1582879528,"status":6,"price":"980","client_id":3058502,"roistat":"\u043e\u0442 \u0437\u043d\u0430\u043a\u043e\u043c\u044b\u0445","executor":"\u0410\u0445\u043c\u0435\u0434\u043e\u0432\u0430 \u0422\u0430\u0442\u044c\u044f\u043d\u0430 \u041b\u0435\u043e\u043d\u0438\u0434\u043e\u0432\u043d\u0430","is_sale":true,"appointment_id":5853219,"fields":{"1":"\u0410\u0445\u043c\u0435\u0434\u043e\u0432\u0430 \u0422\u0430\u0442\u044c\u044f\u043d\u0430 \u041b\u0435\u043e\u043d\u0438\u0434\u043e\u0432\u043d\u0430","2":"https:\/\/klientiks.ru\/clientix\/client\/default\/id\/3058502","3":10765}},{"id":6609494,"name":"\u0410\u044d\u0440\u043e\u0439\u043e\u0433\u0430 (90 \u043c\u0438\u043d)","account_id":10765,"date_create":1582879922,"status":6,"price":"0","client_id":3144287,"roistat":"\u0438\u043d\u0442\u0435\u0440\u043d\u0435\u0442","executor":"\u0421\u043e\u0431\u0435\u043d\u043d\u0438\u043a\u043e\u0432\u0430 \u041e\u043a\u0441\u0430\u043d\u0430 \u042e\u0440\u044c\u0435\u0432\u043d\u0430","is_sale":false,"appointment_id":5833242,"fields":{"1":"\u0421\u043e\u0431\u0435\u043d\u043d\u0438\u043a\u043e\u0432\u0430 \u041e\u043a\u0441\u0430\u043d\u0430 \u042e\u0440\u044c\u0435\u0432\u043d\u0430","2":"https:\/\/klientiks.ru\/clientix\/client\/default\/id\/3144287","3":10765}},{"id":6609665,"name":"\u0410\u044d\u0440\u043e\u0439\u043e\u0433\u0430 (90 \u043c\u0438\u043d)","account_id":10765,"date_create":1582880922,"status":6,"price":"0","client_id":1108070,"roistat":"\u0438\u043d\u0442\u0435\u0440\u043d\u0435\u0442","executor":"\u0421\u043e\u0431\u0435\u043d\u043d\u0438\u043a\u043e\u0432\u0430 \u041e\u043a\u0441\u0430\u043d\u0430 \u042e\u0440\u044c\u0435\u0432\u043d\u0430","is_sale":false,"appointment_id":5833243,"fields":{"1":"\u0421\u043e\u0431\u0435\u043d\u043d\u0438\u043a\u043e\u0432\u0430 \u041e\u043a\u0441\u0430\u043d\u0430 \u042e\u0440\u044c\u0435\u0432\u043d\u0430","2":"https:\/\/klientiks.ru\/clientix\/client\/default\/id\/1108070","3":10765}},{"id":6609667,"name":"\u0410\u044d\u0440\u043e\u0439\u043e\u0433\u0430 (90 \u043c\u0438\u043d)","account_id":10765,"date_create":1582880934,"status":6,"price":"0","client_id":3014911,"roistat":"\u043e\u0442 \u0437\u043d\u0430\u043a\u043e\u043c\u044b\u0445","executor":"\u0421\u043e\u0431\u0435\u043d\u043d\u0438\u043a\u043e\u0432\u0430 \u041e\u043a\u0441\u0430\u043d\u0430 \u042e\u0440\u044c\u0435\u0432\u043d\u0430","is_sale":false,"appointment_id":5833243,"fields":{"1":"\u0421\u043e\u0431\u0435\u043d\u043d\u0438\u043a\u043e\u0432\u0430 \u041e\u043a\u0441\u0430\u043d\u0430 \u042e\u0440\u044c\u0435\u0432\u043d\u0430","2":"https:\/\/klientiks.ru\/clientix\/client\/default\/id\/3014911","3":10765}},{"id":6609779,"name":"Drakshadi_kashayam_200ml","account_id":10765,"date_create":1582881396,"status":6,"price":"850","client_id":3188843,"roistat":"\u0438\u043d\u0442\u0435\u0440\u043d\u0435\u0442","executor":"\u0410\u0445\u043c\u0435\u0434\u043e\u0432\u0430 \u0422\u0430\u0442\u044c\u044f\u043d\u0430 \u041b\u0435\u043e\u043d\u0438\u0434\u043e\u0432\u043d\u0430","is_sale":true,"appointment_id":5853564,"fields":{"1":"\u0410\u0445\u043c\u0435\u0434\u043e\u0432\u0430 \u0422\u0430\u0442\u044c\u044f\u043d\u0430 \u041b\u0435\u043e\u043d\u0438\u0434\u043e\u0432\u043d\u0430","2":"https:\/\/klientiks.ru\/clientix\/client\/default\/id\/3188843","3":10765}},{"id":6609863,"name":"\u0428\u0438\u0440\u043e\u0434\u0445\u0430\u0440\u0430 (60 \u043c\u0438\u043d. \u0441\u0442\u0440\u0443\u044f\u0449\u0435\u0435\u0441\u044f \u043c\u0430\u0441\u043b\u043e \u043d\u0430 \u043b\u043e\u0431),\u0428\u0438\u0440\u043e\u0434\u0445\u0430\u0440\u0430 (60 \u043c\u0438\u043d. \u0441\u0442\u0440\u0443\u044f\u0449\u0435\u0435\u0441\u044f \u043c\u0430\u0441\u043b\u043e \u043d\u0430 \u043b\u043e\u0431),\u0423\u043c\u0430\u0441\u043b\u0438\u0432\u0430\u043d\u0438\u0435  (30 \u043c\u0438\u043d.),\u0423\u043c\u0430\u0441\u043b\u0438\u0432\u0430\u043d\u0438\u0435  (30 \u043c\u0438\u043d.)","account_id":10765,"date_create":1582881858,"status":6,"price":"0","client_id":3058502,"roistat":"\u043e\u0442 \u0437\u043d\u0430\u043a\u043e\u043c\u044b\u0445","executor":"\u0424\u0438\u043b\u0438\u043f \u0412\u0438\u043c\u0430\u043b\u0430 \u0412\u0438\u043f\u0438\u043d","is_sale":false,"appointment_id":5853640,"fields":{"1":"\u0424\u0438\u043b\u0438\u043f \u0412\u0438\u043c\u0430\u043b\u0430 \u0412\u0438\u043f\u0438\u043d","2":"https:\/\/klientiks.ru\/clientix\/client\/default\/id\/3058502","3":10765}},{"id":6610697,"name":"\u0410\u044e\u0440\u0432\u0435\u0434\u0430 \u043a\u043e\u043d\u0441\u0443\u043b\u044c\u0442\u0430\u0446\u0438\u044f \u0432\u0440\u0430\u0447\u0430 (60 \u043c\u0438\u043d)","account_id":10765,"date_create":1582886384,"status":7,"price":null,"client_id":3321057,"roistat":"\u0432\u043a","executor":"\u041f\u0440\u0430\u0432\u0438\u043d \u0421\u0443\u0440\u0435\u043d\u0434\u0440\u0430\u043d\u043f\u0438\u043b\u0430\u0439 \u0412\u0430\u0441\u0430\u043d\u0442\u0430\u043a\u0443\u043c\u0430\u0440\u0438","is_sale":false,"appointment_id":5854476,"fields":{"1":"\u041f\u0440\u0430\u0432\u0438\u043d \u0421\u0443\u0440\u0435\u043d\u0434\u0440\u0430\u043d\u043f\u0438\u043b\u0430\u0439 \u0412\u0430\u0441\u0430\u043d\u0442\u0430\u043a\u0443\u043c\u0430\u0440\u0438","2":"https:\/\/klientiks.ru\/clientix\/client\/default\/id\/3321057","3":10765}},{"id":6611326,"name":"\u0410\u044e\u0440\u0432\u0435\u0434\u0430 \u043f\u043e\u0432\u0442\u043e\u0440\u043d\u0430\u044f \u043a\u043e\u043d\u0441\u0443\u043b\u044c\u0442\u0430\u0446\u0438\u044f \u0434\u043e\u043a\u0442\u043e\u0440\u0430 \u0412\u0430\u0440\u0443\u043d (30 \u043c\u0438\u043d.)","account_id":10765,"date_create":1582889618,"status":6,"price":"2000","client_id":2542180,"roistat":"\u043e\u0442 \u0437\u043d\u0430\u043a\u043e\u043c\u044b\u0445","executor":"\u0412\u0430\u0440\u0443\u043d","is_sale":false,"appointment_id":5855067,"fields":{"1":"\u0412\u0430\u0440\u0443\u043d","2":"https:\/\/klientiks.ru\/clientix\/client\/default\/id\/2542180","3":10765}},{"id":6611774,"name":"\u0410\u044d\u0440\u043e\u0439\u043e\u0433\u0430 (90 \u043c\u0438\u043d)","account_id":10765,"date_create":1582891766,"status":6,"price":"0","client_id":1122031,"roistat":"\u0441\u043e\u0442\u0440\u0443\u0434\u043d\u0438\u043a","executor":"\u0421\u043e\u0431\u0435\u043d\u043d\u0438\u043a\u043e\u0432\u0430 \u041e\u043a\u0441\u0430\u043d\u0430 \u042e\u0440\u044c\u0435\u0432\u043d\u0430","is_sale":false,"appointment_id":5543994,"fields":{"1":"\u0421\u043e\u0431\u0435\u043d\u043d\u0438\u043a\u043e\u0432\u0430 \u041e\u043a\u0441\u0430\u043d\u0430 \u042e\u0440\u044c\u0435\u0432\u043d\u0430","2":"https:\/\/klientiks.ru\/clientix\/client\/default\/id\/1122031","3":10765}},{"id":6611781,"name":"\u0410\u044d\u0440\u043e\u0439\u043e\u0433\u0430 (90 \u043c\u0438\u043d)","account_id":10765,"date_create":1582891793,"status":6,"price":"0","client_id":1109904,"roistat":"\u0441\u043e\u0442\u0440\u0443\u0434\u043d\u0438\u043a","executor":"\u0421\u043e\u0431\u0435\u043d\u043d\u0438\u043a\u043e\u0432\u0430 \u041e\u043a\u0441\u0430\u043d\u0430 \u042e\u0440\u044c\u0435\u0432\u043d\u0430","is_sale":false,"appointment_id":5833284,"fields":{"1":"\u0421\u043e\u0431\u0435\u043d\u043d\u0438\u043a\u043e\u0432\u0430 \u041e\u043a\u0441\u0430\u043d\u0430 \u042e\u0440\u044c\u0435\u0432\u043d\u0430","2":"https:\/\/klientiks.ru\/clientix\/client\/default\/id\/1109904","3":10765}},{"id":6612051,"name":"\u0410\u044e\u0440\u0432\u0435\u0434\u0430 \u043f\u043e\u0432\u0442\u043e\u0440\u043d\u0430\u044f \u043a\u043e\u043d\u0441\u0443\u043b\u044c\u0442\u0430\u0446\u0438\u044f \u0432\u0440\u0430\u0447\u0430 \u0432 \u043d\u0430\u0437\u043d\u0430\u0447\u0435\u043d\u043d\u044b\u0439 \u0441\u0440\u043e\u043a (30 \u043c\u0438\u043d)","account_id":10765,"date_create":1582893369,"status":6,"price":"2000","client_id":1122769,"roistat":"\u0412\u0445\u043e\u0434\u044f\u0449\u0438\u0439 \u0437\u0432\u043e\u043d\u043e\u043a","executor":"\u041f\u0440\u0430\u0432\u0438\u043d \u0421\u0443\u0440\u0435\u043d\u0434\u0440\u0430\u043d\u043f\u0438\u043b\u0430\u0439 \u0412\u0430\u0441\u0430\u043d\u0442\u0430\u043a\u0443\u043c\u0430\u0440\u0438","is_sale":false,"appointment_id":5855752,"fields":{"1":"\u041f\u0440\u0430\u0432\u0438\u043d \u0421\u0443\u0440\u0435\u043d\u0434\u0440\u0430\u043d\u043f\u0438\u043b\u0430\u0439 \u0412\u0430\u0441\u0430\u043d\u0442\u0430\u043a\u0443\u043c\u0430\u0440\u0438","2":"https:\/\/klientiks.ru\/clientix\/client\/default\/id\/1122769","3":10765}},{"id":6612512,"name":"\u0410\u044e\u0440\u0432\u0435\u0434\u0430 \u043f\u043e\u0432\u0442\u043e\u0440\u043d\u0430\u044f  \u043a\u043e\u043d\u0441\u0443\u043b\u044c\u0442\u0430\u0446\u0438\u044f \u0432\u0440\u0430\u0447\u0430 (30 \u043c\u0438\u043d)","account_id":10765,"date_create":1582895755,"status":7,"price":null,"client_id":2758536,"roistat":"\u043e\u0442 \u0437\u043d\u0430\u043a\u043e\u043c\u044b\u0445","executor":"\u041f\u0440\u0430\u0432\u0438\u043d \u0421\u0443\u0440\u0435\u043d\u0434\u0440\u0430\u043d\u043f\u0438\u043b\u0430\u0439 \u0412\u0430\u0441\u0430\u043d\u0442\u0430\u043a\u0443\u043c\u0430\u0440\u0438","is_sale":false,"appointment_id":5856150,"fields":{"1":"\u041f\u0440\u0430\u0432\u0438\u043d \u0421\u0443\u0440\u0435\u043d\u0434\u0440\u0430\u043d\u043f\u0438\u043b\u0430\u0439 \u0412\u0430\u0441\u0430\u043d\u0442\u0430\u043a\u0443\u043c\u0430\u0440\u0438","2":"https:\/\/klientiks.ru\/clientix\/client\/default\/id\/2758536","3":10765}},{"id":6613111,"name":"Sukumara_Kashayam_200 ml","account_id":10765,"date_create":1582899890,"status":6,"price":"800","client_id":3258794,"roistat":"\u0412\u0445\u043e\u0434\u044f\u0449\u0438\u0439 \u0437\u0432\u043e\u043d\u043e\u043a","executor":"\u0410\u0445\u043c\u0435\u0434\u043e\u0432\u0430 \u0422\u0430\u0442\u044c\u044f\u043d\u0430 \u041b\u0435\u043e\u043d\u0438\u0434\u043e\u0432\u043d\u0430","is_sale":true,"appointment_id":5856720,"fields":{"1":"\u0410\u0445\u043c\u0435\u0434\u043e\u0432\u0430 \u0422\u0430\u0442\u044c\u044f\u043d\u0430 \u041b\u0435\u043e\u043d\u0438\u0434\u043e\u0432\u043d\u0430","2":"https:\/\/klientiks.ru\/clientix\/client\/default\/id\/3258794","3":10765}},{"id":6613142,"name":"\u0410\u044d\u0440\u043e\u0439\u043e\u0433\u0430 (90 \u043c\u0438\u043d)","account_id":10765,"date_create":1582900096,"status":6,"price":"800","client_id":3244018,"roistat":"\u0438\u043d\u0442\u0435\u0440\u043d\u0435\u0442","executor":"\u0412\u043b\u0430\u0441\u043e\u0432\u0430 \u0415\u043b\u0435\u043d\u0430 \u0421\u0435\u0440\u0433\u0435\u0435\u0432\u043d\u0430","is_sale":false,"appointment_id":5762040,"fields":{"1":"\u0412\u043b\u0430\u0441\u043e\u0432\u0430 \u0415\u043b\u0435\u043d\u0430 \u0421\u0435\u0440\u0433\u0435\u0435\u0432\u043d\u0430","2":"https:\/\/klientiks.ru\/clientix\/client\/default\/id\/3244018","3":10765}},{"id":6613439,"name":"\u0428\u0430\u043c\u043f\u0443\u043d\u044c_Trichup,\u041a\u0430\u0440\u0434\u043e\u043c\u043e\u043d_\u0437\u0435\u043b\u0435\u043d\u044b\u0439,\u0428\u0430\u043c\u043f\u0443\u043d\u044c_Trichup,Brahmarasayanam_200ml,\u041a\u0430\u0440\u0434\u043e\u043c\u043e\u043d_\u0437\u0435\u043b\u0435\u043d\u044b\u0439,Brahmarasayanam_200ml,\u0428\u0430\u043c\u043f\u0443\u043d\u044c_Trichup,Brahmarasayanam_200ml,\u041a\u0430\u0440\u0434\u043e\u043c\u043e\u043d_\u0437\u0435\u043b\u0435\u043d\u044b\u0439","account_id":10765,"date_create":1582901878,"status":6,"price":"1250","client_id":3276868,"roistat":"\u0412\u0445\u043e\u0434\u044f\u0449\u0438\u0439 \u0437\u0432\u043e\u043d\u043e\u043a","executor":"\u0410\u0445\u043c\u0435\u0434\u043e\u0432\u0430 \u0422\u0430\u0442\u044c\u044f\u043d\u0430 \u041b\u0435\u043e\u043d\u0438\u0434\u043e\u0432\u043d\u0430","is_sale":true,"appointment_id":5857007,"fields":{"1":"\u0410\u0445\u043c\u0435\u0434\u043e\u0432\u0430 \u0422\u0430\u0442\u044c\u044f\u043d\u0430 \u041b\u0435\u043e\u043d\u0438\u0434\u043e\u0432\u043d\u0430","2":"https:\/\/klientiks.ru\/clientix\/client\/default\/id\/3276868","3":10765}},{"id":6613600,"name":"Arjunarishtam_450ml","account_id":10765,"date_create":1582902783,"status":6,"price":"835","client_id":2623071,"roistat":"\u0441\u043e\u0442\u0440\u0443\u0434\u043d\u0438\u043a","executor":"\u0410\u0445\u043c\u0435\u0434\u043e\u0432\u0430 \u0422\u0430\u0442\u044c\u044f\u043d\u0430 \u041b\u0435\u043e\u043d\u0438\u0434\u043e\u0432\u043d\u0430","is_sale":true,"appointment_id":5857122,"fields":{"1":"\u0410\u0445\u043c\u0435\u0434\u043e\u0432\u0430 \u0422\u0430\u0442\u044c\u044f\u043d\u0430 \u041b\u0435\u043e\u043d\u0438\u0434\u043e\u0432\u043d\u0430","2":"https:\/\/klientiks.ru\/clientix\/client\/default\/id\/2623071","3":10765}},{"id":6614597,"name":"\u0410\u044e\u0440\u0432\u0435\u0434\u0430 \u043f\u043e\u0432\u0442\u043e\u0440\u043d\u0430\u044f \u043a\u043e\u043d\u0441\u0443\u043b\u044c\u0442\u0430\u0446\u0438\u044f \u0432\u0440\u0430\u0447\u0430 \u0432 \u043d\u0430\u0437\u043d\u0430\u0447\u0435\u043d\u043d\u044b\u0439 \u0441\u0440\u043e\u043a (30 \u043c\u0438\u043d)","account_id":10765,"date_create":1582905636,"status":6,"price":"2000","client_id":1383790,"roistat":"\u0421\u043e\u0432\u0435\u0442 \u0414\u0440\u0443\u0437\u0435\u0439","executor":"\u041f\u0440\u0430\u0432\u0438\u043d \u0421\u0443\u0440\u0435\u043d\u0434\u0440\u0430\u043d\u043f\u0438\u043b\u0430\u0439 \u0412\u0430\u0441\u0430\u043d\u0442\u0430\u043a\u0443\u043c\u0430\u0440\u0438","is_sale":false,"appointment_id":5857428,"fields":{"1":"\u041f\u0440\u0430\u0432\u0438\u043d \u0421\u0443\u0440\u0435\u043d\u0434\u0440\u0430\u043d\u043f\u0438\u043b\u0430\u0439 \u0412\u0430\u0441\u0430\u043d\u0442\u0430\u043a\u0443\u043c\u0430\u0440\u0438","2":"https:\/\/klientiks.ru\/clientix\/client\/default\/id\/1383790","3":10765}},{"id":6614744,"name":"\u041a\u0430\u043b\u0430\u0440\u0438 \u043c\u0430\u0441\u0441\u0430\u0436 (60 \u043c\u0438\u043d. \u043d\u043e\u0436\u043d\u043e\u0439 \u043c\u0430\u0441\u043b\u044f\u043d\u044b\u0439 \u043c\u0430\u0441\u0441\u0430\u0436)","account_id":10765,"date_create":1582906765,"status":6,"price":"0","client_id":2936299,"roistat":"\u0412\u0445\u043e\u0434\u044f\u0449\u0438\u0439 \u0437\u0432\u043e\u043d\u043e\u043a,\u043e\u0442 \u0437\u043d\u0430\u043a\u043e\u043c\u044b\u0445","executor":"\u0424\u0438\u043b\u0438\u043f \u0412\u0438\u043c\u0430\u043b\u0430 \u0412\u0438\u043f\u0438\u043d","is_sale":false,"appointment_id":5857568,"fields":{"1":"\u0424\u0438\u043b\u0438\u043f \u0412\u0438\u043c\u0430\u043b\u0430 \u0412\u0438\u043f\u0438\u043d","2":"https:\/\/klientiks.ru\/clientix\/client\/default\/id\/2936299","3":10765}},{"id":6614748,"name":"\u0410\u0431\u0445\u044a\u044f\u043d\u0433\u0430 \u043c\u0430\u0441\u0441\u0430\u0436 (60 \u043c\u0438\u043d. \u0440\u0443\u0447\u043d\u043e\u0439 \u043c\u0430\u0441\u043b\u044f\u043d\u044b\u0439 \u043c\u0430\u0441\u0441\u0430\u0436 \u0432 2 \u0440\u0443\u043a\u0438)","account_id":10765,"date_create":1582906812,"status":6,"price":"0","client_id":2936299,"roistat":"\u0412\u0445\u043e\u0434\u044f\u0449\u0438\u0439 \u0437\u0432\u043e\u043d\u043e\u043a,\u043e\u0442 \u0437\u043d\u0430\u043a\u043e\u043c\u044b\u0445","executor":"\u041d\u0438\u0431\u0438\u043d \u041a\u043e\u0434\u0430\u0442 \u0414\u0438\u043d\u0435\u0441\u0430\u043d","is_sale":false,"appointment_id":5857573,"fields":{"1":"\u041d\u0438\u0431\u0438\u043d \u041a\u043e\u0434\u0430\u0442 \u0414\u0438\u043d\u0435\u0441\u0430\u043d","2":"https:\/\/klientiks.ru\/clientix\/client\/default\/id\/2936299","3":10765}},{"id":6614839,"name":"\u0423\u043c\u0430\u0441\u043b\u0438\u0432\u0430\u043d\u0438\u0435  (30 \u043c\u0438\u043d.)","account_id":10765,"date_create":1582907560,"status":6,"price":"1440","client_id":1123631,"roistat":"\u043f\u043e\u0441\u0442\u043e\u044f\u043d\u043d\u044b\u0439 \u043a\u043b\u0438\u0435\u043d\u0442","executor":"\u0428\u0440\u0438\u0442\u0430","is_sale":false,"appointment_id":5857654,"fields":{"1":"\u0428\u0440\u0438\u0442\u0430","2":"https:\/\/klientiks.ru\/clientix\/client\/default\/id\/1123631","3":10765}},{"id":6614872,"name":"\u0423\u043c\u0430\u0441\u043b\u0438\u0432\u0430\u043d\u0438\u0435  (30 \u043c\u0438\u043d.)","account_id":10765,"date_create":1582908126,"status":6,"price":"1440","client_id":1123631,"roistat":"\u043f\u043e\u0441\u0442\u043e\u044f\u043d\u043d\u044b\u0439 \u043a\u043b\u0438\u0435\u043d\u0442","executor":"\u0428\u0440\u0438\u0442\u0430","is_sale":false,"appointment_id":5857693,"fields":{"1":"\u0428\u0440\u0438\u0442\u0430","2":"https:\/\/klientiks.ru\/clientix\/client\/default\/id\/1123631","3":10765}},{"id":6614880,"name":"Koflet_1_\u043a\u043e\u043d\u0444\u0435\u0442\u0430","account_id":10765,"date_create":1582908200,"status":6,"price":"150","client_id":1123631,"roistat":"\u043f\u043e\u0441\u0442\u043e\u044f\u043d\u043d\u044b\u0439 \u043a\u043b\u0438\u0435\u043d\u0442","executor":"\u0410\u0445\u043c\u0435\u0434\u043e\u0432\u0430 \u0422\u0430\u0442\u044c\u044f\u043d\u0430 \u041b\u0435\u043e\u043d\u0438\u0434\u043e\u0432\u043d\u0430","is_sale":true,"appointment_id":5857701,"fields":{"1":"\u0410\u0445\u043c\u0435\u0434\u043e\u0432\u0430 \u0422\u0430\u0442\u044c\u044f\u043d\u0430 \u041b\u0435\u043e\u043d\u0438\u0434\u043e\u0432\u043d\u0430","2":"https:\/\/klientiks.ru\/clientix\/client\/default\/id\/1123631","3":10765}},{"id":6614887,"name":"\u041a\u0430\u043b\u0430\u0440\u0438 \u043c\u0430\u0441\u0441\u0430\u0436 (60 \u043c\u0438\u043d. \u043d\u043e\u0436\u043d\u043e\u0439 \u043c\u0430\u0441\u043b\u044f\u043d\u044b\u0439 \u043c\u0430\u0441\u0441\u0430\u0436)","account_id":10765,"date_create":1582908326,"status":6,"price":"0","client_id":2936299,"roistat":"\u0412\u0445\u043e\u0434\u044f\u0449\u0438\u0439 \u0437\u0432\u043e\u043d\u043e\u043a,\u043e\u0442 \u0437\u043d\u0430\u043a\u043e\u043c\u044b\u0445","executor":"\u0424\u0438\u043b\u0438\u043f \u0412\u0438\u043c\u0430\u043b\u0430 \u0412\u0438\u043f\u0438\u043d","is_sale":false,"appointment_id":5857708,"fields":{"1":"\u0424\u0438\u043b\u0438\u043f \u0412\u0438\u043c\u0430\u043b\u0430 \u0412\u0438\u043f\u0438\u043d","2":"https:\/\/klientiks.ru\/clientix\/client\/default\/id\/2936299","3":10765}},{"id":6614892,"name":"\u041a\u0430\u043b\u0430\u0440\u0438 \u043c\u0430\u0441\u0441\u0430\u0436 (60 \u043c\u0438\u043d. \u043d\u043e\u0436\u043d\u043e\u0439 \u043c\u0430\u0441\u043b\u044f\u043d\u044b\u0439 \u043c\u0430\u0441\u0441\u0430\u0436)","account_id":10765,"date_create":1582908371,"status":7,"price":null,"client_id":2936299,"roistat":"\u0412\u0445\u043e\u0434\u044f\u0449\u0438\u0439 \u0437\u0432\u043e\u043d\u043e\u043a,\u043e\u0442 \u0437\u043d\u0430\u043a\u043e\u043c\u044b\u0445","executor":"\u0424\u0438\u043b\u0438\u043f \u0412\u0438\u043c\u0430\u043b\u0430 \u0412\u0438\u043f\u0438\u043d","is_sale":false,"appointment_id":5857714,"fields":{"1":"\u0424\u0438\u043b\u0438\u043f \u0412\u0438\u043c\u0430\u043b\u0430 \u0412\u0438\u043f\u0438\u043d","2":"https:\/\/klientiks.ru\/clientix\/client\/default\/id\/2936299","3":10765}},{"id":6616355,"name":"\u0410\u0431\u0445\u044a\u044f\u043d\u0433\u0430 \u043c\u0430\u0441\u0441\u0430\u0436 (60 \u043c\u0438\u043d. \u0440\u0443\u0447\u043d\u043e\u0439 \u043c\u0430\u0441\u043b\u044f\u043d\u044b\u0439 \u043c\u0430\u0441\u0441\u0430\u0436 \u0432 2 \u0440\u0443\u043a\u0438),\u0410\u0431\u0445\u044a\u044f\u043d\u0433\u0430 \u043c\u0430\u0441\u0441\u0430\u0436 (60 \u043c\u0438\u043d. \u0440\u0443\u0447\u043d\u043e\u0439 \u043c\u0430\u0441\u043b\u044f\u043d\u044b\u0439 \u043c\u0430\u0441\u0441\u0430\u0436 \u0432 2 \u0440\u0443\u043a\u0438),\u041c\u0443\u043a\u0445\u0430\u0431\u0445\u044a\u044f\u043d\u0433\u0430 (30 \u043c\u0438\u043d. \u043c\u0430\u0441\u0441\u0430\u0436 \u043b\u0438\u0446\u0430),\u041c\u0443\u043a\u0445\u0430\u0431\u0445\u044a\u044f\u043d\u0433\u0430 (30 \u043c\u0438\u043d. \u043c\u0430\u0441\u0441\u0430\u0436 \u043b\u0438\u0446\u0430)","account_id":10765,"date_create":1582958255,"status":6,"price":"4400","client_id":2942716,"roistat":"\u0412\u0445\u043e\u0434\u044f\u0449\u0438\u0439 \u0437\u0432\u043e\u043d\u043e\u043a","executor":"\u0428\u0440\u0438\u0442\u0430","is_sale":false,"appointment_id":5858940,"fields":{"1":"\u0428\u0440\u0438\u0442\u0430","2":"https:\/\/klientiks.ru\/clientix\/client\/default\/id\/2942716","3":10765}},{"id":6616633,"name":"\u0410\u044e\u0440\u0432\u0435\u0434\u0430 \u043a\u043e\u043d\u0441\u0443\u043b\u044c\u0442\u0430\u0446\u0438\u044f \u0432\u0440\u0430\u0447\u0430 (60 \u043c\u0438\u043d)","account_id":10765,"date_create":1582960279,"status":7,"price":null,"client_id":3332399,"roistat":"\u0412\u0445\u043e\u0434\u044f\u0449\u0438\u0439 \u0437\u0432\u043e\u043d\u043e\u043a,\u0418\u043d\u0442\u0435\u0440\u043d\u0435\u0442","executor":"\u041f\u0440\u0430\u0432\u0438\u043d \u0421\u0443\u0440\u0435\u043d\u0434\u0440\u0430\u043d\u043f\u0438\u043b\u0430\u0439 \u0412\u0430\u0441\u0430\u043d\u0442\u0430\u043a\u0443\u043c\u0430\u0440\u0438","is_sale":false,"appointment_id":5859207,"fields":{"1":"\u041f\u0440\u0430\u0432\u0438\u043d \u0421\u0443\u0440\u0435\u043d\u0434\u0440\u0430\u043d\u043f\u0438\u043b\u0430\u0439 \u0412\u0430\u0441\u0430\u043d\u0442\u0430\u043a\u0443\u043c\u0430\u0440\u0438","2":"https:\/\/klientiks.ru\/clientix\/client\/default\/id\/3332399","3":10765}},{"id":6617138,"name":"Tiktaka_Kwatham_100tab","account_id":10765,"date_create":1582962755,"status":6,"price":"1250","client_id":2695457,"roistat":"\u043e\u0442 \u0437\u043d\u0430\u043a\u043e\u043c\u044b\u0445","executor":"\u0410\u0445\u043c\u0435\u0434\u043e\u0432\u0430 \u0422\u0430\u0442\u044c\u044f\u043d\u0430 \u041b\u0435\u043e\u043d\u0438\u0434\u043e\u0432\u043d\u0430","is_sale":true,"appointment_id":5859697,"fields":{"1":"\u0410\u0445\u043c\u0435\u0434\u043e\u0432\u0430 \u0422\u0430\u0442\u044c\u044f\u043d\u0430 \u041b\u0435\u043e\u043d\u0438\u0434\u043e\u0432\u043d\u0430","2":"https:\/\/klientiks.ru\/clientix\/client\/default\/id\/2695457","3":10765}},{"id":6617942,"name":"\u041a\u043e\u043d\u0441\u0443\u043b\u044c\u0442\u0430\u0446\u0438\u044f \u0430\u0441\u0442\u0440\u043e\u043b\u043e\u0433\u0430 \u0420\u0430\u0433\u0445\u0443\u043d\u0430\u0442\u0445  \u0441\u043a\u0430\u0439\u043f","account_id":10765,"date_create":1582966621,"status":7,"price":null,"client_id":3325787,"roistat":"\u0412\u0445\u043e\u0434\u044f\u0449\u0438\u0439 \u0437\u0432\u043e\u043d\u043e\u043a,\u0418\u043d\u0442\u0435\u0440\u043d\u0435\u0442","executor":"\u0420\u0430\u0433\u0445\u0443\u043d\u0430\u0442\u0445 \u041c\u0435\u043d\u043e\u043d","is_sale":false,"appointment_id":5860448,"fields":{"1":"\u0420\u0430\u0433\u0445\u0443\u043d\u0430\u0442\u0445 \u041c\u0435\u043d\u043e\u043d","2":"https:\/\/klientiks.ru\/clientix\/client\/default\/id\/3325787","3":10765}},{"id":6618358,"name":"\u0410\u044e\u0440\u0432\u0435\u0434\u0430 \u043a\u043e\u043d\u0441\u0443\u043b\u044c\u0442\u0430\u0446\u0438\u044f \u0432\u0440\u0430\u0447\u0430 (60 \u043c\u0438\u043d)","account_id":10765,"date_create":1582968635,"status":6,"price":"3200","client_id":3332878,"roistat":"\u0412\u0445\u043e\u0434\u044f\u0449\u0438\u0439 \u0437\u0432\u043e\u043d\u043e\u043a","executor":"\u041f\u0440\u0430\u0432\u0438\u043d \u0421\u0443\u0440\u0435\u043d\u0434\u0440\u0430\u043d\u043f\u0438\u043b\u0430\u0439 \u0412\u0430\u0441\u0430\u043d\u0442\u0430\u043a\u0443\u043c\u0430\u0440\u0438","is_sale":false,"appointment_id":5860861,"fields":{"1":"\u041f\u0440\u0430\u0432\u0438\u043d \u0421\u0443\u0440\u0435\u043d\u0434\u0440\u0430\u043d\u043f\u0438\u043b\u0430\u0439 \u0412\u0430\u0441\u0430\u043d\u0442\u0430\u043a\u0443\u043c\u0430\u0440\u0438","2":"https:\/\/klientiks.ru\/clientix\/client\/default\/id\/3332878","3":10765}},{"id":6618409,"name":"\u0410\u044e\u0440\u0432\u0435\u0434\u0430 \u043a\u043e\u043d\u0441\u0443\u043b\u044c\u0442\u0430\u0446\u0438\u044f \u0432\u0440\u0430\u0447\u0430 (60 \u043c\u0438\u043d)","account_id":10765,"date_create":1582968860,"status":6,"price":"3200","client_id":3332903,"roistat":"\u0412\u0445\u043e\u0434\u044f\u0449\u0438\u0439 \u0437\u0432\u043e\u043d\u043e\u043a,\u0418\u043d\u0442\u0435\u0440\u043d\u0435\u0442","executor":"\u041f\u0440\u0430\u0432\u0438\u043d \u0421\u0443\u0440\u0435\u043d\u0434\u0440\u0430\u043d\u043f\u0438\u043b\u0430\u0439 \u0412\u0430\u0441\u0430\u043d\u0442\u0430\u043a\u0443\u043c\u0430\u0440\u0438","is_sale":false,"appointment_id":5860916,"fields":{"1":"\u041f\u0440\u0430\u0432\u0438\u043d \u0421\u0443\u0440\u0435\u043d\u0434\u0440\u0430\u043d\u043f\u0438\u043b\u0430\u0439 \u0412\u0430\u0441\u0430\u043d\u0442\u0430\u043a\u0443\u043c\u0430\u0440\u0438","2":"https:\/\/klientiks.ru\/clientix\/client\/default\/id\/3332903","3":10765}},{"id":6618428,"name":"\u041a\u0443\u043d\u0436\u0443\u0442\u043d\u043e\u0435_\u043c\u0430\u0441\u043b\u043e_\u041a\u0430\u043c\u0430\u043b\u0430,\u041a\u0443\u043d\u0436\u0443\u0442\u043d\u043e\u0435_\u043c\u0430\u0441\u043b\u043e_\u041a\u0430\u043c\u0430\u043b\u0430,Avipathi_choornam_30g,Ashwagandha_60tab_Kutir\u0027s,Septilin_Himalaya_60 tab,Drakshadi_kashayam_200ml,\u041a\u0443\u043d\u0436\u0443\u0442\u043d\u043e\u0435_\u043c\u0430\u0441\u043b\u043e_\u041a\u0430\u043c\u0430\u043b\u0430,Avipathi_choornam_30g,Ashwagandha_60tab_Kutir\u0027s,Septilin_Himalaya_60 tab,Drakshadi_kashayam_200ml,Avipathi_choornam_30g,Ashwagandha_60tab_Kutir\u0027s,Septilin_Himalaya_60 tab,Drakshadi_kashayam_200ml,\u041a\u0443\u043d\u0436\u0443\u0442\u043d\u043e\u0435_\u043c\u0430\u0441\u043b\u043e_\u041a\u0430\u043c\u0430\u043b\u0430,Avipathi_choornam_30g,Ashwagandha_60tab_Kutir\u0027s,Septilin_Himalaya_60 tab,Drakshadi_kashayam_200ml,\u041a\u0443\u043d\u0436\u0443\u0442\u043d\u043e\u0435_\u043c\u0430\u0441\u043b\u043e_\u041a\u0430\u043c\u0430\u043b\u0430,Avipathi_choornam_30g,Ashwagandha_60tab_Kutir\u0027s,Septilin_Himalaya_60 tab,Drakshadi_kashayam_200ml","account_id":10765,"date_create":1582968967,"status":6,"price":"1750","client_id":3255176,"roistat":"\u043e\u0442 \u0437\u043d\u0430\u043a\u043e\u043c\u044b\u0445,\u0418\u043d\u0442\u0435\u0440\u043d\u0435\u0442","executor":"\u0410\u0445\u043c\u0435\u0434\u043e\u0432\u0430 \u0422\u0430\u0442\u044c\u044f\u043d\u0430 \u041b\u0435\u043e\u043d\u0438\u0434\u043e\u0432\u043d\u0430","is_sale":true,"appointment_id":5860936,"fields":{"1":"\u0410\u0445\u043c\u0435\u0434\u043e\u0432\u0430 \u0422\u0430\u0442\u044c\u044f\u043d\u0430 \u041b\u0435\u043e\u043d\u0438\u0434\u043e\u0432\u043d\u0430","2":"https:\/\/klientiks.ru\/clientix\/client\/default\/id\/3255176","3":10765}},{"id":6618714,"name":"\u0410\u0431\u0445\u044a\u044f\u043d\u0433\u0430 \u043c\u0430\u0441\u0441\u0430\u0436 (60 \u043c\u0438\u043d. \u0440\u0443\u0447\u043d\u043e\u0439 \u043c\u0430\u0441\u043b\u044f\u043d\u044b\u0439 \u043c\u0430\u0441\u0441\u0430\u0436 \u0432 2 \u0440\u0443\u043a\u0438)","account_id":10765,"date_create":1582970573,"status":6,"price":"3200","client_id":3255176,"roistat":"\u043e\u0442 \u0437\u043d\u0430\u043a\u043e\u043c\u044b\u0445,\u0418\u043d\u0442\u0435\u0440\u043d\u0435\u0442","executor":"\u0428\u0440\u0438\u0442\u0430","is_sale":false,"appointment_id":5727454,"fields":{"1":"\u0428\u0440\u0438\u0442\u0430","2":"https:\/\/klientiks.ru\/clientix\/client\/default\/id\/3255176","3":10765}},{"id":6619065,"name":"\u0410\u044e\u0440\u0432\u0435\u0434\u0430 \u043f\u043e\u0432\u0442\u043e\u0440\u043d\u0430\u044f \u043a\u043e\u043d\u0441\u0443\u043b\u044c\u0442\u0430\u0446\u0438\u044f \u0432\u0440\u0430\u0447\u0430 \u0432 \u043d\u0430\u0437\u043d\u0430\u0447\u0435\u043d\u043d\u044b\u0439 \u0441\u0440\u043e\u043a (30 \u043c\u0438\u043d)","account_id":10765,"date_create":1582972818,"status":7,"price":null,"client_id":3255176,"roistat":"\u043e\u0442 \u0437\u043d\u0430\u043a\u043e\u043c\u044b\u0445,\u0418\u043d\u0442\u0435\u0440\u043d\u0435\u0442","executor":"\u041f\u0440\u0430\u0432\u0438\u043d \u0421\u0443\u0440\u0435\u043d\u0434\u0440\u0430\u043d\u043f\u0438\u043b\u0430\u0439 \u0412\u0430\u0441\u0430\u043d\u0442\u0430\u043a\u0443\u043c\u0430\u0440\u0438","is_sale":false,"appointment_id":5861541,"fields":{"1":"\u041f\u0440\u0430\u0432\u0438\u043d \u0421\u0443\u0440\u0435\u043d\u0434\u0440\u0430\u043d\u043f\u0438\u043b\u0430\u0439 \u0412\u0430\u0441\u0430\u043d\u0442\u0430\u043a\u0443\u043c\u0430\u0440\u0438","2":"https:\/\/klientiks.ru\/clientix\/client\/default\/id\/3255176","3":10765}},{"id":6619635,"name":"\u0410\u0431\u0445\u044a\u044f\u043d\u0433\u0430 \u043c\u0430\u0441\u0441\u0430\u0436 (60 \u043c\u0438\u043d. \u0440\u0443\u0447\u043d\u043e\u0439 \u043c\u0430\u0441\u043b\u044f\u043d\u044b\u0439 \u043c\u0430\u0441\u0441\u0430\u0436 \u0432 2 \u0440\u0443\u043a\u0438)","account_id":10765,"date_create":1582976474,"status":7,"price":null,"client_id":2319865,"roistat":"\u0412\u0445\u043e\u0434\u044f\u0449\u0438\u0439 \u0437\u0432\u043e\u043d\u043e\u043a","executor":"\u0410\u043f\u043f\u043e","is_sale":false,"appointment_id":5862108,"fields":{"1":"\u0410\u043f\u043f\u043e","2":"https:\/\/klientiks.ru\/clientix\/client\/default\/id\/2319865","3":10765}},{"id":6619896,"name":"\u041a\u0438\u0436\u0438 \u043c\u0430\u0441\u0441\u0430\u0436 (60 \u043c\u0438\u043d. \u043f\u0438\u043d\u0434\u0430\u0441\u0432\u0435\u0434\u0430\u043d\u0430, \u043c\u0430\u0441\u0441\u0430\u0436 \u043c\u0435\u0448\u043e\u0447\u043a\u0430\u043c\u0438 \u0432 2 \u0440\u0443\u043a\u0438)","account_id":10765,"date_create":1582978641,"status":7,"price":null,"client_id":3122840,"roistat":"\u0420\u043e\u0434\u0441\u0442\u0432\u0435\u043d\u043d\u0438\u043a \u043d\u0430\u0448\u0435\u0433\u043e \u043a\u043b\u0438\u0435\u043d\u0442\u0430","executor":"\u0424\u0438\u043b\u0438\u043f \u0412\u0438\u043c\u0430\u043b\u0430 \u0412\u0438\u043f\u0438\u043d","is_sale":false,"appointment_id":5862352,"fields":{"1":"\u0424\u0438\u043b\u0438\u043f \u0412\u0438\u043c\u0430\u043b\u0430 \u0412\u0438\u043f\u0438\u043d","2":"https:\/\/klientiks.ru\/clientix\/client\/default\/id\/3122840","3":10765}},{"id":6620022,"name":"\u0410\u044e\u0440\u0432\u0435\u0434\u0430 \u043f\u043e\u0432\u0442\u043e\u0440\u043d\u0430\u044f  \u043a\u043e\u043d\u0441\u0443\u043b\u044c\u0442\u0430\u0446\u0438\u044f \u043f\u0440\u0438\u0433\u043b\u0430\u0448\u0435\u043d\u043d\u043e\u0433\u043e \u0441\u043f\u0435\u0446\u0438\u0430\u043b\u0438\u0441\u0442\u0430 (30 \u043c\u0438\u043d)","account_id":10765,"date_create":1582979786,"status":6,"price":"2500","client_id":2823274,"roistat":"\u0421\u043e\u0432\u0435\u0442 \u0414\u0440\u0443\u0437\u0435\u0439,\u0438\u043d\u0442\u0435\u0440\u043d\u0435\u0442","executor":"\u0414\u0436\u0430\u0442\u0445\u0430\u0432 \u041f\u0430\u0440\u0435\u0448","is_sale":false,"appointment_id":5862466,"fields":{"1":"\u0414\u0436\u0430\u0442\u0445\u0430\u0432 \u041f\u0430\u0440\u0435\u0448","2":"https:\/\/klientiks.ru\/clientix\/client\/default\/id\/2823274","3":10765}},{"id":6620738,"name":"\u0410\u0431\u0445\u044a\u044f\u043d\u0433\u0430 \u043c\u0430\u0441\u0441\u0430\u0436 (60 \u043c\u0438\u043d. \u0440\u0443\u0447\u043d\u043e\u0439 \u043c\u0430\u0441\u043b\u044f\u043d\u044b\u0439 \u043c\u0430\u0441\u0441\u0430\u0436 \u0432 2 \u0440\u0443\u043a\u0438),\u0410\u0431\u0445\u044a\u044f\u043d\u0433\u0430 \u043c\u0430\u0441\u0441\u0430\u0436 (60 \u043c\u0438\u043d. \u0440\u0443\u0447\u043d\u043e\u0439 \u043c\u0430\u0441\u043b\u044f\u043d\u044b\u0439 \u043c\u0430\u0441\u0441\u0430\u0436 \u0432 2 \u0440\u0443\u043a\u0438),\u0421\u0435\u0430\u043d\u0441 \u0432 \u043a\u0435\u0434\u0440\u043e\u0432\u043e\u0439 \u0431\u043e\u0447\u043a\u0435 \u0441 \u0444\u0438\u0442\u043e\u0441\u0431\u043e\u0440\u043e\u043c,\u0421\u0435\u0430\u043d\u0441 \u0432 \u043a\u0435\u0434\u0440\u043e\u0432\u043e\u0439 \u0431\u043e\u0447\u043a\u0435 \u0441 \u0444\u0438\u0442\u043e\u0441\u0431\u043e\u0440\u043e\u043c","account_id":10765,"date_create":1582985690,"status":6,"price":"0","client_id":3263662,"roistat":"\u043f\u043e\u0441\u0442\u043e\u044f\u043d\u043d\u044b\u0439 \u043a\u043b\u0438\u0435\u043d\u0442","executor":"\u0428\u0440\u0438\u0442\u0430","is_sale":false,"appointment_id":5863078,"fields":{"1":"\u0428\u0440\u0438\u0442\u0430","2":"https:\/\/klientiks.ru\/clientix\/client\/default\/id\/3263662","3":10765}},{"id":6620742,"name":"\u041a\u0430\u043b\u0430\u0440\u0438 \u043c\u0430\u0441\u0441\u0430\u0436 (60 \u043c\u0438\u043d. \u043d\u043e\u0436\u043d\u043e\u0439 \u043c\u0430\u0441\u043b\u044f\u043d\u044b\u0439 \u043c\u0430\u0441\u0441\u0430\u0436),\u0412\u0438\u0440\u0435\u0447\u0430\u043d\u0430 (\u0441\u043b\u0430\u0431\u0438\u0442\u0435\u043b\u044c\u043d\u0430\u044f \u0442\u0435\u0440\u0430\u043f\u0438\u044f),\u041a\u0430\u043b\u0430\u0440\u0438 \u043c\u0430\u0441\u0441\u0430\u0436 (60 \u043c\u0438\u043d. \u043d\u043e\u0436\u043d\u043e\u0439 \u043c\u0430\u0441\u043b\u044f\u043d\u044b\u0439 \u043c\u0430\u0441\u0441\u0430\u0436),\u0412\u0438\u0440\u0435\u0447\u0430\u043d\u0430 (\u0441\u043b\u0430\u0431\u0438\u0442\u0435\u043b\u044c\u043d\u0430\u044f \u0442\u0435\u0440\u0430\u043f\u0438\u044f)","account_id":10765,"date_create":1582985730,"status":6,"price":"0","client_id":3263662,"roistat":"\u043f\u043e\u0441\u0442\u043e\u044f\u043d\u043d\u044b\u0439 \u043a\u043b\u0438\u0435\u043d\u0442","executor":"\u0428\u0440\u0438\u0442\u0430","is_sale":false,"appointment_id":5863080,"fields":{"1":"\u0428\u0440\u0438\u0442\u0430","2":"https:\/\/klientiks.ru\/clientix\/client\/default\/id\/3263662","3":10765}},{"id":6620748,"name":"\u041a\u0438\u0436\u0438 \u043d\u0430 \u0447\u0430\u0441\u0442\u0438 \u0442\u0435\u043b\u0430 (30 \u043c\u0438\u043d),\u0410\u0431\u0445\u044a\u044f\u043d\u0433\u0430 \u043c\u0430\u0441\u0441\u0430\u0436 (60 \u043c\u0438\u043d. \u0440\u0443\u0447\u043d\u043e\u0439 \u043c\u0430\u0441\u043b\u044f\u043d\u044b\u0439 \u043c\u0430\u0441\u0441\u0430\u0436 \u0432 2 \u0440\u0443\u043a\u0438),\u041a\u0438\u0436\u0438 \u043d\u0430 \u0447\u0430\u0441\u0442\u0438 \u0442\u0435\u043b\u0430 (30 \u043c\u0438\u043d),\u0410\u0431\u0445\u044a\u044f\u043d\u0433\u0430 \u043c\u0430\u0441\u0441\u0430\u0436 (60 \u043c\u0438\u043d. \u0440\u0443\u0447\u043d\u043e\u0439 \u043c\u0430\u0441\u043b\u044f\u043d\u044b\u0439 \u043c\u0430\u0441\u0441\u0430\u0436 \u0432 2 \u0440\u0443\u043a\u0438)","account_id":10765,"date_create":1582985805,"status":6,"price":"0","client_id":3263662,"roistat":"\u043f\u043e\u0441\u0442\u043e\u044f\u043d\u043d\u044b\u0439 \u043a\u043b\u0438\u0435\u043d\u0442","executor":"\u041d\u0438\u0431\u0438\u043d \u041a\u043e\u0434\u0430\u0442 \u0414\u0438\u043d\u0435\u0441\u0430\u043d","is_sale":false,"appointment_id":5863085,"fields":{"1":"\u041d\u0438\u0431\u0438\u043d \u041a\u043e\u0434\u0430\u0442 \u0414\u0438\u043d\u0435\u0441\u0430\u043d","2":"https:\/\/klientiks.ru\/clientix\/client\/default\/id\/3263662","3":10765}},{"id":6620754,"name":"\u041a\u0438\u0436\u0438 \u043d\u0430 \u0447\u0430\u0441\u0442\u0438 \u0442\u0435\u043b\u0430 (30 \u043c\u0438\u043d),\u0410\u0431\u0445\u044a\u044f\u043d\u0433\u0430 \u043c\u0430\u0441\u0441\u0430\u0436 (60 \u043c\u0438\u043d. \u0440\u0443\u0447\u043d\u043e\u0439 \u043c\u0430\u0441\u043b\u044f\u043d\u044b\u0439 \u043c\u0430\u0441\u0441\u0430\u0436 \u0432 2 \u0440\u0443\u043a\u0438),\u041a\u0438\u0436\u0438 \u043d\u0430 \u0447\u0430\u0441\u0442\u0438 \u0442\u0435\u043b\u0430 (30 \u043c\u0438\u043d),\u0410\u0431\u0445\u044a\u044f\u043d\u0433\u0430 \u043c\u0430\u0441\u0441\u0430\u0436 (60 \u043c\u0438\u043d. \u0440\u0443\u0447\u043d\u043e\u0439 \u043c\u0430\u0441\u043b\u044f\u043d\u044b\u0439 \u043c\u0430\u0441\u0441\u0430\u0436 \u0432 2 \u0440\u0443\u043a\u0438)","account_id":10765,"date_create":1582985849,"status":6,"price":"0","client_id":3263662,"roistat":"\u043f\u043e\u0441\u0442\u043e\u044f\u043d\u043d\u044b\u0439 \u043a\u043b\u0438\u0435\u043d\u0442","executor":"\u041d\u0438\u0431\u0438\u043d \u041a\u043e\u0434\u0430\u0442 \u0414\u0438\u043d\u0435\u0441\u0430\u043d","is_sale":false,"appointment_id":5863092,"fields":{"1":"\u041d\u0438\u0431\u0438\u043d \u041a\u043e\u0434\u0430\u0442 \u0414\u0438\u043d\u0435\u0441\u0430\u043d","2":"https:\/\/klientiks.ru\/clientix\/client\/default\/id\/3263662","3":10765}},{"id":6620759,"name":"\u041a\u0430\u043b\u0430\u0440\u0438 \u043c\u0430\u0441\u0441\u0430\u0436 (60 \u043c\u0438\u043d. \u043d\u043e\u0436\u043d\u043e\u0439 \u043c\u0430\u0441\u043b\u044f\u043d\u044b\u0439 \u043c\u0430\u0441\u0441\u0430\u0436),\u0410\u043d\u0443\u0432\u0430\u0441\u0430\u043d\u0430 \u0411\u0430\u0441\u0442\u0438 (30 \u043c\u0438\u043d. \u043c\u0430\u0441\u043b\u044f\u043d\u0430\u044f \u0442\u0440\u0430\u0432\u044f\u043d\u0430\u044f \u043a\u043b\u0438\u0437\u043c\u0430),\u041f\u0438\u0447\u0443 (30 \u043c\u0438\u043d. \u043c\u0430\u0441\u043b\u044f\u043d\u0430\u044f \u0430\u043f\u043f\u043b\u0438\u043a\u0430\u0446\u0438\u044f),\u0410\u043d\u0443\u0432\u0430\u0441\u0430\u043d\u0430 \u0411\u0430\u0441\u0442\u0438 (30 \u043c\u0438\u043d. \u043c\u0430\u0441\u043b\u044f\u043d\u0430\u044f \u0442\u0440\u0430\u0432\u044f\u043d\u0430\u044f \u043a\u043b\u0438\u0437\u043c\u0430),\u041a\u0430\u043b\u0430\u0440\u0438 \u043c\u0430\u0441\u0441\u0430\u0436 (60 \u043c\u0438\u043d. \u043d\u043e\u0436\u043d\u043e\u0439 \u043c\u0430\u0441\u043b\u044f\u043d\u044b\u0439 \u043c\u0430\u0441\u0441\u0430\u0436),\u041f\u0438\u0447\u0443 (30 \u043c\u0438\u043d. \u043c\u0430\u0441\u043b\u044f\u043d\u0430\u044f \u0430\u043f\u043f\u043b\u0438\u043a\u0430\u0446\u0438\u044f),\u0410\u043d\u0443\u0432\u0430\u0441\u0430\u043d\u0430 \u0411\u0430\u0441\u0442\u0438 (30 \u043c\u0438\u043d. \u043c\u0430\u0441\u043b\u044f\u043d\u0430\u044f \u0442\u0440\u0430\u0432\u044f\u043d\u0430\u044f \u043a\u043b\u0438\u0437\u043c\u0430),\u041a\u0430\u043b\u0430\u0440\u0438 \u043c\u0430\u0441\u0441\u0430\u0436 (60 \u043c\u0438\u043d. \u043d\u043e\u0436\u043d\u043e\u0439 \u043c\u0430\u0441\u043b\u044f\u043d\u044b\u0439 \u043c\u0430\u0441\u0441\u0430\u0436),\u041f\u0438\u0447\u0443 (30 \u043c\u0438\u043d. \u043c\u0430\u0441\u043b\u044f\u043d\u0430\u044f \u0430\u043f\u043f\u043b\u0438\u043a\u0430\u0446\u0438\u044f)","account_id":10765,"date_create":1582985911,"status":6,"price":"0","client_id":3263662,"roistat":"\u043f\u043e\u0441\u0442\u043e\u044f\u043d\u043d\u044b\u0439 \u043a\u043b\u0438\u0435\u043d\u0442","executor":"\u0428\u0440\u0438\u0442\u0430","is_sale":false,"appointment_id":5863097,"fields":{"1":"\u0428\u0440\u0438\u0442\u0430","2":"https:\/\/klientiks.ru\/clientix\/client\/default\/id\/3263662","3":10765}},{"id":6620763,"name":"\u041d\u0438\u0440\u0443\u0445\u0430 \u0411\u0430\u0441\u0442\u0438 (60 \u043c\u0438\u043d. \u043a\u043b\u0438\u0437\u043c\u0430 \u0442\u0440\u0430\u0432\u044f\u043d\u044b\u043c \u043e\u0442\u0432\u0430\u0440\u043e\u043c),\u0410\u0431\u0445\u044a\u044f\u043d\u0433\u0430 \u043c\u0430\u0441\u0441\u0430\u0436 (60 \u043c\u0438\u043d. \u0440\u0443\u0447\u043d\u043e\u0439 \u043c\u0430\u0441\u043b\u044f\u043d\u044b\u0439 \u043c\u0430\u0441\u0441\u0430\u0436 \u0432 2 \u0440\u0443\u043a\u0438),\u041f\u0438\u0447\u0443 (30 \u043c\u0438\u043d. \u043c\u0430\u0441\u043b\u044f\u043d\u0430\u044f \u0430\u043f\u043f\u043b\u0438\u043a\u0430\u0446\u0438\u044f),\u041d\u0438\u0440\u0443\u0445\u0430 \u0411\u0430\u0441\u0442\u0438 (60 \u043c\u0438\u043d. \u043a\u043b\u0438\u0437\u043c\u0430 \u0442\u0440\u0430\u0432\u044f\u043d\u044b\u043c \u043e\u0442\u0432\u0430\u0440\u043e\u043c),\u0410\u0431\u0445\u044a\u044f\u043d\u0433\u0430 \u043c\u0430\u0441\u0441\u0430\u0436 (60 \u043c\u0438\u043d. \u0440\u0443\u0447\u043d\u043e\u0439 \u043c\u0430\u0441\u043b\u044f\u043d\u044b\u0439 \u043c\u0430\u0441\u0441\u0430\u0436 \u0432 2 \u0440\u0443\u043a\u0438),\u041f\u0438\u0447\u0443 (30 \u043c\u0438\u043d. \u043c\u0430\u0441\u043b\u044f\u043d\u0430\u044f \u0430\u043f\u043f\u043b\u0438\u043a\u0430\u0446\u0438\u044f),\u041d\u0438\u0440\u0443\u0445\u0430 \u0411\u0430\u0441\u0442\u0438 (60 \u043c\u0438\u043d. \u043a\u043b\u0438\u0437\u043c\u0430 \u0442\u0440\u0430\u0432\u044f\u043d\u044b\u043c \u043e\u0442\u0432\u0430\u0440\u043e\u043c),\u0410\u0431\u0445\u044a\u044f\u043d\u0433\u0430 \u043c\u0430\u0441\u0441\u0430\u0436 (60 \u043c\u0438\u043d. \u0440\u0443\u0447\u043d\u043e\u0439 \u043c\u0430\u0441\u043b\u044f\u043d\u044b\u0439 \u043c\u0430\u0441\u0441\u0430\u0436 \u0432 2 \u0440\u0443\u043a\u0438),\u041f\u0438\u0447\u0443 (30 \u043c\u0438\u043d. \u043c\u0430\u0441\u043b\u044f\u043d\u0430\u044f \u0430\u043f\u043f\u043b\u0438\u043a\u0430\u0446\u0438\u044f)","account_id":10765,"date_create":1582985948,"status":6,"price":"0","client_id":3263662,"roistat":"\u043f\u043e\u0441\u0442\u043e\u044f\u043d\u043d\u044b\u0439 \u043a\u043b\u0438\u0435\u043d\u0442","executor":"\u041d\u0438\u0431\u0438\u043d \u041a\u043e\u0434\u0430\u0442 \u0414\u0438\u043d\u0435\u0441\u0430\u043d","is_sale":false,"appointment_id":5863101,"fields":{"1":"\u041d\u0438\u0431\u0438\u043d \u041a\u043e\u0434\u0430\u0442 \u0414\u0438\u043d\u0435\u0441\u0430\u043d","2":"https:\/\/klientiks.ru\/clientix\/client\/default\/id\/3263662","3":10765}},{"id":6620773,"name":"\u0410\u0431\u0445\u044a\u044f\u043d\u0433\u0430 \u043c\u0430\u0441\u0441\u0430\u0436 (60 \u043c\u0438\u043d. \u0440\u0443\u0447\u043d\u043e\u0439 \u043c\u0430\u0441\u043b\u044f\u043d\u044b\u0439 \u043c\u0430\u0441\u0441\u0430\u0436 \u0432 2 \u0440\u0443\u043a\u0438),\u0410\u043d\u0443\u0432\u0430\u0441\u0430\u043d\u0430 \u0411\u0430\u0441\u0442\u0438 (30 \u043c\u0438\u043d. \u043c\u0430\u0441\u043b\u044f\u043d\u0430\u044f \u0442\u0440\u0430\u0432\u044f\u043d\u0430\u044f \u043a\u043b\u0438\u0437\u043c\u0430),\u041a\u0438\u0436\u0438 \u043d\u0430 \u0447\u0430\u0441\u0442\u0438 \u0442\u0435\u043b\u0430 (30 \u043c\u0438\u043d)","account_id":10765,"date_create":1582986015,"status":7,"price":null,"client_id":3263662,"roistat":"\u043f\u043e\u0441\u0442\u043e\u044f\u043d\u043d\u044b\u0439 \u043a\u043b\u0438\u0435\u043d\u0442","executor":"\u0428\u0440\u0438\u0442\u0430","is_sale":false,"appointment_id":5863108,"fields":{"1":"\u0428\u0440\u0438\u0442\u0430","2":"https:\/\/klientiks.ru\/clientix\/client\/default\/id\/3263662","3":10765}}],"pagination":{"total_count":22602,"limit":50,"page_number":1},"total_count":22602,"page_number":1}') v, current_timestamp ts) s on s.v = parse_json(t.v) when not matched then insert (t.v, changed_at) values (s.v, s.ts)
2020-08-23 01:35:25,037 - executing SQL/command
2020-08-23 01:35:25,037 - binding: [merge into KAMALA_ACL t using (select parse_json('{"offset":19500,"count":50,"li...] with input=[None], processed=[{}]
2020-08-23 01:35:25,037 - query: [merge into KAMALA_ACL t using (select parse_json('{"offset":19500,"count":50,"li...]
2020-08-23 01:35:25,037 - Cannot use arrow result format, fallback to json format
2020-08-23 01:35:25,037 - sequence counter: 1
2020-08-23 01:35:25,037 - running query [merge into KAMALA_ACL t using (select parse_json('{"offset":19500,"count":50,"li...]
2020-08-23 01:35:25,037 - is_file_transfer: False
2020-08-23 01:35:25,038 - _cmd_query
2020-08-23 01:35:25,038 - sql=[merge into KAMALA_ACL t using (select parse_json('{"offset":19500,"count":50,"li...], sequence_id=[1], is_file_transfer=[None]
2020-08-23 01:35:25,038 - Active requests sessions: 1, idle: 0
2020-08-23 01:35:25,038 - remaining request timeout: None, retry cnt: 1
2020-08-23 01:35:25,038 - socket timeout: 60
2020-08-23 01:35:25,565 - https://ringcentral.snowflakecomputing.com:443 "POST /queries/v1/query-request?requestId=45600301-f71a-48cc-a7b6-405e642b93d8&request_guid=eea197ca-8c53-48b6-b324-ded7bd9600ba HTTP/1.1" 200 1044
2020-08-23 01:35:25,567 - SUCCESS
2020-08-23 01:35:25,568 - Active requests sessions: 0, idle: 1
2020-08-23 01:35:25,568 - ret[code] = None, after post request
2020-08-23 01:35:25,569 - sfqid: 01966d4b-0258-bef5-0003-e00300530c16
2020-08-23 01:35:25,569 - query execution done
2020-08-23 01:35:25,569 - SUCCESS
2020-08-23 01:35:25,569 - PUT OR GET: None
2020-08-23 01:35:25,569 - Query result format: json
